[2026-04-13T09:57:12.070+0900] {local_task_job_runner.py:123} INFO - ::group::Pre task execution logs
[2026-04-13T09:57:12.080+0900] {taskinstance.py:2603} INFO - Dependencies all met for dep_context=non-requeueable deps ti=<TaskInstance: 05_mysql_etl.load manual__2026-04-13T00:57:05.801292+00:00 [queued]>
[2026-04-13T09:57:12.086+0900] {taskinstance.py:2603} INFO - Dependencies all met for dep_context=requeueable deps ti=<TaskInstance: 05_mysql_etl.load manual__2026-04-13T00:57:05.801292+00:00 [queued]>
[2026-04-13T09:57:12.087+0900] {taskinstance.py:2856} INFO - Starting attempt 1 of 2
[2026-04-13T09:57:12.096+0900] {taskinstance.py:2879} INFO - Executing <Task(PythonOperator): load> on 2026-04-13 00:57:05.801292+00:00
[2026-04-13T09:57:12.102+0900] {warnings.py:112} WARNING - /home/***/.local/lib/python3.12/site-packages/***/task/task_runner/standard_task_runner.py:70: DeprecationWarning: This process (pid=985) is multi-threaded, use of fork() may lead to deadlocks in the child.
  pid = os.fork()

[2026-04-13T09:57:12.103+0900] {standard_task_runner.py:104} INFO - Running: ['***', 'tasks', 'run', '05_mysql_etl', 'load', 'manual__2026-04-13T00:57:05.801292+00:00', '--job-id', '41', '--raw', '--subdir', 'DAGS_FOLDER/05_mysql_etl.py', '--cfg-path', '/tmp/tmptif8j53h']
[2026-04-13T09:57:12.104+0900] {standard_task_runner.py:72} INFO - Started process 987 to run task
[2026-04-13T09:57:12.105+0900] {standard_task_runner.py:105} INFO - Job 41: Subtask load
[2026-04-13T09:57:12.139+0900] {task_command.py:467} INFO - Running <TaskInstance: 05_mysql_etl.load manual__2026-04-13T00:57:05.801292+00:00 [running]> on host 52b82e78b0f3
[2026-04-13T09:57:12.194+0900] {taskinstance.py:3122} INFO - Exporting env vars: AIRFLOW_CTX_DAG_OWNER='de_2team_manager' AIRFLOW_CTX_DAG_ID='05_mysql_etl' AIRFLOW_CTX_TASK_ID='load' AIRFLOW_CTX_EXECUTION_DATE='2026-04-13T00:57:05.801292+00:00' AIRFLOW_CTX_TRY_NUMBER='1' AIRFLOW_CTX_DAG_RUN_ID='manual__2026-04-13T00:57:05.801292+00:00'
[2026-04-13T09:57:12.195+0900] {logging_mixin.py:190} INFO - Task instance is in running state
[2026-04-13T09:57:12.196+0900] {logging_mixin.py:190} INFO -  Previous state of the Task instance: queued
[2026-04-13T09:57:12.197+0900] {logging_mixin.py:190} INFO - Current task name:load state:running start_date:2026-04-13 00:57:12.081608+00:00
[2026-04-13T09:57:12.197+0900] {logging_mixin.py:190} INFO - Dag name:05_mysql_etl and current dag run status:running
[2026-04-13T09:57:12.198+0900] {taskinstance.py:731} INFO - ::endgroup::
[2026-04-13T09:57:12.219+0900] {base.py:84} INFO - Retrieving connection 'mysql_default'
[2026-04-13T09:57:12.227+0900] {05_mysql_etl.py:120} INFO - 적제 오류 'temperature_c'
[2026-04-13T09:57:12.228+0900] {05_mysql_etl.py:126} INFO - mysql 종료 완료
[2026-04-13T09:57:12.229+0900] {python.py:240} INFO - Done. Returned value was: None
[2026-04-13T09:57:12.236+0900] {taskinstance.py:340} INFO - ::group::Post task execution logs
[2026-04-13T09:57:12.237+0900] {taskinstance.py:352} INFO - Marking task as SUCCESS. dag_id=05_mysql_etl, task_id=load, run_id=manual__2026-04-13T00:57:05.801292+00:00, execution_date=20260413T005705, start_date=20260413T005712, end_date=20260413T005712
[2026-04-13T09:57:12.243+0900] {logging_mixin.py:190} INFO - Task instance in success state
[2026-04-13T09:57:12.244+0900] {logging_mixin.py:190} INFO -  Previous state of the Task instance: running
[2026-04-13T09:57:12.245+0900] {logging_mixin.py:190} INFO - Dag name:05_mysql_etl queued_at:2026-04-13 00:57:05.826090+00:00
[2026-04-13T09:57:12.246+0900] {logging_mixin.py:190} INFO - Task hostname:52b82e78b0f3 operator:PythonOperator
[2026-04-13T09:57:12.280+0900] {local_task_job_runner.py:261} INFO - Task exited with return code 0
[2026-04-13T09:57:12.290+0900] {taskinstance.py:3891} INFO - 0 downstream tasks scheduled from follow-on schedule check
[2026-04-13T09:57:12.292+0900] {local_task_job_runner.py:240} INFO - ::endgroup::
