[2026-04-13T09:01:10.967+0900] {local_task_job_runner.py:123} INFO - ::group::Pre task execution logs
[2026-04-13T09:01:10.978+0900] {taskinstance.py:2603} INFO - Dependencies all met for dep_context=non-requeueable deps ti=<TaskInstance: 04_basics_branching.branching scheduled__2026-04-12T00:00:00+00:00 [queued]>
[2026-04-13T09:01:10.984+0900] {taskinstance.py:2603} INFO - Dependencies all met for dep_context=requeueable deps ti=<TaskInstance: 04_basics_branching.branching scheduled__2026-04-12T00:00:00+00:00 [queued]>
[2026-04-13T09:01:10.985+0900] {taskinstance.py:2856} INFO - Starting attempt 1 of 2
[2026-04-13T09:01:10.993+0900] {taskinstance.py:2879} INFO - Executing <Task(BranchPythonOperator): branching> on 2026-04-12 00:00:00+00:00
[2026-04-13T09:01:10.998+0900] {warnings.py:112} WARNING - /home/***/.local/lib/python3.12/site-packages/***/task/task_runner/standard_task_runner.py:70: DeprecationWarning: This process (pid=216) is multi-threaded, use of fork() may lead to deadlocks in the child.
  pid = os.fork()

[2026-04-13T09:01:11.000+0900] {standard_task_runner.py:72} INFO - Started process 218 to run task
[2026-04-13T09:01:11.000+0900] {standard_task_runner.py:104} INFO - Running: ['***', 'tasks', 'run', '04_basics_branching', 'branching', 'scheduled__2026-04-12T00:00:00+00:00', '--job-id', '33', '--raw', '--subdir', 'DAGS_FOLDER/04_basics_branching.py', '--cfg-path', '/tmp/tmp2dr_1twa']
[2026-04-13T09:01:11.002+0900] {standard_task_runner.py:105} INFO - Job 33: Subtask branching
[2026-04-13T09:01:11.037+0900] {task_command.py:467} INFO - Running <TaskInstance: 04_basics_branching.branching scheduled__2026-04-12T00:00:00+00:00 [running]> on host 52b82e78b0f3
[2026-04-13T09:01:11.088+0900] {taskinstance.py:3122} INFO - Exporting env vars: AIRFLOW_CTX_DAG_OWNER='de_2team_manager' AIRFLOW_CTX_DAG_ID='04_basics_branching' AIRFLOW_CTX_TASK_ID='branching' AIRFLOW_CTX_EXECUTION_DATE='2026-04-12T00:00:00+00:00' AIRFLOW_CTX_TRY_NUMBER='1' AIRFLOW_CTX_DAG_RUN_ID='scheduled__2026-04-12T00:00:00+00:00'
[2026-04-13T09:01:11.089+0900] {logging_mixin.py:190} INFO - Task instance is in running state
[2026-04-13T09:01:11.089+0900] {logging_mixin.py:190} INFO -  Previous state of the Task instance: queued
[2026-04-13T09:01:11.090+0900] {logging_mixin.py:190} INFO - Current task name:branching state:running start_date:2026-04-13 00:01:10.979348+00:00
[2026-04-13T09:01:11.090+0900] {logging_mixin.py:190} INFO - Dag name:04_basics_branching and current dag run status:running
[2026-04-13T09:01:11.091+0900] {taskinstance.py:731} INFO - ::endgroup::
[2026-04-13T09:01:11.091+0900] {baseoperator.py:405} WARNING - BranchPythonOperator.execute cannot be called outside TaskInstance!
[2026-04-13T09:01:11.092+0900] {04_basics_branching.py:22} INFO - task skip  실행
[2026-04-13T09:01:11.093+0900] {python.py:240} INFO - Done. Returned value was: skip
[2026-04-13T09:01:11.093+0900] {branch.py:38} INFO - Branch into skip
[2026-04-13T09:01:11.094+0900] {skipmixin.py:230} INFO - Following branch ('skip',)
[2026-04-13T09:01:11.103+0900] {skipmixin.py:278} INFO - Skipping tasks [('process', -1)]
[2026-04-13T09:01:11.124+0900] {taskinstance.py:340} INFO - ::group::Post task execution logs
[2026-04-13T09:01:11.125+0900] {taskinstance.py:352} INFO - Marking task as SUCCESS. dag_id=04_basics_branching, task_id=branching, run_id=scheduled__2026-04-12T00:00:00+00:00, execution_date=20260412T000000, start_date=20260413T000110, end_date=20260413T000111
[2026-04-13T09:01:11.132+0900] {logging_mixin.py:190} INFO - Task instance in success state
[2026-04-13T09:01:11.133+0900] {logging_mixin.py:190} INFO -  Previous state of the Task instance: running
[2026-04-13T09:01:11.133+0900] {logging_mixin.py:190} INFO - Dag name:04_basics_branching queued_at:2026-04-13 00:01:08.947145+00:00
[2026-04-13T09:01:11.134+0900] {logging_mixin.py:190} INFO - Task hostname:52b82e78b0f3 operator:BranchPythonOperator
[2026-04-13T09:01:11.175+0900] {local_task_job_runner.py:261} INFO - Task exited with return code 0
[2026-04-13T09:01:11.200+0900] {taskinstance.py:3891} INFO - 0 downstream tasks scheduled from follow-on schedule check
[2026-04-13T09:01:11.202+0900] {local_task_job_runner.py:240} INFO - ::endgroup::
