[2026-04-14T09:00:03.904+0900] {local_task_job_runner.py:123} INFO - ::group::Pre task execution logs
[2026-04-14T09:00:03.915+0900] {taskinstance.py:2603} INFO - Dependencies all met for dep_context=non-requeueable deps ti=<TaskInstance: 05_mysql_etl.extract scheduled__2026-04-13T00:00:00+00:00 [queued]>
[2026-04-14T09:00:03.920+0900] {taskinstance.py:2603} INFO - Dependencies all met for dep_context=requeueable deps ti=<TaskInstance: 05_mysql_etl.extract scheduled__2026-04-13T00:00:00+00:00 [queued]>
[2026-04-14T09:00:03.921+0900] {taskinstance.py:2856} INFO - Starting attempt 1 of 2
[2026-04-14T09:00:03.929+0900] {taskinstance.py:2879} INFO - Executing <Task(PythonOperator): extract> on 2026-04-13 00:00:00+00:00
[2026-04-14T09:00:03.934+0900] {warnings.py:112} WARNING - /home/***/.local/lib/python3.12/site-packages/***/task/task_runner/standard_task_runner.py:70: DeprecationWarning: This process (pid=13988) is multi-threaded, use of fork() may lead to deadlocks in the child.
  pid = os.fork()

[2026-04-14T09:00:03.935+0900] {standard_task_runner.py:72} INFO - Started process 13993 to run task
[2026-04-14T09:00:03.936+0900] {standard_task_runner.py:104} INFO - Running: ['***', 'tasks', 'run', '05_mysql_etl', 'extract', 'scheduled__2026-04-13T00:00:00+00:00', '--job-id', '74', '--raw', '--subdir', 'DAGS_FOLDER/05_mysql_etl.py', '--cfg-path', '/tmp/tmpoztwx204']
[2026-04-14T09:00:03.938+0900] {standard_task_runner.py:105} INFO - Job 74: Subtask extract
[2026-04-14T09:00:03.972+0900] {task_command.py:467} INFO - Running <TaskInstance: 05_mysql_etl.extract scheduled__2026-04-13T00:00:00+00:00 [running]> on host ad48662a813c
[2026-04-14T09:00:04.028+0900] {taskinstance.py:3122} INFO - Exporting env vars: AIRFLOW_CTX_DAG_OWNER='de_2team_manager' AIRFLOW_CTX_DAG_ID='05_mysql_etl' AIRFLOW_CTX_TASK_ID='extract' AIRFLOW_CTX_EXECUTION_DATE='2026-04-13T00:00:00+00:00' AIRFLOW_CTX_TRY_NUMBER='1' AIRFLOW_CTX_DAG_RUN_ID='scheduled__2026-04-13T00:00:00+00:00'
[2026-04-14T09:00:04.029+0900] {taskinstance.py:731} INFO - ::endgroup::
[2026-04-14T09:00:04.044+0900] {05_mysql_etl.py:53} INFO - extract 한 로그 데이터 /opt/***/dags/data/sensor_data_20260413.json 
[2026-04-14T09:00:04.045+0900] {python.py:240} INFO - Done. Returned value was: /opt/***/dags/data/sensor_data_20260413.json
[2026-04-14T09:00:04.061+0900] {taskinstance.py:340} INFO - ::group::Post task execution logs
[2026-04-14T09:00:04.062+0900] {taskinstance.py:352} INFO - Marking task as SUCCESS. dag_id=05_mysql_etl, task_id=extract, run_id=scheduled__2026-04-13T00:00:00+00:00, execution_date=20260413T000000, start_date=20260414T000003, end_date=20260414T000004
[2026-04-14T09:00:04.110+0900] {local_task_job_runner.py:261} INFO - Task exited with return code 0
[2026-04-14T09:00:04.127+0900] {taskinstance.py:3891} INFO - 1 downstream tasks scheduled from follow-on schedule check
[2026-04-14T09:00:04.129+0900] {local_task_job_runner.py:240} INFO - ::endgroup::
