[2026-04-13T08:59:50.879+0900] {local_task_job_runner.py:123} INFO - ::group::Pre task execution logs
[2026-04-13T08:59:50.892+0900] {taskinstance.py:2603} INFO - Dependencies all met for dep_context=non-requeueable deps ti=<TaskInstance: 01_basics_bash.date-print manual__2026-04-12T23:59:48.244175+00:00 [queued]>
[2026-04-13T08:59:50.897+0900] {taskinstance.py:2603} INFO - Dependencies all met for dep_context=requeueable deps ti=<TaskInstance: 01_basics_bash.date-print manual__2026-04-12T23:59:48.244175+00:00 [queued]>
[2026-04-13T08:59:50.898+0900] {taskinstance.py:2856} INFO - Starting attempt 1 of 2
[2026-04-13T08:59:50.907+0900] {taskinstance.py:2879} INFO - Executing <Task(BashOperator): date-print> on 2026-04-12 23:59:48.244175+00:00
[2026-04-13T08:59:50.912+0900] {warnings.py:112} WARNING - /home/***/.local/lib/python3.12/site-packages/***/task/task_runner/standard_task_runner.py:70: DeprecationWarning: This process (pid=129) is multi-threaded, use of fork() may lead to deadlocks in the child.
  pid = os.fork()

[2026-04-13T08:59:50.913+0900] {standard_task_runner.py:72} INFO - Started process 133 to run task
[2026-04-13T08:59:50.913+0900] {standard_task_runner.py:104} INFO - Running: ['***', 'tasks', 'run', '01_basics_bash', 'date-print', 'manual__2026-04-12T23:59:48.244175+00:00', '--job-id', '20', '--raw', '--subdir', 'DAGS_FOLDER/01_basics_bash.py', '--cfg-path', '/tmp/tmpi208kdlt']
[2026-04-13T08:59:50.914+0900] {standard_task_runner.py:105} INFO - Job 20: Subtask date-print
[2026-04-13T08:59:50.954+0900] {task_command.py:467} INFO - Running <TaskInstance: 01_basics_bash.date-print manual__2026-04-12T23:59:48.244175+00:00 [running]> on host 52b82e78b0f3
[2026-04-13T08:59:51.011+0900] {taskinstance.py:3122} INFO - Exporting env vars: AIRFLOW_CTX_DAG_OWNER='de_2team_manager' AIRFLOW_CTX_DAG_ID='01_basics_bash' AIRFLOW_CTX_TASK_ID='date-print' AIRFLOW_CTX_EXECUTION_DATE='2026-04-12T23:59:48.244175+00:00' AIRFLOW_CTX_TRY_NUMBER='1' AIRFLOW_CTX_DAG_RUN_ID='manual__2026-04-12T23:59:48.244175+00:00'
[2026-04-13T08:59:51.013+0900] {logging_mixin.py:190} INFO - Task instance is in running state
[2026-04-13T08:59:51.013+0900] {logging_mixin.py:190} INFO -  Previous state of the Task instance: queued
[2026-04-13T08:59:51.014+0900] {logging_mixin.py:190} INFO - Current task name:date-print state:running start_date:2026-04-12 23:59:50.892750+00:00
[2026-04-13T08:59:51.014+0900] {logging_mixin.py:190} INFO - Dag name:01_basics_bash and current dag run status:running
[2026-04-13T08:59:51.016+0900] {taskinstance.py:731} INFO - ::endgroup::
[2026-04-13T08:59:51.017+0900] {subprocess.py:63} INFO - Tmp dir root location: /tmp
[2026-04-13T08:59:51.018+0900] {subprocess.py:75} INFO - Running command: ['/usr/bin/bash', '-c', 'date']
[2026-04-13T08:59:51.028+0900] {subprocess.py:86} INFO - Output:
[2026-04-13T08:59:51.030+0900] {subprocess.py:93} INFO - Mon Apr 13 08:59:51 KST 2026
[2026-04-13T08:59:51.032+0900] {subprocess.py:97} INFO - Command exited with return code 0
[2026-04-13T08:59:51.051+0900] {taskinstance.py:340} INFO - ::group::Post task execution logs
[2026-04-13T08:59:51.052+0900] {taskinstance.py:352} INFO - Marking task as SUCCESS. dag_id=01_basics_bash, task_id=date-print, run_id=manual__2026-04-12T23:59:48.244175+00:00, execution_date=20260412T235948, start_date=20260412T235950, end_date=20260412T235951
[2026-04-13T08:59:51.059+0900] {logging_mixin.py:190} INFO - Task instance in success state
[2026-04-13T08:59:51.060+0900] {logging_mixin.py:190} INFO -  Previous state of the Task instance: running
[2026-04-13T08:59:51.061+0900] {logging_mixin.py:190} INFO - Dag name:01_basics_bash queued_at:2026-04-12 23:59:48.258025+00:00
[2026-04-13T08:59:51.061+0900] {logging_mixin.py:190} INFO - Task hostname:52b82e78b0f3 operator:BashOperator
[2026-04-13T08:59:51.088+0900] {local_task_job_runner.py:261} INFO - Task exited with return code 0
[2026-04-13T08:59:51.106+0900] {taskinstance.py:3891} INFO - 1 downstream tasks scheduled from follow-on schedule check
[2026-04-13T08:59:51.108+0900] {local_task_job_runner.py:240} INFO - ::endgroup::
