[2026-04-14T09:00:03.867+0900] {local_task_job_runner.py:123} INFO - ::group::Pre task execution logs
[2026-04-14T09:00:03.879+0900] {taskinstance.py:2603} INFO - Dependencies all met for dep_context=non-requeueable deps ti=<TaskInstance: 06_multi_dag_step3_load.create_table dataset_triggered__2026-04-14T00:00:02.481061+00:00 [queued]>
[2026-04-14T09:00:03.885+0900] {taskinstance.py:2603} INFO - Dependencies all met for dep_context=requeueable deps ti=<TaskInstance: 06_multi_dag_step3_load.create_table dataset_triggered__2026-04-14T00:00:02.481061+00:00 [queued]>
[2026-04-14T09:00:03.886+0900] {taskinstance.py:2856} INFO - Starting attempt 1 of 1
[2026-04-14T09:00:03.895+0900] {taskinstance.py:2879} INFO - Executing <Task(SQLExecuteQueryOperator): create_table> on 2026-04-14 00:00:02.481061+00:00
[2026-04-14T09:00:03.901+0900] {warnings.py:112} WARNING - /home/***/.local/lib/python3.12/site-packages/***/task/task_runner/standard_task_runner.py:70: DeprecationWarning: This process (pid=13987) is multi-threaded, use of fork() may lead to deadlocks in the child.
  pid = os.fork()

[2026-04-14T09:00:03.903+0900] {standard_task_runner.py:72} INFO - Started process 13991 to run task
[2026-04-14T09:00:03.903+0900] {standard_task_runner.py:104} INFO - Running: ['***', 'tasks', 'run', '06_multi_dag_step3_load', 'create_table', 'dataset_triggered__2026-04-14T00:00:02.481061+00:00', '--job-id', '73', '--raw', '--subdir', 'DAGS_FOLDER/06_multi_dag_step3_load.py', '--cfg-path', '/tmp/tmpbycfue26']
[2026-04-14T09:00:03.905+0900] {standard_task_runner.py:105} INFO - Job 73: Subtask create_table
[2026-04-14T09:00:03.937+0900] {task_command.py:467} INFO - Running <TaskInstance: 06_multi_dag_step3_load.create_table dataset_triggered__2026-04-14T00:00:02.481061+00:00 [running]> on host ad48662a813c
[2026-04-14T09:00:03.994+0900] {taskinstance.py:3122} INFO - Exporting env vars: AIRFLOW_CTX_DAG_OWNER='YONG' AIRFLOW_CTX_DAG_ID='06_multi_dag_step3_load' AIRFLOW_CTX_TASK_ID='create_table' AIRFLOW_CTX_EXECUTION_DATE='2026-04-14T00:00:02.481061+00:00' AIRFLOW_CTX_TRY_NUMBER='1' AIRFLOW_CTX_DAG_RUN_ID='dataset_triggered__2026-04-14T00:00:02.481061+00:00'
[2026-04-14T09:00:03.995+0900] {taskinstance.py:731} INFO - ::endgroup::
[2026-04-14T09:00:04.004+0900] {sql.py:282} INFO - Executing: 
            CREATE TABLE IF NOT EXISTS sensor_readings (
                id INT AUTO_INCREMENT PRIMARY KEY,
                sensor_id VARCHAR(50),
                timestamp DATETIME,
                temperature_c FLOAT,
                temperature_f FLOAT,
                created_at TIMESTAMP DEFAULT CURRENT_TIMESTAMP
            );
        
[2026-04-14T09:00:04.011+0900] {base.py:84} INFO - Retrieving connection 'mysql_default'
[2026-04-14T09:00:04.016+0900] {base.py:84} INFO - Retrieving connection 'mysql_default'
[2026-04-14T09:00:04.023+0900] {sql.py:509} INFO - Running statement: 
            CREATE TABLE IF NOT EXISTS sensor_readings (
                id INT AUTO_INCREMENT PRIMARY KEY,
                sensor_id VARCHAR(50),
                timestamp DATETIME,
                temperature_c FLOAT,
                temperature_f FLOAT,
                created_at TIMESTAMP DEFAULT CURRENT_TIMESTAMP
            );
        , parameters: None
[2026-04-14T09:00:04.026+0900] {sql.py:518} INFO - Rows affected: 0
[2026-04-14T09:00:04.033+0900] {taskinstance.py:340} INFO - ::group::Post task execution logs
[2026-04-14T09:00:04.034+0900] {taskinstance.py:352} INFO - Marking task as SUCCESS. dag_id=06_multi_dag_step3_load, task_id=create_table, run_id=dataset_triggered__2026-04-14T00:00:02.481061+00:00, execution_date=20260414T000002, start_date=20260414T000003, end_date=20260414T000004
[2026-04-14T09:00:04.077+0900] {local_task_job_runner.py:261} INFO - Task exited with return code 0
[2026-04-14T09:00:04.093+0900] {taskinstance.py:3891} INFO - 1 downstream tasks scheduled from follow-on schedule check
[2026-04-14T09:00:04.095+0900] {local_task_job_runner.py:240} INFO - ::endgroup::
