[2026-04-13T09:09:55.456+0900] {local_task_job_runner.py:123} INFO - ::group::Pre task execution logs
[2026-04-13T09:09:55.467+0900] {taskinstance.py:2603} INFO - Dependencies all met for dep_context=non-requeueable deps ti=<TaskInstance: 05_mysql_etl.trasform scheduled__2026-04-12T00:00:00+00:00 [queued]>
[2026-04-13T09:09:55.472+0900] {taskinstance.py:2603} INFO - Dependencies all met for dep_context=requeueable deps ti=<TaskInstance: 05_mysql_etl.trasform scheduled__2026-04-12T00:00:00+00:00 [queued]>
[2026-04-13T09:09:55.473+0900] {taskinstance.py:2856} INFO - Starting attempt 1 of 2
[2026-04-13T09:09:55.481+0900] {taskinstance.py:2879} INFO - Executing <Task(PythonOperator): trasform> on 2026-04-12 00:00:00+00:00
[2026-04-13T09:09:55.487+0900] {warnings.py:112} WARNING - /home/***/.local/lib/python3.12/site-packages/***/task/task_runner/standard_task_runner.py:70: DeprecationWarning: This process (pid=340) is multi-threaded, use of fork() may lead to deadlocks in the child.
  pid = os.fork()

[2026-04-13T09:09:55.489+0900] {standard_task_runner.py:72} INFO - Started process 342 to run task
[2026-04-13T09:09:55.489+0900] {standard_task_runner.py:104} INFO - Running: ['***', 'tasks', 'run', '05_mysql_etl', 'trasform', 'scheduled__2026-04-12T00:00:00+00:00', '--job-id', '36', '--raw', '--subdir', 'DAGS_FOLDER/05_mysql_etl.py', '--cfg-path', '/tmp/tmpm5ayr1pn']
[2026-04-13T09:09:55.490+0900] {standard_task_runner.py:105} INFO - Job 36: Subtask trasform
[2026-04-13T09:09:55.535+0900] {task_command.py:467} INFO - Running <TaskInstance: 05_mysql_etl.trasform scheduled__2026-04-12T00:00:00+00:00 [running]> on host 52b82e78b0f3
[2026-04-13T09:09:55.585+0900] {taskinstance.py:3122} INFO - Exporting env vars: AIRFLOW_CTX_DAG_OWNER='de_2team_manager' AIRFLOW_CTX_DAG_ID='05_mysql_etl' AIRFLOW_CTX_TASK_ID='trasform' AIRFLOW_CTX_EXECUTION_DATE='2026-04-12T00:00:00+00:00' AIRFLOW_CTX_TRY_NUMBER='1' AIRFLOW_CTX_DAG_RUN_ID='scheduled__2026-04-12T00:00:00+00:00'
[2026-04-13T09:09:55.587+0900] {logging_mixin.py:190} INFO - Task instance is in running state
[2026-04-13T09:09:55.588+0900] {logging_mixin.py:190} INFO -  Previous state of the Task instance: queued
[2026-04-13T09:09:55.589+0900] {logging_mixin.py:190} INFO - Current task name:trasform state:running start_date:2026-04-13 00:09:55.468468+00:00
[2026-04-13T09:09:55.590+0900] {logging_mixin.py:190} INFO - Dag name:05_mysql_etl and current dag run status:running
[2026-04-13T09:09:55.590+0900] {taskinstance.py:731} INFO - ::endgroup::
[2026-04-13T09:09:55.598+0900] {05_mysql_etl.py:62} INFO - 전달받은 데이터 /opt/***/dags/data/sensor_data_20260412.json
[2026-04-13T09:09:55.632+0900] {05_mysql_etl.py:80} INFO - 전처리후 csv 저장 완료 /opt/***/dags/data/preprocessing_data_20260412.csv
[2026-04-13T09:09:55.633+0900] {python.py:240} INFO - Done. Returned value was: /opt/***/dags/data/preprocessing_data_20260412.csv
[2026-04-13T09:09:55.650+0900] {taskinstance.py:340} INFO - ::group::Post task execution logs
[2026-04-13T09:09:55.650+0900] {taskinstance.py:352} INFO - Marking task as SUCCESS. dag_id=05_mysql_etl, task_id=trasform, run_id=scheduled__2026-04-12T00:00:00+00:00, execution_date=20260412T000000, start_date=20260413T000955, end_date=20260413T000955
[2026-04-13T09:09:55.656+0900] {logging_mixin.py:190} INFO - Task instance in success state
[2026-04-13T09:09:55.657+0900] {logging_mixin.py:190} INFO -  Previous state of the Task instance: running
[2026-04-13T09:09:55.658+0900] {logging_mixin.py:190} INFO - Dag name:05_mysql_etl queued_at:2026-04-13 00:09:51.196675+00:00
[2026-04-13T09:09:55.658+0900] {logging_mixin.py:190} INFO - Task hostname:52b82e78b0f3 operator:PythonOperator
[2026-04-13T09:09:55.664+0900] {local_task_job_runner.py:261} INFO - Task exited with return code 0
[2026-04-13T09:09:55.676+0900] {taskinstance.py:3891} INFO - 0 downstream tasks scheduled from follow-on schedule check
[2026-04-13T09:09:55.678+0900] {local_task_job_runner.py:240} INFO - ::endgroup::
