[2026-04-13T11:07:17.703+0900] {local_task_job_runner.py:123} INFO - ::group::Pre task execution logs
[2026-04-13T11:07:17.715+0900] {taskinstance.py:2603} INFO - Dependencies all met for dep_context=non-requeueable deps ti=<TaskInstance: 06_multi_dag_step2_transform.transform_task dataset_triggered__2026-04-13T02:07:16.580790+00:00 [queued]>
[2026-04-13T11:07:17.721+0900] {taskinstance.py:2603} INFO - Dependencies all met for dep_context=requeueable deps ti=<TaskInstance: 06_multi_dag_step2_transform.transform_task dataset_triggered__2026-04-13T02:07:16.580790+00:00 [queued]>
[2026-04-13T11:07:17.722+0900] {taskinstance.py:2856} INFO - Starting attempt 1 of 1
[2026-04-13T11:07:17.850+0900] {taskinstance.py:2879} INFO - Executing <Task(PythonOperator): transform_task> on 2026-04-13 02:07:16.580790+00:00
[2026-04-13T11:07:17.855+0900] {warnings.py:112} WARNING - /home/***/.local/lib/python3.12/site-packages/***/task/task_runner/standard_task_runner.py:70: DeprecationWarning: This process (pid=320) is multi-threaded, use of fork() may lead to deadlocks in the child.
  pid = os.fork()

[2026-04-13T11:07:17.857+0900] {standard_task_runner.py:72} INFO - Started process 322 to run task
[2026-04-13T11:07:17.857+0900] {standard_task_runner.py:104} INFO - Running: ['***', 'tasks', 'run', '06_multi_dag_step2_transform', 'transform_task', 'dataset_triggered__2026-04-13T02:07:16.580790+00:00', '--job-id', '59', '--raw', '--subdir', 'DAGS_FOLDER/06_multi_dag_step2_transform.py', '--cfg-path', '/tmp/tmpwknh_fog']
[2026-04-13T11:07:17.859+0900] {standard_task_runner.py:105} INFO - Job 59: Subtask transform_task
[2026-04-13T11:07:17.891+0900] {task_command.py:467} INFO - Running <TaskInstance: 06_multi_dag_step2_transform.transform_task dataset_triggered__2026-04-13T02:07:16.580790+00:00 [running]> on host e1eb36226699
[2026-04-13T11:07:17.939+0900] {taskinstance.py:3122} INFO - Exporting env vars: AIRFLOW_CTX_DAG_OWNER='YONG' AIRFLOW_CTX_DAG_ID='06_multi_dag_step2_transform' AIRFLOW_CTX_TASK_ID='transform_task' AIRFLOW_CTX_EXECUTION_DATE='2026-04-13T02:07:16.580790+00:00' AIRFLOW_CTX_TRY_NUMBER='1' AIRFLOW_CTX_DAG_RUN_ID='dataset_triggered__2026-04-13T02:07:16.580790+00:00'
[2026-04-13T11:07:17.940+0900] {taskinstance.py:731} INFO - ::endgroup::
[2026-04-13T11:07:17.963+0900] {logging_mixin.py:190} INFO - Transformed data to /opt/***/dags/data/preprocessing_data.csv
[2026-04-13T11:07:17.963+0900] {python.py:240} INFO - Done. Returned value was: None
[2026-04-13T11:07:17.979+0900] {taskinstance.py:340} INFO - ::group::Post task execution logs
[2026-04-13T11:07:17.980+0900] {taskinstance.py:352} INFO - Marking task as SUCCESS. dag_id=06_multi_dag_step2_transform, task_id=transform_task, run_id=dataset_triggered__2026-04-13T02:07:16.580790+00:00, execution_date=20260413T020716, start_date=20260413T020717, end_date=20260413T020717
[2026-04-13T11:07:18.031+0900] {local_task_job_runner.py:261} INFO - Task exited with return code 0
[2026-04-13T11:07:18.044+0900] {taskinstance.py:3891} INFO - 0 downstream tasks scheduled from follow-on schedule check
[2026-04-13T11:07:18.047+0900] {local_task_job_runner.py:240} INFO - ::endgroup::
