[2026-04-14T10:41:40.278+0900] {local_task_job_runner.py:123} INFO - ::group::Pre task execution logs
[2026-04-14T10:41:40.296+0900] {taskinstance.py:2603} INFO - Dependencies all met for dep_context=non-requeueable deps ti=<TaskInstance: 07_msa_api_server_used.task_api_service_call manual__2026-04-14T01:41:38.759622+00:00 [queued]>
[2026-04-14T10:41:40.305+0900] {taskinstance.py:2603} INFO - Dependencies all met for dep_context=requeueable deps ti=<TaskInstance: 07_msa_api_server_used.task_api_service_call manual__2026-04-14T01:41:38.759622+00:00 [queued]>
[2026-04-14T10:41:40.306+0900] {taskinstance.py:2856} INFO - Starting attempt 1 of 1
[2026-04-14T10:41:40.320+0900] {taskinstance.py:2879} INFO - Executing <Task(PythonOperator): task_api_service_call> on 2026-04-14 01:41:38.759622+00:00
[2026-04-14T10:41:40.325+0900] {warnings.py:112} WARNING - /home/***/.local/lib/python3.12/site-packages/***/task/task_runner/standard_task_runner.py:70: DeprecationWarning: This process (pid=15441) is multi-threaded, use of fork() may lead to deadlocks in the child.
  pid = os.fork()

[2026-04-14T10:41:40.327+0900] {standard_task_runner.py:72} INFO - Started process 15442 to run task
[2026-04-14T10:41:40.327+0900] {standard_task_runner.py:104} INFO - Running: ['***', 'tasks', 'run', '07_msa_api_server_used', 'task_api_service_call', 'manual__2026-04-14T01:41:38.759622+00:00', '--job-id', '111', '--raw', '--subdir', 'DAGS_FOLDER/07_msa_api_server_used.py', '--cfg-path', '/tmp/tmpbch4n5na']
[2026-04-14T10:41:40.328+0900] {standard_task_runner.py:105} INFO - Job 111: Subtask task_api_service_call
[2026-04-14T10:41:40.372+0900] {task_command.py:467} INFO - Running <TaskInstance: 07_msa_api_server_used.task_api_service_call manual__2026-04-14T01:41:38.759622+00:00 [running]> on host ad48662a813c
[2026-04-14T10:41:40.433+0900] {taskinstance.py:3122} INFO - Exporting env vars: AIRFLOW_CTX_DAG_OWNER='YONG' AIRFLOW_CTX_DAG_ID='07_msa_api_server_used' AIRFLOW_CTX_TASK_ID='task_api_service_call' AIRFLOW_CTX_EXECUTION_DATE='2026-04-14T01:41:38.759622+00:00' AIRFLOW_CTX_TRY_NUMBER='1' AIRFLOW_CTX_DAG_RUN_ID='manual__2026-04-14T01:41:38.759622+00:00'
[2026-04-14T10:41:40.434+0900] {taskinstance.py:731} INFO - ::endgroup::
[2026-04-14T10:41:40.464+0900] {07_msa_api_server_used.py:37} INFO - 데이터 병합 완료: [{'user_id': 'C001', 'income': 5000, 'loan_amt': 2000, 'credit_score': 621, 'grade': 'B'}, {'user_id': 'C002', 'income': 4000, 'loan_amt': 5000, 'credit_score': 498, 'grade': 'C'}, {'user_id': 'C003', 'income': 8000, 'loan_amt': 1000, 'credit_score': 679, 'grade': 'B'}]
[2026-04-14T10:41:40.465+0900] {python.py:240} INFO - Done. Returned value was: [{'user_id': 'C001', 'income': 5000, 'loan_amt': 2000, 'credit_score': 621, 'grade': 'B'}, {'user_id': 'C002', 'income': 4000, 'loan_amt': 5000, 'credit_score': 498, 'grade': 'C'}, {'user_id': 'C003', 'income': 8000, 'loan_amt': 1000, 'credit_score': 679, 'grade': 'B'}]
[2026-04-14T10:41:40.481+0900] {taskinstance.py:340} INFO - ::group::Post task execution logs
[2026-04-14T10:41:40.482+0900] {taskinstance.py:352} INFO - Marking task as SUCCESS. dag_id=07_msa_api_server_used, task_id=task_api_service_call, run_id=manual__2026-04-14T01:41:38.759622+00:00, execution_date=20260414T014138, start_date=20260414T014140, end_date=20260414T014140
[2026-04-14T10:41:40.502+0900] {local_task_job_runner.py:261} INFO - Task exited with return code 0
[2026-04-14T10:41:40.518+0900] {taskinstance.py:3891} INFO - 1 downstream tasks scheduled from follow-on schedule check
[2026-04-14T10:41:40.520+0900] {local_task_job_runner.py:240} INFO - ::endgroup::
