[2026-04-14T09:00:06.210+0900] {local_task_job_runner.py:123} INFO - ::group::Pre task execution logs
[2026-04-14T09:00:06.220+0900] {taskinstance.py:2603} INFO - Dependencies all met for dep_context=non-requeueable deps ti=<TaskInstance: 05_mysql_etl.load scheduled__2026-04-13T00:00:00+00:00 [queued]>
[2026-04-14T09:00:06.226+0900] {taskinstance.py:2603} INFO - Dependencies all met for dep_context=requeueable deps ti=<TaskInstance: 05_mysql_etl.load scheduled__2026-04-13T00:00:00+00:00 [queued]>
[2026-04-14T09:00:06.227+0900] {taskinstance.py:2856} INFO - Starting attempt 1 of 2
[2026-04-14T09:00:06.235+0900] {taskinstance.py:2879} INFO - Executing <Task(PythonOperator): load> on 2026-04-13 00:00:00+00:00
[2026-04-14T09:00:06.240+0900] {warnings.py:112} WARNING - /home/***/.local/lib/python3.12/site-packages/***/task/task_runner/standard_task_runner.py:70: DeprecationWarning: This process (pid=14003) is multi-threaded, use of fork() may lead to deadlocks in the child.
  pid = os.fork()

[2026-04-14T09:00:06.241+0900] {standard_task_runner.py:72} INFO - Started process 14005 to run task
[2026-04-14T09:00:06.242+0900] {standard_task_runner.py:104} INFO - Running: ['***', 'tasks', 'run', '05_mysql_etl', 'load', 'scheduled__2026-04-13T00:00:00+00:00', '--job-id', '77', '--raw', '--subdir', 'DAGS_FOLDER/05_mysql_etl.py', '--cfg-path', '/tmp/tmp7cianigr']
[2026-04-14T09:00:06.244+0900] {standard_task_runner.py:105} INFO - Job 77: Subtask load
[2026-04-14T09:00:06.280+0900] {task_command.py:467} INFO - Running <TaskInstance: 05_mysql_etl.load scheduled__2026-04-13T00:00:00+00:00 [running]> on host ad48662a813c
[2026-04-14T09:00:06.467+0900] {taskinstance.py:3122} INFO - Exporting env vars: AIRFLOW_CTX_DAG_OWNER='de_2team_manager' AIRFLOW_CTX_DAG_ID='05_mysql_etl' AIRFLOW_CTX_TASK_ID='load' AIRFLOW_CTX_EXECUTION_DATE='2026-04-13T00:00:00+00:00' AIRFLOW_CTX_TRY_NUMBER='1' AIRFLOW_CTX_DAG_RUN_ID='scheduled__2026-04-13T00:00:00+00:00'
[2026-04-14T09:00:06.468+0900] {taskinstance.py:731} INFO - ::endgroup::
[2026-04-14T09:00:06.496+0900] {base.py:84} INFO - Retrieving connection 'mysql_default'
[2026-04-14T09:00:06.502+0900] {05_mysql_etl.py:113} INFO - 입력할 데이터(파라미터) [('SENSOR_2', '2026-04-14 09:00:04', 75.48, 167.864), ('SENSOR_3', '2026-04-14 09:00:04', 23.47, 74.246), ('SENSOR_4', '2026-04-14 09:00:04', 67.21, 152.978), ('SENSOR_5', '2026-04-14 09:00:04', 26.23, 79.214), ('SENSOR_6', '2026-04-14 09:00:04', 89.28, 192.704), ('SENSOR_7', '2026-04-14 09:00:04', 75.99, 168.78199999999998), ('SENSOR_9', '2026-04-14 09:00:04', 57.24, 135.03199999999998), ('SENSOR_10', '2026-04-14 09:00:04', 81.4, 178.52)]
[2026-04-14T09:00:06.507+0900] {05_mysql_etl.py:117} INFO - mysql 적제 완료
[2026-04-14T09:00:06.508+0900] {05_mysql_etl.py:126} INFO - mysql 종료 완료
[2026-04-14T09:00:06.508+0900] {python.py:240} INFO - Done. Returned value was: None
[2026-04-14T09:00:06.516+0900] {taskinstance.py:340} INFO - ::group::Post task execution logs
[2026-04-14T09:00:06.516+0900] {taskinstance.py:352} INFO - Marking task as SUCCESS. dag_id=05_mysql_etl, task_id=load, run_id=scheduled__2026-04-13T00:00:00+00:00, execution_date=20260413T000000, start_date=20260414T000006, end_date=20260414T000006
[2026-04-14T09:00:06.537+0900] {local_task_job_runner.py:261} INFO - Task exited with return code 0
[2026-04-14T09:00:06.548+0900] {taskinstance.py:3891} INFO - 0 downstream tasks scheduled from follow-on schedule check
[2026-04-14T09:00:06.550+0900] {local_task_job_runner.py:240} INFO - ::endgroup::
