[2026-04-08T06:21:00.250+0000] {local_task_job_runner.py:123} INFO - ::group::Pre task execution logs
[2026-04-08T06:21:00.276+0000] {taskinstance.py:2603} INFO - Dependencies all met for dep_context=non-requeueable deps ti=<TaskInstance: random_multiply_dag.generate_num_1 manual__2026-04-08T06:20:56.982964+00:00 [queued]>
[2026-04-08T06:21:00.290+0000] {taskinstance.py:2603} INFO - Dependencies all met for dep_context=requeueable deps ti=<TaskInstance: random_multiply_dag.generate_num_1 manual__2026-04-08T06:20:56.982964+00:00 [queued]>
[2026-04-08T06:21:00.292+0000] {taskinstance.py:2856} INFO - Starting attempt 1 of 1
[2026-04-08T06:21:00.320+0000] {taskinstance.py:2879} INFO - Executing <Task(PythonOperator): generate_num_1> on 2026-04-08 06:20:56.982964+00:00
[2026-04-08T06:21:00.333+0000] {warnings.py:112} WARNING - /home/***/.local/lib/python3.12/site-packages/***/task/task_runner/standard_task_runner.py:70: DeprecationWarning: This process (pid=3165) is multi-threaded, use of fork() may lead to deadlocks in the child.
  pid = os.fork()

[2026-04-08T06:21:00.336+0000] {standard_task_runner.py:72} INFO - Started process 3170 to run task
[2026-04-08T06:21:00.337+0000] {standard_task_runner.py:104} INFO - Running: ['***', 'tasks', 'run', 'random_multiply_dag', 'generate_num_1', 'manual__2026-04-08T06:20:56.982964+00:00', '--job-id', '10', '--raw', '--subdir', 'DAGS_FOLDER/1_***_test.py', '--cfg-path', '/tmp/tmpx68dmos9']
[2026-04-08T06:21:00.339+0000] {standard_task_runner.py:105} INFO - Job 10: Subtask generate_num_1
[2026-04-08T06:21:00.434+0000] {task_command.py:467} INFO - Running <TaskInstance: random_multiply_dag.generate_num_1 manual__2026-04-08T06:20:56.982964+00:00 [running]> on host 30220cc5b78a
[2026-04-08T06:21:00.590+0000] {taskinstance.py:3122} INFO - Exporting env vars: AIRFLOW_CTX_DAG_OWNER='***' AIRFLOW_CTX_DAG_ID='random_multiply_dag' AIRFLOW_CTX_TASK_ID='generate_num_1' AIRFLOW_CTX_EXECUTION_DATE='2026-04-08T06:20:56.982964+00:00' AIRFLOW_CTX_TRY_NUMBER='1' AIRFLOW_CTX_DAG_RUN_ID='manual__2026-04-08T06:20:56.982964+00:00'
[2026-04-08T06:21:00.593+0000] {logging_mixin.py:190} INFO - Task instance is in running state
[2026-04-08T06:21:00.594+0000] {logging_mixin.py:190} INFO -  Previous state of the Task instance: queued
[2026-04-08T06:21:00.594+0000] {logging_mixin.py:190} INFO - Current task name:generate_num_1 state:running start_date:2026-04-08 06:21:00.277550+00:00
[2026-04-08T06:21:00.595+0000] {logging_mixin.py:190} INFO - Dag name:random_multiply_dag and current dag run status:running
[2026-04-08T06:21:00.596+0000] {taskinstance.py:731} INFO - ::endgroup::
[2026-04-08T06:21:00.597+0000] {logging_mixin.py:190} INFO - Generated Number 1: 98
[2026-04-08T06:21:00.598+0000] {python.py:240} INFO - Done. Returned value was: 98
[2026-04-08T06:21:00.626+0000] {taskinstance.py:340} INFO - ::group::Post task execution logs
[2026-04-08T06:21:00.626+0000] {taskinstance.py:352} INFO - Marking task as SUCCESS. dag_id=random_multiply_dag, task_id=generate_num_1, run_id=manual__2026-04-08T06:20:56.982964+00:00, execution_date=20260408T062056, start_date=20260408T062100, end_date=20260408T062100
[2026-04-08T06:21:00.636+0000] {logging_mixin.py:190} INFO - Task instance in success state
[2026-04-08T06:21:00.637+0000] {logging_mixin.py:190} INFO -  Previous state of the Task instance: running
[2026-04-08T06:21:00.638+0000] {logging_mixin.py:190} INFO - Dag name:random_multiply_dag queued_at:2026-04-08 06:20:57.089457+00:00
[2026-04-08T06:21:00.639+0000] {logging_mixin.py:190} INFO - Task hostname:30220cc5b78a operator:PythonOperator
[2026-04-08T06:21:00.677+0000] {local_task_job_runner.py:261} INFO - Task exited with return code 0
[2026-04-08T06:21:00.687+0000] {local_task_job_runner.py:240} INFO - ::endgroup::
