[2026-04-14T09:00:00.709+0900] {local_task_job_runner.py:123} INFO - ::group::Pre task execution logs
[2026-04-14T09:00:00.723+0900] {taskinstance.py:2603} INFO - Dependencies all met for dep_context=non-requeueable deps ti=<TaskInstance: 06_multi_dag_step1_extract.extract_task scheduled__2026-04-13T00:00:00+00:00 [queued]>
[2026-04-14T09:00:00.731+0900] {taskinstance.py:2603} INFO - Dependencies all met for dep_context=requeueable deps ti=<TaskInstance: 06_multi_dag_step1_extract.extract_task scheduled__2026-04-13T00:00:00+00:00 [queued]>
[2026-04-14T09:00:00.732+0900] {taskinstance.py:2856} INFO - Starting attempt 1 of 1
[2026-04-14T09:00:00.742+0900] {taskinstance.py:2879} INFO - Executing <Task(PythonOperator): extract_task> on 2026-04-13 00:00:00+00:00
[2026-04-14T09:00:00.749+0900] {warnings.py:112} WARNING - /home/***/.local/lib/python3.12/site-packages/***/task/task_runner/standard_task_runner.py:70: DeprecationWarning: This process (pid=13966) is multi-threaded, use of fork() may lead to deadlocks in the child.
  pid = os.fork()

[2026-04-14T09:00:00.751+0900] {standard_task_runner.py:72} INFO - Started process 13972 to run task
[2026-04-14T09:00:00.750+0900] {standard_task_runner.py:104} INFO - Running: ['***', 'tasks', 'run', '06_multi_dag_step1_extract', 'extract_task', 'scheduled__2026-04-13T00:00:00+00:00', '--job-id', '68', '--raw', '--subdir', 'DAGS_FOLDER/06_multi_dag_step1_extract.py', '--cfg-path', '/tmp/tmpau1bsv15']
[2026-04-14T09:00:00.752+0900] {standard_task_runner.py:105} INFO - Job 68: Subtask extract_task
[2026-04-14T09:00:00.797+0900] {task_command.py:467} INFO - Running <TaskInstance: 06_multi_dag_step1_extract.extract_task scheduled__2026-04-13T00:00:00+00:00 [running]> on host ad48662a813c
[2026-04-14T09:00:00.863+0900] {taskinstance.py:3122} INFO - Exporting env vars: AIRFLOW_CTX_DAG_OWNER='YONG' AIRFLOW_CTX_DAG_ID='06_multi_dag_step1_extract' AIRFLOW_CTX_TASK_ID='extract_task' AIRFLOW_CTX_EXECUTION_DATE='2026-04-13T00:00:00+00:00' AIRFLOW_CTX_TRY_NUMBER='1' AIRFLOW_CTX_DAG_RUN_ID='scheduled__2026-04-13T00:00:00+00:00'
[2026-04-14T09:00:00.865+0900] {taskinstance.py:731} INFO - ::endgroup::
[2026-04-14T09:00:00.884+0900] {logging_mixin.py:190} INFO - Extracted data to /opt/***/dags/data/sensor_data.json
[2026-04-14T09:00:00.885+0900] {python.py:240} INFO - Done. Returned value was: None
[2026-04-14T09:00:00.906+0900] {taskinstance.py:340} INFO - ::group::Post task execution logs
[2026-04-14T09:00:00.907+0900] {taskinstance.py:352} INFO - Marking task as SUCCESS. dag_id=06_multi_dag_step1_extract, task_id=extract_task, run_id=scheduled__2026-04-13T00:00:00+00:00, execution_date=20260413T000000, start_date=20260414T000000, end_date=20260414T000000
[2026-04-14T09:00:00.968+0900] {local_task_job_runner.py:261} INFO - Task exited with return code 0
[2026-04-14T09:00:00.981+0900] {taskinstance.py:3891} INFO - 0 downstream tasks scheduled from follow-on schedule check
[2026-04-14T09:00:00.983+0900] {local_task_job_runner.py:240} INFO - ::endgroup::
