<<<<<<< HEAD
[2026-04-13T09:00:23.507+0900] {local_task_job_runner.py:123} INFO - ::group::Pre task execution logs
[2026-04-13T09:00:23.517+0900] {taskinstance.py:2603} INFO - Dependencies all met for dep_context=non-requeueable deps ti=<TaskInstance: 02_basics_python.extract_task_data scheduled__2026-02-25T00:00:00+00:00 [queued]>
[2026-04-13T09:00:23.522+0900] {taskinstance.py:2603} INFO - Dependencies all met for dep_context=requeueable deps ti=<TaskInstance: 02_basics_python.extract_task_data scheduled__2026-02-25T00:00:00+00:00 [queued]>
[2026-04-13T09:00:23.522+0900] {taskinstance.py:2856} INFO - Starting attempt 1 of 2
[2026-04-13T09:00:23.530+0900] {taskinstance.py:2879} INFO - Executing <Task(PythonOperator): extract_task_data> on 2026-02-25 00:00:00+00:00
[2026-04-13T09:00:23.535+0900] {warnings.py:112} WARNING - /home/***/.local/lib/python3.12/site-packages/***/task/task_runner/standard_task_runner.py:70: DeprecationWarning: This process (pid=180) is multi-threaded, use of fork() may lead to deadlocks in the child.
  pid = os.fork()

[2026-04-13T09:00:23.537+0900] {standard_task_runner.py:72} INFO - Started process 182 to run task
[2026-04-13T09:00:23.537+0900] {standard_task_runner.py:104} INFO - Running: ['***', 'tasks', 'run', '02_basics_python', 'extract_task_data', 'scheduled__2026-02-25T00:00:00+00:00', '--job-id', '28', '--raw', '--subdir', 'DAGS_FOLDER/02_basics_python.py', '--cfg-path', '/tmp/tmp5ay4d1vq']
[2026-04-13T09:00:23.539+0900] {standard_task_runner.py:105} INFO - Job 28: Subtask extract_task_data
[2026-04-13T09:00:23.578+0900] {task_command.py:467} INFO - Running <TaskInstance: 02_basics_python.extract_task_data scheduled__2026-02-25T00:00:00+00:00 [running]> on host 52b82e78b0f3
[2026-04-13T09:00:23.635+0900] {taskinstance.py:3122} INFO - Exporting env vars: AIRFLOW_CTX_DAG_OWNER='de_2team_manager' AIRFLOW_CTX_DAG_ID='02_basics_python' AIRFLOW_CTX_TASK_ID='extract_task_data' AIRFLOW_CTX_EXECUTION_DATE='2026-02-25T00:00:00+00:00' AIRFLOW_CTX_TRY_NUMBER='1' AIRFLOW_CTX_DAG_RUN_ID='scheduled__2026-02-25T00:00:00+00:00'
[2026-04-13T09:00:23.637+0900] {logging_mixin.py:190} INFO - Task instance is in running state
[2026-04-13T09:00:23.638+0900] {logging_mixin.py:190} INFO -  Previous state of the Task instance: queued
[2026-04-13T09:00:23.639+0900] {logging_mixin.py:190} INFO - Current task name:extract_task_data state:running start_date:2026-04-13 00:00:23.518205+00:00
[2026-04-13T09:00:23.640+0900] {logging_mixin.py:190} INFO - Dag name:02_basics_python and current dag run status:running
[2026-04-13T09:00:23.641+0900] {taskinstance.py:731} INFO - ::endgroup::
[2026-04-13T09:00:23.642+0900] {02_basics_python.py:33} INFO - == Extract 작업 start ==
[2026-04-13T09:00:23.642+0900] {02_basics_python.py:34} INFO - 작업시간 2026-02-25, 실행 ID scheduled__2026-02-25T00:00:00+00:00
[2026-04-13T09:00:23.643+0900] {02_basics_python.py:35} INFO - == Extract 작업 end ==
[2026-04-13T09:00:23.644+0900] {python.py:240} INFO - Done. Returned value was: Data Extract 성공
[2026-04-13T09:00:23.663+0900] {taskinstance.py:340} INFO - ::group::Post task execution logs
[2026-04-13T09:00:23.664+0900] {taskinstance.py:352} INFO - Marking task as SUCCESS. dag_id=02_basics_python, task_id=extract_task_data, run_id=scheduled__2026-02-25T00:00:00+00:00, execution_date=20260225T000000, start_date=20260413T000023, end_date=20260413T000023
[2026-04-13T09:00:23.672+0900] {logging_mixin.py:190} INFO - Task instance in success state
[2026-04-13T09:00:23.672+0900] {logging_mixin.py:190} INFO -  Previous state of the Task instance: running
[2026-04-13T09:00:23.673+0900] {logging_mixin.py:190} INFO - Dag name:02_basics_python queued_at:2026-04-13 00:00:22.579044+00:00
[2026-04-13T09:00:23.673+0900] {logging_mixin.py:190} INFO - Task hostname:52b82e78b0f3 operator:PythonOperator
[2026-04-13T09:00:23.712+0900] {local_task_job_runner.py:261} INFO - Task exited with return code 0
[2026-04-13T09:00:23.726+0900] {taskinstance.py:3891} INFO - 0 downstream tasks scheduled from follow-on schedule check
[2026-04-13T09:00:23.730+0900] {local_task_job_runner.py:240} INFO - ::endgroup::
=======
[2026-04-08T06:35:58.544+0000] {local_task_job_runner.py:123} INFO - ::group::Pre task execution logs
[2026-04-08T06:35:58.555+0000] {taskinstance.py:2603} INFO - Dependencies all met for dep_context=non-requeueable deps ti=<TaskInstance: 02_basics_python.extract_task_data scheduled__2026-02-25T00:00:00+00:00 [queued]>
[2026-04-08T06:35:58.560+0000] {taskinstance.py:2603} INFO - Dependencies all met for dep_context=requeueable deps ti=<TaskInstance: 02_basics_python.extract_task_data scheduled__2026-02-25T00:00:00+00:00 [queued]>
[2026-04-08T06:35:58.561+0000] {taskinstance.py:2856} INFO - Starting attempt 1 of 1
[2026-04-08T06:35:58.571+0000] {taskinstance.py:2879} INFO - Executing <Task(PythonOperator): extract_task_data> on 2026-02-25 00:00:00+00:00
[2026-04-08T06:35:58.576+0000] {warnings.py:112} WARNING - /home/***/.local/lib/python3.12/site-packages/***/task/task_runner/standard_task_runner.py:70: DeprecationWarning: This process (pid=3433) is multi-threaded, use of fork() may lead to deadlocks in the child.
  pid = os.fork()

[2026-04-08T06:35:58.578+0000] {standard_task_runner.py:104} INFO - Running: ['***', 'tasks', 'run', '02_basics_python', 'extract_task_data', 'scheduled__2026-02-25T00:00:00+00:00', '--job-id', '19', '--raw', '--subdir', 'DAGS_FOLDER/02_basics_python.py', '--cfg-path', '/tmp/tmpomftq51v']
[2026-04-08T06:35:58.578+0000] {standard_task_runner.py:72} INFO - Started process 3435 to run task
[2026-04-08T06:35:58.579+0000] {standard_task_runner.py:105} INFO - Job 19: Subtask extract_task_data
[2026-04-08T06:35:58.619+0000] {task_command.py:467} INFO - Running <TaskInstance: 02_basics_python.extract_task_data scheduled__2026-02-25T00:00:00+00:00 [running]> on host 9524e3db50c6
[2026-04-08T06:35:58.673+0000] {taskinstance.py:3122} INFO - Exporting env vars: AIRFLOW_CTX_DAG_OWNER='***' AIRFLOW_CTX_DAG_ID='02_basics_python' AIRFLOW_CTX_TASK_ID='extract_task_data' AIRFLOW_CTX_EXECUTION_DATE='2026-02-25T00:00:00+00:00' AIRFLOW_CTX_TRY_NUMBER='1' AIRFLOW_CTX_DAG_RUN_ID='scheduled__2026-02-25T00:00:00+00:00'
[2026-04-08T06:35:58.674+0000] {logging_mixin.py:190} INFO - Task instance is in running state
[2026-04-08T06:35:58.675+0000] {logging_mixin.py:190} INFO -  Previous state of the Task instance: queued
[2026-04-08T06:35:58.676+0000] {logging_mixin.py:190} INFO - Current task name:extract_task_data state:running start_date:2026-04-08 06:35:58.556766+00:00
[2026-04-08T06:35:58.677+0000] {logging_mixin.py:190} INFO - Dag name:02_basics_python and current dag run status:running
[2026-04-08T06:35:58.678+0000] {taskinstance.py:731} INFO - ::endgroup::
[2026-04-08T06:35:58.678+0000] {python.py:240} INFO - Done. Returned value was: None
[2026-04-08T06:35:58.686+0000] {taskinstance.py:340} INFO - ::group::Post task execution logs
[2026-04-08T06:35:58.687+0000] {taskinstance.py:352} INFO - Marking task as SUCCESS. dag_id=02_basics_python, task_id=extract_task_data, run_id=scheduled__2026-02-25T00:00:00+00:00, execution_date=20260225T000000, start_date=20260408T063558, end_date=20260408T063558
[2026-04-08T06:35:58.695+0000] {logging_mixin.py:190} INFO - Task instance in success state
[2026-04-08T06:35:58.696+0000] {logging_mixin.py:190} INFO -  Previous state of the Task instance: running
[2026-04-08T06:35:58.696+0000] {logging_mixin.py:190} INFO - Dag name:02_basics_python queued_at:2026-04-08 06:35:57.587959+00:00
[2026-04-08T06:35:58.697+0000] {logging_mixin.py:190} INFO - Task hostname:9524e3db50c6 operator:PythonOperator
[2026-04-08T06:35:58.714+0000] {local_task_job_runner.py:261} INFO - Task exited with return code 0
[2026-04-08T06:35:58.729+0000] {taskinstance.py:3891} INFO - 1 downstream tasks scheduled from follow-on schedule check
[2026-04-08T06:35:58.733+0000] {local_task_job_runner.py:240} INFO - ::endgroup::
>>>>>>> a0a6e65a931f2162e313a2382be6d0a42477ea94
