[2026-04-13T09:58:21.127+0900] {local_task_job_runner.py:123} INFO - ::group::Pre task execution logs
[2026-04-13T09:58:21.140+0900] {taskinstance.py:2603} INFO - Dependencies all met for dep_context=non-requeueable deps ti=<TaskInstance: 05_mysql_etl.extract manual__2026-04-13T00:58:18.110421+00:00 [queued]>
[2026-04-13T09:58:21.149+0900] {taskinstance.py:2603} INFO - Dependencies all met for dep_context=requeueable deps ti=<TaskInstance: 05_mysql_etl.extract manual__2026-04-13T00:58:18.110421+00:00 [queued]>
[2026-04-13T09:58:21.150+0900] {taskinstance.py:2856} INFO - Starting attempt 1 of 2
[2026-04-13T09:58:21.161+0900] {taskinstance.py:2879} INFO - Executing <Task(PythonOperator): extract> on 2026-04-13 00:58:18.110421+00:00
[2026-04-13T09:58:21.167+0900] {warnings.py:112} WARNING - /home/***/.local/lib/python3.12/site-packages/***/task/task_runner/standard_task_runner.py:70: DeprecationWarning: This process (pid=1007) is multi-threaded, use of fork() may lead to deadlocks in the child.
  pid = os.fork()

[2026-04-13T09:58:21.169+0900] {standard_task_runner.py:72} INFO - Started process 1009 to run task
[2026-04-13T09:58:21.169+0900] {standard_task_runner.py:104} INFO - Running: ['***', 'tasks', 'run', '05_mysql_etl', 'extract', 'manual__2026-04-13T00:58:18.110421+00:00', '--job-id', '43', '--raw', '--subdir', 'DAGS_FOLDER/05_mysql_etl.py', '--cfg-path', '/tmp/tmpm2m63uu4']
[2026-04-13T09:58:21.170+0900] {standard_task_runner.py:105} INFO - Job 43: Subtask extract
[2026-04-13T09:58:21.216+0900] {task_command.py:467} INFO - Running <TaskInstance: 05_mysql_etl.extract manual__2026-04-13T00:58:18.110421+00:00 [running]> on host 52b82e78b0f3
[2026-04-13T09:58:21.283+0900] {taskinstance.py:3122} INFO - Exporting env vars: AIRFLOW_CTX_DAG_OWNER='de_2team_manager' AIRFLOW_CTX_DAG_ID='05_mysql_etl' AIRFLOW_CTX_TASK_ID='extract' AIRFLOW_CTX_EXECUTION_DATE='2026-04-13T00:58:18.110421+00:00' AIRFLOW_CTX_TRY_NUMBER='1' AIRFLOW_CTX_DAG_RUN_ID='manual__2026-04-13T00:58:18.110421+00:00'
[2026-04-13T09:58:21.286+0900] {logging_mixin.py:190} INFO - Task instance is in running state
[2026-04-13T09:58:21.287+0900] {logging_mixin.py:190} INFO -  Previous state of the Task instance: queued
[2026-04-13T09:58:21.288+0900] {logging_mixin.py:190} INFO - Current task name:extract state:running start_date:2026-04-13 00:58:21.141980+00:00
[2026-04-13T09:58:21.288+0900] {logging_mixin.py:190} INFO - Dag name:05_mysql_etl and current dag run status:running
[2026-04-13T09:58:21.289+0900] {taskinstance.py:731} INFO - ::endgroup::
[2026-04-13T09:58:21.296+0900] {05_mysql_etl.py:53} INFO - extract 한 로그 데이터 /opt/***/dags/data/sensor_data_20260413.json 
[2026-04-13T09:58:21.297+0900] {python.py:240} INFO - Done. Returned value was: /opt/***/dags/data/sensor_data_20260413.json
[2026-04-13T09:58:21.319+0900] {taskinstance.py:340} INFO - ::group::Post task execution logs
[2026-04-13T09:58:21.320+0900] {taskinstance.py:352} INFO - Marking task as SUCCESS. dag_id=05_mysql_etl, task_id=extract, run_id=manual__2026-04-13T00:58:18.110421+00:00, execution_date=20260413T005818, start_date=20260413T005821, end_date=20260413T005821
[2026-04-13T09:58:21.327+0900] {logging_mixin.py:190} INFO - Task instance in success state
[2026-04-13T09:58:21.329+0900] {logging_mixin.py:190} INFO -  Previous state of the Task instance: running
[2026-04-13T09:58:21.332+0900] {logging_mixin.py:190} INFO - Dag name:05_mysql_etl queued_at:2026-04-13 00:58:18.127645+00:00
[2026-04-13T09:58:21.333+0900] {logging_mixin.py:190} INFO - Task hostname:52b82e78b0f3 operator:PythonOperator
[2026-04-13T09:58:21.344+0900] {local_task_job_runner.py:261} INFO - Task exited with return code 0
[2026-04-13T09:58:21.362+0900] {taskinstance.py:3891} INFO - 1 downstream tasks scheduled from follow-on schedule check
[2026-04-13T09:58:21.364+0900] {local_task_job_runner.py:240} INFO - ::endgroup::
