[2026-04-08T06:32:15.813+0000] {local_task_job_runner.py:123} INFO - ::group::Pre task execution logs
[2026-04-08T06:32:15.916+0000] {taskinstance.py:2603} INFO - Dependencies all met for dep_context=non-requeueable deps ti=<TaskInstance: random_multiply_json_v4.generate_num_1 manual__2026-04-08T06:32:12.063551+00:00 [queued]>
[2026-04-08T06:32:15.936+0000] {taskinstance.py:2603} INFO - Dependencies all met for dep_context=requeueable deps ti=<TaskInstance: random_multiply_json_v4.generate_num_1 manual__2026-04-08T06:32:12.063551+00:00 [queued]>
[2026-04-08T06:32:15.937+0000] {taskinstance.py:2856} INFO - Starting attempt 1 of 2
[2026-04-08T06:32:15.976+0000] {taskinstance.py:2879} INFO - Executing <Task(PythonOperator): generate_num_1> on 2026-04-08 06:32:12.063551+00:00
[2026-04-08T06:32:15.999+0000] {warnings.py:112} WARNING - /home/***/.local/lib/python3.12/site-packages/***/task/task_runner/standard_task_runner.py:70: DeprecationWarning: This process (pid=211) is multi-threaded, use of fork() may lead to deadlocks in the child.
  pid = os.fork()

[2026-04-08T06:32:16.013+0000] {standard_task_runner.py:72} INFO - Started process 219 to run task
[2026-04-08T06:32:16.030+0000] {standard_task_runner.py:104} INFO - Running: ['***', 'tasks', 'run', 'random_multiply_json_v4', 'generate_num_1', 'manual__2026-04-08T06:32:12.063551+00:00', '--job-id', '9', '--raw', '--subdir', 'DAGS_FOLDER/1_***_test.py', '--cfg-path', '/tmp/tmpvlrb8gln']
[2026-04-08T06:32:16.034+0000] {standard_task_runner.py:105} INFO - Job 9: Subtask generate_num_1
[2026-04-08T06:32:16.528+0000] {task_command.py:467} INFO - Running <TaskInstance: random_multiply_json_v4.generate_num_1 manual__2026-04-08T06:32:12.063551+00:00 [running]> on host 4dc8e8656e8f
[2026-04-08T06:32:16.758+0000] {taskinstance.py:3122} INFO - Exporting env vars: AIRFLOW_CTX_DAG_OWNER='YONG' AIRFLOW_CTX_DAG_ID='random_multiply_json_v4' AIRFLOW_CTX_TASK_ID='generate_num_1' AIRFLOW_CTX_EXECUTION_DATE='2026-04-08T06:32:12.063551+00:00' AIRFLOW_CTX_TRY_NUMBER='1' AIRFLOW_CTX_DAG_RUN_ID='manual__2026-04-08T06:32:12.063551+00:00'
[2026-04-08T06:32:16.761+0000] {logging_mixin.py:190} INFO - Task instance is in running state
[2026-04-08T06:32:16.762+0000] {logging_mixin.py:190} INFO -  Previous state of the Task instance: queued
[2026-04-08T06:32:16.763+0000] {logging_mixin.py:190} INFO - Current task name:generate_num_1 state:running start_date:2026-04-08 06:32:15.918271+00:00
[2026-04-08T06:32:16.765+0000] {logging_mixin.py:190} INFO - Dag name:random_multiply_json_v4 and current dag run status:running
[2026-04-08T06:32:16.766+0000] {taskinstance.py:731} INFO - ::endgroup::
[2026-04-08T06:32:16.767+0000] {logging_mixin.py:190} INFO - Generated Number 1: 87
[2026-04-08T06:32:16.768+0000] {python.py:240} INFO - Done. Returned value was: {'value': 87}
[2026-04-08T06:32:16.827+0000] {taskinstance.py:340} INFO - ::group::Post task execution logs
[2026-04-08T06:32:16.828+0000] {taskinstance.py:352} INFO - Marking task as SUCCESS. dag_id=random_multiply_json_v4, task_id=generate_num_1, run_id=manual__2026-04-08T06:32:12.063551+00:00, execution_date=20260408T063212, start_date=20260408T063215, end_date=20260408T063216
[2026-04-08T06:32:16.855+0000] {logging_mixin.py:190} INFO - Task instance in success state
[2026-04-08T06:32:16.856+0000] {logging_mixin.py:190} INFO -  Previous state of the Task instance: running
[2026-04-08T06:32:16.857+0000] {logging_mixin.py:190} INFO - Dag name:random_multiply_json_v4 queued_at:2026-04-08 06:32:12.149004+00:00
[2026-04-08T06:32:16.858+0000] {logging_mixin.py:190} INFO - Task hostname:4dc8e8656e8f operator:PythonOperator
[2026-04-08T06:32:16.896+0000] {local_task_job_runner.py:261} INFO - Task exited with return code 0
[2026-04-08T06:32:16.916+0000] {local_task_job_runner.py:240} INFO - ::endgroup::
