[2026-04-14T11:22:53.165+0900] {local_task_job_runner.py:123} INFO - ::group::Pre task execution logs
[2026-04-14T11:22:53.183+0900] {taskinstance.py:2603} INFO - Dependencies all met for dep_context=non-requeueable deps ti=<TaskInstance: 07_msa_api_server_used_adv.task_extract_data scheduled__2026-04-13T00:00:00+00:00 [queued]>
[2026-04-14T11:22:53.192+0900] {taskinstance.py:2603} INFO - Dependencies all met for dep_context=requeueable deps ti=<TaskInstance: 07_msa_api_server_used_adv.task_extract_data scheduled__2026-04-13T00:00:00+00:00 [queued]>
[2026-04-14T11:22:53.193+0900] {taskinstance.py:2856} INFO - Starting attempt 1 of 2
[2026-04-14T11:22:53.204+0900] {taskinstance.py:2879} INFO - Executing <Task(PythonOperator): task_extract_data> on 2026-04-13 00:00:00+00:00
[2026-04-14T11:22:53.210+0900] {warnings.py:112} WARNING - /home/***/.local/lib/python3.12/site-packages/***/task/task_runner/standard_task_runner.py:70: DeprecationWarning: This process (pid=15990) is multi-threaded, use of fork() may lead to deadlocks in the child.
  pid = os.fork()

[2026-04-14T11:22:53.211+0900] {standard_task_runner.py:72} INFO - Started process 15997 to run task
[2026-04-14T11:22:53.211+0900] {standard_task_runner.py:104} INFO - Running: ['***', 'tasks', 'run', '07_msa_api_server_used_adv', 'task_extract_data', 'scheduled__2026-04-13T00:00:00+00:00', '--job-id', '116', '--raw', '--subdir', 'DAGS_FOLDER/07_msa_api_server_used_adv.py', '--cfg-path', '/tmp/tmpz9olqd0_']
[2026-04-14T11:22:53.213+0900] {standard_task_runner.py:105} INFO - Job 116: Subtask task_extract_data
[2026-04-14T11:22:53.270+0900] {task_command.py:467} INFO - Running <TaskInstance: 07_msa_api_server_used_adv.task_extract_data scheduled__2026-04-13T00:00:00+00:00 [running]> on host ad48662a813c
[2026-04-14T11:22:53.344+0900] {taskinstance.py:3122} INFO - Exporting env vars: AIRFLOW_CTX_DAG_OWNER='YONG' AIRFLOW_CTX_DAG_ID='07_msa_api_server_used_adv' AIRFLOW_CTX_TASK_ID='task_extract_data' AIRFLOW_CTX_EXECUTION_DATE='2026-04-13T00:00:00+00:00' AIRFLOW_CTX_TRY_NUMBER='1' AIRFLOW_CTX_DAG_RUN_ID='scheduled__2026-04-13T00:00:00+00:00'
[2026-04-14T11:22:53.345+0900] {taskinstance.py:731} INFO - ::endgroup::
[2026-04-14T11:22:53.360+0900] {python.py:240} INFO - Done. Returned value was: None
[2026-04-14T11:22:53.369+0900] {taskinstance.py:340} INFO - ::group::Post task execution logs
[2026-04-14T11:22:53.370+0900] {taskinstance.py:352} INFO - Marking task as SUCCESS. dag_id=07_msa_api_server_used_adv, task_id=task_extract_data, run_id=scheduled__2026-04-13T00:00:00+00:00, execution_date=20260413T000000, start_date=20260414T022253, end_date=20260414T022253
[2026-04-14T11:22:53.390+0900] {local_task_job_runner.py:261} INFO - Task exited with return code 0
[2026-04-14T11:22:53.402+0900] {taskinstance.py:3891} INFO - 0 downstream tasks scheduled from follow-on schedule check
[2026-04-14T11:22:53.404+0900] {local_task_job_runner.py:240} INFO - ::endgroup::
[2026-04-14T13:48:57.543+0900] {local_task_job_runner.py:123} INFO - ::group::Pre task execution logs
[2026-04-14T13:48:57.559+0900] {taskinstance.py:2603} INFO - Dependencies all met for dep_context=non-requeueable deps ti=<TaskInstance: 07_msa_api_server_used_adv.task_extract_data scheduled__2026-04-13T00:00:00+00:00 [queued]>
[2026-04-14T13:48:57.570+0900] {taskinstance.py:2603} INFO - Dependencies all met for dep_context=requeueable deps ti=<TaskInstance: 07_msa_api_server_used_adv.task_extract_data scheduled__2026-04-13T00:00:00+00:00 [queued]>
[2026-04-14T13:48:57.571+0900] {taskinstance.py:2856} INFO - Starting attempt 1 of 2
[2026-04-14T13:48:57.585+0900] {taskinstance.py:2879} INFO - Executing <Task(PythonOperator): task_extract_data> on 2026-04-13 00:00:00+00:00
[2026-04-14T13:48:57.592+0900] {warnings.py:112} WARNING - /home/***/.local/lib/python3.12/site-packages/***/task/task_runner/standard_task_runner.py:70: DeprecationWarning: This process (pid=103) is multi-threaded, use of fork() may lead to deadlocks in the child.
  pid = os.fork()

[2026-04-14T13:48:57.594+0900] {standard_task_runner.py:104} INFO - Running: ['***', 'tasks', 'run', '07_msa_api_server_used_adv', 'task_extract_data', 'scheduled__2026-04-13T00:00:00+00:00', '--job-id', '130', '--raw', '--subdir', 'DAGS_FOLDER/07_msa_api_server_used_adv.py', '--cfg-path', '/tmp/tmp_ldgiz91']
[2026-04-14T13:48:57.595+0900] {standard_task_runner.py:72} INFO - Started process 104 to run task
[2026-04-14T13:48:57.596+0900] {standard_task_runner.py:105} INFO - Job 130: Subtask task_extract_data
[2026-04-14T13:48:57.643+0900] {task_command.py:467} INFO - Running <TaskInstance: 07_msa_api_server_used_adv.task_extract_data scheduled__2026-04-13T00:00:00+00:00 [running]> on host 543b6a1bbad4
[2026-04-14T13:48:57.712+0900] {taskinstance.py:3122} INFO - Exporting env vars: AIRFLOW_CTX_DAG_OWNER='YONG' AIRFLOW_CTX_DAG_ID='07_msa_api_server_used_adv' AIRFLOW_CTX_TASK_ID='task_extract_data' AIRFLOW_CTX_EXECUTION_DATE='2026-04-13T00:00:00+00:00' AIRFLOW_CTX_TRY_NUMBER='1' AIRFLOW_CTX_DAG_RUN_ID='scheduled__2026-04-13T00:00:00+00:00'
[2026-04-14T13:48:57.713+0900] {taskinstance.py:731} INFO - ::endgroup::
[2026-04-14T13:48:58.636+0900] {base.py:84} INFO - Retrieving connection 'mysql_default'
[2026-04-14T13:48:58.643+0900] {warnings.py:112} WARNING - /home/***/.local/lib/python3.12/site-packages/***/providers/common/sql/hooks/sql.py:283: UserWarning: pandas only supports SQLAlchemy connectable (engine/connection) or database string URI or sqlite3 DBAPI2 connection. Other DBAPI2 objects are not tested. Please consider using SQLAlchemy.
  return psql.read_sql(sql, con=conn, params=parameters, **kwargs)

[2026-04-14T13:48:58.649+0900] {python.py:240} INFO - Done. Returned value was: [{'user_id': 'C001', 'income': 5969, 'loan_amt': 2365}, {'user_id': 'C002', 'income': 5187, 'loan_amt': 2498}, {'user_id': 'C003', 'income': 5207, 'loan_amt': 2380}, {'user_id': 'C004', 'income': 3271, 'loan_amt': 2749}, {'user_id': 'C005', 'income': 8539, 'loan_amt': 3734}, {'user_id': 'C006', 'income': 6148, 'loan_amt': 4137}, {'user_id': 'C007', 'income': 3166, 'loan_amt': 1815}, {'user_id': 'C008', 'income': 7064, 'loan_amt': 1931}, {'user_id': 'C009', 'income': 4960, 'loan_amt': 2276}, {'user_id': 'C010', 'income': 8487, 'loan_amt': 1564}, {'user_id': 'C011', 'income': 7425, 'loan_amt': 1602}, {'user_id': 'C012', 'income': 9467, 'loan_amt': 4627}, {'user_id': 'C013', 'income': 6892, 'loan_amt': 3429}, {'user_id': 'C014', 'income': 4311, 'loan_amt': 3150}, {'user_id': 'C015', 'income': 9984, 'loan_amt': 2861}, {'user_id': 'C016', 'income': 7279, 'loan_amt': 3226}, {'user_id': 'C017', 'income': 9290, 'loan_amt': 4331}, {'user_id': 'C018', 'income': 7279, 'loan_amt': 1497}, {'user_id': 'C019', 'income': 9298, 'loan_amt': 2525}, {'user_id': 'C020', 'income': 7787, 'loan_amt': 3287}, {'user_id': 'C021', 'income': 8242, 'loan_amt': 2425}, {'user_id': 'C022', 'income': 8099, 'loan_amt': 2177}, {'user_id': 'C023', 'income': 4506, 'loan_amt': 4698}, {'user_id': 'C024', 'income': 3677, 'loan_amt': 1033}, {'user_id': 'C025', 'income': 4219, 'loan_amt': 1036}, {'user_id': 'C026', 'income': 9593, 'loan_amt': 1292}, {'user_id': 'C027', 'income': 8764, 'loan_amt': 4830}, {'user_id': 'C028', 'income': 5205, 'loan_amt': 4938}, {'user_id': 'C029', 'income': 7558, 'loan_amt': 2555}, {'user_id': 'C030', 'income': 5330, 'loan_amt': 3752}, {'user_id': 'C031', 'income': 9362, 'loan_amt': 2474}, {'user_id': 'C032', 'income': 6265, 'loan_amt': 2944}, {'user_id': 'C033', 'income': 7447, 'loan_amt': 2962}, {'user_id': 'C034', 'income': 4862, 'loan_amt': 2598}, {'user_id': 'C035', 'income': 6194, 'loan_amt': 1690}, {'user_id': 'C036', 'income': 7812, 'loan_amt': 2539}, {'user_id': 'C037', 'income': 9646, 'loan_amt': 2536}, {'user_id': 'C038', 'income': 4400, 'loan_amt': 3598}, {'user_id': 'C039', 'income': 5064, 'loan_amt': 4748}, {'user_id': 'C040', 'income': 5413, 'loan_amt': 4881}, {'user_id': 'C041', 'income': 9090, 'loan_amt': 2176}, {'user_id': 'C042', 'income': 5286, 'loan_amt': 1209}, {'user_id': 'C043', 'income': 9047, 'loan_amt': 3631}, {'user_id': 'C044', 'income': 4109, 'loan_amt': 1785}, {'user_id': 'C045', 'income': 5225, 'loan_amt': 4023}, {'user_id': 'C046', 'income': 9362, 'loan_amt': 2577}, {'user_id': 'C047', 'income': 7415, 'loan_amt': 2101}, {'user_id': 'C048', 'income': 7087, 'loan_amt': 2295}, {'user_id': 'C049', 'income': 4310, 'loan_amt': 2035}, {'user_id': 'C050', 'income': 6143, 'loan_amt': 2492}]
[2026-04-14T13:48:58.666+0900] {taskinstance.py:340} INFO - ::group::Post task execution logs
[2026-04-14T13:48:58.667+0900] {taskinstance.py:352} INFO - Marking task as SUCCESS. dag_id=07_msa_api_server_used_adv, task_id=task_extract_data, run_id=scheduled__2026-04-13T00:00:00+00:00, execution_date=20260413T000000, start_date=20260414T044857, end_date=20260414T044858
[2026-04-14T13:48:58.696+0900] {local_task_job_runner.py:261} INFO - Task exited with return code 0
[2026-04-14T13:48:58.715+0900] {taskinstance.py:3891} INFO - 1 downstream tasks scheduled from follow-on schedule check
[2026-04-14T13:48:58.717+0900] {local_task_job_runner.py:240} INFO - ::endgroup::
