[2026-04-14T09:00:02.210+0900] {local_task_job_runner.py:123} INFO - ::group::Pre task execution logs
[2026-04-14T09:00:02.221+0900] {taskinstance.py:2603} INFO - Dependencies all met for dep_context=non-requeueable deps ti=<TaskInstance: 05_mysql_etl.create_table scheduled__2026-04-13T00:00:00+00:00 [queued]>
[2026-04-14T09:00:02.228+0900] {taskinstance.py:2603} INFO - Dependencies all met for dep_context=requeueable deps ti=<TaskInstance: 05_mysql_etl.create_table scheduled__2026-04-13T00:00:00+00:00 [queued]>
[2026-04-14T09:00:02.229+0900] {taskinstance.py:2856} INFO - Starting attempt 1 of 2
[2026-04-14T09:00:02.238+0900] {taskinstance.py:2879} INFO - Executing <Task(SQLExecuteQueryOperator): create_table> on 2026-04-13 00:00:00+00:00
[2026-04-14T09:00:02.244+0900] {warnings.py:112} WARNING - /home/***/.local/lib/python3.12/site-packages/***/task/task_runner/standard_task_runner.py:70: DeprecationWarning: This process (pid=13967) is multi-threaded, use of fork() may lead to deadlocks in the child.
  pid = os.fork()

[2026-04-14T09:00:02.246+0900] {standard_task_runner.py:72} INFO - Started process 13983 to run task
[2026-04-14T09:00:02.246+0900] {standard_task_runner.py:104} INFO - Running: ['***', 'tasks', 'run', '05_mysql_etl', 'create_table', 'scheduled__2026-04-13T00:00:00+00:00', '--job-id', '72', '--raw', '--subdir', 'DAGS_FOLDER/05_mysql_etl.py', '--cfg-path', '/tmp/tmpx9kmywcy']
[2026-04-14T09:00:02.249+0900] {standard_task_runner.py:105} INFO - Job 72: Subtask create_table
[2026-04-14T09:00:02.295+0900] {task_command.py:467} INFO - Running <TaskInstance: 05_mysql_etl.create_table scheduled__2026-04-13T00:00:00+00:00 [running]> on host ad48662a813c
[2026-04-14T09:00:02.356+0900] {taskinstance.py:3122} INFO - Exporting env vars: AIRFLOW_CTX_DAG_OWNER='de_2team_manager' AIRFLOW_CTX_DAG_ID='05_mysql_etl' AIRFLOW_CTX_TASK_ID='create_table' AIRFLOW_CTX_EXECUTION_DATE='2026-04-13T00:00:00+00:00' AIRFLOW_CTX_TRY_NUMBER='1' AIRFLOW_CTX_DAG_RUN_ID='scheduled__2026-04-13T00:00:00+00:00'
[2026-04-14T09:00:02.357+0900] {taskinstance.py:731} INFO - ::endgroup::
[2026-04-14T09:00:02.368+0900] {sql.py:282} INFO - Executing: 
            CREATE TABLE IF NOT EXISTS sensor_readings (
                id INT AUTO_INCREMENT PRIMARY KEY,
                sensor_id VARCHAR(50),
                timestamp DATETIME,
                temperature_c FLOAT,
                temperature_f FLOAT,
                created_at TIMESTAMP DEFAULT CURRENT_TIMESTAMP
            );
        
[2026-04-14T09:00:02.376+0900] {base.py:84} INFO - Retrieving connection 'mysql_default'
[2026-04-14T09:00:02.382+0900] {base.py:84} INFO - Retrieving connection 'mysql_default'
[2026-04-14T09:00:02.417+0900] {sql.py:509} INFO - Running statement: 
            CREATE TABLE IF NOT EXISTS sensor_readings (
                id INT AUTO_INCREMENT PRIMARY KEY,
                sensor_id VARCHAR(50),
                timestamp DATETIME,
                temperature_c FLOAT,
                temperature_f FLOAT,
                created_at TIMESTAMP DEFAULT CURRENT_TIMESTAMP
            );
        , parameters: None
[2026-04-14T09:00:02.453+0900] {sql.py:518} INFO - Rows affected: 0
[2026-04-14T09:00:02.463+0900] {taskinstance.py:340} INFO - ::group::Post task execution logs
[2026-04-14T09:00:02.464+0900] {taskinstance.py:352} INFO - Marking task as SUCCESS. dag_id=05_mysql_etl, task_id=create_table, run_id=scheduled__2026-04-13T00:00:00+00:00, execution_date=20260413T000000, start_date=20260414T000002, end_date=20260414T000002
[2026-04-14T09:00:02.501+0900] {local_task_job_runner.py:261} INFO - Task exited with return code 0
[2026-04-14T09:00:02.522+0900] {taskinstance.py:3891} INFO - 1 downstream tasks scheduled from follow-on schedule check
[2026-04-14T09:00:02.524+0900] {local_task_job_runner.py:240} INFO - ::endgroup::
