[2026-04-13T10:26:58.380+0900] {processor.py:186} INFO - Started process (PID=11995) to work on /opt/airflow/dags/06_mysql_extract.py
[2026-04-13T10:26:58.381+0900] {processor.py:914} INFO - Processing file /opt/airflow/dags/06_mysql_extract.py for tasks to queue
[2026-04-13T10:26:58.383+0900] {logging_mixin.py:190} INFO - [2026-04-13T10:26:58.383+0900] {dagbag.py:587} INFO - Filling up the DagBag from /opt/airflow/dags/06_mysql_extract.py
[2026-04-13T10:26:58.408+0900] {processor.py:925} INFO - DAG(s) '05_multi_extract' retrieved from /opt/airflow/dags/06_mysql_extract.py
[2026-04-13T10:26:58.477+0900] {logging_mixin.py:190} INFO - [2026-04-13T10:26:58.476+0900] {override.py:1858} INFO - Created Permission View: can delete on DAG:05_multi_extract
[2026-04-13T10:26:58.484+0900] {logging_mixin.py:190} INFO - [2026-04-13T10:26:58.483+0900] {override.py:1858} INFO - Created Permission View: can edit on DAG:05_multi_extract
[2026-04-13T10:26:58.488+0900] {logging_mixin.py:190} INFO - [2026-04-13T10:26:58.488+0900] {override.py:1858} INFO - Created Permission View: can read on DAG:05_multi_extract
[2026-04-13T10:26:58.488+0900] {logging_mixin.py:190} INFO - [2026-04-13T10:26:58.488+0900] {dag.py:3211} INFO - Sync 1 DAGs
[2026-04-13T10:26:58.497+0900] {logging_mixin.py:190} INFO - [2026-04-13T10:26:58.496+0900] {dag.py:3234} INFO - Creating ORM DAG for 05_multi_extract
[2026-04-13T10:26:58.503+0900] {logging_mixin.py:190} INFO - [2026-04-13T10:26:58.503+0900] {dag.py:4138} INFO - Setting next_dagrun for 05_multi_extract to 2026-04-12 00:00:00+00:00, run_after=2026-04-13 00:00:00+00:00
[2026-04-13T10:26:58.520+0900] {processor.py:208} INFO - Processing /opt/airflow/dags/06_mysql_extract.py took 0.145 seconds
[2026-04-13T10:27:28.611+0900] {processor.py:186} INFO - Started process (PID=12061) to work on /opt/airflow/dags/06_mysql_extract.py
[2026-04-13T10:27:28.612+0900] {processor.py:914} INFO - Processing file /opt/airflow/dags/06_mysql_extract.py for tasks to queue
[2026-04-13T10:27:28.614+0900] {logging_mixin.py:190} INFO - [2026-04-13T10:27:28.614+0900] {dagbag.py:587} INFO - Filling up the DagBag from /opt/airflow/dags/06_mysql_extract.py
[2026-04-13T10:27:28.634+0900] {processor.py:925} INFO - DAG(s) '05_multi_extract' retrieved from /opt/airflow/dags/06_mysql_extract.py
[2026-04-13T10:27:28.651+0900] {logging_mixin.py:190} INFO - [2026-04-13T10:27:28.651+0900] {dag.py:3211} INFO - Sync 1 DAGs
[2026-04-13T10:27:28.670+0900] {logging_mixin.py:190} INFO - [2026-04-13T10:27:28.670+0900] {dag.py:4138} INFO - Setting next_dagrun for 05_multi_extract to 2026-04-12 00:00:00+00:00, run_after=2026-04-13 00:00:00+00:00
[2026-04-13T10:27:28.688+0900] {processor.py:208} INFO - Processing /opt/airflow/dags/06_mysql_extract.py took 0.081 seconds
[2026-04-13T10:27:40.470+0900] {processor.py:186} INFO - Started process (PID=12122) to work on /opt/airflow/dags/06_mysql_extract.py
[2026-04-13T10:27:40.470+0900] {processor.py:914} INFO - Processing file /opt/airflow/dags/06_mysql_extract.py for tasks to queue
[2026-04-13T10:27:40.472+0900] {logging_mixin.py:190} INFO - [2026-04-13T10:27:40.472+0900] {dagbag.py:587} INFO - Filling up the DagBag from /opt/airflow/dags/06_mysql_extract.py
[2026-04-13T10:27:40.495+0900] {processor.py:925} INFO - DAG(s) '06_multi_extract' retrieved from /opt/airflow/dags/06_mysql_extract.py
[2026-04-13T10:27:40.574+0900] {logging_mixin.py:190} INFO - [2026-04-13T10:27:40.574+0900] {override.py:1858} INFO - Created Permission View: can delete on DAG:06_multi_extract
[2026-04-13T10:27:40.582+0900] {logging_mixin.py:190} INFO - [2026-04-13T10:27:40.582+0900] {override.py:1858} INFO - Created Permission View: can edit on DAG:06_multi_extract
[2026-04-13T10:27:40.589+0900] {logging_mixin.py:190} INFO - [2026-04-13T10:27:40.588+0900] {override.py:1858} INFO - Created Permission View: can read on DAG:06_multi_extract
[2026-04-13T10:27:40.589+0900] {logging_mixin.py:190} INFO - [2026-04-13T10:27:40.589+0900] {dag.py:3211} INFO - Sync 1 DAGs
[2026-04-13T10:27:40.598+0900] {logging_mixin.py:190} INFO - [2026-04-13T10:27:40.598+0900] {dag.py:3234} INFO - Creating ORM DAG for 06_multi_extract
[2026-04-13T10:27:40.606+0900] {logging_mixin.py:190} INFO - [2026-04-13T10:27:40.606+0900] {dag.py:4138} INFO - Setting next_dagrun for 06_multi_extract to 2026-04-12 00:00:00+00:00, run_after=2026-04-13 00:00:00+00:00
[2026-04-13T10:27:40.637+0900] {processor.py:208} INFO - Processing /opt/airflow/dags/06_mysql_extract.py took 0.172 seconds
[2026-04-13T10:27:55.892+0900] {processor.py:186} INFO - Started process (PID=12125) to work on /opt/airflow/dags/06_mysql_extract.py
[2026-04-13T10:27:55.893+0900] {processor.py:914} INFO - Processing file /opt/airflow/dags/06_mysql_extract.py for tasks to queue
[2026-04-13T10:27:55.895+0900] {logging_mixin.py:190} INFO - [2026-04-13T10:27:55.895+0900] {dagbag.py:587} INFO - Filling up the DagBag from /opt/airflow/dags/06_mysql_extract.py
[2026-04-13T10:27:55.931+0900] {processor.py:925} INFO - DAG(s) '06_multi_extract' retrieved from /opt/airflow/dags/06_mysql_extract.py
[2026-04-13T10:27:55.941+0900] {logging_mixin.py:190} INFO - [2026-04-13T10:27:55.941+0900] {dag.py:3211} INFO - Sync 1 DAGs
[2026-04-13T10:27:55.961+0900] {logging_mixin.py:190} INFO - [2026-04-13T10:27:55.961+0900] {dag.py:4138} INFO - Setting next_dagrun for 06_multi_extract to 2026-04-12 00:00:00+00:00, run_after=2026-04-13 00:00:00+00:00
[2026-04-13T10:27:55.982+0900] {processor.py:208} INFO - Processing /opt/airflow/dags/06_mysql_extract.py took 0.095 seconds
[2026-04-13T10:28:26.089+0900] {processor.py:186} INFO - Started process (PID=12193) to work on /opt/airflow/dags/06_mysql_extract.py
[2026-04-13T10:28:26.090+0900] {processor.py:914} INFO - Processing file /opt/airflow/dags/06_mysql_extract.py for tasks to queue
[2026-04-13T10:28:26.092+0900] {logging_mixin.py:190} INFO - [2026-04-13T10:28:26.091+0900] {dagbag.py:587} INFO - Filling up the DagBag from /opt/airflow/dags/06_mysql_extract.py
[2026-04-13T10:28:26.109+0900] {processor.py:925} INFO - DAG(s) '06_multi_extract' retrieved from /opt/airflow/dags/06_mysql_extract.py
[2026-04-13T10:28:26.124+0900] {logging_mixin.py:190} INFO - [2026-04-13T10:28:26.124+0900] {dag.py:3211} INFO - Sync 1 DAGs
[2026-04-13T10:28:26.139+0900] {logging_mixin.py:190} INFO - [2026-04-13T10:28:26.139+0900] {dag.py:4138} INFO - Setting next_dagrun for 06_multi_extract to 2026-04-12 00:00:00+00:00, run_after=2026-04-13 00:00:00+00:00
[2026-04-13T10:28:26.155+0900] {processor.py:208} INFO - Processing /opt/airflow/dags/06_mysql_extract.py took 0.071 seconds
[2026-04-13T10:28:56.653+0900] {processor.py:186} INFO - Started process (PID=12261) to work on /opt/airflow/dags/06_mysql_extract.py
[2026-04-13T10:28:56.654+0900] {processor.py:914} INFO - Processing file /opt/airflow/dags/06_mysql_extract.py for tasks to queue
[2026-04-13T10:28:56.656+0900] {logging_mixin.py:190} INFO - [2026-04-13T10:28:56.655+0900] {dagbag.py:587} INFO - Filling up the DagBag from /opt/airflow/dags/06_mysql_extract.py
[2026-04-13T10:28:56.685+0900] {processor.py:925} INFO - DAG(s) '06_multi_extract' retrieved from /opt/airflow/dags/06_mysql_extract.py
[2026-04-13T10:28:56.702+0900] {logging_mixin.py:190} INFO - [2026-04-13T10:28:56.701+0900] {dag.py:3211} INFO - Sync 1 DAGs
[2026-04-13T10:28:56.718+0900] {logging_mixin.py:190} INFO - [2026-04-13T10:28:56.717+0900] {dag.py:4138} INFO - Setting next_dagrun for 06_multi_extract to 2026-04-12 00:00:00+00:00, run_after=2026-04-13 00:00:00+00:00
[2026-04-13T10:28:56.736+0900] {processor.py:208} INFO - Processing /opt/airflow/dags/06_mysql_extract.py took 0.088 seconds
[2026-04-13T10:29:27.070+0900] {processor.py:186} INFO - Started process (PID=12329) to work on /opt/airflow/dags/06_mysql_extract.py
[2026-04-13T10:29:27.071+0900] {processor.py:914} INFO - Processing file /opt/airflow/dags/06_mysql_extract.py for tasks to queue
[2026-04-13T10:29:27.072+0900] {logging_mixin.py:190} INFO - [2026-04-13T10:29:27.072+0900] {dagbag.py:587} INFO - Filling up the DagBag from /opt/airflow/dags/06_mysql_extract.py
[2026-04-13T10:29:27.090+0900] {processor.py:925} INFO - DAG(s) '06_multi_extract' retrieved from /opt/airflow/dags/06_mysql_extract.py
[2026-04-13T10:29:27.108+0900] {logging_mixin.py:190} INFO - [2026-04-13T10:29:27.108+0900] {dag.py:3211} INFO - Sync 1 DAGs
[2026-04-13T10:29:27.127+0900] {logging_mixin.py:190} INFO - [2026-04-13T10:29:27.127+0900] {dag.py:4138} INFO - Setting next_dagrun for 06_multi_extract to 2026-04-12 00:00:00+00:00, run_after=2026-04-13 00:00:00+00:00
[2026-04-13T10:29:27.144+0900] {processor.py:208} INFO - Processing /opt/airflow/dags/06_mysql_extract.py took 0.080 seconds
[2026-04-13T10:29:57.348+0900] {processor.py:186} INFO - Started process (PID=12397) to work on /opt/airflow/dags/06_mysql_extract.py
[2026-04-13T10:29:57.349+0900] {processor.py:914} INFO - Processing file /opt/airflow/dags/06_mysql_extract.py for tasks to queue
[2026-04-13T10:29:57.351+0900] {logging_mixin.py:190} INFO - [2026-04-13T10:29:57.350+0900] {dagbag.py:587} INFO - Filling up the DagBag from /opt/airflow/dags/06_mysql_extract.py
[2026-04-13T10:29:57.367+0900] {processor.py:925} INFO - DAG(s) '06_multi_extract' retrieved from /opt/airflow/dags/06_mysql_extract.py
[2026-04-13T10:29:57.382+0900] {logging_mixin.py:190} INFO - [2026-04-13T10:29:57.382+0900] {dag.py:3211} INFO - Sync 1 DAGs
[2026-04-13T10:29:57.398+0900] {logging_mixin.py:190} INFO - [2026-04-13T10:29:57.398+0900] {dag.py:4138} INFO - Setting next_dagrun for 06_multi_extract to 2026-04-12 00:00:00+00:00, run_after=2026-04-13 00:00:00+00:00
[2026-04-13T10:29:57.412+0900] {processor.py:208} INFO - Processing /opt/airflow/dags/06_mysql_extract.py took 0.068 seconds
[2026-04-13T10:30:27.602+0900] {processor.py:186} INFO - Started process (PID=12465) to work on /opt/airflow/dags/06_mysql_extract.py
[2026-04-13T10:30:27.603+0900] {processor.py:914} INFO - Processing file /opt/airflow/dags/06_mysql_extract.py for tasks to queue
[2026-04-13T10:30:27.604+0900] {logging_mixin.py:190} INFO - [2026-04-13T10:30:27.604+0900] {dagbag.py:587} INFO - Filling up the DagBag from /opt/airflow/dags/06_mysql_extract.py
[2026-04-13T10:30:27.621+0900] {processor.py:925} INFO - DAG(s) '06_multi_extract' retrieved from /opt/airflow/dags/06_mysql_extract.py
[2026-04-13T10:30:27.636+0900] {logging_mixin.py:190} INFO - [2026-04-13T10:30:27.636+0900] {dag.py:3211} INFO - Sync 1 DAGs
[2026-04-13T10:30:27.652+0900] {logging_mixin.py:190} INFO - [2026-04-13T10:30:27.651+0900] {dag.py:4138} INFO - Setting next_dagrun for 06_multi_extract to 2026-04-12 00:00:00+00:00, run_after=2026-04-13 00:00:00+00:00
[2026-04-13T10:30:27.667+0900] {processor.py:208} INFO - Processing /opt/airflow/dags/06_mysql_extract.py took 0.070 seconds
[2026-04-13T10:30:57.848+0900] {processor.py:186} INFO - Started process (PID=12537) to work on /opt/airflow/dags/06_mysql_extract.py
[2026-04-13T10:30:57.849+0900] {processor.py:914} INFO - Processing file /opt/airflow/dags/06_mysql_extract.py for tasks to queue
[2026-04-13T10:30:57.850+0900] {logging_mixin.py:190} INFO - [2026-04-13T10:30:57.850+0900] {dagbag.py:587} INFO - Filling up the DagBag from /opt/airflow/dags/06_mysql_extract.py
[2026-04-13T10:30:57.867+0900] {processor.py:925} INFO - DAG(s) '06_multi_extract' retrieved from /opt/airflow/dags/06_mysql_extract.py
[2026-04-13T10:30:57.884+0900] {logging_mixin.py:190} INFO - [2026-04-13T10:30:57.884+0900] {dag.py:3211} INFO - Sync 1 DAGs
[2026-04-13T10:30:57.901+0900] {logging_mixin.py:190} INFO - [2026-04-13T10:30:57.901+0900] {dag.py:4138} INFO - Setting next_dagrun for 06_multi_extract to 2026-04-13 00:00:00+00:00, run_after=2026-04-14 00:00:00+00:00
[2026-04-13T10:30:57.924+0900] {processor.py:208} INFO - Processing /opt/airflow/dags/06_mysql_extract.py took 0.081 seconds
[2026-04-13T10:31:28.270+0900] {processor.py:186} INFO - Started process (PID=12605) to work on /opt/airflow/dags/06_mysql_extract.py
[2026-04-13T10:31:28.271+0900] {processor.py:914} INFO - Processing file /opt/airflow/dags/06_mysql_extract.py for tasks to queue
[2026-04-13T10:31:28.272+0900] {logging_mixin.py:190} INFO - [2026-04-13T10:31:28.271+0900] {dagbag.py:587} INFO - Filling up the DagBag from /opt/airflow/dags/06_mysql_extract.py
[2026-04-13T10:31:28.287+0900] {processor.py:925} INFO - DAG(s) '06_multi_extract' retrieved from /opt/airflow/dags/06_mysql_extract.py
[2026-04-13T10:31:28.301+0900] {logging_mixin.py:190} INFO - [2026-04-13T10:31:28.301+0900] {dag.py:3211} INFO - Sync 1 DAGs
[2026-04-13T10:31:28.317+0900] {logging_mixin.py:190} INFO - [2026-04-13T10:31:28.317+0900] {dag.py:4138} INFO - Setting next_dagrun for 06_multi_extract to 2026-04-13 00:00:00+00:00, run_after=2026-04-14 00:00:00+00:00
[2026-04-13T10:31:28.337+0900] {processor.py:208} INFO - Processing /opt/airflow/dags/06_mysql_extract.py took 0.071 seconds
[2026-04-13T10:31:58.942+0900] {processor.py:186} INFO - Started process (PID=12675) to work on /opt/airflow/dags/06_mysql_extract.py
[2026-04-13T10:31:58.943+0900] {processor.py:914} INFO - Processing file /opt/airflow/dags/06_mysql_extract.py for tasks to queue
[2026-04-13T10:31:58.944+0900] {logging_mixin.py:190} INFO - [2026-04-13T10:31:58.944+0900] {dagbag.py:587} INFO - Filling up the DagBag from /opt/airflow/dags/06_mysql_extract.py
[2026-04-13T10:31:58.959+0900] {processor.py:925} INFO - DAG(s) '06_multi_extract' retrieved from /opt/airflow/dags/06_mysql_extract.py
[2026-04-13T10:31:58.973+0900] {logging_mixin.py:190} INFO - [2026-04-13T10:31:58.973+0900] {dag.py:3211} INFO - Sync 1 DAGs
[2026-04-13T10:31:58.988+0900] {logging_mixin.py:190} INFO - [2026-04-13T10:31:58.987+0900] {dag.py:4138} INFO - Setting next_dagrun for 06_multi_extract to 2026-04-13 00:00:00+00:00, run_after=2026-04-14 00:00:00+00:00
[2026-04-13T10:31:59.002+0900] {processor.py:208} INFO - Processing /opt/airflow/dags/06_mysql_extract.py took 0.064 seconds
[2026-04-13T10:32:29.199+0900] {processor.py:186} INFO - Started process (PID=12744) to work on /opt/airflow/dags/06_mysql_extract.py
[2026-04-13T10:32:29.200+0900] {processor.py:914} INFO - Processing file /opt/airflow/dags/06_mysql_extract.py for tasks to queue
[2026-04-13T10:32:29.201+0900] {logging_mixin.py:190} INFO - [2026-04-13T10:32:29.201+0900] {dagbag.py:587} INFO - Filling up the DagBag from /opt/airflow/dags/06_mysql_extract.py
[2026-04-13T10:32:29.216+0900] {processor.py:925} INFO - DAG(s) '06_multi_extract' retrieved from /opt/airflow/dags/06_mysql_extract.py
[2026-04-13T10:32:29.231+0900] {logging_mixin.py:190} INFO - [2026-04-13T10:32:29.230+0900] {dag.py:3211} INFO - Sync 1 DAGs
[2026-04-13T10:32:29.248+0900] {logging_mixin.py:190} INFO - [2026-04-13T10:32:29.248+0900] {dag.py:4138} INFO - Setting next_dagrun for 06_multi_extract to 2026-04-13 00:00:00+00:00, run_after=2026-04-14 00:00:00+00:00
[2026-04-13T10:32:29.262+0900] {processor.py:208} INFO - Processing /opt/airflow/dags/06_mysql_extract.py took 0.067 seconds
[2026-04-13T10:32:59.748+0900] {processor.py:186} INFO - Started process (PID=12815) to work on /opt/airflow/dags/06_mysql_extract.py
[2026-04-13T10:32:59.750+0900] {processor.py:914} INFO - Processing file /opt/airflow/dags/06_mysql_extract.py for tasks to queue
[2026-04-13T10:32:59.751+0900] {logging_mixin.py:190} INFO - [2026-04-13T10:32:59.751+0900] {dagbag.py:587} INFO - Filling up the DagBag from /opt/airflow/dags/06_mysql_extract.py
[2026-04-13T10:32:59.784+0900] {processor.py:925} INFO - DAG(s) '06_multi_extract' retrieved from /opt/airflow/dags/06_mysql_extract.py
[2026-04-13T10:32:59.802+0900] {logging_mixin.py:190} INFO - [2026-04-13T10:32:59.802+0900] {dag.py:3211} INFO - Sync 1 DAGs
[2026-04-13T10:32:59.820+0900] {logging_mixin.py:190} INFO - [2026-04-13T10:32:59.820+0900] {dag.py:4138} INFO - Setting next_dagrun for 06_multi_extract to 2026-04-13 00:00:00+00:00, run_after=2026-04-14 00:00:00+00:00
[2026-04-13T10:32:59.838+0900] {processor.py:208} INFO - Processing /opt/airflow/dags/06_mysql_extract.py took 0.094 seconds
[2026-04-13T10:33:30.305+0900] {processor.py:186} INFO - Started process (PID=12885) to work on /opt/airflow/dags/06_mysql_extract.py
[2026-04-13T10:33:30.306+0900] {processor.py:914} INFO - Processing file /opt/airflow/dags/06_mysql_extract.py for tasks to queue
[2026-04-13T10:33:30.308+0900] {logging_mixin.py:190} INFO - [2026-04-13T10:33:30.308+0900] {dagbag.py:587} INFO - Filling up the DagBag from /opt/airflow/dags/06_mysql_extract.py
[2026-04-13T10:33:30.342+0900] {processor.py:925} INFO - DAG(s) '06_multi_extract' retrieved from /opt/airflow/dags/06_mysql_extract.py
[2026-04-13T10:33:30.358+0900] {logging_mixin.py:190} INFO - [2026-04-13T10:33:30.358+0900] {dag.py:3211} INFO - Sync 1 DAGs
[2026-04-13T10:33:30.375+0900] {logging_mixin.py:190} INFO - [2026-04-13T10:33:30.375+0900] {dag.py:4138} INFO - Setting next_dagrun for 06_multi_extract to 2026-04-13 00:00:00+00:00, run_after=2026-04-14 00:00:00+00:00
[2026-04-13T10:33:30.396+0900] {processor.py:208} INFO - Processing /opt/airflow/dags/06_mysql_extract.py took 0.096 seconds
[2026-04-13T10:34:00.604+0900] {processor.py:186} INFO - Started process (PID=12955) to work on /opt/airflow/dags/06_mysql_extract.py
[2026-04-13T10:34:00.605+0900] {processor.py:914} INFO - Processing file /opt/airflow/dags/06_mysql_extract.py for tasks to queue
[2026-04-13T10:34:00.607+0900] {logging_mixin.py:190} INFO - [2026-04-13T10:34:00.606+0900] {dagbag.py:587} INFO - Filling up the DagBag from /opt/airflow/dags/06_mysql_extract.py
[2026-04-13T10:34:00.627+0900] {processor.py:925} INFO - DAG(s) '06_multi_extract' retrieved from /opt/airflow/dags/06_mysql_extract.py
[2026-04-13T10:34:00.643+0900] {logging_mixin.py:190} INFO - [2026-04-13T10:34:00.643+0900] {dag.py:3211} INFO - Sync 1 DAGs
[2026-04-13T10:34:00.660+0900] {logging_mixin.py:190} INFO - [2026-04-13T10:34:00.660+0900] {dag.py:4138} INFO - Setting next_dagrun for 06_multi_extract to 2026-04-13 00:00:00+00:00, run_after=2026-04-14 00:00:00+00:00
[2026-04-13T10:34:00.677+0900] {processor.py:208} INFO - Processing /opt/airflow/dags/06_mysql_extract.py took 0.078 seconds
[2026-04-13T10:34:30.961+0900] {processor.py:186} INFO - Started process (PID=13025) to work on /opt/airflow/dags/06_mysql_extract.py
[2026-04-13T10:34:30.962+0900] {processor.py:914} INFO - Processing file /opt/airflow/dags/06_mysql_extract.py for tasks to queue
[2026-04-13T10:34:30.963+0900] {logging_mixin.py:190} INFO - [2026-04-13T10:34:30.963+0900] {dagbag.py:587} INFO - Filling up the DagBag from /opt/airflow/dags/06_mysql_extract.py
[2026-04-13T10:34:30.979+0900] {processor.py:925} INFO - DAG(s) '06_multi_extract' retrieved from /opt/airflow/dags/06_mysql_extract.py
[2026-04-13T10:34:30.993+0900] {logging_mixin.py:190} INFO - [2026-04-13T10:34:30.993+0900] {dag.py:3211} INFO - Sync 1 DAGs
[2026-04-13T10:34:31.008+0900] {logging_mixin.py:190} INFO - [2026-04-13T10:34:31.008+0900] {dag.py:4138} INFO - Setting next_dagrun for 06_multi_extract to 2026-04-13 00:00:00+00:00, run_after=2026-04-14 00:00:00+00:00
[2026-04-13T10:34:31.025+0900] {processor.py:208} INFO - Processing /opt/airflow/dags/06_mysql_extract.py took 0.068 seconds
[2026-04-13T10:34:46.783+0900] {processor.py:186} INFO - Started process (PID=13091) to work on /opt/airflow/dags/06_mysql_extract.py
[2026-04-13T10:34:46.784+0900] {processor.py:914} INFO - Processing file /opt/airflow/dags/06_mysql_extract.py for tasks to queue
[2026-04-13T10:34:46.786+0900] {logging_mixin.py:190} INFO - [2026-04-13T10:34:46.785+0900] {dagbag.py:587} INFO - Filling up the DagBag from /opt/airflow/dags/06_mysql_extract.py
[2026-04-13T10:34:46.828+0900] {processor.py:925} INFO - DAG(s) '06_multi_extract' retrieved from /opt/airflow/dags/06_mysql_extract.py
[2026-04-13T10:34:46.845+0900] {logging_mixin.py:190} INFO - [2026-04-13T10:34:46.845+0900] {dag.py:3211} INFO - Sync 1 DAGs
[2026-04-13T10:34:46.865+0900] {logging_mixin.py:190} INFO - [2026-04-13T10:34:46.865+0900] {dag.py:4138} INFO - Setting next_dagrun for 06_multi_extract to 2026-04-13 00:00:00+00:00, run_after=2026-04-14 00:00:00+00:00
[2026-04-13T10:34:46.893+0900] {processor.py:208} INFO - Processing /opt/airflow/dags/06_mysql_extract.py took 0.115 seconds
[2026-04-13T10:35:12.894+0900] {processor.py:186} INFO - Started process (PID=13153) to work on /opt/airflow/dags/06_mysql_extract.py
[2026-04-13T10:35:12.895+0900] {processor.py:914} INFO - Processing file /opt/airflow/dags/06_mysql_extract.py for tasks to queue
[2026-04-13T10:35:12.896+0900] {logging_mixin.py:190} INFO - [2026-04-13T10:35:12.896+0900] {dagbag.py:587} INFO - Filling up the DagBag from /opt/airflow/dags/06_mysql_extract.py
[2026-04-13T10:35:12.927+0900] {processor.py:925} INFO - DAG(s) '06_multi_extract' retrieved from /opt/airflow/dags/06_mysql_extract.py
[2026-04-13T10:35:12.946+0900] {logging_mixin.py:190} INFO - [2026-04-13T10:35:12.946+0900] {dag.py:3211} INFO - Sync 1 DAGs
[2026-04-13T10:35:12.965+0900] {logging_mixin.py:190} INFO - [2026-04-13T10:35:12.964+0900] {dag.py:4138} INFO - Setting next_dagrun for 06_multi_extract to 2026-04-13 00:00:00+00:00, run_after=2026-04-14 00:00:00+00:00
[2026-04-13T10:35:12.985+0900] {processor.py:208} INFO - Processing /opt/airflow/dags/06_mysql_extract.py took 0.097 seconds
[2026-04-13T10:35:43.519+0900] {processor.py:186} INFO - Started process (PID=13222) to work on /opt/airflow/dags/06_mysql_extract.py
[2026-04-13T10:35:43.521+0900] {processor.py:914} INFO - Processing file /opt/airflow/dags/06_mysql_extract.py for tasks to queue
[2026-04-13T10:35:43.522+0900] {logging_mixin.py:190} INFO - [2026-04-13T10:35:43.522+0900] {dagbag.py:587} INFO - Filling up the DagBag from /opt/airflow/dags/06_mysql_extract.py
[2026-04-13T10:35:43.550+0900] {processor.py:925} INFO - DAG(s) '06_multi_extract' retrieved from /opt/airflow/dags/06_mysql_extract.py
[2026-04-13T10:35:43.570+0900] {logging_mixin.py:190} INFO - [2026-04-13T10:35:43.570+0900] {dag.py:3211} INFO - Sync 1 DAGs
[2026-04-13T10:35:43.592+0900] {logging_mixin.py:190} INFO - [2026-04-13T10:35:43.591+0900] {dag.py:4138} INFO - Setting next_dagrun for 06_multi_extract to 2026-04-13 00:00:00+00:00, run_after=2026-04-14 00:00:00+00:00
[2026-04-13T10:35:43.619+0900] {processor.py:208} INFO - Processing /opt/airflow/dags/06_mysql_extract.py took 0.106 seconds
[2026-04-13T10:36:13.983+0900] {processor.py:186} INFO - Started process (PID=13292) to work on /opt/airflow/dags/06_mysql_extract.py
[2026-04-13T10:36:13.984+0900] {processor.py:914} INFO - Processing file /opt/airflow/dags/06_mysql_extract.py for tasks to queue
[2026-04-13T10:36:13.985+0900] {logging_mixin.py:190} INFO - [2026-04-13T10:36:13.985+0900] {dagbag.py:587} INFO - Filling up the DagBag from /opt/airflow/dags/06_mysql_extract.py
[2026-04-13T10:36:14.016+0900] {processor.py:925} INFO - DAG(s) '06_multi_extract' retrieved from /opt/airflow/dags/06_mysql_extract.py
[2026-04-13T10:36:14.032+0900] {logging_mixin.py:190} INFO - [2026-04-13T10:36:14.031+0900] {dag.py:3211} INFO - Sync 1 DAGs
[2026-04-13T10:36:14.048+0900] {logging_mixin.py:190} INFO - [2026-04-13T10:36:14.048+0900] {dag.py:4138} INFO - Setting next_dagrun for 06_multi_extract to 2026-04-13 00:00:00+00:00, run_after=2026-04-14 00:00:00+00:00
[2026-04-13T10:36:14.065+0900] {processor.py:208} INFO - Processing /opt/airflow/dags/06_mysql_extract.py took 0.087 seconds
[2026-04-13T10:36:44.224+0900] {processor.py:186} INFO - Started process (PID=13362) to work on /opt/airflow/dags/06_mysql_extract.py
[2026-04-13T10:36:44.225+0900] {processor.py:914} INFO - Processing file /opt/airflow/dags/06_mysql_extract.py for tasks to queue
[2026-04-13T10:36:44.226+0900] {logging_mixin.py:190} INFO - [2026-04-13T10:36:44.226+0900] {dagbag.py:587} INFO - Filling up the DagBag from /opt/airflow/dags/06_mysql_extract.py
[2026-04-13T10:36:44.248+0900] {processor.py:925} INFO - DAG(s) '06_multi_extract' retrieved from /opt/airflow/dags/06_mysql_extract.py
[2026-04-13T10:36:44.264+0900] {logging_mixin.py:190} INFO - [2026-04-13T10:36:44.264+0900] {dag.py:3211} INFO - Sync 1 DAGs
[2026-04-13T10:36:44.283+0900] {logging_mixin.py:190} INFO - [2026-04-13T10:36:44.283+0900] {dag.py:4138} INFO - Setting next_dagrun for 06_multi_extract to 2026-04-13 00:00:00+00:00, run_after=2026-04-14 00:00:00+00:00
[2026-04-13T10:36:44.301+0900] {processor.py:208} INFO - Processing /opt/airflow/dags/06_mysql_extract.py took 0.082 seconds
[2026-04-13T10:37:14.947+0900] {processor.py:186} INFO - Started process (PID=13432) to work on /opt/airflow/dags/06_mysql_extract.py
[2026-04-13T10:37:14.948+0900] {processor.py:914} INFO - Processing file /opt/airflow/dags/06_mysql_extract.py for tasks to queue
[2026-04-13T10:37:14.949+0900] {logging_mixin.py:190} INFO - [2026-04-13T10:37:14.948+0900] {dagbag.py:587} INFO - Filling up the DagBag from /opt/airflow/dags/06_mysql_extract.py
[2026-04-13T10:37:14.964+0900] {processor.py:925} INFO - DAG(s) '06_multi_extract' retrieved from /opt/airflow/dags/06_mysql_extract.py
[2026-04-13T10:37:14.980+0900] {logging_mixin.py:190} INFO - [2026-04-13T10:37:14.980+0900] {dag.py:3211} INFO - Sync 1 DAGs
[2026-04-13T10:37:14.996+0900] {logging_mixin.py:190} INFO - [2026-04-13T10:37:14.996+0900] {dag.py:4138} INFO - Setting next_dagrun for 06_multi_extract to 2026-04-13 00:00:00+00:00, run_after=2026-04-14 00:00:00+00:00
[2026-04-13T10:37:15.019+0900] {processor.py:208} INFO - Processing /opt/airflow/dags/06_mysql_extract.py took 0.077 seconds
[2026-04-13T10:37:45.477+0900] {processor.py:186} INFO - Started process (PID=13501) to work on /opt/airflow/dags/06_mysql_extract.py
[2026-04-13T10:37:45.478+0900] {processor.py:914} INFO - Processing file /opt/airflow/dags/06_mysql_extract.py for tasks to queue
[2026-04-13T10:37:45.479+0900] {logging_mixin.py:190} INFO - [2026-04-13T10:37:45.479+0900] {dagbag.py:587} INFO - Filling up the DagBag from /opt/airflow/dags/06_mysql_extract.py
[2026-04-13T10:37:45.498+0900] {processor.py:925} INFO - DAG(s) '06_multi_extract' retrieved from /opt/airflow/dags/06_mysql_extract.py
[2026-04-13T10:37:45.514+0900] {logging_mixin.py:190} INFO - [2026-04-13T10:37:45.513+0900] {dag.py:3211} INFO - Sync 1 DAGs
[2026-04-13T10:37:45.530+0900] {logging_mixin.py:190} INFO - [2026-04-13T10:37:45.530+0900] {dag.py:4138} INFO - Setting next_dagrun for 06_multi_extract to 2026-04-13 00:00:00+00:00, run_after=2026-04-14 00:00:00+00:00
[2026-04-13T10:37:45.554+0900] {processor.py:208} INFO - Processing /opt/airflow/dags/06_mysql_extract.py took 0.081 seconds
[2026-04-13T10:38:15.752+0900] {processor.py:186} INFO - Started process (PID=13571) to work on /opt/airflow/dags/06_mysql_extract.py
[2026-04-13T10:38:15.753+0900] {processor.py:914} INFO - Processing file /opt/airflow/dags/06_mysql_extract.py for tasks to queue
[2026-04-13T10:38:15.754+0900] {logging_mixin.py:190} INFO - [2026-04-13T10:38:15.754+0900] {dagbag.py:587} INFO - Filling up the DagBag from /opt/airflow/dags/06_mysql_extract.py
[2026-04-13T10:38:15.771+0900] {processor.py:925} INFO - DAG(s) '06_multi_extract' retrieved from /opt/airflow/dags/06_mysql_extract.py
[2026-04-13T10:38:15.789+0900] {logging_mixin.py:190} INFO - [2026-04-13T10:38:15.789+0900] {dag.py:3211} INFO - Sync 1 DAGs
[2026-04-13T10:38:15.809+0900] {logging_mixin.py:190} INFO - [2026-04-13T10:38:15.809+0900] {dag.py:4138} INFO - Setting next_dagrun for 06_multi_extract to 2026-04-13 00:00:00+00:00, run_after=2026-04-14 00:00:00+00:00
[2026-04-13T10:38:15.828+0900] {processor.py:208} INFO - Processing /opt/airflow/dags/06_mysql_extract.py took 0.080 seconds
[2026-04-13T10:38:46.053+0900] {processor.py:186} INFO - Started process (PID=13641) to work on /opt/airflow/dags/06_mysql_extract.py
[2026-04-13T10:38:46.053+0900] {processor.py:914} INFO - Processing file /opt/airflow/dags/06_mysql_extract.py for tasks to queue
[2026-04-13T10:38:46.055+0900] {logging_mixin.py:190} INFO - [2026-04-13T10:38:46.054+0900] {dagbag.py:587} INFO - Filling up the DagBag from /opt/airflow/dags/06_mysql_extract.py
[2026-04-13T10:38:46.070+0900] {processor.py:925} INFO - DAG(s) '06_multi_extract' retrieved from /opt/airflow/dags/06_mysql_extract.py
[2026-04-13T10:38:46.085+0900] {logging_mixin.py:190} INFO - [2026-04-13T10:38:46.085+0900] {dag.py:3211} INFO - Sync 1 DAGs
[2026-04-13T10:38:46.102+0900] {logging_mixin.py:190} INFO - [2026-04-13T10:38:46.102+0900] {dag.py:4138} INFO - Setting next_dagrun for 06_multi_extract to 2026-04-13 00:00:00+00:00, run_after=2026-04-14 00:00:00+00:00
[2026-04-13T10:38:46.119+0900] {processor.py:208} INFO - Processing /opt/airflow/dags/06_mysql_extract.py took 0.070 seconds
[2026-04-13T10:39:16.501+0900] {processor.py:186} INFO - Started process (PID=13711) to work on /opt/airflow/dags/06_mysql_extract.py
[2026-04-13T10:39:16.502+0900] {processor.py:914} INFO - Processing file /opt/airflow/dags/06_mysql_extract.py for tasks to queue
[2026-04-13T10:39:16.503+0900] {logging_mixin.py:190} INFO - [2026-04-13T10:39:16.503+0900] {dagbag.py:587} INFO - Filling up the DagBag from /opt/airflow/dags/06_mysql_extract.py
[2026-04-13T10:39:16.523+0900] {processor.py:925} INFO - DAG(s) '06_multi_extract' retrieved from /opt/airflow/dags/06_mysql_extract.py
[2026-04-13T10:39:16.540+0900] {logging_mixin.py:190} INFO - [2026-04-13T10:39:16.540+0900] {dag.py:3211} INFO - Sync 1 DAGs
[2026-04-13T10:39:16.558+0900] {logging_mixin.py:190} INFO - [2026-04-13T10:39:16.558+0900] {dag.py:4138} INFO - Setting next_dagrun for 06_multi_extract to 2026-04-13 00:00:00+00:00, run_after=2026-04-14 00:00:00+00:00
[2026-04-13T10:39:16.585+0900] {processor.py:208} INFO - Processing /opt/airflow/dags/06_mysql_extract.py took 0.089 seconds
[2026-04-13T10:39:46.701+0900] {processor.py:186} INFO - Started process (PID=13781) to work on /opt/airflow/dags/06_mysql_extract.py
[2026-04-13T10:39:46.702+0900] {processor.py:914} INFO - Processing file /opt/airflow/dags/06_mysql_extract.py for tasks to queue
[2026-04-13T10:39:46.703+0900] {logging_mixin.py:190} INFO - [2026-04-13T10:39:46.703+0900] {dagbag.py:587} INFO - Filling up the DagBag from /opt/airflow/dags/06_mysql_extract.py
[2026-04-13T10:39:46.725+0900] {processor.py:925} INFO - DAG(s) '06_multi_extract' retrieved from /opt/airflow/dags/06_mysql_extract.py
[2026-04-13T10:39:46.741+0900] {logging_mixin.py:190} INFO - [2026-04-13T10:39:46.741+0900] {dag.py:3211} INFO - Sync 1 DAGs
[2026-04-13T10:39:46.759+0900] {logging_mixin.py:190} INFO - [2026-04-13T10:39:46.759+0900] {dag.py:4138} INFO - Setting next_dagrun for 06_multi_extract to 2026-04-13 00:00:00+00:00, run_after=2026-04-14 00:00:00+00:00
[2026-04-13T10:39:46.775+0900] {processor.py:208} INFO - Processing /opt/airflow/dags/06_mysql_extract.py took 0.079 seconds
[2026-04-13T10:40:17.207+0900] {processor.py:186} INFO - Started process (PID=13851) to work on /opt/airflow/dags/06_mysql_extract.py
[2026-04-13T10:40:17.208+0900] {processor.py:914} INFO - Processing file /opt/airflow/dags/06_mysql_extract.py for tasks to queue
[2026-04-13T10:40:17.209+0900] {logging_mixin.py:190} INFO - [2026-04-13T10:40:17.209+0900] {dagbag.py:587} INFO - Filling up the DagBag from /opt/airflow/dags/06_mysql_extract.py
[2026-04-13T10:40:17.226+0900] {processor.py:925} INFO - DAG(s) '06_multi_extract' retrieved from /opt/airflow/dags/06_mysql_extract.py
[2026-04-13T10:40:17.242+0900] {logging_mixin.py:190} INFO - [2026-04-13T10:40:17.242+0900] {dag.py:3211} INFO - Sync 1 DAGs
[2026-04-13T10:40:17.260+0900] {logging_mixin.py:190} INFO - [2026-04-13T10:40:17.260+0900] {dag.py:4138} INFO - Setting next_dagrun for 06_multi_extract to 2026-04-13 00:00:00+00:00, run_after=2026-04-14 00:00:00+00:00
[2026-04-13T10:40:17.281+0900] {processor.py:208} INFO - Processing /opt/airflow/dags/06_mysql_extract.py took 0.078 seconds
[2026-04-13T10:40:47.517+0900] {processor.py:186} INFO - Started process (PID=13921) to work on /opt/airflow/dags/06_mysql_extract.py
[2026-04-13T10:40:47.517+0900] {processor.py:914} INFO - Processing file /opt/airflow/dags/06_mysql_extract.py for tasks to queue
[2026-04-13T10:40:47.518+0900] {logging_mixin.py:190} INFO - [2026-04-13T10:40:47.518+0900] {dagbag.py:587} INFO - Filling up the DagBag from /opt/airflow/dags/06_mysql_extract.py
[2026-04-13T10:40:47.533+0900] {processor.py:925} INFO - DAG(s) '06_multi_extract' retrieved from /opt/airflow/dags/06_mysql_extract.py
[2026-04-13T10:40:47.547+0900] {logging_mixin.py:190} INFO - [2026-04-13T10:40:47.547+0900] {dag.py:3211} INFO - Sync 1 DAGs
[2026-04-13T10:40:47.564+0900] {logging_mixin.py:190} INFO - [2026-04-13T10:40:47.564+0900] {dag.py:4138} INFO - Setting next_dagrun for 06_multi_extract to 2026-04-13 00:00:00+00:00, run_after=2026-04-14 00:00:00+00:00
[2026-04-13T10:40:47.580+0900] {processor.py:208} INFO - Processing /opt/airflow/dags/06_mysql_extract.py took 0.068 seconds
[2026-04-13T10:41:17.891+0900] {processor.py:186} INFO - Started process (PID=13991) to work on /opt/airflow/dags/06_mysql_extract.py
[2026-04-13T10:41:17.892+0900] {processor.py:914} INFO - Processing file /opt/airflow/dags/06_mysql_extract.py for tasks to queue
[2026-04-13T10:41:17.893+0900] {logging_mixin.py:190} INFO - [2026-04-13T10:41:17.892+0900] {dagbag.py:587} INFO - Filling up the DagBag from /opt/airflow/dags/06_mysql_extract.py
[2026-04-13T10:41:17.909+0900] {processor.py:925} INFO - DAG(s) '06_multi_extract' retrieved from /opt/airflow/dags/06_mysql_extract.py
[2026-04-13T10:41:17.928+0900] {logging_mixin.py:190} INFO - [2026-04-13T10:41:17.928+0900] {dag.py:3211} INFO - Sync 1 DAGs
[2026-04-13T10:41:17.946+0900] {logging_mixin.py:190} INFO - [2026-04-13T10:41:17.946+0900] {dag.py:4138} INFO - Setting next_dagrun for 06_multi_extract to 2026-04-13 00:00:00+00:00, run_after=2026-04-14 00:00:00+00:00
[2026-04-13T10:41:17.967+0900] {processor.py:208} INFO - Processing /opt/airflow/dags/06_mysql_extract.py took 0.080 seconds
[2026-04-13T10:41:48.380+0900] {processor.py:186} INFO - Started process (PID=14061) to work on /opt/airflow/dags/06_mysql_extract.py
[2026-04-13T10:41:48.381+0900] {processor.py:914} INFO - Processing file /opt/airflow/dags/06_mysql_extract.py for tasks to queue
[2026-04-13T10:41:48.383+0900] {logging_mixin.py:190} INFO - [2026-04-13T10:41:48.382+0900] {dagbag.py:587} INFO - Filling up the DagBag from /opt/airflow/dags/06_mysql_extract.py
[2026-04-13T10:41:48.405+0900] {processor.py:925} INFO - DAG(s) '06_multi_extract' retrieved from /opt/airflow/dags/06_mysql_extract.py
[2026-04-13T10:41:48.425+0900] {logging_mixin.py:190} INFO - [2026-04-13T10:41:48.425+0900] {dag.py:3211} INFO - Sync 1 DAGs
[2026-04-13T10:41:48.447+0900] {logging_mixin.py:190} INFO - [2026-04-13T10:41:48.447+0900] {dag.py:4138} INFO - Setting next_dagrun for 06_multi_extract to 2026-04-13 00:00:00+00:00, run_after=2026-04-14 00:00:00+00:00
[2026-04-13T10:41:48.466+0900] {processor.py:208} INFO - Processing /opt/airflow/dags/06_mysql_extract.py took 0.091 seconds
[2026-04-13T10:42:19.034+0900] {processor.py:186} INFO - Started process (PID=14131) to work on /opt/airflow/dags/06_mysql_extract.py
[2026-04-13T10:42:19.035+0900] {processor.py:914} INFO - Processing file /opt/airflow/dags/06_mysql_extract.py for tasks to queue
[2026-04-13T10:42:19.036+0900] {logging_mixin.py:190} INFO - [2026-04-13T10:42:19.035+0900] {dagbag.py:587} INFO - Filling up the DagBag from /opt/airflow/dags/06_mysql_extract.py
[2026-04-13T10:42:19.050+0900] {processor.py:925} INFO - DAG(s) '06_multi_extract' retrieved from /opt/airflow/dags/06_mysql_extract.py
[2026-04-13T10:42:19.066+0900] {logging_mixin.py:190} INFO - [2026-04-13T10:42:19.066+0900] {dag.py:3211} INFO - Sync 1 DAGs
[2026-04-13T10:42:19.082+0900] {logging_mixin.py:190} INFO - [2026-04-13T10:42:19.082+0900] {dag.py:4138} INFO - Setting next_dagrun for 06_multi_extract to 2026-04-13 00:00:00+00:00, run_after=2026-04-14 00:00:00+00:00
[2026-04-13T10:42:19.103+0900] {processor.py:208} INFO - Processing /opt/airflow/dags/06_mysql_extract.py took 0.074 seconds
[2026-04-13T10:42:49.513+0900] {processor.py:186} INFO - Started process (PID=14201) to work on /opt/airflow/dags/06_mysql_extract.py
[2026-04-13T10:42:49.514+0900] {processor.py:914} INFO - Processing file /opt/airflow/dags/06_mysql_extract.py for tasks to queue
[2026-04-13T10:42:49.516+0900] {logging_mixin.py:190} INFO - [2026-04-13T10:42:49.515+0900] {dagbag.py:587} INFO - Filling up the DagBag from /opt/airflow/dags/06_mysql_extract.py
[2026-04-13T10:42:49.535+0900] {processor.py:925} INFO - DAG(s) '06_multi_extract' retrieved from /opt/airflow/dags/06_mysql_extract.py
[2026-04-13T10:42:49.552+0900] {logging_mixin.py:190} INFO - [2026-04-13T10:42:49.552+0900] {dag.py:3211} INFO - Sync 1 DAGs
[2026-04-13T10:42:49.569+0900] {logging_mixin.py:190} INFO - [2026-04-13T10:42:49.569+0900] {dag.py:4138} INFO - Setting next_dagrun for 06_multi_extract to 2026-04-13 00:00:00+00:00, run_after=2026-04-14 00:00:00+00:00
[2026-04-13T10:42:49.592+0900] {processor.py:208} INFO - Processing /opt/airflow/dags/06_mysql_extract.py took 0.084 seconds
[2026-04-13T10:43:19.725+0900] {processor.py:186} INFO - Started process (PID=14271) to work on /opt/airflow/dags/06_mysql_extract.py
[2026-04-13T10:43:19.726+0900] {processor.py:914} INFO - Processing file /opt/airflow/dags/06_mysql_extract.py for tasks to queue
[2026-04-13T10:43:19.727+0900] {logging_mixin.py:190} INFO - [2026-04-13T10:43:19.727+0900] {dagbag.py:587} INFO - Filling up the DagBag from /opt/airflow/dags/06_mysql_extract.py
[2026-04-13T10:43:19.744+0900] {processor.py:925} INFO - DAG(s) '06_multi_extract' retrieved from /opt/airflow/dags/06_mysql_extract.py
[2026-04-13T10:43:19.761+0900] {logging_mixin.py:190} INFO - [2026-04-13T10:43:19.761+0900] {dag.py:3211} INFO - Sync 1 DAGs
[2026-04-13T10:43:19.779+0900] {logging_mixin.py:190} INFO - [2026-04-13T10:43:19.779+0900] {dag.py:4138} INFO - Setting next_dagrun for 06_multi_extract to 2026-04-13 00:00:00+00:00, run_after=2026-04-14 00:00:00+00:00
[2026-04-13T10:43:19.796+0900] {processor.py:208} INFO - Processing /opt/airflow/dags/06_mysql_extract.py took 0.075 seconds
[2026-04-13T10:43:50.035+0900] {processor.py:186} INFO - Started process (PID=14341) to work on /opt/airflow/dags/06_mysql_extract.py
[2026-04-13T10:43:50.036+0900] {processor.py:914} INFO - Processing file /opt/airflow/dags/06_mysql_extract.py for tasks to queue
[2026-04-13T10:43:50.037+0900] {logging_mixin.py:190} INFO - [2026-04-13T10:43:50.036+0900] {dagbag.py:587} INFO - Filling up the DagBag from /opt/airflow/dags/06_mysql_extract.py
[2026-04-13T10:43:50.055+0900] {processor.py:925} INFO - DAG(s) '06_multi_extract' retrieved from /opt/airflow/dags/06_mysql_extract.py
[2026-04-13T10:43:50.076+0900] {logging_mixin.py:190} INFO - [2026-04-13T10:43:50.076+0900] {dag.py:3211} INFO - Sync 1 DAGs
[2026-04-13T10:43:50.095+0900] {logging_mixin.py:190} INFO - [2026-04-13T10:43:50.095+0900] {dag.py:4138} INFO - Setting next_dagrun for 06_multi_extract to 2026-04-13 00:00:00+00:00, run_after=2026-04-14 00:00:00+00:00
[2026-04-13T10:43:50.117+0900] {processor.py:208} INFO - Processing /opt/airflow/dags/06_mysql_extract.py took 0.088 seconds
[2026-04-13T10:44:20.512+0900] {processor.py:186} INFO - Started process (PID=14411) to work on /opt/airflow/dags/06_mysql_extract.py
[2026-04-13T10:44:20.513+0900] {processor.py:914} INFO - Processing file /opt/airflow/dags/06_mysql_extract.py for tasks to queue
[2026-04-13T10:44:20.514+0900] {logging_mixin.py:190} INFO - [2026-04-13T10:44:20.514+0900] {dagbag.py:587} INFO - Filling up the DagBag from /opt/airflow/dags/06_mysql_extract.py
[2026-04-13T10:44:20.532+0900] {processor.py:925} INFO - DAG(s) '06_multi_extract' retrieved from /opt/airflow/dags/06_mysql_extract.py
[2026-04-13T10:44:20.547+0900] {logging_mixin.py:190} INFO - [2026-04-13T10:44:20.547+0900] {dag.py:3211} INFO - Sync 1 DAGs
[2026-04-13T10:44:20.564+0900] {logging_mixin.py:190} INFO - [2026-04-13T10:44:20.564+0900] {dag.py:4138} INFO - Setting next_dagrun for 06_multi_extract to 2026-04-13 00:00:00+00:00, run_after=2026-04-14 00:00:00+00:00
[2026-04-13T10:44:20.586+0900] {processor.py:208} INFO - Processing /opt/airflow/dags/06_mysql_extract.py took 0.078 seconds
[2026-04-13T10:44:50.934+0900] {processor.py:186} INFO - Started process (PID=14481) to work on /opt/airflow/dags/06_mysql_extract.py
[2026-04-13T10:44:50.935+0900] {processor.py:914} INFO - Processing file /opt/airflow/dags/06_mysql_extract.py for tasks to queue
[2026-04-13T10:44:50.936+0900] {logging_mixin.py:190} INFO - [2026-04-13T10:44:50.936+0900] {dagbag.py:587} INFO - Filling up the DagBag from /opt/airflow/dags/06_mysql_extract.py
[2026-04-13T10:44:50.961+0900] {processor.py:925} INFO - DAG(s) '06_multi_extract' retrieved from /opt/airflow/dags/06_mysql_extract.py
[2026-04-13T10:44:50.977+0900] {logging_mixin.py:190} INFO - [2026-04-13T10:44:50.977+0900] {dag.py:3211} INFO - Sync 1 DAGs
[2026-04-13T10:44:50.995+0900] {logging_mixin.py:190} INFO - [2026-04-13T10:44:50.995+0900] {dag.py:4138} INFO - Setting next_dagrun for 06_multi_extract to 2026-04-13 00:00:00+00:00, run_after=2026-04-14 00:00:00+00:00
[2026-04-13T10:44:51.011+0900] {processor.py:208} INFO - Processing /opt/airflow/dags/06_mysql_extract.py took 0.082 seconds
[2026-04-13T10:45:21.319+0900] {processor.py:186} INFO - Started process (PID=14551) to work on /opt/airflow/dags/06_mysql_extract.py
[2026-04-13T10:45:21.320+0900] {processor.py:914} INFO - Processing file /opt/airflow/dags/06_mysql_extract.py for tasks to queue
[2026-04-13T10:45:21.321+0900] {logging_mixin.py:190} INFO - [2026-04-13T10:45:21.321+0900] {dagbag.py:587} INFO - Filling up the DagBag from /opt/airflow/dags/06_mysql_extract.py
[2026-04-13T10:45:21.340+0900] {processor.py:925} INFO - DAG(s) '06_multi_extract' retrieved from /opt/airflow/dags/06_mysql_extract.py
[2026-04-13T10:45:21.357+0900] {logging_mixin.py:190} INFO - [2026-04-13T10:45:21.356+0900] {dag.py:3211} INFO - Sync 1 DAGs
[2026-04-13T10:45:21.374+0900] {logging_mixin.py:190} INFO - [2026-04-13T10:45:21.374+0900] {dag.py:4138} INFO - Setting next_dagrun for 06_multi_extract to 2026-04-13 00:00:00+00:00, run_after=2026-04-14 00:00:00+00:00
[2026-04-13T10:45:21.395+0900] {processor.py:208} INFO - Processing /opt/airflow/dags/06_mysql_extract.py took 0.081 seconds
[2026-04-13T10:45:51.864+0900] {processor.py:186} INFO - Started process (PID=14621) to work on /opt/airflow/dags/06_mysql_extract.py
[2026-04-13T10:45:51.865+0900] {processor.py:914} INFO - Processing file /opt/airflow/dags/06_mysql_extract.py for tasks to queue
[2026-04-13T10:45:51.866+0900] {logging_mixin.py:190} INFO - [2026-04-13T10:45:51.866+0900] {dagbag.py:587} INFO - Filling up the DagBag from /opt/airflow/dags/06_mysql_extract.py
[2026-04-13T10:45:51.884+0900] {processor.py:925} INFO - DAG(s) '06_multi_extract' retrieved from /opt/airflow/dags/06_mysql_extract.py
[2026-04-13T10:45:51.902+0900] {logging_mixin.py:190} INFO - [2026-04-13T10:45:51.902+0900] {dag.py:3211} INFO - Sync 1 DAGs
[2026-04-13T10:45:51.919+0900] {logging_mixin.py:190} INFO - [2026-04-13T10:45:51.919+0900] {dag.py:4138} INFO - Setting next_dagrun for 06_multi_extract to 2026-04-13 00:00:00+00:00, run_after=2026-04-14 00:00:00+00:00
[2026-04-13T10:45:51.938+0900] {processor.py:208} INFO - Processing /opt/airflow/dags/06_mysql_extract.py took 0.079 seconds
[2026-04-13T10:46:22.609+0900] {processor.py:186} INFO - Started process (PID=14691) to work on /opt/airflow/dags/06_mysql_extract.py
[2026-04-13T10:46:22.610+0900] {processor.py:914} INFO - Processing file /opt/airflow/dags/06_mysql_extract.py for tasks to queue
[2026-04-13T10:46:22.611+0900] {logging_mixin.py:190} INFO - [2026-04-13T10:46:22.611+0900] {dagbag.py:587} INFO - Filling up the DagBag from /opt/airflow/dags/06_mysql_extract.py
[2026-04-13T10:46:22.628+0900] {processor.py:925} INFO - DAG(s) '06_multi_extract' retrieved from /opt/airflow/dags/06_mysql_extract.py
[2026-04-13T10:46:22.643+0900] {logging_mixin.py:190} INFO - [2026-04-13T10:46:22.642+0900] {dag.py:3211} INFO - Sync 1 DAGs
[2026-04-13T10:46:22.660+0900] {logging_mixin.py:190} INFO - [2026-04-13T10:46:22.660+0900] {dag.py:4138} INFO - Setting next_dagrun for 06_multi_extract to 2026-04-13 00:00:00+00:00, run_after=2026-04-14 00:00:00+00:00
[2026-04-13T10:46:22.678+0900] {processor.py:208} INFO - Processing /opt/airflow/dags/06_mysql_extract.py took 0.074 seconds
[2026-04-13T10:46:53.159+0900] {processor.py:186} INFO - Started process (PID=14761) to work on /opt/airflow/dags/06_mysql_extract.py
[2026-04-13T10:46:53.160+0900] {processor.py:914} INFO - Processing file /opt/airflow/dags/06_mysql_extract.py for tasks to queue
[2026-04-13T10:46:53.161+0900] {logging_mixin.py:190} INFO - [2026-04-13T10:46:53.161+0900] {dagbag.py:587} INFO - Filling up the DagBag from /opt/airflow/dags/06_mysql_extract.py
[2026-04-13T10:46:53.178+0900] {processor.py:925} INFO - DAG(s) '06_multi_extract' retrieved from /opt/airflow/dags/06_mysql_extract.py
[2026-04-13T10:46:53.194+0900] {logging_mixin.py:190} INFO - [2026-04-13T10:46:53.194+0900] {dag.py:3211} INFO - Sync 1 DAGs
[2026-04-13T10:46:53.211+0900] {logging_mixin.py:190} INFO - [2026-04-13T10:46:53.211+0900] {dag.py:4138} INFO - Setting next_dagrun for 06_multi_extract to 2026-04-13 00:00:00+00:00, run_after=2026-04-14 00:00:00+00:00
[2026-04-13T10:46:53.229+0900] {processor.py:208} INFO - Processing /opt/airflow/dags/06_mysql_extract.py took 0.075 seconds
[2026-04-13T10:47:23.787+0900] {processor.py:186} INFO - Started process (PID=14831) to work on /opt/airflow/dags/06_mysql_extract.py
[2026-04-13T10:47:23.788+0900] {processor.py:914} INFO - Processing file /opt/airflow/dags/06_mysql_extract.py for tasks to queue
[2026-04-13T10:47:23.789+0900] {logging_mixin.py:190} INFO - [2026-04-13T10:47:23.789+0900] {dagbag.py:587} INFO - Filling up the DagBag from /opt/airflow/dags/06_mysql_extract.py
[2026-04-13T10:47:23.808+0900] {processor.py:925} INFO - DAG(s) '06_multi_extract' retrieved from /opt/airflow/dags/06_mysql_extract.py
[2026-04-13T10:47:23.827+0900] {logging_mixin.py:190} INFO - [2026-04-13T10:47:23.827+0900] {dag.py:3211} INFO - Sync 1 DAGs
[2026-04-13T10:47:23.846+0900] {logging_mixin.py:190} INFO - [2026-04-13T10:47:23.845+0900] {dag.py:4138} INFO - Setting next_dagrun for 06_multi_extract to 2026-04-13 00:00:00+00:00, run_after=2026-04-14 00:00:00+00:00
[2026-04-13T10:47:23.866+0900] {processor.py:208} INFO - Processing /opt/airflow/dags/06_mysql_extract.py took 0.085 seconds
[2026-04-13T10:47:54.619+0900] {processor.py:186} INFO - Started process (PID=14901) to work on /opt/airflow/dags/06_mysql_extract.py
[2026-04-13T10:47:54.620+0900] {processor.py:914} INFO - Processing file /opt/airflow/dags/06_mysql_extract.py for tasks to queue
[2026-04-13T10:47:54.622+0900] {logging_mixin.py:190} INFO - [2026-04-13T10:47:54.621+0900] {dagbag.py:587} INFO - Filling up the DagBag from /opt/airflow/dags/06_mysql_extract.py
[2026-04-13T10:47:54.650+0900] {processor.py:925} INFO - DAG(s) '06_multi_extract' retrieved from /opt/airflow/dags/06_mysql_extract.py
[2026-04-13T10:47:54.669+0900] {logging_mixin.py:190} INFO - [2026-04-13T10:47:54.669+0900] {dag.py:3211} INFO - Sync 1 DAGs
[2026-04-13T10:47:54.690+0900] {logging_mixin.py:190} INFO - [2026-04-13T10:47:54.690+0900] {dag.py:4138} INFO - Setting next_dagrun for 06_multi_extract to 2026-04-13 00:00:00+00:00, run_after=2026-04-14 00:00:00+00:00
[2026-04-13T10:47:54.710+0900] {processor.py:208} INFO - Processing /opt/airflow/dags/06_mysql_extract.py took 0.096 seconds
[2026-04-13T10:48:24.999+0900] {processor.py:186} INFO - Started process (PID=14971) to work on /opt/airflow/dags/06_mysql_extract.py
[2026-04-13T10:48:25.000+0900] {processor.py:914} INFO - Processing file /opt/airflow/dags/06_mysql_extract.py for tasks to queue
[2026-04-13T10:48:25.001+0900] {logging_mixin.py:190} INFO - [2026-04-13T10:48:25.000+0900] {dagbag.py:587} INFO - Filling up the DagBag from /opt/airflow/dags/06_mysql_extract.py
[2026-04-13T10:48:25.015+0900] {processor.py:925} INFO - DAG(s) '06_multi_extract' retrieved from /opt/airflow/dags/06_mysql_extract.py
[2026-04-13T10:48:25.028+0900] {logging_mixin.py:190} INFO - [2026-04-13T10:48:25.028+0900] {dag.py:3211} INFO - Sync 1 DAGs
[2026-04-13T10:48:25.044+0900] {logging_mixin.py:190} INFO - [2026-04-13T10:48:25.044+0900] {dag.py:4138} INFO - Setting next_dagrun for 06_multi_extract to 2026-04-13 00:00:00+00:00, run_after=2026-04-14 00:00:00+00:00
[2026-04-13T10:48:25.058+0900] {processor.py:208} INFO - Processing /opt/airflow/dags/06_mysql_extract.py took 0.064 seconds
[2026-04-13T10:48:55.124+0900] {processor.py:186} INFO - Started process (PID=15042) to work on /opt/airflow/dags/06_mysql_extract.py
[2026-04-13T10:48:55.125+0900] {processor.py:914} INFO - Processing file /opt/airflow/dags/06_mysql_extract.py for tasks to queue
[2026-04-13T10:48:55.126+0900] {logging_mixin.py:190} INFO - [2026-04-13T10:48:55.125+0900] {dagbag.py:587} INFO - Filling up the DagBag from /opt/airflow/dags/06_mysql_extract.py
[2026-04-13T10:48:55.142+0900] {processor.py:925} INFO - DAG(s) '06_multi_extract' retrieved from /opt/airflow/dags/06_mysql_extract.py
[2026-04-13T10:48:55.156+0900] {logging_mixin.py:190} INFO - [2026-04-13T10:48:55.156+0900] {dag.py:3211} INFO - Sync 1 DAGs
[2026-04-13T10:48:55.173+0900] {logging_mixin.py:190} INFO - [2026-04-13T10:48:55.173+0900] {dag.py:4138} INFO - Setting next_dagrun for 06_multi_extract to 2026-04-13 00:00:00+00:00, run_after=2026-04-14 00:00:00+00:00
[2026-04-13T10:48:55.190+0900] {processor.py:208} INFO - Processing /opt/airflow/dags/06_mysql_extract.py took 0.071 seconds
[2026-04-13T10:49:25.425+0900] {processor.py:186} INFO - Started process (PID=15112) to work on /opt/airflow/dags/06_mysql_extract.py
[2026-04-13T10:49:25.426+0900] {processor.py:914} INFO - Processing file /opt/airflow/dags/06_mysql_extract.py for tasks to queue
[2026-04-13T10:49:25.427+0900] {logging_mixin.py:190} INFO - [2026-04-13T10:49:25.427+0900] {dagbag.py:587} INFO - Filling up the DagBag from /opt/airflow/dags/06_mysql_extract.py
[2026-04-13T10:49:25.444+0900] {processor.py:925} INFO - DAG(s) '06_multi_extract' retrieved from /opt/airflow/dags/06_mysql_extract.py
[2026-04-13T10:49:25.459+0900] {logging_mixin.py:190} INFO - [2026-04-13T10:49:25.459+0900] {dag.py:3211} INFO - Sync 1 DAGs
[2026-04-13T10:49:25.475+0900] {logging_mixin.py:190} INFO - [2026-04-13T10:49:25.474+0900] {dag.py:4138} INFO - Setting next_dagrun for 06_multi_extract to 2026-04-13 00:00:00+00:00, run_after=2026-04-14 00:00:00+00:00
[2026-04-13T10:49:25.491+0900] {processor.py:208} INFO - Processing /opt/airflow/dags/06_mysql_extract.py took 0.070 seconds
[2026-04-13T10:49:55.859+0900] {processor.py:186} INFO - Started process (PID=15182) to work on /opt/airflow/dags/06_mysql_extract.py
[2026-04-13T10:49:55.860+0900] {processor.py:914} INFO - Processing file /opt/airflow/dags/06_mysql_extract.py for tasks to queue
[2026-04-13T10:49:55.861+0900] {logging_mixin.py:190} INFO - [2026-04-13T10:49:55.861+0900] {dagbag.py:587} INFO - Filling up the DagBag from /opt/airflow/dags/06_mysql_extract.py
[2026-04-13T10:49:55.876+0900] {processor.py:925} INFO - DAG(s) '06_multi_extract' retrieved from /opt/airflow/dags/06_mysql_extract.py
[2026-04-13T10:49:55.889+0900] {logging_mixin.py:190} INFO - [2026-04-13T10:49:55.889+0900] {dag.py:3211} INFO - Sync 1 DAGs
[2026-04-13T10:49:55.904+0900] {logging_mixin.py:190} INFO - [2026-04-13T10:49:55.904+0900] {dag.py:4138} INFO - Setting next_dagrun for 06_multi_extract to 2026-04-13 00:00:00+00:00, run_after=2026-04-14 00:00:00+00:00
[2026-04-13T10:49:55.922+0900] {processor.py:208} INFO - Processing /opt/airflow/dags/06_mysql_extract.py took 0.067 seconds
[2026-04-13T10:50:26.275+0900] {processor.py:186} INFO - Started process (PID=15252) to work on /opt/airflow/dags/06_mysql_extract.py
[2026-04-13T10:50:26.276+0900] {processor.py:914} INFO - Processing file /opt/airflow/dags/06_mysql_extract.py for tasks to queue
[2026-04-13T10:50:26.277+0900] {logging_mixin.py:190} INFO - [2026-04-13T10:50:26.277+0900] {dagbag.py:587} INFO - Filling up the DagBag from /opt/airflow/dags/06_mysql_extract.py
[2026-04-13T10:50:26.293+0900] {processor.py:925} INFO - DAG(s) '06_multi_extract' retrieved from /opt/airflow/dags/06_mysql_extract.py
[2026-04-13T10:50:26.308+0900] {logging_mixin.py:190} INFO - [2026-04-13T10:50:26.308+0900] {dag.py:3211} INFO - Sync 1 DAGs
[2026-04-13T10:50:26.325+0900] {logging_mixin.py:190} INFO - [2026-04-13T10:50:26.325+0900] {dag.py:4138} INFO - Setting next_dagrun for 06_multi_extract to 2026-04-13 00:00:00+00:00, run_after=2026-04-14 00:00:00+00:00
[2026-04-13T10:50:26.341+0900] {processor.py:208} INFO - Processing /opt/airflow/dags/06_mysql_extract.py took 0.071 seconds
[2026-04-13T10:51:18.477+0900] {processor.py:186} INFO - Started process (PID=77) to work on /opt/airflow/dags/06_mysql_extract.py
[2026-04-13T10:51:18.479+0900] {processor.py:914} INFO - Processing file /opt/airflow/dags/06_mysql_extract.py for tasks to queue
[2026-04-13T10:51:18.481+0900] {logging_mixin.py:190} INFO - [2026-04-13T10:51:18.481+0900] {dagbag.py:587} INFO - Filling up the DagBag from /opt/airflow/dags/06_mysql_extract.py
[2026-04-13T10:51:18.523+0900] {processor.py:925} INFO - DAG(s) '06_multi_extract' retrieved from /opt/airflow/dags/06_mysql_extract.py
[2026-04-13T10:51:18.559+0900] {logging_mixin.py:190} INFO - [2026-04-13T10:51:18.558+0900] {dag.py:3211} INFO - Sync 1 DAGs
[2026-04-13T10:51:18.580+0900] {logging_mixin.py:190} INFO - [2026-04-13T10:51:18.580+0900] {dag.py:4138} INFO - Setting next_dagrun for 06_multi_extract to 2026-04-13 00:00:00+00:00, run_after=2026-04-14 00:00:00+00:00
[2026-04-13T10:51:18.600+0900] {processor.py:208} INFO - Processing /opt/airflow/dags/06_mysql_extract.py took 0.128 seconds
[2026-04-13T10:51:48.997+0900] {processor.py:186} INFO - Started process (PID=94) to work on /opt/airflow/dags/06_mysql_extract.py
[2026-04-13T10:51:48.998+0900] {processor.py:914} INFO - Processing file /opt/airflow/dags/06_mysql_extract.py for tasks to queue
[2026-04-13T10:51:49.000+0900] {logging_mixin.py:190} INFO - [2026-04-13T10:51:49.000+0900] {dagbag.py:587} INFO - Filling up the DagBag from /opt/airflow/dags/06_mysql_extract.py
[2026-04-13T10:51:49.020+0900] {processor.py:925} INFO - DAG(s) '06_multi_extract' retrieved from /opt/airflow/dags/06_mysql_extract.py
[2026-04-13T10:51:49.045+0900] {logging_mixin.py:190} INFO - [2026-04-13T10:51:49.044+0900] {dag.py:3211} INFO - Sync 1 DAGs
[2026-04-13T10:51:49.064+0900] {logging_mixin.py:190} INFO - [2026-04-13T10:51:49.064+0900] {dag.py:4138} INFO - Setting next_dagrun for 06_multi_extract to 2026-04-13 00:00:00+00:00, run_after=2026-04-14 00:00:00+00:00
[2026-04-13T10:51:49.085+0900] {processor.py:208} INFO - Processing /opt/airflow/dags/06_mysql_extract.py took 0.093 seconds
[2026-04-13T10:52:19.523+0900] {processor.py:186} INFO - Started process (PID=111) to work on /opt/airflow/dags/06_mysql_extract.py
[2026-04-13T10:52:19.524+0900] {processor.py:914} INFO - Processing file /opt/airflow/dags/06_mysql_extract.py for tasks to queue
[2026-04-13T10:52:19.526+0900] {logging_mixin.py:190} INFO - [2026-04-13T10:52:19.526+0900] {dagbag.py:587} INFO - Filling up the DagBag from /opt/airflow/dags/06_mysql_extract.py
[2026-04-13T10:52:19.557+0900] {processor.py:925} INFO - DAG(s) '06_multi_extract' retrieved from /opt/airflow/dags/06_mysql_extract.py
[2026-04-13T10:52:19.581+0900] {logging_mixin.py:190} INFO - [2026-04-13T10:52:19.580+0900] {dag.py:3211} INFO - Sync 1 DAGs
[2026-04-13T10:52:19.602+0900] {logging_mixin.py:190} INFO - [2026-04-13T10:52:19.602+0900] {dag.py:4138} INFO - Setting next_dagrun for 06_multi_extract to 2026-04-13 00:00:00+00:00, run_after=2026-04-14 00:00:00+00:00
[2026-04-13T10:52:19.622+0900] {processor.py:208} INFO - Processing /opt/airflow/dags/06_mysql_extract.py took 0.104 seconds
[2026-04-13T10:52:50.080+0900] {processor.py:186} INFO - Started process (PID=128) to work on /opt/airflow/dags/06_mysql_extract.py
[2026-04-13T10:52:50.081+0900] {processor.py:914} INFO - Processing file /opt/airflow/dags/06_mysql_extract.py for tasks to queue
[2026-04-13T10:52:50.083+0900] {logging_mixin.py:190} INFO - [2026-04-13T10:52:50.083+0900] {dagbag.py:587} INFO - Filling up the DagBag from /opt/airflow/dags/06_mysql_extract.py
[2026-04-13T10:52:50.104+0900] {processor.py:925} INFO - DAG(s) '06_multi_extract' retrieved from /opt/airflow/dags/06_mysql_extract.py
[2026-04-13T10:52:50.124+0900] {logging_mixin.py:190} INFO - [2026-04-13T10:52:50.124+0900] {dag.py:3211} INFO - Sync 1 DAGs
[2026-04-13T10:52:50.143+0900] {logging_mixin.py:190} INFO - [2026-04-13T10:52:50.143+0900] {dag.py:4138} INFO - Setting next_dagrun for 06_multi_extract to 2026-04-13 00:00:00+00:00, run_after=2026-04-14 00:00:00+00:00
[2026-04-13T10:52:50.161+0900] {processor.py:208} INFO - Processing /opt/airflow/dags/06_mysql_extract.py took 0.086 seconds
[2026-04-13T10:53:20.593+0900] {processor.py:186} INFO - Started process (PID=145) to work on /opt/airflow/dags/06_mysql_extract.py
[2026-04-13T10:53:20.594+0900] {processor.py:914} INFO - Processing file /opt/airflow/dags/06_mysql_extract.py for tasks to queue
[2026-04-13T10:53:20.596+0900] {logging_mixin.py:190} INFO - [2026-04-13T10:53:20.596+0900] {dagbag.py:587} INFO - Filling up the DagBag from /opt/airflow/dags/06_mysql_extract.py
[2026-04-13T10:53:20.611+0900] {processor.py:925} INFO - DAG(s) '06_multi_extract' retrieved from /opt/airflow/dags/06_mysql_extract.py
[2026-04-13T10:53:20.632+0900] {logging_mixin.py:190} INFO - [2026-04-13T10:53:20.631+0900] {dag.py:3211} INFO - Sync 1 DAGs
[2026-04-13T10:53:20.648+0900] {logging_mixin.py:190} INFO - [2026-04-13T10:53:20.647+0900] {dag.py:4138} INFO - Setting next_dagrun for 06_multi_extract to 2026-04-13 00:00:00+00:00, run_after=2026-04-14 00:00:00+00:00
[2026-04-13T10:53:20.665+0900] {processor.py:208} INFO - Processing /opt/airflow/dags/06_mysql_extract.py took 0.076 seconds
[2026-04-13T10:53:51.325+0900] {processor.py:186} INFO - Started process (PID=162) to work on /opt/airflow/dags/06_mysql_extract.py
[2026-04-13T10:53:51.327+0900] {processor.py:914} INFO - Processing file /opt/airflow/dags/06_mysql_extract.py for tasks to queue
[2026-04-13T10:53:51.329+0900] {logging_mixin.py:190} INFO - [2026-04-13T10:53:51.329+0900] {dagbag.py:587} INFO - Filling up the DagBag from /opt/airflow/dags/06_mysql_extract.py
[2026-04-13T10:53:51.362+0900] {processor.py:925} INFO - DAG(s) '06_multi_extract' retrieved from /opt/airflow/dags/06_mysql_extract.py
[2026-04-13T10:53:51.380+0900] {logging_mixin.py:190} INFO - [2026-04-13T10:53:51.380+0900] {dag.py:3211} INFO - Sync 1 DAGs
[2026-04-13T10:53:51.397+0900] {logging_mixin.py:190} INFO - [2026-04-13T10:53:51.397+0900] {dag.py:4138} INFO - Setting next_dagrun for 06_multi_extract to 2026-04-13 00:00:00+00:00, run_after=2026-04-14 00:00:00+00:00
[2026-04-13T10:53:51.533+0900] {processor.py:208} INFO - Processing /opt/airflow/dags/06_mysql_extract.py took 0.212 seconds
[2026-04-13T10:54:22.259+0900] {processor.py:186} INFO - Started process (PID=185) to work on /opt/airflow/dags/06_mysql_extract.py
[2026-04-13T10:54:22.260+0900] {processor.py:914} INFO - Processing file /opt/airflow/dags/06_mysql_extract.py for tasks to queue
[2026-04-13T10:54:22.262+0900] {logging_mixin.py:190} INFO - [2026-04-13T10:54:22.262+0900] {dagbag.py:587} INFO - Filling up the DagBag from /opt/airflow/dags/06_mysql_extract.py
[2026-04-13T10:54:22.284+0900] {processor.py:925} INFO - DAG(s) '06_multi_extract' retrieved from /opt/airflow/dags/06_mysql_extract.py
[2026-04-13T10:54:22.302+0900] {logging_mixin.py:190} INFO - [2026-04-13T10:54:22.302+0900] {dag.py:3211} INFO - Sync 1 DAGs
[2026-04-13T10:54:22.423+0900] {logging_mixin.py:190} INFO - [2026-04-13T10:54:22.423+0900] {dag.py:4138} INFO - Setting next_dagrun for 06_multi_extract to 2026-04-13 00:00:00+00:00, run_after=2026-04-14 00:00:00+00:00
[2026-04-13T10:54:22.440+0900] {processor.py:208} INFO - Processing /opt/airflow/dags/06_mysql_extract.py took 0.186 seconds
[2026-04-13T10:54:52.824+0900] {processor.py:186} INFO - Started process (PID=202) to work on /opt/airflow/dags/06_mysql_extract.py
[2026-04-13T10:54:52.826+0900] {processor.py:914} INFO - Processing file /opt/airflow/dags/06_mysql_extract.py for tasks to queue
[2026-04-13T10:54:52.828+0900] {logging_mixin.py:190} INFO - [2026-04-13T10:54:52.828+0900] {dagbag.py:587} INFO - Filling up the DagBag from /opt/airflow/dags/06_mysql_extract.py
[2026-04-13T10:54:52.851+0900] {processor.py:925} INFO - DAG(s) '06_multi_extract' retrieved from /opt/airflow/dags/06_mysql_extract.py
[2026-04-13T10:54:52.990+0900] {logging_mixin.py:190} INFO - [2026-04-13T10:54:52.990+0900] {dag.py:3211} INFO - Sync 1 DAGs
[2026-04-13T10:54:53.006+0900] {logging_mixin.py:190} INFO - [2026-04-13T10:54:53.006+0900] {dag.py:4138} INFO - Setting next_dagrun for 06_multi_extract to 2026-04-13 00:00:00+00:00, run_after=2026-04-14 00:00:00+00:00
[2026-04-13T10:54:53.022+0900] {processor.py:208} INFO - Processing /opt/airflow/dags/06_mysql_extract.py took 0.203 seconds
[2026-04-13T10:55:23.707+0900] {processor.py:186} INFO - Started process (PID=219) to work on /opt/airflow/dags/06_mysql_extract.py
[2026-04-13T10:55:23.708+0900] {processor.py:914} INFO - Processing file /opt/airflow/dags/06_mysql_extract.py for tasks to queue
[2026-04-13T10:55:23.710+0900] {logging_mixin.py:190} INFO - [2026-04-13T10:55:23.710+0900] {dagbag.py:587} INFO - Filling up the DagBag from /opt/airflow/dags/06_mysql_extract.py
[2026-04-13T10:55:23.738+0900] {processor.py:925} INFO - DAG(s) '06_multi_extract' retrieved from /opt/airflow/dags/06_mysql_extract.py
[2026-04-13T10:55:23.759+0900] {logging_mixin.py:190} INFO - [2026-04-13T10:55:23.759+0900] {dag.py:3211} INFO - Sync 1 DAGs
[2026-04-13T10:55:23.780+0900] {logging_mixin.py:190} INFO - [2026-04-13T10:55:23.780+0900] {dag.py:4138} INFO - Setting next_dagrun for 06_multi_extract to 2026-04-13 00:00:00+00:00, run_after=2026-04-14 00:00:00+00:00
[2026-04-13T10:55:23.799+0900] {processor.py:208} INFO - Processing /opt/airflow/dags/06_mysql_extract.py took 0.098 seconds
[2026-04-13T10:55:26.682+0900] {processor.py:186} INFO - Started process (PID=230) to work on /opt/airflow/dags/06_mysql_extract.py
[2026-04-13T10:55:26.684+0900] {processor.py:914} INFO - Processing file /opt/airflow/dags/06_mysql_extract.py for tasks to queue
[2026-04-13T10:55:26.686+0900] {logging_mixin.py:190} INFO - [2026-04-13T10:55:26.685+0900] {dagbag.py:587} INFO - Filling up the DagBag from /opt/airflow/dags/06_mysql_extract.py
[2026-04-13T10:55:26.714+0900] {processor.py:925} INFO - DAG(s) '06_multi_extract' retrieved from /opt/airflow/dags/06_mysql_extract.py
[2026-04-13T10:55:26.735+0900] {logging_mixin.py:190} INFO - [2026-04-13T10:55:26.735+0900] {dag.py:3211} INFO - Sync 1 DAGs
[2026-04-13T10:55:26.754+0900] {logging_mixin.py:190} INFO - [2026-04-13T10:55:26.754+0900] {dag.py:4138} INFO - Setting next_dagrun for 06_multi_extract to 2026-04-13 00:00:00+00:00, run_after=2026-04-14 00:00:00+00:00
[2026-04-13T10:55:26.777+0900] {processor.py:208} INFO - Processing /opt/airflow/dags/06_mysql_extract.py took 0.100 seconds
[2026-04-13T10:55:28.825+0900] {processor.py:186} INFO - Started process (PID=231) to work on /opt/airflow/dags/06_mysql_extract.py
[2026-04-13T10:55:28.826+0900] {processor.py:914} INFO - Processing file /opt/airflow/dags/06_mysql_extract.py for tasks to queue
[2026-04-13T10:55:28.829+0900] {logging_mixin.py:190} INFO - [2026-04-13T10:55:28.828+0900] {dagbag.py:587} INFO - Filling up the DagBag from /opt/airflow/dags/06_mysql_extract.py
[2026-04-13T10:55:28.853+0900] {processor.py:925} INFO - DAG(s) '06_multi_extract' retrieved from /opt/airflow/dags/06_mysql_extract.py
[2026-04-13T10:55:28.872+0900] {logging_mixin.py:190} INFO - [2026-04-13T10:55:28.872+0900] {dag.py:3211} INFO - Sync 1 DAGs
[2026-04-13T10:55:28.892+0900] {logging_mixin.py:190} INFO - [2026-04-13T10:55:28.891+0900] {dag.py:4138} INFO - Setting next_dagrun for 06_multi_extract to 2026-04-13 00:00:00+00:00, run_after=2026-04-14 00:00:00+00:00
[2026-04-13T10:55:28.913+0900] {processor.py:208} INFO - Processing /opt/airflow/dags/06_mysql_extract.py took 0.092 seconds
[2026-04-13T10:55:59.064+0900] {processor.py:186} INFO - Started process (PID=248) to work on /opt/airflow/dags/06_mysql_extract.py
[2026-04-13T10:55:59.065+0900] {processor.py:914} INFO - Processing file /opt/airflow/dags/06_mysql_extract.py for tasks to queue
[2026-04-13T10:55:59.067+0900] {logging_mixin.py:190} INFO - [2026-04-13T10:55:59.067+0900] {dagbag.py:587} INFO - Filling up the DagBag from /opt/airflow/dags/06_mysql_extract.py
[2026-04-13T10:55:59.082+0900] {processor.py:925} INFO - DAG(s) '06_multi_extract' retrieved from /opt/airflow/dags/06_mysql_extract.py
[2026-04-13T10:55:59.100+0900] {logging_mixin.py:190} INFO - [2026-04-13T10:55:59.100+0900] {dag.py:3211} INFO - Sync 1 DAGs
[2026-04-13T10:55:59.116+0900] {logging_mixin.py:190} INFO - [2026-04-13T10:55:59.116+0900] {dag.py:4138} INFO - Setting next_dagrun for 06_multi_extract to 2026-04-13 00:00:00+00:00, run_after=2026-04-14 00:00:00+00:00
[2026-04-13T10:55:59.139+0900] {processor.py:208} INFO - Processing /opt/airflow/dags/06_mysql_extract.py took 0.079 seconds
[2026-04-13T10:56:29.404+0900] {processor.py:186} INFO - Started process (PID=265) to work on /opt/airflow/dags/06_mysql_extract.py
[2026-04-13T10:56:29.405+0900] {processor.py:914} INFO - Processing file /opt/airflow/dags/06_mysql_extract.py for tasks to queue
[2026-04-13T10:56:29.407+0900] {logging_mixin.py:190} INFO - [2026-04-13T10:56:29.407+0900] {dagbag.py:587} INFO - Filling up the DagBag from /opt/airflow/dags/06_mysql_extract.py
[2026-04-13T10:56:29.426+0900] {processor.py:925} INFO - DAG(s) '06_multi_extract' retrieved from /opt/airflow/dags/06_mysql_extract.py
[2026-04-13T10:56:29.447+0900] {logging_mixin.py:190} INFO - [2026-04-13T10:56:29.447+0900] {dag.py:3211} INFO - Sync 1 DAGs
[2026-04-13T10:56:29.464+0900] {logging_mixin.py:190} INFO - [2026-04-13T10:56:29.464+0900] {dag.py:4138} INFO - Setting next_dagrun for 06_multi_extract to 2026-04-13 00:00:00+00:00, run_after=2026-04-14 00:00:00+00:00
[2026-04-13T10:56:29.486+0900] {processor.py:208} INFO - Processing /opt/airflow/dags/06_mysql_extract.py took 0.087 seconds
[2026-04-13T10:56:59.753+0900] {processor.py:186} INFO - Started process (PID=282) to work on /opt/airflow/dags/06_mysql_extract.py
[2026-04-13T10:56:59.754+0900] {processor.py:914} INFO - Processing file /opt/airflow/dags/06_mysql_extract.py for tasks to queue
[2026-04-13T10:56:59.756+0900] {logging_mixin.py:190} INFO - [2026-04-13T10:56:59.756+0900] {dagbag.py:587} INFO - Filling up the DagBag from /opt/airflow/dags/06_mysql_extract.py
[2026-04-13T10:56:59.783+0900] {processor.py:925} INFO - DAG(s) '06_multi_extract' retrieved from /opt/airflow/dags/06_mysql_extract.py
[2026-04-13T10:56:59.802+0900] {logging_mixin.py:190} INFO - [2026-04-13T10:56:59.802+0900] {dag.py:3211} INFO - Sync 1 DAGs
[2026-04-13T10:56:59.819+0900] {logging_mixin.py:190} INFO - [2026-04-13T10:56:59.819+0900] {dag.py:4138} INFO - Setting next_dagrun for 06_multi_extract to 2026-04-13 00:00:00+00:00, run_after=2026-04-14 00:00:00+00:00
[2026-04-13T10:56:59.841+0900] {processor.py:208} INFO - Processing /opt/airflow/dags/06_mysql_extract.py took 0.093 seconds
[2026-04-13T10:57:30.157+0900] {processor.py:186} INFO - Started process (PID=299) to work on /opt/airflow/dags/06_mysql_extract.py
[2026-04-13T10:57:30.158+0900] {processor.py:914} INFO - Processing file /opt/airflow/dags/06_mysql_extract.py for tasks to queue
[2026-04-13T10:57:30.160+0900] {logging_mixin.py:190} INFO - [2026-04-13T10:57:30.160+0900] {dagbag.py:587} INFO - Filling up the DagBag from /opt/airflow/dags/06_mysql_extract.py
[2026-04-13T10:57:30.193+0900] {processor.py:925} INFO - DAG(s) '06_multi_extract' retrieved from /opt/airflow/dags/06_mysql_extract.py
[2026-04-13T10:57:30.213+0900] {logging_mixin.py:190} INFO - [2026-04-13T10:57:30.213+0900] {dag.py:3211} INFO - Sync 1 DAGs
[2026-04-13T10:57:30.232+0900] {logging_mixin.py:190} INFO - [2026-04-13T10:57:30.232+0900] {dag.py:4138} INFO - Setting next_dagrun for 06_multi_extract to 2026-04-13 00:00:00+00:00, run_after=2026-04-14 00:00:00+00:00
[2026-04-13T10:57:30.252+0900] {processor.py:208} INFO - Processing /opt/airflow/dags/06_mysql_extract.py took 0.100 seconds
[2026-04-13T10:58:00.551+0900] {processor.py:186} INFO - Started process (PID=316) to work on /opt/airflow/dags/06_mysql_extract.py
[2026-04-13T10:58:00.552+0900] {processor.py:914} INFO - Processing file /opt/airflow/dags/06_mysql_extract.py for tasks to queue
[2026-04-13T10:58:00.554+0900] {logging_mixin.py:190} INFO - [2026-04-13T10:58:00.554+0900] {dagbag.py:587} INFO - Filling up the DagBag from /opt/airflow/dags/06_mysql_extract.py
[2026-04-13T10:58:00.573+0900] {processor.py:925} INFO - DAG(s) '06_multi_extract' retrieved from /opt/airflow/dags/06_mysql_extract.py
[2026-04-13T10:58:00.591+0900] {logging_mixin.py:190} INFO - [2026-04-13T10:58:00.591+0900] {dag.py:3211} INFO - Sync 1 DAGs
[2026-04-13T10:58:00.608+0900] {logging_mixin.py:190} INFO - [2026-04-13T10:58:00.607+0900] {dag.py:4138} INFO - Setting next_dagrun for 06_multi_extract to 2026-04-13 00:00:00+00:00, run_after=2026-04-14 00:00:00+00:00
[2026-04-13T10:58:00.625+0900] {processor.py:208} INFO - Processing /opt/airflow/dags/06_mysql_extract.py took 0.079 seconds
[2026-04-13T10:58:20.905+0900] {processor.py:186} INFO - Started process (PID=317) to work on /opt/airflow/dags/06_mysql_extract.py
[2026-04-13T10:58:20.906+0900] {processor.py:914} INFO - Processing file /opt/airflow/dags/06_mysql_extract.py for tasks to queue
[2026-04-13T10:58:20.908+0900] {logging_mixin.py:190} INFO - [2026-04-13T10:58:20.908+0900] {dagbag.py:587} INFO - Filling up the DagBag from /opt/airflow/dags/06_mysql_extract.py
[2026-04-13T10:58:20.934+0900] {processor.py:925} INFO - DAG(s) '06_multi_extract' retrieved from /opt/airflow/dags/06_mysql_extract.py
[2026-04-13T10:58:20.953+0900] {logging_mixin.py:190} INFO - [2026-04-13T10:58:20.953+0900] {dag.py:3211} INFO - Sync 1 DAGs
[2026-04-13T10:58:20.970+0900] {logging_mixin.py:190} INFO - [2026-04-13T10:58:20.970+0900] {dag.py:4138} INFO - Setting next_dagrun for 06_multi_extract to 2026-04-13 00:00:00+00:00, run_after=2026-04-14 00:00:00+00:00
[2026-04-13T10:58:20.992+0900] {processor.py:208} INFO - Processing /opt/airflow/dags/06_mysql_extract.py took 0.092 seconds
[2026-04-13T10:58:51.297+0900] {processor.py:186} INFO - Started process (PID=334) to work on /opt/airflow/dags/06_mysql_extract.py
[2026-04-13T10:58:51.298+0900] {processor.py:914} INFO - Processing file /opt/airflow/dags/06_mysql_extract.py for tasks to queue
[2026-04-13T10:58:51.301+0900] {logging_mixin.py:190} INFO - [2026-04-13T10:58:51.301+0900] {dagbag.py:587} INFO - Filling up the DagBag from /opt/airflow/dags/06_mysql_extract.py
[2026-04-13T10:58:51.317+0900] {processor.py:925} INFO - DAG(s) '06_multi_extract' retrieved from /opt/airflow/dags/06_mysql_extract.py
[2026-04-13T10:58:51.335+0900] {logging_mixin.py:190} INFO - [2026-04-13T10:58:51.335+0900] {dag.py:3211} INFO - Sync 1 DAGs
[2026-04-13T10:58:51.352+0900] {logging_mixin.py:190} INFO - [2026-04-13T10:58:51.352+0900] {dag.py:4138} INFO - Setting next_dagrun for 06_multi_extract to 2026-04-13 00:00:00+00:00, run_after=2026-04-14 00:00:00+00:00
[2026-04-13T10:58:51.374+0900] {processor.py:208} INFO - Processing /opt/airflow/dags/06_mysql_extract.py took 0.082 seconds
[2026-04-13T10:59:21.577+0900] {processor.py:186} INFO - Started process (PID=351) to work on /opt/airflow/dags/06_mysql_extract.py
[2026-04-13T10:59:21.578+0900] {processor.py:914} INFO - Processing file /opt/airflow/dags/06_mysql_extract.py for tasks to queue
[2026-04-13T10:59:21.581+0900] {logging_mixin.py:190} INFO - [2026-04-13T10:59:21.581+0900] {dagbag.py:587} INFO - Filling up the DagBag from /opt/airflow/dags/06_mysql_extract.py
[2026-04-13T10:59:21.605+0900] {processor.py:925} INFO - DAG(s) '06_multi_extract' retrieved from /opt/airflow/dags/06_mysql_extract.py
[2026-04-13T10:59:21.630+0900] {logging_mixin.py:190} INFO - [2026-04-13T10:59:21.630+0900] {dag.py:3211} INFO - Sync 1 DAGs
[2026-04-13T10:59:21.650+0900] {logging_mixin.py:190} INFO - [2026-04-13T10:59:21.649+0900] {dag.py:4138} INFO - Setting next_dagrun for 06_multi_extract to 2026-04-13 00:00:00+00:00, run_after=2026-04-14 00:00:00+00:00
[2026-04-13T10:59:21.671+0900] {processor.py:208} INFO - Processing /opt/airflow/dags/06_mysql_extract.py took 0.099 seconds
[2026-04-13T10:59:52.028+0900] {processor.py:186} INFO - Started process (PID=369) to work on /opt/airflow/dags/06_mysql_extract.py
[2026-04-13T10:59:52.029+0900] {processor.py:914} INFO - Processing file /opt/airflow/dags/06_mysql_extract.py for tasks to queue
[2026-04-13T10:59:52.033+0900] {logging_mixin.py:190} INFO - [2026-04-13T10:59:52.032+0900] {dagbag.py:587} INFO - Filling up the DagBag from /opt/airflow/dags/06_mysql_extract.py
[2026-04-13T10:59:52.057+0900] {processor.py:925} INFO - DAG(s) '06_multi_extract' retrieved from /opt/airflow/dags/06_mysql_extract.py
[2026-04-13T10:59:52.076+0900] {logging_mixin.py:190} INFO - [2026-04-13T10:59:52.076+0900] {dag.py:3211} INFO - Sync 1 DAGs
[2026-04-13T10:59:52.094+0900] {logging_mixin.py:190} INFO - [2026-04-13T10:59:52.093+0900] {dag.py:4138} INFO - Setting next_dagrun for 06_multi_extract to 2026-04-13 00:00:00+00:00, run_after=2026-04-14 00:00:00+00:00
[2026-04-13T10:59:52.110+0900] {processor.py:208} INFO - Processing /opt/airflow/dags/06_mysql_extract.py took 0.087 seconds
[2026-04-13T11:00:22.436+0900] {processor.py:186} INFO - Started process (PID=392) to work on /opt/airflow/dags/06_mysql_extract.py
[2026-04-13T11:00:22.437+0900] {processor.py:914} INFO - Processing file /opt/airflow/dags/06_mysql_extract.py for tasks to queue
[2026-04-13T11:00:22.440+0900] {logging_mixin.py:190} INFO - [2026-04-13T11:00:22.440+0900] {dagbag.py:587} INFO - Filling up the DagBag from /opt/airflow/dags/06_mysql_extract.py
[2026-04-13T11:00:22.458+0900] {processor.py:925} INFO - DAG(s) '06_multi_extract' retrieved from /opt/airflow/dags/06_mysql_extract.py
[2026-04-13T11:00:22.479+0900] {logging_mixin.py:190} INFO - [2026-04-13T11:00:22.478+0900] {dag.py:3211} INFO - Sync 1 DAGs
[2026-04-13T11:00:22.498+0900] {logging_mixin.py:190} INFO - [2026-04-13T11:00:22.498+0900] {dag.py:4138} INFO - Setting next_dagrun for 06_multi_extract to 2026-04-13 00:00:00+00:00, run_after=2026-04-14 00:00:00+00:00
[2026-04-13T11:00:22.516+0900] {processor.py:208} INFO - Processing /opt/airflow/dags/06_mysql_extract.py took 0.085 seconds
[2026-04-13T11:00:33.634+0900] {processor.py:186} INFO - Started process (PID=403) to work on /opt/airflow/dags/06_mysql_extract.py
[2026-04-13T11:00:33.635+0900] {processor.py:914} INFO - Processing file /opt/airflow/dags/06_mysql_extract.py for tasks to queue
[2026-04-13T11:00:33.638+0900] {logging_mixin.py:190} INFO - [2026-04-13T11:00:33.637+0900] {dagbag.py:587} INFO - Filling up the DagBag from /opt/airflow/dags/06_mysql_extract.py
[2026-04-13T11:00:33.673+0900] {processor.py:925} INFO - DAG(s) '06_multi_extract' retrieved from /opt/airflow/dags/06_mysql_extract.py
[2026-04-13T11:00:33.827+0900] {logging_mixin.py:190} INFO - [2026-04-13T11:00:33.827+0900] {dag.py:3211} INFO - Sync 1 DAGs
[2026-04-13T11:00:33.844+0900] {logging_mixin.py:190} INFO - [2026-04-13T11:00:33.844+0900] {dag.py:4138} INFO - Setting next_dagrun for 06_multi_extract to 2026-04-13 00:00:00+00:00, run_after=2026-04-14 00:00:00+00:00
[2026-04-13T11:00:33.863+0900] {processor.py:208} INFO - Processing /opt/airflow/dags/06_mysql_extract.py took 0.234 seconds
[2026-04-13T11:00:47.992+0900] {processor.py:186} INFO - Started process (PID=404) to work on /opt/airflow/dags/06_mysql_extract.py
[2026-04-13T11:00:47.993+0900] {processor.py:914} INFO - Processing file /opt/airflow/dags/06_mysql_extract.py for tasks to queue
[2026-04-13T11:00:47.995+0900] {logging_mixin.py:190} INFO - [2026-04-13T11:00:47.995+0900] {dagbag.py:587} INFO - Filling up the DagBag from /opt/airflow/dags/06_mysql_extract.py
[2026-04-13T11:00:48.027+0900] {logging_mixin.py:190} INFO - [2026-04-13T11:00:48.022+0900] {dagbag.py:386} ERROR - Failed to import: /opt/airflow/dags/06_mysql_extract.py
Traceback (most recent call last):
  File "/home/airflow/.local/lib/python3.12/site-packages/airflow/models/dagbag.py", line 382, in parse
    loader.exec_module(new_module)
  File "<frozen importlib._bootstrap_external>", line 995, in exec_module
  File "<frozen importlib._bootstrap>", line 488, in _call_with_frames_removed
  File "/opt/airflow/dags/06_mysql_extract.py", line 29, in <module>
    with DAG(
         ^^^^
  File "/home/airflow/.local/lib/python3.12/site-packages/airflow/models/dag.py", line 591, in __init__
    validate_key(dag_id)
  File "/home/airflow/.local/lib/python3.12/site-packages/airflow/utils/helpers.py", line 57, in validate_key
    raise AirflowException(
airflow.exceptions.AirflowException: The key '06_multi(1)_extract' has to be made of alphanumeric characters, dashes, dots and underscores exclusively
[2026-04-13T11:00:48.028+0900] {processor.py:927} WARNING - No viable dags retrieved from /opt/airflow/dags/06_mysql_extract.py
[2026-04-13T11:00:48.054+0900] {processor.py:208} INFO - Processing /opt/airflow/dags/06_mysql_extract.py took 0.068 seconds
[2026-04-13T11:00:50.020+0900] {processor.py:186} INFO - Started process (PID=405) to work on /opt/airflow/dags/06_mysql_extract.py
[2026-04-13T11:00:50.021+0900] {processor.py:914} INFO - Processing file /opt/airflow/dags/06_mysql_extract.py for tasks to queue
[2026-04-13T11:00:50.025+0900] {logging_mixin.py:190} INFO - [2026-04-13T11:00:50.024+0900] {dagbag.py:587} INFO - Filling up the DagBag from /opt/airflow/dags/06_mysql_extract.py
[2026-04-13T11:00:50.050+0900] {logging_mixin.py:190} INFO - [2026-04-13T11:00:50.045+0900] {dagbag.py:386} ERROR - Failed to import: /opt/airflow/dags/06_mysql_extract.py
Traceback (most recent call last):
  File "/home/airflow/.local/lib/python3.12/site-packages/airflow/models/dagbag.py", line 382, in parse
    loader.exec_module(new_module)
  File "<frozen importlib._bootstrap_external>", line 995, in exec_module
  File "<frozen importlib._bootstrap>", line 488, in _call_with_frames_removed
  File "/opt/airflow/dags/06_mysql_extract.py", line 29, in <module>
    with DAG(
         ^^^^
  File "/home/airflow/.local/lib/python3.12/site-packages/airflow/models/dag.py", line 591, in __init__
    validate_key(dag_id)
  File "/home/airflow/.local/lib/python3.12/site-packages/airflow/utils/helpers.py", line 57, in validate_key
    raise AirflowException(
airflow.exceptions.AirflowException: The key '06_multi(1)_extract' has to be made of alphanumeric characters, dashes, dots and underscores exclusively
[2026-04-13T11:00:50.051+0900] {processor.py:927} WARNING - No viable dags retrieved from /opt/airflow/dags/06_mysql_extract.py
[2026-04-13T11:00:50.068+0900] {processor.py:208} INFO - Processing /opt/airflow/dags/06_mysql_extract.py took 0.054 seconds
[2026-04-13T11:01:09.113+0900] {processor.py:186} INFO - Started process (PID=424) to work on /opt/airflow/dags/06_mysql_extract.py
[2026-04-13T11:01:09.114+0900] {processor.py:914} INFO - Processing file /opt/airflow/dags/06_mysql_extract.py for tasks to queue
[2026-04-13T11:01:09.116+0900] {logging_mixin.py:190} INFO - [2026-04-13T11:01:09.116+0900] {dagbag.py:587} INFO - Filling up the DagBag from /opt/airflow/dags/06_mysql_extract.py
[2026-04-13T11:01:09.144+0900] {logging_mixin.py:190} INFO - [2026-04-13T11:01:09.140+0900] {dagbag.py:386} ERROR - Failed to import: /opt/airflow/dags/06_mysql_extract.py
Traceback (most recent call last):
  File "/home/airflow/.local/lib/python3.12/site-packages/airflow/models/dagbag.py", line 382, in parse
    loader.exec_module(new_module)
  File "<frozen importlib._bootstrap_external>", line 995, in exec_module
  File "<frozen importlib._bootstrap>", line 488, in _call_with_frames_removed
  File "/opt/airflow/dags/06_mysql_extract.py", line 29, in <module>
    with DAG(
         ^^^^
  File "/home/airflow/.local/lib/python3.12/site-packages/airflow/models/dag.py", line 591, in __init__
    validate_key(dag_id)
  File "/home/airflow/.local/lib/python3.12/site-packages/airflow/utils/helpers.py", line 57, in validate_key
    raise AirflowException(
airflow.exceptions.AirflowException: The key '06_multi(1)_extract' has to be made of alphanumeric characters, dashes, dots and underscores exclusively
[2026-04-13T11:01:09.145+0900] {processor.py:927} WARNING - No viable dags retrieved from /opt/airflow/dags/06_mysql_extract.py
[2026-04-13T11:01:09.165+0900] {processor.py:208} INFO - Processing /opt/airflow/dags/06_mysql_extract.py took 0.058 seconds
[2026-04-13T11:01:39.520+0900] {processor.py:186} INFO - Started process (PID=441) to work on /opt/airflow/dags/06_mysql_extract.py
[2026-04-13T11:01:39.521+0900] {processor.py:914} INFO - Processing file /opt/airflow/dags/06_mysql_extract.py for tasks to queue
[2026-04-13T11:01:39.523+0900] {logging_mixin.py:190} INFO - [2026-04-13T11:01:39.523+0900] {dagbag.py:587} INFO - Filling up the DagBag from /opt/airflow/dags/06_mysql_extract.py
[2026-04-13T11:01:39.539+0900] {logging_mixin.py:190} INFO - [2026-04-13T11:01:39.535+0900] {dagbag.py:386} ERROR - Failed to import: /opt/airflow/dags/06_mysql_extract.py
Traceback (most recent call last):
  File "/home/airflow/.local/lib/python3.12/site-packages/airflow/models/dagbag.py", line 382, in parse
    loader.exec_module(new_module)
  File "<frozen importlib._bootstrap_external>", line 995, in exec_module
  File "<frozen importlib._bootstrap>", line 488, in _call_with_frames_removed
  File "/opt/airflow/dags/06_mysql_extract.py", line 29, in <module>
    with DAG(
         ^^^^
  File "/home/airflow/.local/lib/python3.12/site-packages/airflow/models/dag.py", line 591, in __init__
    validate_key(dag_id)
  File "/home/airflow/.local/lib/python3.12/site-packages/airflow/utils/helpers.py", line 57, in validate_key
    raise AirflowException(
airflow.exceptions.AirflowException: The key '06_multi(1)_extract' has to be made of alphanumeric characters, dashes, dots and underscores exclusively
[2026-04-13T11:01:39.540+0900] {processor.py:927} WARNING - No viable dags retrieved from /opt/airflow/dags/06_mysql_extract.py
[2026-04-13T11:01:39.555+0900] {processor.py:208} INFO - Processing /opt/airflow/dags/06_mysql_extract.py took 0.040 seconds
[2026-04-13T11:02:09.642+0900] {processor.py:186} INFO - Started process (PID=458) to work on /opt/airflow/dags/06_mysql_extract.py
[2026-04-13T11:02:09.643+0900] {processor.py:914} INFO - Processing file /opt/airflow/dags/06_mysql_extract.py for tasks to queue
[2026-04-13T11:02:09.646+0900] {logging_mixin.py:190} INFO - [2026-04-13T11:02:09.646+0900] {dagbag.py:587} INFO - Filling up the DagBag from /opt/airflow/dags/06_mysql_extract.py
[2026-04-13T11:02:09.664+0900] {logging_mixin.py:190} INFO - [2026-04-13T11:02:09.659+0900] {dagbag.py:386} ERROR - Failed to import: /opt/airflow/dags/06_mysql_extract.py
Traceback (most recent call last):
  File "/home/airflow/.local/lib/python3.12/site-packages/airflow/models/dagbag.py", line 382, in parse
    loader.exec_module(new_module)
  File "<frozen importlib._bootstrap_external>", line 995, in exec_module
  File "<frozen importlib._bootstrap>", line 488, in _call_with_frames_removed
  File "/opt/airflow/dags/06_mysql_extract.py", line 29, in <module>
    with DAG(
         ^^^^
  File "/home/airflow/.local/lib/python3.12/site-packages/airflow/models/dag.py", line 591, in __init__
    validate_key(dag_id)
  File "/home/airflow/.local/lib/python3.12/site-packages/airflow/utils/helpers.py", line 57, in validate_key
    raise AirflowException(
airflow.exceptions.AirflowException: The key '06_multi(1)_extract' has to be made of alphanumeric characters, dashes, dots and underscores exclusively
[2026-04-13T11:02:09.665+0900] {processor.py:927} WARNING - No viable dags retrieved from /opt/airflow/dags/06_mysql_extract.py
[2026-04-13T11:02:09.679+0900] {processor.py:208} INFO - Processing /opt/airflow/dags/06_mysql_extract.py took 0.044 seconds
[2026-04-13T11:02:39.941+0900] {processor.py:186} INFO - Started process (PID=475) to work on /opt/airflow/dags/06_mysql_extract.py
[2026-04-13T11:02:39.942+0900] {processor.py:914} INFO - Processing file /opt/airflow/dags/06_mysql_extract.py for tasks to queue
[2026-04-13T11:02:39.943+0900] {logging_mixin.py:190} INFO - [2026-04-13T11:02:39.943+0900] {dagbag.py:587} INFO - Filling up the DagBag from /opt/airflow/dags/06_mysql_extract.py
[2026-04-13T11:02:39.956+0900] {logging_mixin.py:190} INFO - [2026-04-13T11:02:39.952+0900] {dagbag.py:386} ERROR - Failed to import: /opt/airflow/dags/06_mysql_extract.py
Traceback (most recent call last):
  File "/home/airflow/.local/lib/python3.12/site-packages/airflow/models/dagbag.py", line 382, in parse
    loader.exec_module(new_module)
  File "<frozen importlib._bootstrap_external>", line 995, in exec_module
  File "<frozen importlib._bootstrap>", line 488, in _call_with_frames_removed
  File "/opt/airflow/dags/06_mysql_extract.py", line 29, in <module>
    with DAG(
         ^^^^
  File "/home/airflow/.local/lib/python3.12/site-packages/airflow/models/dag.py", line 591, in __init__
    validate_key(dag_id)
  File "/home/airflow/.local/lib/python3.12/site-packages/airflow/utils/helpers.py", line 57, in validate_key
    raise AirflowException(
airflow.exceptions.AirflowException: The key '06_multi(1)_extract' has to be made of alphanumeric characters, dashes, dots and underscores exclusively
[2026-04-13T11:02:39.957+0900] {processor.py:927} WARNING - No viable dags retrieved from /opt/airflow/dags/06_mysql_extract.py
[2026-04-13T11:02:39.971+0900] {processor.py:208} INFO - Processing /opt/airflow/dags/06_mysql_extract.py took 0.035 seconds
