[2026-04-13T10:31:58.766+0900] {processor.py:186} INFO - Started process (PID=12674) to work on /opt/airflow/dags/06_mysql_transform.py
[2026-04-13T10:31:58.767+0900] {processor.py:914} INFO - Processing file /opt/airflow/dags/06_mysql_transform.py for tasks to queue
[2026-04-13T10:31:58.769+0900] {logging_mixin.py:190} INFO - [2026-04-13T10:31:58.768+0900] {dagbag.py:587} INFO - Filling up the DagBag from /opt/airflow/dags/06_mysql_transform.py
[2026-04-13T10:31:58.807+0900] {processor.py:925} INFO - DAG(s) '06_multi_transform' retrieved from /opt/airflow/dags/06_mysql_transform.py
[2026-04-13T10:31:58.873+0900] {logging_mixin.py:190} INFO - [2026-04-13T10:31:58.872+0900] {override.py:1858} INFO - Created Permission View: can delete on DAG:06_multi_transform
[2026-04-13T10:31:58.879+0900] {logging_mixin.py:190} INFO - [2026-04-13T10:31:58.879+0900] {override.py:1858} INFO - Created Permission View: can edit on DAG:06_multi_transform
[2026-04-13T10:31:58.883+0900] {logging_mixin.py:190} INFO - [2026-04-13T10:31:58.883+0900] {override.py:1858} INFO - Created Permission View: can read on DAG:06_multi_transform
[2026-04-13T10:31:58.884+0900] {logging_mixin.py:190} INFO - [2026-04-13T10:31:58.883+0900] {dag.py:3211} INFO - Sync 1 DAGs
[2026-04-13T10:31:58.891+0900] {logging_mixin.py:190} INFO - [2026-04-13T10:31:58.891+0900] {dag.py:3234} INFO - Creating ORM DAG for 06_multi_transform
[2026-04-13T10:31:58.897+0900] {logging_mixin.py:190} INFO - [2026-04-13T10:31:58.897+0900] {dag.py:4138} INFO - Setting next_dagrun for 06_multi_transform to None, run_after=None
[2026-04-13T10:31:59.223+0900] {logging_mixin.py:190} INFO - [2026-04-13T10:31:59.216+0900] {dagbag.py:697} ERROR - Failed to write serialized DAG: /opt/airflow/dags/06_mysql_transform.py
Traceback (most recent call last):
  File "/home/airflow/.local/lib/python3.12/site-packages/airflow/models/dagbag.py", line 685, in _serialize_dag_capturing_errors
    dag_was_updated = SerializedDagModel.write_dag(
                      ^^^^^^^^^^^^^^^^^^^^^^^^^^^^^
  File "/home/airflow/.local/lib/python3.12/site-packages/airflow/utils/session.py", line 94, in wrapper
    return func(*args, **kwargs)
           ^^^^^^^^^^^^^^^^^^^^^
  File "/home/airflow/.local/lib/python3.12/site-packages/airflow/models/serialized_dag.py", line 160, in write_dag
    if session.scalar(
       ^^^^^^^^^^^^^^^
  File "/home/airflow/.local/lib/python3.12/site-packages/sqlalchemy/orm/session.py", line 1747, in scalar
    return self.execute(
           ^^^^^^^^^^^^^
  File "/home/airflow/.local/lib/python3.12/site-packages/sqlalchemy/orm/session.py", line 1716, in execute
    conn = self._connection_for_bind(bind)
           ^^^^^^^^^^^^^^^^^^^^^^^^^^^^^^^
  File "/home/airflow/.local/lib/python3.12/site-packages/sqlalchemy/orm/session.py", line 1555, in _connection_for_bind
    return self._transaction._connection_for_bind(
           ^^^^^^^^^^^^^^^^^^^^^^^^^^^^^^^^^^^^^^^
  File "/home/airflow/.local/lib/python3.12/site-packages/sqlalchemy/orm/session.py", line 724, in _connection_for_bind
    self._assert_active()
  File "/home/airflow/.local/lib/python3.12/site-packages/sqlalchemy/orm/session.py", line 604, in _assert_active
    raise sa_exc.PendingRollbackError(
sqlalchemy.exc.PendingRollbackError: This Session's transaction has been rolled back due to a previous exception during flush. To begin a new transaction with this Session, first issue Session.rollback(). Original exception was: (psycopg2.errors.UniqueViolation) duplicate key value violates unique constraint "idx_uri_unique"
DETAIL:  Key (uri)=(/opt/airflow/dags/data/preprocessing_data.csv) already exists.

[SQL: INSERT INTO dataset (uri, extra, created_at, updated_at, is_orphaned) VALUES (%(uri)s, %(extra)s, %(created_at)s, %(updated_at)s, %(is_orphaned)s) RETURNING dataset.id]
[parameters: {'uri': '/opt/airflow/dags/data/preprocessing_data.csv', 'extra': '{}', 'created_at': datetime.datetime(2026, 4, 13, 1, 31, 58, 907207, tzinfo=Timezone('UTC')), 'updated_at': datetime.datetime(2026, 4, 13, 1, 31, 58, 907215, tzinfo=Timezone('UTC')), 'is_orphaned': False}]
(Background on this error at: https://sqlalche.me/e/14/gkpj) (Background on this error at: https://sqlalche.me/e/14/7s2a)
[2026-04-13T10:31:59.224+0900] {logging_mixin.py:190} INFO - [2026-04-13T10:31:59.224+0900] {dag.py:3211} INFO - Sync 1 DAGs
[2026-04-13T10:31:59.225+0900] {processor.py:211} ERROR - Got an exception! Propagating...
Traceback (most recent call last):
  File "/home/airflow/.local/lib/python3.12/site-packages/airflow/dag_processing/processor.py", line 207, in _run_file_processor
    _handle_dag_file_processing()
  File "/home/airflow/.local/lib/python3.12/site-packages/airflow/dag_processing/processor.py", line 188, in _handle_dag_file_processing
    result: tuple[int, int, int] = dag_file_processor.process_file(
                                   ^^^^^^^^^^^^^^^^^^^^^^^^^^^^^^^^
  File "/home/airflow/.local/lib/python3.12/site-packages/airflow/utils/session.py", line 97, in wrapper
    return func(*args, session=session, **kwargs)
           ^^^^^^^^^^^^^^^^^^^^^^^^^^^^^^^^^^^^^^
  File "/home/airflow/.local/lib/python3.12/site-packages/airflow/dag_processing/processor.py", line 942, in process_file
    serialize_errors = DagFileProcessor.save_dag_to_db(
                       ^^^^^^^^^^^^^^^^^^^^^^^^^^^^^^^^
  File "/home/airflow/.local/lib/python3.12/site-packages/airflow/api_internal/internal_api_call.py", line 139, in wrapper
    return func(*args, **kwargs)
           ^^^^^^^^^^^^^^^^^^^^^
  File "/home/airflow/.local/lib/python3.12/site-packages/airflow/utils/session.py", line 97, in wrapper
    return func(*args, session=session, **kwargs)
           ^^^^^^^^^^^^^^^^^^^^^^^^^^^^^^^^^^^^^^
  File "/home/airflow/.local/lib/python3.12/site-packages/airflow/dag_processing/processor.py", line 982, in save_dag_to_db
    import_errors = DagBag._sync_to_db(dags=dags, processor_subdir=dag_directory, session=session)
                    ^^^^^^^^^^^^^^^^^^^^^^^^^^^^^^^^^^^^^^^^^^^^^^^^^^^^^^^^^^^^^^^^^^^^^^^^^^^^^^
  File "/home/airflow/.local/lib/python3.12/site-packages/airflow/utils/session.py", line 94, in wrapper
    return func(*args, **kwargs)
           ^^^^^^^^^^^^^^^^^^^^^
  File "/home/airflow/.local/lib/python3.12/site-packages/airflow/models/dagbag.py", line 707, in _sync_to_db
    for attempt in run_with_db_retries(logger=log):
                   ^^^^^^^^^^^^^^^^^^^^^^^^^^^^^^^
  File "/home/airflow/.local/lib/python3.12/site-packages/tenacity/__init__.py", line 443, in __iter__
    do = self.iter(retry_state=retry_state)
         ^^^^^^^^^^^^^^^^^^^^^^^^^^^^^^^^^^
  File "/home/airflow/.local/lib/python3.12/site-packages/tenacity/__init__.py", line 376, in iter
    result = action(retry_state)
             ^^^^^^^^^^^^^^^^^^^
  File "/home/airflow/.local/lib/python3.12/site-packages/tenacity/__init__.py", line 398, in <lambda>
    self._add_action_func(lambda rs: rs.outcome.result())
                                     ^^^^^^^^^^^^^^^^^^^
  File "/usr/local/lib/python3.12/concurrent/futures/_base.py", line 449, in result
    return self.__get_result()
           ^^^^^^^^^^^^^^^^^^^
  File "/usr/local/lib/python3.12/concurrent/futures/_base.py", line 401, in __get_result
    raise self._exception
  File "/home/airflow/.local/lib/python3.12/site-packages/airflow/models/dagbag.py", line 723, in _sync_to_db
    DAG.bulk_write_to_db(dags.values(), processor_subdir=processor_subdir, session=session)
  File "/home/airflow/.local/lib/python3.12/site-packages/airflow/utils/session.py", line 94, in wrapper
    return func(*args, **kwargs)
           ^^^^^^^^^^^^^^^^^^^^^
  File "/home/airflow/.local/lib/python3.12/site-packages/airflow/models/dag.py", line 3224, in bulk_write_to_db
    orm_dags: list[DagModel] = session.scalars(query).unique().all()
                               ^^^^^^^^^^^^^^^^^^^^^^
  File "/home/airflow/.local/lib/python3.12/site-packages/sqlalchemy/orm/session.py", line 1778, in scalars
    return self.execute(
           ^^^^^^^^^^^^^
  File "/home/airflow/.local/lib/python3.12/site-packages/sqlalchemy/orm/session.py", line 1716, in execute
    conn = self._connection_for_bind(bind)
           ^^^^^^^^^^^^^^^^^^^^^^^^^^^^^^^
  File "/home/airflow/.local/lib/python3.12/site-packages/sqlalchemy/orm/session.py", line 1555, in _connection_for_bind
    return self._transaction._connection_for_bind(
           ^^^^^^^^^^^^^^^^^^^^^^^^^^^^^^^^^^^^^^^
  File "/home/airflow/.local/lib/python3.12/site-packages/sqlalchemy/orm/session.py", line 724, in _connection_for_bind
    self._assert_active()
  File "/home/airflow/.local/lib/python3.12/site-packages/sqlalchemy/orm/session.py", line 604, in _assert_active
    raise sa_exc.PendingRollbackError(
sqlalchemy.exc.PendingRollbackError: This Session's transaction has been rolled back due to a previous exception during flush. To begin a new transaction with this Session, first issue Session.rollback(). Original exception was: (psycopg2.errors.UniqueViolation) duplicate key value violates unique constraint "idx_uri_unique"
DETAIL:  Key (uri)=(/opt/airflow/dags/data/preprocessing_data.csv) already exists.

[SQL: INSERT INTO dataset (uri, extra, created_at, updated_at, is_orphaned) VALUES (%(uri)s, %(extra)s, %(created_at)s, %(updated_at)s, %(is_orphaned)s) RETURNING dataset.id]
[parameters: {'uri': '/opt/airflow/dags/data/preprocessing_data.csv', 'extra': '{}', 'created_at': datetime.datetime(2026, 4, 13, 1, 31, 58, 907207, tzinfo=Timezone('UTC')), 'updated_at': datetime.datetime(2026, 4, 13, 1, 31, 58, 907215, tzinfo=Timezone('UTC')), 'is_orphaned': False}]
(Background on this error at: https://sqlalche.me/e/14/gkpj) (Background on this error at: https://sqlalche.me/e/14/7s2a)
[2026-04-13T10:32:29.288+0900] {processor.py:186} INFO - Started process (PID=12745) to work on /opt/airflow/dags/06_mysql_transform.py
[2026-04-13T10:32:29.289+0900] {processor.py:914} INFO - Processing file /opt/airflow/dags/06_mysql_transform.py for tasks to queue
[2026-04-13T10:32:29.290+0900] {logging_mixin.py:190} INFO - [2026-04-13T10:32:29.290+0900] {dagbag.py:587} INFO - Filling up the DagBag from /opt/airflow/dags/06_mysql_transform.py
[2026-04-13T10:32:29.304+0900] {processor.py:925} INFO - DAG(s) '06_multi_transform' retrieved from /opt/airflow/dags/06_mysql_transform.py
[2026-04-13T10:32:29.319+0900] {logging_mixin.py:190} INFO - [2026-04-13T10:32:29.319+0900] {dag.py:3211} INFO - Sync 1 DAGs
[2026-04-13T10:32:29.329+0900] {logging_mixin.py:190} INFO - [2026-04-13T10:32:29.328+0900] {dag.py:3234} INFO - Creating ORM DAG for 06_multi_transform
[2026-04-13T10:32:29.335+0900] {logging_mixin.py:190} INFO - [2026-04-13T10:32:29.335+0900] {dag.py:4138} INFO - Setting next_dagrun for 06_multi_transform to None, run_after=None
[2026-04-13T10:32:29.353+0900] {processor.py:208} INFO - Processing /opt/airflow/dags/06_mysql_transform.py took 0.071 seconds
[2026-04-13T10:32:59.634+0900] {processor.py:186} INFO - Started process (PID=12814) to work on /opt/airflow/dags/06_mysql_transform.py
[2026-04-13T10:32:59.635+0900] {processor.py:914} INFO - Processing file /opt/airflow/dags/06_mysql_transform.py for tasks to queue
[2026-04-13T10:32:59.636+0900] {logging_mixin.py:190} INFO - [2026-04-13T10:32:59.636+0900] {dagbag.py:587} INFO - Filling up the DagBag from /opt/airflow/dags/06_mysql_transform.py
[2026-04-13T10:32:59.651+0900] {processor.py:925} INFO - DAG(s) '06_multi_transform' retrieved from /opt/airflow/dags/06_mysql_transform.py
[2026-04-13T10:32:59.668+0900] {logging_mixin.py:190} INFO - [2026-04-13T10:32:59.668+0900] {dag.py:3211} INFO - Sync 1 DAGs
[2026-04-13T10:32:59.685+0900] {logging_mixin.py:190} INFO - [2026-04-13T10:32:59.685+0900] {dag.py:4138} INFO - Setting next_dagrun for 06_multi_transform to None, run_after=None
[2026-04-13T10:32:59.704+0900] {processor.py:208} INFO - Processing /opt/airflow/dags/06_mysql_transform.py took 0.075 seconds
[2026-04-13T10:33:30.185+0900] {processor.py:186} INFO - Started process (PID=12884) to work on /opt/airflow/dags/06_mysql_transform.py
[2026-04-13T10:33:30.186+0900] {processor.py:914} INFO - Processing file /opt/airflow/dags/06_mysql_transform.py for tasks to queue
[2026-04-13T10:33:30.188+0900] {logging_mixin.py:190} INFO - [2026-04-13T10:33:30.187+0900] {dagbag.py:587} INFO - Filling up the DagBag from /opt/airflow/dags/06_mysql_transform.py
[2026-04-13T10:33:30.209+0900] {processor.py:925} INFO - DAG(s) '06_multi_transform' retrieved from /opt/airflow/dags/06_mysql_transform.py
[2026-04-13T10:33:30.226+0900] {logging_mixin.py:190} INFO - [2026-04-13T10:33:30.225+0900] {dag.py:3211} INFO - Sync 1 DAGs
[2026-04-13T10:33:30.243+0900] {logging_mixin.py:190} INFO - [2026-04-13T10:33:30.243+0900] {dag.py:4138} INFO - Setting next_dagrun for 06_multi_transform to None, run_after=None
[2026-04-13T10:33:30.263+0900] {processor.py:208} INFO - Processing /opt/airflow/dags/06_mysql_transform.py took 0.083 seconds
[2026-04-13T10:34:00.513+0900] {processor.py:186} INFO - Started process (PID=12954) to work on /opt/airflow/dags/06_mysql_transform.py
[2026-04-13T10:34:00.514+0900] {processor.py:914} INFO - Processing file /opt/airflow/dags/06_mysql_transform.py for tasks to queue
[2026-04-13T10:34:00.515+0900] {logging_mixin.py:190} INFO - [2026-04-13T10:34:00.515+0900] {dagbag.py:587} INFO - Filling up the DagBag from /opt/airflow/dags/06_mysql_transform.py
[2026-04-13T10:34:00.527+0900] {processor.py:925} INFO - DAG(s) '06_multi_transform' retrieved from /opt/airflow/dags/06_mysql_transform.py
[2026-04-13T10:34:00.542+0900] {logging_mixin.py:190} INFO - [2026-04-13T10:34:00.542+0900] {dag.py:3211} INFO - Sync 1 DAGs
[2026-04-13T10:34:00.557+0900] {logging_mixin.py:190} INFO - [2026-04-13T10:34:00.556+0900] {dag.py:4138} INFO - Setting next_dagrun for 06_multi_transform to None, run_after=None
[2026-04-13T10:34:00.575+0900] {processor.py:208} INFO - Processing /opt/airflow/dags/06_mysql_transform.py took 0.066 seconds
[2026-04-13T10:34:30.871+0900] {processor.py:186} INFO - Started process (PID=13024) to work on /opt/airflow/dags/06_mysql_transform.py
[2026-04-13T10:34:30.872+0900] {processor.py:914} INFO - Processing file /opt/airflow/dags/06_mysql_transform.py for tasks to queue
[2026-04-13T10:34:30.873+0900] {logging_mixin.py:190} INFO - [2026-04-13T10:34:30.873+0900] {dagbag.py:587} INFO - Filling up the DagBag from /opt/airflow/dags/06_mysql_transform.py
[2026-04-13T10:34:30.886+0900] {processor.py:925} INFO - DAG(s) '06_multi_transform' retrieved from /opt/airflow/dags/06_mysql_transform.py
[2026-04-13T10:34:30.900+0900] {logging_mixin.py:190} INFO - [2026-04-13T10:34:30.899+0900] {dag.py:3211} INFO - Sync 1 DAGs
[2026-04-13T10:34:30.914+0900] {logging_mixin.py:190} INFO - [2026-04-13T10:34:30.914+0900] {dag.py:4138} INFO - Setting next_dagrun for 06_multi_transform to None, run_after=None
[2026-04-13T10:34:30.934+0900] {processor.py:208} INFO - Processing /opt/airflow/dags/06_mysql_transform.py took 0.067 seconds
[2026-04-13T10:35:01.231+0900] {processor.py:186} INFO - Started process (PID=13095) to work on /opt/airflow/dags/06_mysql_transform.py
[2026-04-13T10:35:01.232+0900] {processor.py:914} INFO - Processing file /opt/airflow/dags/06_mysql_transform.py for tasks to queue
[2026-04-13T10:35:01.234+0900] {logging_mixin.py:190} INFO - [2026-04-13T10:35:01.233+0900] {dagbag.py:587} INFO - Filling up the DagBag from /opt/airflow/dags/06_mysql_transform.py
[2026-04-13T10:35:01.260+0900] {processor.py:925} INFO - DAG(s) '06_multi_transform' retrieved from /opt/airflow/dags/06_mysql_transform.py
[2026-04-13T10:35:01.276+0900] {logging_mixin.py:190} INFO - [2026-04-13T10:35:01.276+0900] {dag.py:3211} INFO - Sync 1 DAGs
[2026-04-13T10:35:01.293+0900] {logging_mixin.py:190} INFO - [2026-04-13T10:35:01.292+0900] {dag.py:4138} INFO - Setting next_dagrun for 06_multi_transform to None, run_after=None
[2026-04-13T10:35:01.316+0900] {processor.py:208} INFO - Processing /opt/airflow/dags/06_mysql_transform.py took 0.092 seconds
[2026-04-13T10:35:31.713+0900] {processor.py:186} INFO - Started process (PID=13165) to work on /opt/airflow/dags/06_mysql_transform.py
[2026-04-13T10:35:31.714+0900] {processor.py:914} INFO - Processing file /opt/airflow/dags/06_mysql_transform.py for tasks to queue
[2026-04-13T10:35:31.716+0900] {logging_mixin.py:190} INFO - [2026-04-13T10:35:31.716+0900] {dagbag.py:587} INFO - Filling up the DagBag from /opt/airflow/dags/06_mysql_transform.py
[2026-04-13T10:35:31.747+0900] {processor.py:925} INFO - DAG(s) '06_multi_transform' retrieved from /opt/airflow/dags/06_mysql_transform.py
[2026-04-13T10:35:31.763+0900] {logging_mixin.py:190} INFO - [2026-04-13T10:35:31.763+0900] {dag.py:3211} INFO - Sync 1 DAGs
[2026-04-13T10:35:31.782+0900] {logging_mixin.py:190} INFO - [2026-04-13T10:35:31.781+0900] {dag.py:4138} INFO - Setting next_dagrun for 06_multi_transform to None, run_after=None
[2026-04-13T10:35:31.800+0900] {processor.py:208} INFO - Processing /opt/airflow/dags/06_mysql_transform.py took 0.092 seconds
[2026-04-13T10:36:02.282+0900] {processor.py:186} INFO - Started process (PID=13234) to work on /opt/airflow/dags/06_mysql_transform.py
[2026-04-13T10:36:02.283+0900] {processor.py:914} INFO - Processing file /opt/airflow/dags/06_mysql_transform.py for tasks to queue
[2026-04-13T10:36:02.284+0900] {logging_mixin.py:190} INFO - [2026-04-13T10:36:02.284+0900] {dagbag.py:587} INFO - Filling up the DagBag from /opt/airflow/dags/06_mysql_transform.py
[2026-04-13T10:36:02.296+0900] {processor.py:925} INFO - DAG(s) '06_multi_transform' retrieved from /opt/airflow/dags/06_mysql_transform.py
[2026-04-13T10:36:02.310+0900] {logging_mixin.py:190} INFO - [2026-04-13T10:36:02.310+0900] {dag.py:3211} INFO - Sync 1 DAGs
[2026-04-13T10:36:02.326+0900] {logging_mixin.py:190} INFO - [2026-04-13T10:36:02.325+0900] {dag.py:4138} INFO - Setting next_dagrun for 06_multi_transform to None, run_after=None
[2026-04-13T10:36:02.349+0900] {processor.py:208} INFO - Processing /opt/airflow/dags/06_mysql_transform.py took 0.071 seconds
[2026-04-13T10:36:32.690+0900] {processor.py:186} INFO - Started process (PID=13304) to work on /opt/airflow/dags/06_mysql_transform.py
[2026-04-13T10:36:32.691+0900] {processor.py:914} INFO - Processing file /opt/airflow/dags/06_mysql_transform.py for tasks to queue
[2026-04-13T10:36:32.692+0900] {logging_mixin.py:190} INFO - [2026-04-13T10:36:32.692+0900] {dagbag.py:587} INFO - Filling up the DagBag from /opt/airflow/dags/06_mysql_transform.py
[2026-04-13T10:36:32.703+0900] {processor.py:925} INFO - DAG(s) '06_multi_transform' retrieved from /opt/airflow/dags/06_mysql_transform.py
[2026-04-13T10:36:32.718+0900] {logging_mixin.py:190} INFO - [2026-04-13T10:36:32.718+0900] {dag.py:3211} INFO - Sync 1 DAGs
[2026-04-13T10:36:32.732+0900] {logging_mixin.py:190} INFO - [2026-04-13T10:36:32.732+0900] {dag.py:4138} INFO - Setting next_dagrun for 06_multi_transform to None, run_after=None
[2026-04-13T10:36:32.750+0900] {processor.py:208} INFO - Processing /opt/airflow/dags/06_mysql_transform.py took 0.064 seconds
[2026-04-13T10:37:03.168+0900] {processor.py:186} INFO - Started process (PID=13374) to work on /opt/airflow/dags/06_mysql_transform.py
[2026-04-13T10:37:03.169+0900] {processor.py:914} INFO - Processing file /opt/airflow/dags/06_mysql_transform.py for tasks to queue
[2026-04-13T10:37:03.169+0900] {logging_mixin.py:190} INFO - [2026-04-13T10:37:03.169+0900] {dagbag.py:587} INFO - Filling up the DagBag from /opt/airflow/dags/06_mysql_transform.py
[2026-04-13T10:37:03.181+0900] {processor.py:925} INFO - DAG(s) '06_multi_transform' retrieved from /opt/airflow/dags/06_mysql_transform.py
[2026-04-13T10:37:03.194+0900] {logging_mixin.py:190} INFO - [2026-04-13T10:37:03.194+0900] {dag.py:3211} INFO - Sync 1 DAGs
[2026-04-13T10:37:03.209+0900] {logging_mixin.py:190} INFO - [2026-04-13T10:37:03.208+0900] {dag.py:4138} INFO - Setting next_dagrun for 06_multi_transform to None, run_after=None
[2026-04-13T10:37:03.226+0900] {processor.py:208} INFO - Processing /opt/airflow/dags/06_mysql_transform.py took 0.063 seconds
[2026-04-13T10:37:33.670+0900] {processor.py:186} INFO - Started process (PID=13444) to work on /opt/airflow/dags/06_mysql_transform.py
[2026-04-13T10:37:33.671+0900] {processor.py:914} INFO - Processing file /opt/airflow/dags/06_mysql_transform.py for tasks to queue
[2026-04-13T10:37:33.672+0900] {logging_mixin.py:190} INFO - [2026-04-13T10:37:33.672+0900] {dagbag.py:587} INFO - Filling up the DagBag from /opt/airflow/dags/06_mysql_transform.py
[2026-04-13T10:37:33.686+0900] {processor.py:925} INFO - DAG(s) '06_multi_transform' retrieved from /opt/airflow/dags/06_mysql_transform.py
[2026-04-13T10:37:33.701+0900] {logging_mixin.py:190} INFO - [2026-04-13T10:37:33.701+0900] {dag.py:3211} INFO - Sync 1 DAGs
[2026-04-13T10:37:33.716+0900] {logging_mixin.py:190} INFO - [2026-04-13T10:37:33.716+0900] {dag.py:4138} INFO - Setting next_dagrun for 06_multi_transform to None, run_after=None
[2026-04-13T10:37:33.733+0900] {processor.py:208} INFO - Processing /opt/airflow/dags/06_mysql_transform.py took 0.068 seconds
[2026-04-13T10:38:04.206+0900] {processor.py:186} INFO - Started process (PID=13513) to work on /opt/airflow/dags/06_mysql_transform.py
[2026-04-13T10:38:04.207+0900] {processor.py:914} INFO - Processing file /opt/airflow/dags/06_mysql_transform.py for tasks to queue
[2026-04-13T10:38:04.208+0900] {logging_mixin.py:190} INFO - [2026-04-13T10:38:04.208+0900] {dagbag.py:587} INFO - Filling up the DagBag from /opt/airflow/dags/06_mysql_transform.py
[2026-04-13T10:38:04.220+0900] {processor.py:925} INFO - DAG(s) '06_multi_transform' retrieved from /opt/airflow/dags/06_mysql_transform.py
[2026-04-13T10:38:04.235+0900] {logging_mixin.py:190} INFO - [2026-04-13T10:38:04.234+0900] {dag.py:3211} INFO - Sync 1 DAGs
[2026-04-13T10:38:04.249+0900] {logging_mixin.py:190} INFO - [2026-04-13T10:38:04.249+0900] {dag.py:4138} INFO - Setting next_dagrun for 06_multi_transform to None, run_after=None
[2026-04-13T10:38:04.265+0900] {processor.py:208} INFO - Processing /opt/airflow/dags/06_mysql_transform.py took 0.063 seconds
[2026-04-13T10:38:34.479+0900] {processor.py:186} INFO - Started process (PID=13583) to work on /opt/airflow/dags/06_mysql_transform.py
[2026-04-13T10:38:34.480+0900] {processor.py:914} INFO - Processing file /opt/airflow/dags/06_mysql_transform.py for tasks to queue
[2026-04-13T10:38:34.481+0900] {logging_mixin.py:190} INFO - [2026-04-13T10:38:34.481+0900] {dagbag.py:587} INFO - Filling up the DagBag from /opt/airflow/dags/06_mysql_transform.py
[2026-04-13T10:38:34.495+0900] {processor.py:925} INFO - DAG(s) '06_multi_transform' retrieved from /opt/airflow/dags/06_mysql_transform.py
[2026-04-13T10:38:34.510+0900] {logging_mixin.py:190} INFO - [2026-04-13T10:38:34.510+0900] {dag.py:3211} INFO - Sync 1 DAGs
[2026-04-13T10:38:34.525+0900] {logging_mixin.py:190} INFO - [2026-04-13T10:38:34.525+0900] {dag.py:4138} INFO - Setting next_dagrun for 06_multi_transform to None, run_after=None
[2026-04-13T10:38:34.543+0900] {processor.py:208} INFO - Processing /opt/airflow/dags/06_mysql_transform.py took 0.068 seconds
[2026-04-13T10:39:04.780+0900] {processor.py:186} INFO - Started process (PID=13653) to work on /opt/airflow/dags/06_mysql_transform.py
[2026-04-13T10:39:04.781+0900] {processor.py:914} INFO - Processing file /opt/airflow/dags/06_mysql_transform.py for tasks to queue
[2026-04-13T10:39:04.782+0900] {logging_mixin.py:190} INFO - [2026-04-13T10:39:04.781+0900] {dagbag.py:587} INFO - Filling up the DagBag from /opt/airflow/dags/06_mysql_transform.py
[2026-04-13T10:39:04.795+0900] {processor.py:925} INFO - DAG(s) '06_multi_transform' retrieved from /opt/airflow/dags/06_mysql_transform.py
[2026-04-13T10:39:04.809+0900] {logging_mixin.py:190} INFO - [2026-04-13T10:39:04.809+0900] {dag.py:3211} INFO - Sync 1 DAGs
[2026-04-13T10:39:04.824+0900] {logging_mixin.py:190} INFO - [2026-04-13T10:39:04.824+0900] {dag.py:4138} INFO - Setting next_dagrun for 06_multi_transform to None, run_after=None
[2026-04-13T10:39:04.847+0900] {processor.py:208} INFO - Processing /opt/airflow/dags/06_mysql_transform.py took 0.072 seconds
[2026-04-13T10:39:35.235+0900] {processor.py:186} INFO - Started process (PID=13729) to work on /opt/airflow/dags/06_mysql_transform.py
[2026-04-13T10:39:35.236+0900] {processor.py:914} INFO - Processing file /opt/airflow/dags/06_mysql_transform.py for tasks to queue
[2026-04-13T10:39:35.237+0900] {logging_mixin.py:190} INFO - [2026-04-13T10:39:35.237+0900] {dagbag.py:587} INFO - Filling up the DagBag from /opt/airflow/dags/06_mysql_transform.py
[2026-04-13T10:39:35.253+0900] {processor.py:925} INFO - DAG(s) '06_multi_transform' retrieved from /opt/airflow/dags/06_mysql_transform.py
[2026-04-13T10:39:35.268+0900] {logging_mixin.py:190} INFO - [2026-04-13T10:39:35.268+0900] {dag.py:3211} INFO - Sync 1 DAGs
[2026-04-13T10:39:35.284+0900] {logging_mixin.py:190} INFO - [2026-04-13T10:39:35.283+0900] {dag.py:4138} INFO - Setting next_dagrun for 06_multi_transform to None, run_after=None
[2026-04-13T10:39:35.299+0900] {processor.py:208} INFO - Processing /opt/airflow/dags/06_mysql_transform.py took 0.069 seconds
[2026-04-13T10:40:05.531+0900] {processor.py:186} INFO - Started process (PID=13799) to work on /opt/airflow/dags/06_mysql_transform.py
[2026-04-13T10:40:05.532+0900] {processor.py:914} INFO - Processing file /opt/airflow/dags/06_mysql_transform.py for tasks to queue
[2026-04-13T10:40:05.533+0900] {logging_mixin.py:190} INFO - [2026-04-13T10:40:05.533+0900] {dagbag.py:587} INFO - Filling up the DagBag from /opt/airflow/dags/06_mysql_transform.py
[2026-04-13T10:40:05.546+0900] {processor.py:925} INFO - DAG(s) '06_multi_transform' retrieved from /opt/airflow/dags/06_mysql_transform.py
[2026-04-13T10:40:05.561+0900] {logging_mixin.py:190} INFO - [2026-04-13T10:40:05.561+0900] {dag.py:3211} INFO - Sync 1 DAGs
[2026-04-13T10:40:05.577+0900] {logging_mixin.py:190} INFO - [2026-04-13T10:40:05.577+0900] {dag.py:4138} INFO - Setting next_dagrun for 06_multi_transform to None, run_after=None
[2026-04-13T10:40:05.595+0900] {processor.py:208} INFO - Processing /opt/airflow/dags/06_mysql_transform.py took 0.068 seconds
[2026-04-13T10:40:35.990+0900] {processor.py:186} INFO - Started process (PID=13869) to work on /opt/airflow/dags/06_mysql_transform.py
[2026-04-13T10:40:35.991+0900] {processor.py:914} INFO - Processing file /opt/airflow/dags/06_mysql_transform.py for tasks to queue
[2026-04-13T10:40:35.992+0900] {logging_mixin.py:190} INFO - [2026-04-13T10:40:35.992+0900] {dagbag.py:587} INFO - Filling up the DagBag from /opt/airflow/dags/06_mysql_transform.py
[2026-04-13T10:40:36.011+0900] {processor.py:925} INFO - DAG(s) '06_multi_transform' retrieved from /opt/airflow/dags/06_mysql_transform.py
[2026-04-13T10:40:36.030+0900] {logging_mixin.py:190} INFO - [2026-04-13T10:40:36.029+0900] {dag.py:3211} INFO - Sync 1 DAGs
[2026-04-13T10:40:36.048+0900] {logging_mixin.py:190} INFO - [2026-04-13T10:40:36.048+0900] {dag.py:4138} INFO - Setting next_dagrun for 06_multi_transform to None, run_after=None
[2026-04-13T10:40:36.067+0900] {processor.py:208} INFO - Processing /opt/airflow/dags/06_mysql_transform.py took 0.082 seconds
[2026-04-13T10:41:06.277+0900] {processor.py:186} INFO - Started process (PID=13939) to work on /opt/airflow/dags/06_mysql_transform.py
[2026-04-13T10:41:06.278+0900] {processor.py:914} INFO - Processing file /opt/airflow/dags/06_mysql_transform.py for tasks to queue
[2026-04-13T10:41:06.280+0900] {logging_mixin.py:190} INFO - [2026-04-13T10:41:06.279+0900] {dagbag.py:587} INFO - Filling up the DagBag from /opt/airflow/dags/06_mysql_transform.py
[2026-04-13T10:41:06.304+0900] {processor.py:925} INFO - DAG(s) '06_multi_transform' retrieved from /opt/airflow/dags/06_mysql_transform.py
[2026-04-13T10:41:06.325+0900] {logging_mixin.py:190} INFO - [2026-04-13T10:41:06.325+0900] {dag.py:3211} INFO - Sync 1 DAGs
[2026-04-13T10:41:06.344+0900] {logging_mixin.py:190} INFO - [2026-04-13T10:41:06.344+0900] {dag.py:4138} INFO - Setting next_dagrun for 06_multi_transform to None, run_after=None
[2026-04-13T10:41:06.368+0900] {processor.py:208} INFO - Processing /opt/airflow/dags/06_mysql_transform.py took 0.098 seconds
[2026-04-13T10:41:36.613+0900] {processor.py:186} INFO - Started process (PID=14009) to work on /opt/airflow/dags/06_mysql_transform.py
[2026-04-13T10:41:36.614+0900] {processor.py:914} INFO - Processing file /opt/airflow/dags/06_mysql_transform.py for tasks to queue
[2026-04-13T10:41:36.615+0900] {logging_mixin.py:190} INFO - [2026-04-13T10:41:36.614+0900] {dagbag.py:587} INFO - Filling up the DagBag from /opt/airflow/dags/06_mysql_transform.py
[2026-04-13T10:41:36.631+0900] {processor.py:925} INFO - DAG(s) '06_multi_transform' retrieved from /opt/airflow/dags/06_mysql_transform.py
[2026-04-13T10:41:36.648+0900] {logging_mixin.py:190} INFO - [2026-04-13T10:41:36.648+0900] {dag.py:3211} INFO - Sync 1 DAGs
[2026-04-13T10:41:36.666+0900] {logging_mixin.py:190} INFO - [2026-04-13T10:41:36.666+0900] {dag.py:4138} INFO - Setting next_dagrun for 06_multi_transform to None, run_after=None
[2026-04-13T10:41:36.689+0900] {processor.py:208} INFO - Processing /opt/airflow/dags/06_mysql_transform.py took 0.081 seconds
[2026-04-13T10:42:07.445+0900] {processor.py:186} INFO - Started process (PID=14079) to work on /opt/airflow/dags/06_mysql_transform.py
[2026-04-13T10:42:07.446+0900] {processor.py:914} INFO - Processing file /opt/airflow/dags/06_mysql_transform.py for tasks to queue
[2026-04-13T10:42:07.447+0900] {logging_mixin.py:190} INFO - [2026-04-13T10:42:07.447+0900] {dagbag.py:587} INFO - Filling up the DagBag from /opt/airflow/dags/06_mysql_transform.py
[2026-04-13T10:42:07.460+0900] {processor.py:925} INFO - DAG(s) '06_multi_transform' retrieved from /opt/airflow/dags/06_mysql_transform.py
[2026-04-13T10:42:07.474+0900] {logging_mixin.py:190} INFO - [2026-04-13T10:42:07.474+0900] {dag.py:3211} INFO - Sync 1 DAGs
[2026-04-13T10:42:07.489+0900] {logging_mixin.py:190} INFO - [2026-04-13T10:42:07.488+0900] {dag.py:4138} INFO - Setting next_dagrun for 06_multi_transform to None, run_after=None
[2026-04-13T10:42:07.507+0900] {processor.py:208} INFO - Processing /opt/airflow/dags/06_mysql_transform.py took 0.066 seconds
[2026-04-13T10:42:37.722+0900] {processor.py:186} INFO - Started process (PID=14149) to work on /opt/airflow/dags/06_mysql_transform.py
[2026-04-13T10:42:37.723+0900] {processor.py:914} INFO - Processing file /opt/airflow/dags/06_mysql_transform.py for tasks to queue
[2026-04-13T10:42:37.724+0900] {logging_mixin.py:190} INFO - [2026-04-13T10:42:37.724+0900] {dagbag.py:587} INFO - Filling up the DagBag from /opt/airflow/dags/06_mysql_transform.py
[2026-04-13T10:42:37.738+0900] {processor.py:925} INFO - DAG(s) '06_multi_transform' retrieved from /opt/airflow/dags/06_mysql_transform.py
[2026-04-13T10:42:37.756+0900] {logging_mixin.py:190} INFO - [2026-04-13T10:42:37.756+0900] {dag.py:3211} INFO - Sync 1 DAGs
[2026-04-13T10:42:37.774+0900] {logging_mixin.py:190} INFO - [2026-04-13T10:42:37.774+0900] {dag.py:4138} INFO - Setting next_dagrun for 06_multi_transform to None, run_after=None
[2026-04-13T10:42:37.793+0900] {processor.py:208} INFO - Processing /opt/airflow/dags/06_mysql_transform.py took 0.076 seconds
[2026-04-13T10:43:08.208+0900] {processor.py:186} INFO - Started process (PID=14219) to work on /opt/airflow/dags/06_mysql_transform.py
[2026-04-13T10:43:08.209+0900] {processor.py:914} INFO - Processing file /opt/airflow/dags/06_mysql_transform.py for tasks to queue
[2026-04-13T10:43:08.210+0900] {logging_mixin.py:190} INFO - [2026-04-13T10:43:08.210+0900] {dagbag.py:587} INFO - Filling up the DagBag from /opt/airflow/dags/06_mysql_transform.py
[2026-04-13T10:43:08.244+0900] {processor.py:925} INFO - DAG(s) '06_multi_transform' retrieved from /opt/airflow/dags/06_mysql_transform.py
[2026-04-13T10:43:08.261+0900] {logging_mixin.py:190} INFO - [2026-04-13T10:43:08.261+0900] {dag.py:3211} INFO - Sync 1 DAGs
[2026-04-13T10:43:08.276+0900] {logging_mixin.py:190} INFO - [2026-04-13T10:43:08.276+0900] {dag.py:4138} INFO - Setting next_dagrun for 06_multi_transform to None, run_after=None
[2026-04-13T10:43:08.299+0900] {processor.py:208} INFO - Processing /opt/airflow/dags/06_mysql_transform.py took 0.097 seconds
[2026-04-13T10:43:38.436+0900] {processor.py:186} INFO - Started process (PID=14289) to work on /opt/airflow/dags/06_mysql_transform.py
[2026-04-13T10:43:38.438+0900] {processor.py:914} INFO - Processing file /opt/airflow/dags/06_mysql_transform.py for tasks to queue
[2026-04-13T10:43:38.439+0900] {logging_mixin.py:190} INFO - [2026-04-13T10:43:38.439+0900] {dagbag.py:587} INFO - Filling up the DagBag from /opt/airflow/dags/06_mysql_transform.py
[2026-04-13T10:43:38.457+0900] {processor.py:925} INFO - DAG(s) '06_multi_transform' retrieved from /opt/airflow/dags/06_mysql_transform.py
[2026-04-13T10:43:38.475+0900] {logging_mixin.py:190} INFO - [2026-04-13T10:43:38.475+0900] {dag.py:3211} INFO - Sync 1 DAGs
[2026-04-13T10:43:38.494+0900] {logging_mixin.py:190} INFO - [2026-04-13T10:43:38.494+0900] {dag.py:4138} INFO - Setting next_dagrun for 06_multi_transform to None, run_after=None
[2026-04-13T10:43:38.518+0900] {processor.py:208} INFO - Processing /opt/airflow/dags/06_mysql_transform.py took 0.087 seconds
[2026-04-13T10:44:08.795+0900] {processor.py:186} INFO - Started process (PID=14359) to work on /opt/airflow/dags/06_mysql_transform.py
[2026-04-13T10:44:08.796+0900] {processor.py:914} INFO - Processing file /opt/airflow/dags/06_mysql_transform.py for tasks to queue
[2026-04-13T10:44:08.797+0900] {logging_mixin.py:190} INFO - [2026-04-13T10:44:08.797+0900] {dagbag.py:587} INFO - Filling up the DagBag from /opt/airflow/dags/06_mysql_transform.py
[2026-04-13T10:44:08.809+0900] {processor.py:925} INFO - DAG(s) '06_multi_transform' retrieved from /opt/airflow/dags/06_mysql_transform.py
[2026-04-13T10:44:08.824+0900] {logging_mixin.py:190} INFO - [2026-04-13T10:44:08.823+0900] {dag.py:3211} INFO - Sync 1 DAGs
[2026-04-13T10:44:08.842+0900] {logging_mixin.py:190} INFO - [2026-04-13T10:44:08.842+0900] {dag.py:4138} INFO - Setting next_dagrun for 06_multi_transform to None, run_after=None
[2026-04-13T10:44:08.867+0900] {processor.py:208} INFO - Processing /opt/airflow/dags/06_mysql_transform.py took 0.077 seconds
[2026-04-13T10:44:39.309+0900] {processor.py:186} INFO - Started process (PID=14429) to work on /opt/airflow/dags/06_mysql_transform.py
[2026-04-13T10:44:39.310+0900] {processor.py:914} INFO - Processing file /opt/airflow/dags/06_mysql_transform.py for tasks to queue
[2026-04-13T10:44:39.311+0900] {logging_mixin.py:190} INFO - [2026-04-13T10:44:39.311+0900] {dagbag.py:587} INFO - Filling up the DagBag from /opt/airflow/dags/06_mysql_transform.py
[2026-04-13T10:44:39.337+0900] {processor.py:925} INFO - DAG(s) '06_multi_transform' retrieved from /opt/airflow/dags/06_mysql_transform.py
[2026-04-13T10:44:39.352+0900] {logging_mixin.py:190} INFO - [2026-04-13T10:44:39.352+0900] {dag.py:3211} INFO - Sync 1 DAGs
[2026-04-13T10:44:39.367+0900] {logging_mixin.py:190} INFO - [2026-04-13T10:44:39.367+0900] {dag.py:4138} INFO - Setting next_dagrun for 06_multi_transform to None, run_after=None
[2026-04-13T10:44:39.384+0900] {processor.py:208} INFO - Processing /opt/airflow/dags/06_mysql_transform.py took 0.080 seconds
[2026-04-13T10:45:09.649+0900] {processor.py:186} INFO - Started process (PID=14499) to work on /opt/airflow/dags/06_mysql_transform.py
[2026-04-13T10:45:09.650+0900] {processor.py:914} INFO - Processing file /opt/airflow/dags/06_mysql_transform.py for tasks to queue
[2026-04-13T10:45:09.651+0900] {logging_mixin.py:190} INFO - [2026-04-13T10:45:09.651+0900] {dagbag.py:587} INFO - Filling up the DagBag from /opt/airflow/dags/06_mysql_transform.py
[2026-04-13T10:45:09.665+0900] {processor.py:925} INFO - DAG(s) '06_multi_transform' retrieved from /opt/airflow/dags/06_mysql_transform.py
[2026-04-13T10:45:09.681+0900] {logging_mixin.py:190} INFO - [2026-04-13T10:45:09.681+0900] {dag.py:3211} INFO - Sync 1 DAGs
[2026-04-13T10:45:09.696+0900] {logging_mixin.py:190} INFO - [2026-04-13T10:45:09.695+0900] {dag.py:4138} INFO - Setting next_dagrun for 06_multi_transform to None, run_after=None
[2026-04-13T10:45:09.715+0900] {processor.py:208} INFO - Processing /opt/airflow/dags/06_mysql_transform.py took 0.070 seconds
[2026-04-13T10:45:39.976+0900] {processor.py:186} INFO - Started process (PID=14569) to work on /opt/airflow/dags/06_mysql_transform.py
[2026-04-13T10:45:39.977+0900] {processor.py:914} INFO - Processing file /opt/airflow/dags/06_mysql_transform.py for tasks to queue
[2026-04-13T10:45:39.978+0900] {logging_mixin.py:190} INFO - [2026-04-13T10:45:39.978+0900] {dagbag.py:587} INFO - Filling up the DagBag from /opt/airflow/dags/06_mysql_transform.py
[2026-04-13T10:45:39.994+0900] {processor.py:925} INFO - DAG(s) '06_multi_transform' retrieved from /opt/airflow/dags/06_mysql_transform.py
[2026-04-13T10:45:40.009+0900] {logging_mixin.py:190} INFO - [2026-04-13T10:45:40.009+0900] {dag.py:3211} INFO - Sync 1 DAGs
[2026-04-13T10:45:40.025+0900] {logging_mixin.py:190} INFO - [2026-04-13T10:45:40.025+0900] {dag.py:4138} INFO - Setting next_dagrun for 06_multi_transform to None, run_after=None
[2026-04-13T10:45:40.047+0900] {processor.py:208} INFO - Processing /opt/airflow/dags/06_mysql_transform.py took 0.076 seconds
[2026-04-13T10:46:10.599+0900] {processor.py:186} INFO - Started process (PID=14639) to work on /opt/airflow/dags/06_mysql_transform.py
[2026-04-13T10:46:10.599+0900] {processor.py:914} INFO - Processing file /opt/airflow/dags/06_mysql_transform.py for tasks to queue
[2026-04-13T10:46:10.601+0900] {logging_mixin.py:190} INFO - [2026-04-13T10:46:10.601+0900] {dagbag.py:587} INFO - Filling up the DagBag from /opt/airflow/dags/06_mysql_transform.py
[2026-04-13T10:46:10.615+0900] {processor.py:925} INFO - DAG(s) '06_multi_transform' retrieved from /opt/airflow/dags/06_mysql_transform.py
[2026-04-13T10:46:10.636+0900] {logging_mixin.py:190} INFO - [2026-04-13T10:46:10.636+0900] {dag.py:3211} INFO - Sync 1 DAGs
[2026-04-13T10:46:10.653+0900] {logging_mixin.py:190} INFO - [2026-04-13T10:46:10.653+0900] {dag.py:4138} INFO - Setting next_dagrun for 06_multi_transform to None, run_after=None
[2026-04-13T10:46:10.671+0900] {processor.py:208} INFO - Processing /opt/airflow/dags/06_mysql_transform.py took 0.077 seconds
[2026-04-13T10:46:41.326+0900] {processor.py:186} INFO - Started process (PID=14709) to work on /opt/airflow/dags/06_mysql_transform.py
[2026-04-13T10:46:41.327+0900] {processor.py:914} INFO - Processing file /opt/airflow/dags/06_mysql_transform.py for tasks to queue
[2026-04-13T10:46:41.329+0900] {logging_mixin.py:190} INFO - [2026-04-13T10:46:41.329+0900] {dagbag.py:587} INFO - Filling up the DagBag from /opt/airflow/dags/06_mysql_transform.py
[2026-04-13T10:46:41.344+0900] {processor.py:925} INFO - DAG(s) '06_multi_transform' retrieved from /opt/airflow/dags/06_mysql_transform.py
[2026-04-13T10:46:41.359+0900] {logging_mixin.py:190} INFO - [2026-04-13T10:46:41.358+0900] {dag.py:3211} INFO - Sync 1 DAGs
[2026-04-13T10:46:41.374+0900] {logging_mixin.py:190} INFO - [2026-04-13T10:46:41.373+0900] {dag.py:4138} INFO - Setting next_dagrun for 06_multi_transform to None, run_after=None
[2026-04-13T10:46:41.390+0900] {processor.py:208} INFO - Processing /opt/airflow/dags/06_mysql_transform.py took 0.068 seconds
[2026-04-13T10:47:12.120+0900] {processor.py:186} INFO - Started process (PID=14779) to work on /opt/airflow/dags/06_mysql_transform.py
[2026-04-13T10:47:12.121+0900] {processor.py:914} INFO - Processing file /opt/airflow/dags/06_mysql_transform.py for tasks to queue
[2026-04-13T10:47:12.123+0900] {logging_mixin.py:190} INFO - [2026-04-13T10:47:12.122+0900] {dagbag.py:587} INFO - Filling up the DagBag from /opt/airflow/dags/06_mysql_transform.py
[2026-04-13T10:47:12.136+0900] {processor.py:925} INFO - DAG(s) '06_multi_transform' retrieved from /opt/airflow/dags/06_mysql_transform.py
[2026-04-13T10:47:12.153+0900] {logging_mixin.py:190} INFO - [2026-04-13T10:47:12.153+0900] {dag.py:3211} INFO - Sync 1 DAGs
[2026-04-13T10:47:12.170+0900] {logging_mixin.py:190} INFO - [2026-04-13T10:47:12.170+0900] {dag.py:4138} INFO - Setting next_dagrun for 06_multi_transform to None, run_after=None
[2026-04-13T10:47:12.188+0900] {processor.py:208} INFO - Processing /opt/airflow/dags/06_mysql_transform.py took 0.073 seconds
[2026-04-13T10:47:42.546+0900] {processor.py:186} INFO - Started process (PID=14849) to work on /opt/airflow/dags/06_mysql_transform.py
[2026-04-13T10:47:42.548+0900] {processor.py:914} INFO - Processing file /opt/airflow/dags/06_mysql_transform.py for tasks to queue
[2026-04-13T10:47:42.549+0900] {logging_mixin.py:190} INFO - [2026-04-13T10:47:42.549+0900] {dagbag.py:587} INFO - Filling up the DagBag from /opt/airflow/dags/06_mysql_transform.py
[2026-04-13T10:47:42.573+0900] {processor.py:925} INFO - DAG(s) '06_multi_transform' retrieved from /opt/airflow/dags/06_mysql_transform.py
[2026-04-13T10:47:42.589+0900] {logging_mixin.py:190} INFO - [2026-04-13T10:47:42.589+0900] {dag.py:3211} INFO - Sync 1 DAGs
[2026-04-13T10:47:42.606+0900] {logging_mixin.py:190} INFO - [2026-04-13T10:47:42.605+0900] {dag.py:4138} INFO - Setting next_dagrun for 06_multi_transform to None, run_after=None
[2026-04-13T10:47:42.623+0900] {processor.py:208} INFO - Processing /opt/airflow/dags/06_mysql_transform.py took 0.081 seconds
[2026-04-13T10:48:12.804+0900] {processor.py:186} INFO - Started process (PID=14919) to work on /opt/airflow/dags/06_mysql_transform.py
[2026-04-13T10:48:12.805+0900] {processor.py:914} INFO - Processing file /opt/airflow/dags/06_mysql_transform.py for tasks to queue
[2026-04-13T10:48:12.806+0900] {logging_mixin.py:190} INFO - [2026-04-13T10:48:12.806+0900] {dagbag.py:587} INFO - Filling up the DagBag from /opt/airflow/dags/06_mysql_transform.py
[2026-04-13T10:48:12.819+0900] {processor.py:925} INFO - DAG(s) '06_multi_transform' retrieved from /opt/airflow/dags/06_mysql_transform.py
[2026-04-13T10:48:12.833+0900] {logging_mixin.py:190} INFO - [2026-04-13T10:48:12.833+0900] {dag.py:3211} INFO - Sync 1 DAGs
[2026-04-13T10:48:12.848+0900] {logging_mixin.py:190} INFO - [2026-04-13T10:48:12.848+0900] {dag.py:4138} INFO - Setting next_dagrun for 06_multi_transform to None, run_after=None
[2026-04-13T10:48:12.866+0900] {processor.py:208} INFO - Processing /opt/airflow/dags/06_mysql_transform.py took 0.067 seconds
[2026-04-13T10:48:43.099+0900] {processor.py:186} INFO - Started process (PID=14990) to work on /opt/airflow/dags/06_mysql_transform.py
[2026-04-13T10:48:43.100+0900] {processor.py:914} INFO - Processing file /opt/airflow/dags/06_mysql_transform.py for tasks to queue
[2026-04-13T10:48:43.101+0900] {logging_mixin.py:190} INFO - [2026-04-13T10:48:43.101+0900] {dagbag.py:587} INFO - Filling up the DagBag from /opt/airflow/dags/06_mysql_transform.py
[2026-04-13T10:48:43.113+0900] {processor.py:925} INFO - DAG(s) '06_multi_transform' retrieved from /opt/airflow/dags/06_mysql_transform.py
[2026-04-13T10:48:43.128+0900] {logging_mixin.py:190} INFO - [2026-04-13T10:48:43.128+0900] {dag.py:3211} INFO - Sync 1 DAGs
[2026-04-13T10:48:43.142+0900] {logging_mixin.py:190} INFO - [2026-04-13T10:48:43.142+0900] {dag.py:4138} INFO - Setting next_dagrun for 06_multi_transform to None, run_after=None
[2026-04-13T10:48:43.158+0900] {processor.py:208} INFO - Processing /opt/airflow/dags/06_mysql_transform.py took 0.063 seconds
[2026-04-13T10:49:13.323+0900] {processor.py:186} INFO - Started process (PID=15060) to work on /opt/airflow/dags/06_mysql_transform.py
[2026-04-13T10:49:13.324+0900] {processor.py:914} INFO - Processing file /opt/airflow/dags/06_mysql_transform.py for tasks to queue
[2026-04-13T10:49:13.326+0900] {logging_mixin.py:190} INFO - [2026-04-13T10:49:13.325+0900] {dagbag.py:587} INFO - Filling up the DagBag from /opt/airflow/dags/06_mysql_transform.py
[2026-04-13T10:49:13.338+0900] {processor.py:925} INFO - DAG(s) '06_multi_transform' retrieved from /opt/airflow/dags/06_mysql_transform.py
[2026-04-13T10:49:13.352+0900] {logging_mixin.py:190} INFO - [2026-04-13T10:49:13.352+0900] {dag.py:3211} INFO - Sync 1 DAGs
[2026-04-13T10:49:13.367+0900] {logging_mixin.py:190} INFO - [2026-04-13T10:49:13.367+0900] {dag.py:4138} INFO - Setting next_dagrun for 06_multi_transform to None, run_after=None
[2026-04-13T10:49:13.384+0900] {processor.py:208} INFO - Processing /opt/airflow/dags/06_mysql_transform.py took 0.065 seconds
[2026-04-13T10:49:43.683+0900] {processor.py:186} INFO - Started process (PID=15130) to work on /opt/airflow/dags/06_mysql_transform.py
[2026-04-13T10:49:43.684+0900] {processor.py:914} INFO - Processing file /opt/airflow/dags/06_mysql_transform.py for tasks to queue
[2026-04-13T10:49:43.685+0900] {logging_mixin.py:190} INFO - [2026-04-13T10:49:43.685+0900] {dagbag.py:587} INFO - Filling up the DagBag from /opt/airflow/dags/06_mysql_transform.py
[2026-04-13T10:49:43.700+0900] {processor.py:925} INFO - DAG(s) '06_multi_transform' retrieved from /opt/airflow/dags/06_mysql_transform.py
[2026-04-13T10:49:43.715+0900] {logging_mixin.py:190} INFO - [2026-04-13T10:49:43.715+0900] {dag.py:3211} INFO - Sync 1 DAGs
[2026-04-13T10:49:43.733+0900] {logging_mixin.py:190} INFO - [2026-04-13T10:49:43.733+0900] {dag.py:4138} INFO - Setting next_dagrun for 06_multi_transform to None, run_after=None
[2026-04-13T10:49:43.751+0900] {processor.py:208} INFO - Processing /opt/airflow/dags/06_mysql_transform.py took 0.072 seconds
[2026-04-13T10:50:14.143+0900] {processor.py:186} INFO - Started process (PID=15200) to work on /opt/airflow/dags/06_mysql_transform.py
[2026-04-13T10:50:14.144+0900] {processor.py:914} INFO - Processing file /opt/airflow/dags/06_mysql_transform.py for tasks to queue
[2026-04-13T10:50:14.145+0900] {logging_mixin.py:190} INFO - [2026-04-13T10:50:14.145+0900] {dagbag.py:587} INFO - Filling up the DagBag from /opt/airflow/dags/06_mysql_transform.py
[2026-04-13T10:50:14.161+0900] {processor.py:925} INFO - DAG(s) '06_multi_transform' retrieved from /opt/airflow/dags/06_mysql_transform.py
[2026-04-13T10:50:14.176+0900] {logging_mixin.py:190} INFO - [2026-04-13T10:50:14.175+0900] {dag.py:3211} INFO - Sync 1 DAGs
[2026-04-13T10:50:14.190+0900] {logging_mixin.py:190} INFO - [2026-04-13T10:50:14.190+0900] {dag.py:4138} INFO - Setting next_dagrun for 06_multi_transform to None, run_after=None
[2026-04-13T10:50:14.209+0900] {processor.py:208} INFO - Processing /opt/airflow/dags/06_mysql_transform.py took 0.071 seconds
[2026-04-13T10:51:18.640+0900] {processor.py:186} INFO - Started process (PID=80) to work on /opt/airflow/dags/06_mysql_transform.py
[2026-04-13T10:51:18.642+0900] {processor.py:914} INFO - Processing file /opt/airflow/dags/06_mysql_transform.py for tasks to queue
[2026-04-13T10:51:18.644+0900] {logging_mixin.py:190} INFO - [2026-04-13T10:51:18.644+0900] {dagbag.py:587} INFO - Filling up the DagBag from /opt/airflow/dags/06_mysql_transform.py
[2026-04-13T10:51:19.699+0900] {processor.py:925} INFO - DAG(s) '06_multi_transform' retrieved from /opt/airflow/dags/06_mysql_transform.py
[2026-04-13T10:51:19.726+0900] {logging_mixin.py:190} INFO - [2026-04-13T10:51:19.725+0900] {dag.py:3211} INFO - Sync 1 DAGs
[2026-04-13T10:51:19.746+0900] {logging_mixin.py:190} INFO - [2026-04-13T10:51:19.745+0900] {dag.py:4138} INFO - Setting next_dagrun for 06_multi_transform to None, run_after=None
[2026-04-13T10:51:19.772+0900] {processor.py:208} INFO - Processing /opt/airflow/dags/06_mysql_transform.py took 1.137 seconds
[2026-04-13T10:51:50.077+0900] {processor.py:186} INFO - Started process (PID=96) to work on /opt/airflow/dags/06_mysql_transform.py
[2026-04-13T10:51:50.078+0900] {processor.py:914} INFO - Processing file /opt/airflow/dags/06_mysql_transform.py for tasks to queue
[2026-04-13T10:51:50.081+0900] {logging_mixin.py:190} INFO - [2026-04-13T10:51:50.080+0900] {dagbag.py:587} INFO - Filling up the DagBag from /opt/airflow/dags/06_mysql_transform.py
[2026-04-13T10:51:50.466+0900] {processor.py:925} INFO - DAG(s) '06_multi_transform' retrieved from /opt/airflow/dags/06_mysql_transform.py
[2026-04-13T10:51:50.483+0900] {logging_mixin.py:190} INFO - [2026-04-13T10:51:50.483+0900] {dag.py:3211} INFO - Sync 1 DAGs
[2026-04-13T10:51:50.498+0900] {logging_mixin.py:190} INFO - [2026-04-13T10:51:50.498+0900] {dag.py:4138} INFO - Setting next_dagrun for 06_multi_transform to None, run_after=None
[2026-04-13T10:51:50.514+0900] {processor.py:208} INFO - Processing /opt/airflow/dags/06_mysql_transform.py took 0.442 seconds
[2026-04-13T10:52:20.636+0900] {processor.py:186} INFO - Started process (PID=113) to work on /opt/airflow/dags/06_mysql_transform.py
[2026-04-13T10:52:20.637+0900] {processor.py:914} INFO - Processing file /opt/airflow/dags/06_mysql_transform.py for tasks to queue
[2026-04-13T10:52:20.639+0900] {logging_mixin.py:190} INFO - [2026-04-13T10:52:20.638+0900] {dagbag.py:587} INFO - Filling up the DagBag from /opt/airflow/dags/06_mysql_transform.py
[2026-04-13T10:52:20.981+0900] {processor.py:925} INFO - DAG(s) '06_multi_transform' retrieved from /opt/airflow/dags/06_mysql_transform.py
[2026-04-13T10:52:20.996+0900] {logging_mixin.py:190} INFO - [2026-04-13T10:52:20.996+0900] {dag.py:3211} INFO - Sync 1 DAGs
[2026-04-13T10:52:21.010+0900] {logging_mixin.py:190} INFO - [2026-04-13T10:52:21.010+0900] {dag.py:4138} INFO - Setting next_dagrun for 06_multi_transform to None, run_after=None
[2026-04-13T10:52:21.025+0900] {processor.py:208} INFO - Processing /opt/airflow/dags/06_mysql_transform.py took 0.393 seconds
[2026-04-13T10:52:51.180+0900] {processor.py:186} INFO - Started process (PID=130) to work on /opt/airflow/dags/06_mysql_transform.py
[2026-04-13T10:52:51.180+0900] {processor.py:914} INFO - Processing file /opt/airflow/dags/06_mysql_transform.py for tasks to queue
[2026-04-13T10:52:51.183+0900] {logging_mixin.py:190} INFO - [2026-04-13T10:52:51.182+0900] {dagbag.py:587} INFO - Filling up the DagBag from /opt/airflow/dags/06_mysql_transform.py
[2026-04-13T10:52:51.538+0900] {processor.py:925} INFO - DAG(s) '06_multi_transform' retrieved from /opt/airflow/dags/06_mysql_transform.py
[2026-04-13T10:52:51.555+0900] {logging_mixin.py:190} INFO - [2026-04-13T10:52:51.555+0900] {dag.py:3211} INFO - Sync 1 DAGs
[2026-04-13T10:52:51.568+0900] {logging_mixin.py:190} INFO - [2026-04-13T10:52:51.568+0900] {dag.py:4138} INFO - Setting next_dagrun for 06_multi_transform to None, run_after=None
[2026-04-13T10:52:51.591+0900] {processor.py:208} INFO - Processing /opt/airflow/dags/06_mysql_transform.py took 0.417 seconds
[2026-04-13T10:53:21.712+0900] {processor.py:186} INFO - Started process (PID=153) to work on /opt/airflow/dags/06_mysql_transform.py
[2026-04-13T10:53:21.713+0900] {processor.py:914} INFO - Processing file /opt/airflow/dags/06_mysql_transform.py for tasks to queue
[2026-04-13T10:53:21.715+0900] {logging_mixin.py:190} INFO - [2026-04-13T10:53:21.715+0900] {dagbag.py:587} INFO - Filling up the DagBag from /opt/airflow/dags/06_mysql_transform.py
[2026-04-13T10:53:22.078+0900] {processor.py:925} INFO - DAG(s) '06_multi_transform' retrieved from /opt/airflow/dags/06_mysql_transform.py
[2026-04-13T10:53:22.097+0900] {logging_mixin.py:190} INFO - [2026-04-13T10:53:22.097+0900] {dag.py:3211} INFO - Sync 1 DAGs
[2026-04-13T10:53:22.112+0900] {logging_mixin.py:190} INFO - [2026-04-13T10:53:22.111+0900] {dag.py:4138} INFO - Setting next_dagrun for 06_multi_transform to None, run_after=None
[2026-04-13T10:53:22.132+0900] {processor.py:208} INFO - Processing /opt/airflow/dags/06_mysql_transform.py took 0.424 seconds
[2026-04-13T10:53:52.425+0900] {processor.py:186} INFO - Started process (PID=170) to work on /opt/airflow/dags/06_mysql_transform.py
[2026-04-13T10:53:52.426+0900] {processor.py:914} INFO - Processing file /opt/airflow/dags/06_mysql_transform.py for tasks to queue
[2026-04-13T10:53:52.428+0900] {logging_mixin.py:190} INFO - [2026-04-13T10:53:52.428+0900] {dagbag.py:587} INFO - Filling up the DagBag from /opt/airflow/dags/06_mysql_transform.py
[2026-04-13T10:53:52.777+0900] {processor.py:925} INFO - DAG(s) '06_multi_transform' retrieved from /opt/airflow/dags/06_mysql_transform.py
[2026-04-13T10:53:52.798+0900] {logging_mixin.py:190} INFO - [2026-04-13T10:53:52.797+0900] {dag.py:3211} INFO - Sync 1 DAGs
[2026-04-13T10:53:52.816+0900] {logging_mixin.py:190} INFO - [2026-04-13T10:53:52.816+0900] {dag.py:4138} INFO - Setting next_dagrun for 06_multi_transform to None, run_after=None
[2026-04-13T10:53:52.843+0900] {processor.py:208} INFO - Processing /opt/airflow/dags/06_mysql_transform.py took 0.422 seconds
[2026-04-13T10:54:23.440+0900] {processor.py:186} INFO - Started process (PID=187) to work on /opt/airflow/dags/06_mysql_transform.py
[2026-04-13T10:54:23.441+0900] {processor.py:914} INFO - Processing file /opt/airflow/dags/06_mysql_transform.py for tasks to queue
[2026-04-13T10:54:23.442+0900] {logging_mixin.py:190} INFO - [2026-04-13T10:54:23.442+0900] {dagbag.py:587} INFO - Filling up the DagBag from /opt/airflow/dags/06_mysql_transform.py
[2026-04-13T10:54:23.776+0900] {processor.py:925} INFO - DAG(s) '06_multi_transform' retrieved from /opt/airflow/dags/06_mysql_transform.py
[2026-04-13T10:54:23.792+0900] {logging_mixin.py:190} INFO - [2026-04-13T10:54:23.792+0900] {dag.py:3211} INFO - Sync 1 DAGs
[2026-04-13T10:54:23.806+0900] {logging_mixin.py:190} INFO - [2026-04-13T10:54:23.806+0900] {dag.py:4138} INFO - Setting next_dagrun for 06_multi_transform to None, run_after=None
[2026-04-13T10:54:23.828+0900] {processor.py:208} INFO - Processing /opt/airflow/dags/06_mysql_transform.py took 0.393 seconds
[2026-04-13T10:54:54.052+0900] {processor.py:186} INFO - Started process (PID=204) to work on /opt/airflow/dags/06_mysql_transform.py
[2026-04-13T10:54:54.053+0900] {processor.py:914} INFO - Processing file /opt/airflow/dags/06_mysql_transform.py for tasks to queue
[2026-04-13T10:54:54.055+0900] {logging_mixin.py:190} INFO - [2026-04-13T10:54:54.054+0900] {dagbag.py:587} INFO - Filling up the DagBag from /opt/airflow/dags/06_mysql_transform.py
[2026-04-13T10:54:54.387+0900] {processor.py:925} INFO - DAG(s) '06_multi_transform' retrieved from /opt/airflow/dags/06_mysql_transform.py
[2026-04-13T10:54:54.402+0900] {logging_mixin.py:190} INFO - [2026-04-13T10:54:54.402+0900] {dag.py:3211} INFO - Sync 1 DAGs
[2026-04-13T10:54:54.415+0900] {logging_mixin.py:190} INFO - [2026-04-13T10:54:54.415+0900] {dag.py:4138} INFO - Setting next_dagrun for 06_multi_transform to None, run_after=None
[2026-04-13T10:54:54.429+0900] {processor.py:208} INFO - Processing /opt/airflow/dags/06_mysql_transform.py took 0.382 seconds
[2026-04-13T10:55:24.785+0900] {processor.py:186} INFO - Started process (PID=221) to work on /opt/airflow/dags/06_mysql_transform.py
[2026-04-13T10:55:24.786+0900] {processor.py:914} INFO - Processing file /opt/airflow/dags/06_mysql_transform.py for tasks to queue
[2026-04-13T10:55:24.788+0900] {logging_mixin.py:190} INFO - [2026-04-13T10:55:24.788+0900] {dagbag.py:587} INFO - Filling up the DagBag from /opt/airflow/dags/06_mysql_transform.py
[2026-04-13T10:55:25.031+0900] {processor.py:925} INFO - DAG(s) '06_multi_transform' retrieved from /opt/airflow/dags/06_mysql_transform.py
[2026-04-13T10:55:25.051+0900] {logging_mixin.py:190} INFO - [2026-04-13T10:55:25.051+0900] {dag.py:3211} INFO - Sync 1 DAGs
[2026-04-13T10:55:25.068+0900] {logging_mixin.py:190} INFO - [2026-04-13T10:55:25.068+0900] {dag.py:4138} INFO - Setting next_dagrun for 06_multi_transform to None, run_after=None
[2026-04-13T10:55:25.091+0900] {processor.py:208} INFO - Processing /opt/airflow/dags/06_mysql_transform.py took 0.311 seconds
[2026-04-13T10:55:55.168+0900] {processor.py:186} INFO - Started process (PID=239) to work on /opt/airflow/dags/06_mysql_transform.py
[2026-04-13T10:55:55.169+0900] {processor.py:914} INFO - Processing file /opt/airflow/dags/06_mysql_transform.py for tasks to queue
[2026-04-13T10:55:55.171+0900] {logging_mixin.py:190} INFO - [2026-04-13T10:55:55.170+0900] {dagbag.py:587} INFO - Filling up the DagBag from /opt/airflow/dags/06_mysql_transform.py
[2026-04-13T10:55:55.418+0900] {processor.py:925} INFO - DAG(s) '06_multi_transform' retrieved from /opt/airflow/dags/06_mysql_transform.py
[2026-04-13T10:55:55.439+0900] {logging_mixin.py:190} INFO - [2026-04-13T10:55:55.438+0900] {dag.py:3211} INFO - Sync 1 DAGs
[2026-04-13T10:55:55.457+0900] {logging_mixin.py:190} INFO - [2026-04-13T10:55:55.456+0900] {dag.py:4138} INFO - Setting next_dagrun for 06_multi_transform to None, run_after=None
[2026-04-13T10:55:55.477+0900] {processor.py:208} INFO - Processing /opt/airflow/dags/06_mysql_transform.py took 0.314 seconds
[2026-04-13T10:56:26.468+0900] {processor.py:186} INFO - Started process (PID=256) to work on /opt/airflow/dags/06_mysql_transform.py
[2026-04-13T10:56:26.469+0900] {processor.py:914} INFO - Processing file /opt/airflow/dags/06_mysql_transform.py for tasks to queue
[2026-04-13T10:56:26.472+0900] {logging_mixin.py:190} INFO - [2026-04-13T10:56:26.471+0900] {dagbag.py:587} INFO - Filling up the DagBag from /opt/airflow/dags/06_mysql_transform.py
[2026-04-13T10:56:26.688+0900] {processor.py:925} INFO - DAG(s) '06_multi_transform' retrieved from /opt/airflow/dags/06_mysql_transform.py
[2026-04-13T10:56:26.711+0900] {logging_mixin.py:190} INFO - [2026-04-13T10:56:26.710+0900] {dag.py:3211} INFO - Sync 1 DAGs
[2026-04-13T10:56:26.733+0900] {logging_mixin.py:190} INFO - [2026-04-13T10:56:26.733+0900] {dag.py:4138} INFO - Setting next_dagrun for 06_multi_transform to None, run_after=None
[2026-04-13T10:56:26.757+0900] {processor.py:208} INFO - Processing /opt/airflow/dags/06_mysql_transform.py took 0.293 seconds
[2026-04-13T10:56:56.853+0900] {processor.py:186} INFO - Started process (PID=273) to work on /opt/airflow/dags/06_mysql_transform.py
[2026-04-13T10:56:56.853+0900] {processor.py:914} INFO - Processing file /opt/airflow/dags/06_mysql_transform.py for tasks to queue
[2026-04-13T10:56:56.855+0900] {logging_mixin.py:190} INFO - [2026-04-13T10:56:56.855+0900] {dagbag.py:587} INFO - Filling up the DagBag from /opt/airflow/dags/06_mysql_transform.py
[2026-04-13T10:56:57.105+0900] {processor.py:925} INFO - DAG(s) '06_multi_transform' retrieved from /opt/airflow/dags/06_mysql_transform.py
[2026-04-13T10:56:57.129+0900] {logging_mixin.py:190} INFO - [2026-04-13T10:56:57.129+0900] {dag.py:3211} INFO - Sync 1 DAGs
[2026-04-13T10:56:57.149+0900] {logging_mixin.py:190} INFO - [2026-04-13T10:56:57.149+0900] {dag.py:4138} INFO - Setting next_dagrun for 06_multi_transform to None, run_after=None
[2026-04-13T10:56:57.168+0900] {processor.py:208} INFO - Processing /opt/airflow/dags/06_mysql_transform.py took 0.321 seconds
[2026-04-13T10:57:28.211+0900] {processor.py:186} INFO - Started process (PID=290) to work on /opt/airflow/dags/06_mysql_transform.py
[2026-04-13T10:57:28.212+0900] {processor.py:914} INFO - Processing file /opt/airflow/dags/06_mysql_transform.py for tasks to queue
[2026-04-13T10:57:28.214+0900] {logging_mixin.py:190} INFO - [2026-04-13T10:57:28.214+0900] {dagbag.py:587} INFO - Filling up the DagBag from /opt/airflow/dags/06_mysql_transform.py
[2026-04-13T10:57:28.438+0900] {processor.py:925} INFO - DAG(s) '06_multi_transform' retrieved from /opt/airflow/dags/06_mysql_transform.py
[2026-04-13T10:57:28.460+0900] {logging_mixin.py:190} INFO - [2026-04-13T10:57:28.459+0900] {dag.py:3211} INFO - Sync 1 DAGs
[2026-04-13T10:57:28.478+0900] {logging_mixin.py:190} INFO - [2026-04-13T10:57:28.478+0900] {dag.py:4138} INFO - Setting next_dagrun for 06_multi_transform to None, run_after=None
[2026-04-13T10:57:28.504+0900] {processor.py:208} INFO - Processing /opt/airflow/dags/06_mysql_transform.py took 0.297 seconds
[2026-04-13T10:57:58.676+0900] {processor.py:186} INFO - Started process (PID=307) to work on /opt/airflow/dags/06_mysql_transform.py
[2026-04-13T10:57:58.677+0900] {processor.py:914} INFO - Processing file /opt/airflow/dags/06_mysql_transform.py for tasks to queue
[2026-04-13T10:57:58.680+0900] {logging_mixin.py:190} INFO - [2026-04-13T10:57:58.679+0900] {dagbag.py:587} INFO - Filling up the DagBag from /opt/airflow/dags/06_mysql_transform.py
[2026-04-13T10:57:58.909+0900] {processor.py:925} INFO - DAG(s) '06_multi_transform' retrieved from /opt/airflow/dags/06_mysql_transform.py
[2026-04-13T10:57:58.929+0900] {logging_mixin.py:190} INFO - [2026-04-13T10:57:58.928+0900] {dag.py:3211} INFO - Sync 1 DAGs
[2026-04-13T10:57:58.946+0900] {logging_mixin.py:190} INFO - [2026-04-13T10:57:58.946+0900] {dag.py:4138} INFO - Setting next_dagrun for 06_multi_transform to None, run_after=None
[2026-04-13T10:57:58.965+0900] {processor.py:208} INFO - Processing /opt/airflow/dags/06_mysql_transform.py took 0.295 seconds
[2026-04-13T10:58:29.049+0900] {processor.py:186} INFO - Started process (PID=325) to work on /opt/airflow/dags/06_mysql_transform.py
[2026-04-13T10:58:29.050+0900] {processor.py:914} INFO - Processing file /opt/airflow/dags/06_mysql_transform.py for tasks to queue
[2026-04-13T10:58:29.052+0900] {logging_mixin.py:190} INFO - [2026-04-13T10:58:29.051+0900] {dagbag.py:587} INFO - Filling up the DagBag from /opt/airflow/dags/06_mysql_transform.py
[2026-04-13T10:58:29.278+0900] {processor.py:925} INFO - DAG(s) '06_multi_transform' retrieved from /opt/airflow/dags/06_mysql_transform.py
[2026-04-13T10:58:29.300+0900] {logging_mixin.py:190} INFO - [2026-04-13T10:58:29.300+0900] {dag.py:3211} INFO - Sync 1 DAGs
[2026-04-13T10:58:29.316+0900] {logging_mixin.py:190} INFO - [2026-04-13T10:58:29.316+0900] {dag.py:4138} INFO - Setting next_dagrun for 06_multi_transform to None, run_after=None
[2026-04-13T10:58:29.334+0900] {processor.py:208} INFO - Processing /opt/airflow/dags/06_mysql_transform.py took 0.290 seconds
[2026-04-13T10:58:59.460+0900] {processor.py:186} INFO - Started process (PID=342) to work on /opt/airflow/dags/06_mysql_transform.py
[2026-04-13T10:58:59.461+0900] {processor.py:914} INFO - Processing file /opt/airflow/dags/06_mysql_transform.py for tasks to queue
[2026-04-13T10:58:59.463+0900] {logging_mixin.py:190} INFO - [2026-04-13T10:58:59.463+0900] {dagbag.py:587} INFO - Filling up the DagBag from /opt/airflow/dags/06_mysql_transform.py
[2026-04-13T10:58:59.686+0900] {processor.py:925} INFO - DAG(s) '06_multi_transform' retrieved from /opt/airflow/dags/06_mysql_transform.py
[2026-04-13T10:58:59.705+0900] {logging_mixin.py:190} INFO - [2026-04-13T10:58:59.705+0900] {dag.py:3211} INFO - Sync 1 DAGs
[2026-04-13T10:58:59.722+0900] {logging_mixin.py:190} INFO - [2026-04-13T10:58:59.721+0900] {dag.py:4138} INFO - Setting next_dagrun for 06_multi_transform to None, run_after=None
[2026-04-13T10:58:59.746+0900] {processor.py:208} INFO - Processing /opt/airflow/dags/06_mysql_transform.py took 0.291 seconds
[2026-04-13T10:59:30.105+0900] {processor.py:186} INFO - Started process (PID=361) to work on /opt/airflow/dags/06_mysql_transform.py
[2026-04-13T10:59:30.106+0900] {processor.py:914} INFO - Processing file /opt/airflow/dags/06_mysql_transform.py for tasks to queue
[2026-04-13T10:59:30.108+0900] {logging_mixin.py:190} INFO - [2026-04-13T10:59:30.108+0900] {dagbag.py:587} INFO - Filling up the DagBag from /opt/airflow/dags/06_mysql_transform.py
[2026-04-13T10:59:30.316+0900] {processor.py:925} INFO - DAG(s) '06_multi_transform' retrieved from /opt/airflow/dags/06_mysql_transform.py
[2026-04-13T10:59:30.334+0900] {logging_mixin.py:190} INFO - [2026-04-13T10:59:30.333+0900] {dag.py:3211} INFO - Sync 1 DAGs
[2026-04-13T10:59:30.349+0900] {logging_mixin.py:190} INFO - [2026-04-13T10:59:30.349+0900] {dag.py:4138} INFO - Setting next_dagrun for 06_multi_transform to None, run_after=None
[2026-04-13T10:59:30.370+0900] {processor.py:208} INFO - Processing /opt/airflow/dags/06_mysql_transform.py took 0.269 seconds
[2026-04-13T11:00:00.509+0900] {processor.py:186} INFO - Started process (PID=378) to work on /opt/airflow/dags/06_mysql_transform.py
[2026-04-13T11:00:00.511+0900] {processor.py:914} INFO - Processing file /opt/airflow/dags/06_mysql_transform.py for tasks to queue
[2026-04-13T11:00:00.513+0900] {logging_mixin.py:190} INFO - [2026-04-13T11:00:00.512+0900] {dagbag.py:587} INFO - Filling up the DagBag from /opt/airflow/dags/06_mysql_transform.py
[2026-04-13T11:00:00.733+0900] {processor.py:925} INFO - DAG(s) '06_multi_transform' retrieved from /opt/airflow/dags/06_mysql_transform.py
[2026-04-13T11:00:00.751+0900] {logging_mixin.py:190} INFO - [2026-04-13T11:00:00.751+0900] {dag.py:3211} INFO - Sync 1 DAGs
[2026-04-13T11:00:00.766+0900] {logging_mixin.py:190} INFO - [2026-04-13T11:00:00.766+0900] {dag.py:4138} INFO - Setting next_dagrun for 06_multi_transform to None, run_after=None
[2026-04-13T11:00:00.784+0900] {processor.py:208} INFO - Processing /opt/airflow/dags/06_mysql_transform.py took 0.280 seconds
[2026-04-13T11:00:30.907+0900] {processor.py:186} INFO - Started process (PID=395) to work on /opt/airflow/dags/06_mysql_transform.py
[2026-04-13T11:00:30.907+0900] {processor.py:914} INFO - Processing file /opt/airflow/dags/06_mysql_transform.py for tasks to queue
[2026-04-13T11:00:30.909+0900] {logging_mixin.py:190} INFO - [2026-04-13T11:00:30.909+0900] {dagbag.py:587} INFO - Filling up the DagBag from /opt/airflow/dags/06_mysql_transform.py
[2026-04-13T11:00:31.123+0900] {processor.py:925} INFO - DAG(s) '06_multi_transform' retrieved from /opt/airflow/dags/06_mysql_transform.py
[2026-04-13T11:00:31.144+0900] {logging_mixin.py:190} INFO - [2026-04-13T11:00:31.144+0900] {dag.py:3211} INFO - Sync 1 DAGs
[2026-04-13T11:00:31.161+0900] {logging_mixin.py:190} INFO - [2026-04-13T11:00:31.161+0900] {dag.py:4138} INFO - Setting next_dagrun for 06_multi_transform to None, run_after=None
[2026-04-13T11:00:31.179+0900] {processor.py:208} INFO - Processing /opt/airflow/dags/06_mysql_transform.py took 0.278 seconds
[2026-04-13T11:00:59.143+0900] {processor.py:186} INFO - Started process (PID=412) to work on /opt/airflow/dags/06_mysql_transform.py
[2026-04-13T11:00:59.144+0900] {processor.py:914} INFO - Processing file /opt/airflow/dags/06_mysql_transform.py for tasks to queue
[2026-04-13T11:00:59.146+0900] {logging_mixin.py:190} INFO - [2026-04-13T11:00:59.146+0900] {dagbag.py:587} INFO - Filling up the DagBag from /opt/airflow/dags/06_mysql_transform.py
[2026-04-13T11:00:59.379+0900] {logging_mixin.py:190} INFO - [2026-04-13T11:00:59.373+0900] {dagbag.py:386} ERROR - Failed to import: /opt/airflow/dags/06_mysql_transform.py
Traceback (most recent call last):
  File "/home/airflow/.local/lib/python3.12/site-packages/airflow/models/dagbag.py", line 382, in parse
    loader.exec_module(new_module)
  File "<frozen importlib._bootstrap_external>", line 995, in exec_module
  File "<frozen importlib._bootstrap>", line 488, in _call_with_frames_removed
  File "/opt/airflow/dags/06_mysql_transform.py", line 27, in <module>
    with DAG(
         ^^^^
  File "/home/airflow/.local/lib/python3.12/site-packages/airflow/models/dag.py", line 591, in __init__
    validate_key(dag_id)
  File "/home/airflow/.local/lib/python3.12/site-packages/airflow/utils/helpers.py", line 57, in validate_key
    raise AirflowException(
airflow.exceptions.AirflowException: The key '06_multi(2)_transform' has to be made of alphanumeric characters, dashes, dots and underscores exclusively
[2026-04-13T11:00:59.379+0900] {processor.py:927} WARNING - No viable dags retrieved from /opt/airflow/dags/06_mysql_transform.py
[2026-04-13T11:00:59.393+0900] {processor.py:208} INFO - Processing /opt/airflow/dags/06_mysql_transform.py took 0.255 seconds
[2026-04-13T11:01:29.590+0900] {processor.py:186} INFO - Started process (PID=431) to work on /opt/airflow/dags/06_mysql_transform.py
[2026-04-13T11:01:29.591+0900] {processor.py:914} INFO - Processing file /opt/airflow/dags/06_mysql_transform.py for tasks to queue
[2026-04-13T11:01:29.594+0900] {logging_mixin.py:190} INFO - [2026-04-13T11:01:29.594+0900] {dagbag.py:587} INFO - Filling up the DagBag from /opt/airflow/dags/06_mysql_transform.py
[2026-04-13T11:01:29.836+0900] {logging_mixin.py:190} INFO - [2026-04-13T11:01:29.829+0900] {dagbag.py:386} ERROR - Failed to import: /opt/airflow/dags/06_mysql_transform.py
Traceback (most recent call last):
  File "/home/airflow/.local/lib/python3.12/site-packages/airflow/models/dagbag.py", line 382, in parse
    loader.exec_module(new_module)
  File "<frozen importlib._bootstrap_external>", line 995, in exec_module
  File "<frozen importlib._bootstrap>", line 488, in _call_with_frames_removed
  File "/opt/airflow/dags/06_mysql_transform.py", line 27, in <module>
    with DAG(
         ^^^^
  File "/home/airflow/.local/lib/python3.12/site-packages/airflow/models/dag.py", line 591, in __init__
    validate_key(dag_id)
  File "/home/airflow/.local/lib/python3.12/site-packages/airflow/utils/helpers.py", line 57, in validate_key
    raise AirflowException(
airflow.exceptions.AirflowException: The key '06_multi(2)_transform' has to be made of alphanumeric characters, dashes, dots and underscores exclusively
[2026-04-13T11:01:29.837+0900] {processor.py:927} WARNING - No viable dags retrieved from /opt/airflow/dags/06_mysql_transform.py
[2026-04-13T11:01:29.864+0900] {processor.py:208} INFO - Processing /opt/airflow/dags/06_mysql_transform.py took 0.280 seconds
[2026-04-13T11:02:00.812+0900] {processor.py:186} INFO - Started process (PID=448) to work on /opt/airflow/dags/06_mysql_transform.py
[2026-04-13T11:02:00.813+0900] {processor.py:914} INFO - Processing file /opt/airflow/dags/06_mysql_transform.py for tasks to queue
[2026-04-13T11:02:00.815+0900] {logging_mixin.py:190} INFO - [2026-04-13T11:02:00.815+0900] {dagbag.py:587} INFO - Filling up the DagBag from /opt/airflow/dags/06_mysql_transform.py
[2026-04-13T11:02:01.025+0900] {logging_mixin.py:190} INFO - [2026-04-13T11:02:01.020+0900] {dagbag.py:386} ERROR - Failed to import: /opt/airflow/dags/06_mysql_transform.py
Traceback (most recent call last):
  File "/home/airflow/.local/lib/python3.12/site-packages/airflow/models/dagbag.py", line 382, in parse
    loader.exec_module(new_module)
  File "<frozen importlib._bootstrap_external>", line 995, in exec_module
  File "<frozen importlib._bootstrap>", line 488, in _call_with_frames_removed
  File "/opt/airflow/dags/06_mysql_transform.py", line 27, in <module>
    with DAG(
         ^^^^
  File "/home/airflow/.local/lib/python3.12/site-packages/airflow/models/dag.py", line 591, in __init__
    validate_key(dag_id)
  File "/home/airflow/.local/lib/python3.12/site-packages/airflow/utils/helpers.py", line 57, in validate_key
    raise AirflowException(
airflow.exceptions.AirflowException: The key '06_multi(2)_transform' has to be made of alphanumeric characters, dashes, dots and underscores exclusively
[2026-04-13T11:02:01.026+0900] {processor.py:927} WARNING - No viable dags retrieved from /opt/airflow/dags/06_mysql_transform.py
[2026-04-13T11:02:01.038+0900] {processor.py:208} INFO - Processing /opt/airflow/dags/06_mysql_transform.py took 0.232 seconds
[2026-04-13T11:02:31.983+0900] {processor.py:186} INFO - Started process (PID=465) to work on /opt/airflow/dags/06_mysql_transform.py
[2026-04-13T11:02:31.984+0900] {processor.py:914} INFO - Processing file /opt/airflow/dags/06_mysql_transform.py for tasks to queue
[2026-04-13T11:02:31.985+0900] {logging_mixin.py:190} INFO - [2026-04-13T11:02:31.985+0900] {dagbag.py:587} INFO - Filling up the DagBag from /opt/airflow/dags/06_mysql_transform.py
[2026-04-13T11:02:32.218+0900] {logging_mixin.py:190} INFO - [2026-04-13T11:02:32.213+0900] {dagbag.py:386} ERROR - Failed to import: /opt/airflow/dags/06_mysql_transform.py
Traceback (most recent call last):
  File "/home/airflow/.local/lib/python3.12/site-packages/airflow/models/dagbag.py", line 382, in parse
    loader.exec_module(new_module)
  File "<frozen importlib._bootstrap_external>", line 995, in exec_module
  File "<frozen importlib._bootstrap>", line 488, in _call_with_frames_removed
  File "/opt/airflow/dags/06_mysql_transform.py", line 27, in <module>
    with DAG(
         ^^^^
  File "/home/airflow/.local/lib/python3.12/site-packages/airflow/models/dag.py", line 591, in __init__
    validate_key(dag_id)
  File "/home/airflow/.local/lib/python3.12/site-packages/airflow/utils/helpers.py", line 57, in validate_key
    raise AirflowException(
airflow.exceptions.AirflowException: The key '06_multi(2)_transform' has to be made of alphanumeric characters, dashes, dots and underscores exclusively
[2026-04-13T11:02:32.219+0900] {processor.py:927} WARNING - No viable dags retrieved from /opt/airflow/dags/06_mysql_transform.py
[2026-04-13T11:02:32.232+0900] {processor.py:208} INFO - Processing /opt/airflow/dags/06_mysql_transform.py took 0.253 seconds
