[2026-04-13T10:31:58.763+0900] {processor.py:186} INFO - Started process (PID=12673) to work on /opt/airflow/dags/06_mysql_load.py
[2026-04-13T10:31:58.764+0900] {processor.py:914} INFO - Processing file /opt/airflow/dags/06_mysql_load.py for tasks to queue
[2026-04-13T10:31:58.766+0900] {logging_mixin.py:190} INFO - [2026-04-13T10:31:58.765+0900] {dagbag.py:587} INFO - Filling up the DagBag from /opt/airflow/dags/06_mysql_load.py
[2026-04-13T10:31:58.804+0900] {processor.py:925} INFO - DAG(s) '06_multi_load' retrieved from /opt/airflow/dags/06_mysql_load.py
[2026-04-13T10:31:58.872+0900] {logging_mixin.py:190} INFO - [2026-04-13T10:31:58.872+0900] {override.py:1858} INFO - Created Permission View: can delete on DAG:06_multi_load
[2026-04-13T10:31:58.880+0900] {logging_mixin.py:190} INFO - [2026-04-13T10:31:58.880+0900] {override.py:1858} INFO - Created Permission View: can edit on DAG:06_multi_load
[2026-04-13T10:31:58.884+0900] {logging_mixin.py:190} INFO - [2026-04-13T10:31:58.883+0900] {override.py:1858} INFO - Created Permission View: can read on DAG:06_multi_load
[2026-04-13T10:31:58.884+0900] {logging_mixin.py:190} INFO - [2026-04-13T10:31:58.884+0900] {dag.py:3211} INFO - Sync 1 DAGs
[2026-04-13T10:31:58.891+0900] {logging_mixin.py:190} INFO - [2026-04-13T10:31:58.891+0900] {dag.py:3234} INFO - Creating ORM DAG for 06_multi_load
[2026-04-13T10:31:58.897+0900] {logging_mixin.py:190} INFO - [2026-04-13T10:31:58.897+0900] {dag.py:4138} INFO - Setting next_dagrun for 06_multi_load to None, run_after=None
[2026-04-13T10:31:58.914+0900] {processor.py:208} INFO - Processing /opt/airflow/dags/06_mysql_load.py took 0.155 seconds
[2026-04-13T10:32:29.196+0900] {processor.py:186} INFO - Started process (PID=12743) to work on /opt/airflow/dags/06_mysql_load.py
[2026-04-13T10:32:29.197+0900] {processor.py:914} INFO - Processing file /opt/airflow/dags/06_mysql_load.py for tasks to queue
[2026-04-13T10:32:29.198+0900] {logging_mixin.py:190} INFO - [2026-04-13T10:32:29.197+0900] {dagbag.py:587} INFO - Filling up the DagBag from /opt/airflow/dags/06_mysql_load.py
[2026-04-13T10:32:29.213+0900] {processor.py:925} INFO - DAG(s) '06_multi_load' retrieved from /opt/airflow/dags/06_mysql_load.py
[2026-04-13T10:32:29.228+0900] {logging_mixin.py:190} INFO - [2026-04-13T10:32:29.227+0900] {dag.py:3211} INFO - Sync 1 DAGs
[2026-04-13T10:32:29.243+0900] {logging_mixin.py:190} INFO - [2026-04-13T10:32:29.242+0900] {dag.py:4138} INFO - Setting next_dagrun for 06_multi_load to None, run_after=None
[2026-04-13T10:32:29.258+0900] {processor.py:208} INFO - Processing /opt/airflow/dags/06_mysql_load.py took 0.067 seconds
[2026-04-13T10:32:59.626+0900] {processor.py:186} INFO - Started process (PID=12813) to work on /opt/airflow/dags/06_mysql_load.py
[2026-04-13T10:32:59.628+0900] {processor.py:914} INFO - Processing file /opt/airflow/dags/06_mysql_load.py for tasks to queue
[2026-04-13T10:32:59.629+0900] {logging_mixin.py:190} INFO - [2026-04-13T10:32:59.629+0900] {dagbag.py:587} INFO - Filling up the DagBag from /opt/airflow/dags/06_mysql_load.py
[2026-04-13T10:32:59.644+0900] {processor.py:925} INFO - DAG(s) '06_multi_load' retrieved from /opt/airflow/dags/06_mysql_load.py
[2026-04-13T10:32:59.661+0900] {logging_mixin.py:190} INFO - [2026-04-13T10:32:59.661+0900] {dag.py:3211} INFO - Sync 1 DAGs
[2026-04-13T10:32:59.679+0900] {logging_mixin.py:190} INFO - [2026-04-13T10:32:59.679+0900] {dag.py:4138} INFO - Setting next_dagrun for 06_multi_load to None, run_after=None
[2026-04-13T10:32:59.699+0900] {processor.py:208} INFO - Processing /opt/airflow/dags/06_mysql_load.py took 0.077 seconds
[2026-04-13T10:33:30.180+0900] {processor.py:186} INFO - Started process (PID=12883) to work on /opt/airflow/dags/06_mysql_load.py
[2026-04-13T10:33:30.181+0900] {processor.py:914} INFO - Processing file /opt/airflow/dags/06_mysql_load.py for tasks to queue
[2026-04-13T10:33:30.183+0900] {logging_mixin.py:190} INFO - [2026-04-13T10:33:30.182+0900] {dagbag.py:587} INFO - Filling up the DagBag from /opt/airflow/dags/06_mysql_load.py
[2026-04-13T10:33:30.206+0900] {processor.py:925} INFO - DAG(s) '06_multi_load' retrieved from /opt/airflow/dags/06_mysql_load.py
[2026-04-13T10:33:30.223+0900] {logging_mixin.py:190} INFO - [2026-04-13T10:33:30.223+0900] {dag.py:3211} INFO - Sync 1 DAGs
[2026-04-13T10:33:30.242+0900] {logging_mixin.py:190} INFO - [2026-04-13T10:33:30.242+0900] {dag.py:4138} INFO - Setting next_dagrun for 06_multi_load to None, run_after=None
[2026-04-13T10:33:30.262+0900] {processor.py:208} INFO - Processing /opt/airflow/dags/06_mysql_load.py took 0.086 seconds
[2026-04-13T10:34:00.507+0900] {processor.py:186} INFO - Started process (PID=12953) to work on /opt/airflow/dags/06_mysql_load.py
[2026-04-13T10:34:00.508+0900] {processor.py:914} INFO - Processing file /opt/airflow/dags/06_mysql_load.py for tasks to queue
[2026-04-13T10:34:00.509+0900] {logging_mixin.py:190} INFO - [2026-04-13T10:34:00.509+0900] {dagbag.py:587} INFO - Filling up the DagBag from /opt/airflow/dags/06_mysql_load.py
[2026-04-13T10:34:00.522+0900] {processor.py:925} INFO - DAG(s) '06_multi_load' retrieved from /opt/airflow/dags/06_mysql_load.py
[2026-04-13T10:34:00.538+0900] {logging_mixin.py:190} INFO - [2026-04-13T10:34:00.538+0900] {dag.py:3211} INFO - Sync 1 DAGs
[2026-04-13T10:34:00.553+0900] {logging_mixin.py:190} INFO - [2026-04-13T10:34:00.553+0900] {dag.py:4138} INFO - Setting next_dagrun for 06_multi_load to None, run_after=None
[2026-04-13T10:34:00.571+0900] {processor.py:208} INFO - Processing /opt/airflow/dags/06_mysql_load.py took 0.068 seconds
[2026-04-13T10:34:30.869+0900] {processor.py:186} INFO - Started process (PID=13023) to work on /opt/airflow/dags/06_mysql_load.py
[2026-04-13T10:34:30.870+0900] {processor.py:914} INFO - Processing file /opt/airflow/dags/06_mysql_load.py for tasks to queue
[2026-04-13T10:34:30.871+0900] {logging_mixin.py:190} INFO - [2026-04-13T10:34:30.870+0900] {dagbag.py:587} INFO - Filling up the DagBag from /opt/airflow/dags/06_mysql_load.py
[2026-04-13T10:34:30.885+0900] {processor.py:925} INFO - DAG(s) '06_multi_load' retrieved from /opt/airflow/dags/06_mysql_load.py
[2026-04-13T10:34:30.899+0900] {logging_mixin.py:190} INFO - [2026-04-13T10:34:30.899+0900] {dag.py:3211} INFO - Sync 1 DAGs
[2026-04-13T10:34:30.914+0900] {logging_mixin.py:190} INFO - [2026-04-13T10:34:30.914+0900] {dag.py:4138} INFO - Setting next_dagrun for 06_multi_load to None, run_after=None
[2026-04-13T10:34:30.932+0900] {processor.py:208} INFO - Processing /opt/airflow/dags/06_mysql_load.py took 0.068 seconds
[2026-04-13T10:35:00.209+0900] {processor.py:186} INFO - Started process (PID=13094) to work on /opt/airflow/dags/06_mysql_load.py
[2026-04-13T10:35:00.210+0900] {processor.py:914} INFO - Processing file /opt/airflow/dags/06_mysql_load.py for tasks to queue
[2026-04-13T10:35:00.212+0900] {logging_mixin.py:190} INFO - [2026-04-13T10:35:00.212+0900] {dagbag.py:587} INFO - Filling up the DagBag from /opt/airflow/dags/06_mysql_load.py
[2026-04-13T10:35:00.255+0900] {processor.py:925} INFO - DAG(s) '06_multi_load' retrieved from /opt/airflow/dags/06_mysql_load.py
[2026-04-13T10:35:00.271+0900] {logging_mixin.py:190} INFO - [2026-04-13T10:35:00.271+0900] {dag.py:3211} INFO - Sync 1 DAGs
[2026-04-13T10:35:00.286+0900] {logging_mixin.py:190} INFO - [2026-04-13T10:35:00.286+0900] {dag.py:4138} INFO - Setting next_dagrun for 06_multi_load to None, run_after=None
[2026-04-13T10:35:00.307+0900] {processor.py:208} INFO - Processing /opt/airflow/dags/06_mysql_load.py took 0.103 seconds
[2026-04-13T10:35:03.407+0900] {processor.py:186} INFO - Started process (PID=13101) to work on /opt/airflow/dags/06_mysql_load.py
[2026-04-13T10:35:03.408+0900] {processor.py:914} INFO - Processing file /opt/airflow/dags/06_mysql_load.py for tasks to queue
[2026-04-13T10:35:03.410+0900] {logging_mixin.py:190} INFO - [2026-04-13T10:35:03.410+0900] {dagbag.py:587} INFO - Filling up the DagBag from /opt/airflow/dags/06_mysql_load.py
[2026-04-13T10:35:03.444+0900] {processor.py:925} INFO - DAG(s) '06_multi_load' retrieved from /opt/airflow/dags/06_mysql_load.py
[2026-04-13T10:35:03.461+0900] {logging_mixin.py:190} INFO - [2026-04-13T10:35:03.461+0900] {dag.py:3211} INFO - Sync 1 DAGs
[2026-04-13T10:35:03.477+0900] {logging_mixin.py:190} INFO - [2026-04-13T10:35:03.477+0900] {dag.py:4138} INFO - Setting next_dagrun for 06_multi_load to None, run_after=None
[2026-04-13T10:35:03.501+0900] {processor.py:208} INFO - Processing /opt/airflow/dags/06_mysql_load.py took 0.098 seconds
[2026-04-13T10:35:33.883+0900] {processor.py:186} INFO - Started process (PID=13168) to work on /opt/airflow/dags/06_mysql_load.py
[2026-04-13T10:35:33.884+0900] {processor.py:914} INFO - Processing file /opt/airflow/dags/06_mysql_load.py for tasks to queue
[2026-04-13T10:35:33.885+0900] {logging_mixin.py:190} INFO - [2026-04-13T10:35:33.885+0900] {dagbag.py:587} INFO - Filling up the DagBag from /opt/airflow/dags/06_mysql_load.py
[2026-04-13T10:35:33.903+0900] {processor.py:925} INFO - DAG(s) '06_multi_load' retrieved from /opt/airflow/dags/06_mysql_load.py
[2026-04-13T10:35:33.919+0900] {logging_mixin.py:190} INFO - [2026-04-13T10:35:33.919+0900] {dag.py:3211} INFO - Sync 1 DAGs
[2026-04-13T10:35:33.936+0900] {logging_mixin.py:190} INFO - [2026-04-13T10:35:33.936+0900] {dag.py:4138} INFO - Setting next_dagrun for 06_multi_load to None, run_after=None
[2026-04-13T10:35:33.963+0900] {processor.py:208} INFO - Processing /opt/airflow/dags/06_mysql_load.py took 0.085 seconds
[2026-04-13T10:36:04.417+0900] {processor.py:186} INFO - Started process (PID=13237) to work on /opt/airflow/dags/06_mysql_load.py
[2026-04-13T10:36:04.419+0900] {processor.py:914} INFO - Processing file /opt/airflow/dags/06_mysql_load.py for tasks to queue
[2026-04-13T10:36:04.420+0900] {logging_mixin.py:190} INFO - [2026-04-13T10:36:04.420+0900] {dagbag.py:587} INFO - Filling up the DagBag from /opt/airflow/dags/06_mysql_load.py
[2026-04-13T10:36:04.444+0900] {processor.py:925} INFO - DAG(s) '06_multi_load' retrieved from /opt/airflow/dags/06_mysql_load.py
[2026-04-13T10:36:04.465+0900] {logging_mixin.py:190} INFO - [2026-04-13T10:36:04.464+0900] {dag.py:3211} INFO - Sync 1 DAGs
[2026-04-13T10:36:04.483+0900] {logging_mixin.py:190} INFO - [2026-04-13T10:36:04.483+0900] {dag.py:4138} INFO - Setting next_dagrun for 06_multi_load to None, run_after=None
[2026-04-13T10:36:04.501+0900] {processor.py:208} INFO - Processing /opt/airflow/dags/06_mysql_load.py took 0.091 seconds
[2026-04-13T10:36:34.827+0900] {processor.py:186} INFO - Started process (PID=13313) to work on /opt/airflow/dags/06_mysql_load.py
[2026-04-13T10:36:34.829+0900] {processor.py:914} INFO - Processing file /opt/airflow/dags/06_mysql_load.py for tasks to queue
[2026-04-13T10:36:34.830+0900] {logging_mixin.py:190} INFO - [2026-04-13T10:36:34.830+0900] {dagbag.py:587} INFO - Filling up the DagBag from /opt/airflow/dags/06_mysql_load.py
[2026-04-13T10:36:34.849+0900] {processor.py:925} INFO - DAG(s) '06_multi_load' retrieved from /opt/airflow/dags/06_mysql_load.py
[2026-04-13T10:36:34.865+0900] {logging_mixin.py:190} INFO - [2026-04-13T10:36:34.865+0900] {dag.py:3211} INFO - Sync 1 DAGs
[2026-04-13T10:36:34.881+0900] {logging_mixin.py:190} INFO - [2026-04-13T10:36:34.881+0900] {dag.py:4138} INFO - Setting next_dagrun for 06_multi_load to None, run_after=None
[2026-04-13T10:36:34.902+0900] {processor.py:208} INFO - Processing /opt/airflow/dags/06_mysql_load.py took 0.080 seconds
[2026-04-13T10:37:05.304+0900] {processor.py:186} INFO - Started process (PID=13383) to work on /opt/airflow/dags/06_mysql_load.py
[2026-04-13T10:37:05.305+0900] {processor.py:914} INFO - Processing file /opt/airflow/dags/06_mysql_load.py for tasks to queue
[2026-04-13T10:37:05.308+0900] {logging_mixin.py:190} INFO - [2026-04-13T10:37:05.307+0900] {dagbag.py:587} INFO - Filling up the DagBag from /opt/airflow/dags/06_mysql_load.py
[2026-04-13T10:37:05.329+0900] {processor.py:925} INFO - DAG(s) '06_multi_load' retrieved from /opt/airflow/dags/06_mysql_load.py
[2026-04-13T10:37:05.346+0900] {logging_mixin.py:190} INFO - [2026-04-13T10:37:05.346+0900] {dag.py:3211} INFO - Sync 1 DAGs
[2026-04-13T10:37:05.364+0900] {logging_mixin.py:190} INFO - [2026-04-13T10:37:05.364+0900] {dag.py:4138} INFO - Setting next_dagrun for 06_multi_load to None, run_after=None
[2026-04-13T10:37:05.381+0900] {processor.py:208} INFO - Processing /opt/airflow/dags/06_mysql_load.py took 0.082 seconds
[2026-04-13T10:37:35.821+0900] {processor.py:186} INFO - Started process (PID=13452) to work on /opt/airflow/dags/06_mysql_load.py
[2026-04-13T10:37:35.822+0900] {processor.py:914} INFO - Processing file /opt/airflow/dags/06_mysql_load.py for tasks to queue
[2026-04-13T10:37:35.824+0900] {logging_mixin.py:190} INFO - [2026-04-13T10:37:35.823+0900] {dagbag.py:587} INFO - Filling up the DagBag from /opt/airflow/dags/06_mysql_load.py
[2026-04-13T10:37:35.859+0900] {processor.py:925} INFO - DAG(s) '06_multi_load' retrieved from /opt/airflow/dags/06_mysql_load.py
[2026-04-13T10:37:35.874+0900] {logging_mixin.py:190} INFO - [2026-04-13T10:37:35.874+0900] {dag.py:3211} INFO - Sync 1 DAGs
[2026-04-13T10:37:35.889+0900] {logging_mixin.py:190} INFO - [2026-04-13T10:37:35.889+0900] {dag.py:4138} INFO - Setting next_dagrun for 06_multi_load to None, run_after=None
[2026-04-13T10:37:35.909+0900] {processor.py:208} INFO - Processing /opt/airflow/dags/06_mysql_load.py took 0.092 seconds
[2026-04-13T10:38:06.328+0900] {processor.py:186} INFO - Started process (PID=13522) to work on /opt/airflow/dags/06_mysql_load.py
[2026-04-13T10:38:06.329+0900] {processor.py:914} INFO - Processing file /opt/airflow/dags/06_mysql_load.py for tasks to queue
[2026-04-13T10:38:06.330+0900] {logging_mixin.py:190} INFO - [2026-04-13T10:38:06.329+0900] {dagbag.py:587} INFO - Filling up the DagBag from /opt/airflow/dags/06_mysql_load.py
[2026-04-13T10:38:06.343+0900] {processor.py:925} INFO - DAG(s) '06_multi_load' retrieved from /opt/airflow/dags/06_mysql_load.py
[2026-04-13T10:38:06.358+0900] {logging_mixin.py:190} INFO - [2026-04-13T10:38:06.358+0900] {dag.py:3211} INFO - Sync 1 DAGs
[2026-04-13T10:38:06.373+0900] {logging_mixin.py:190} INFO - [2026-04-13T10:38:06.373+0900] {dag.py:4138} INFO - Setting next_dagrun for 06_multi_load to None, run_after=None
[2026-04-13T10:38:06.396+0900] {processor.py:208} INFO - Processing /opt/airflow/dags/06_mysql_load.py took 0.072 seconds
[2026-04-13T10:38:36.646+0900] {processor.py:186} INFO - Started process (PID=13592) to work on /opt/airflow/dags/06_mysql_load.py
[2026-04-13T10:38:36.647+0900] {processor.py:914} INFO - Processing file /opt/airflow/dags/06_mysql_load.py for tasks to queue
[2026-04-13T10:38:36.648+0900] {logging_mixin.py:190} INFO - [2026-04-13T10:38:36.648+0900] {dagbag.py:587} INFO - Filling up the DagBag from /opt/airflow/dags/06_mysql_load.py
[2026-04-13T10:38:36.663+0900] {processor.py:925} INFO - DAG(s) '06_multi_load' retrieved from /opt/airflow/dags/06_mysql_load.py
[2026-04-13T10:38:36.679+0900] {logging_mixin.py:190} INFO - [2026-04-13T10:38:36.679+0900] {dag.py:3211} INFO - Sync 1 DAGs
[2026-04-13T10:38:36.695+0900] {logging_mixin.py:190} INFO - [2026-04-13T10:38:36.694+0900] {dag.py:4138} INFO - Setting next_dagrun for 06_multi_load to None, run_after=None
[2026-04-13T10:38:36.711+0900] {processor.py:208} INFO - Processing /opt/airflow/dags/06_mysql_load.py took 0.069 seconds
[2026-04-13T10:39:06.913+0900] {processor.py:186} INFO - Started process (PID=13662) to work on /opt/airflow/dags/06_mysql_load.py
[2026-04-13T10:39:06.914+0900] {processor.py:914} INFO - Processing file /opt/airflow/dags/06_mysql_load.py for tasks to queue
[2026-04-13T10:39:06.915+0900] {logging_mixin.py:190} INFO - [2026-04-13T10:39:06.915+0900] {dagbag.py:587} INFO - Filling up the DagBag from /opt/airflow/dags/06_mysql_load.py
[2026-04-13T10:39:06.929+0900] {processor.py:925} INFO - DAG(s) '06_multi_load' retrieved from /opt/airflow/dags/06_mysql_load.py
[2026-04-13T10:39:06.945+0900] {logging_mixin.py:190} INFO - [2026-04-13T10:39:06.945+0900] {dag.py:3211} INFO - Sync 1 DAGs
[2026-04-13T10:39:06.961+0900] {logging_mixin.py:190} INFO - [2026-04-13T10:39:06.961+0900] {dag.py:4138} INFO - Setting next_dagrun for 06_multi_load to None, run_after=None
[2026-04-13T10:39:06.983+0900] {processor.py:208} INFO - Processing /opt/airflow/dags/06_mysql_load.py took 0.075 seconds
[2026-04-13T10:39:37.360+0900] {processor.py:186} INFO - Started process (PID=13732) to work on /opt/airflow/dags/06_mysql_load.py
[2026-04-13T10:39:37.361+0900] {processor.py:914} INFO - Processing file /opt/airflow/dags/06_mysql_load.py for tasks to queue
[2026-04-13T10:39:37.362+0900] {logging_mixin.py:190} INFO - [2026-04-13T10:39:37.362+0900] {dagbag.py:587} INFO - Filling up the DagBag from /opt/airflow/dags/06_mysql_load.py
[2026-04-13T10:39:37.374+0900] {processor.py:925} INFO - DAG(s) '06_multi_load' retrieved from /opt/airflow/dags/06_mysql_load.py
[2026-04-13T10:39:37.390+0900] {logging_mixin.py:190} INFO - [2026-04-13T10:39:37.389+0900] {dag.py:3211} INFO - Sync 1 DAGs
[2026-04-13T10:39:37.404+0900] {logging_mixin.py:190} INFO - [2026-04-13T10:39:37.404+0900] {dag.py:4138} INFO - Setting next_dagrun for 06_multi_load to None, run_after=None
[2026-04-13T10:39:37.419+0900] {processor.py:208} INFO - Processing /opt/airflow/dags/06_mysql_load.py took 0.063 seconds
[2026-04-13T10:40:07.653+0900] {processor.py:186} INFO - Started process (PID=13802) to work on /opt/airflow/dags/06_mysql_load.py
[2026-04-13T10:40:07.654+0900] {processor.py:914} INFO - Processing file /opt/airflow/dags/06_mysql_load.py for tasks to queue
[2026-04-13T10:40:07.655+0900] {logging_mixin.py:190} INFO - [2026-04-13T10:40:07.655+0900] {dagbag.py:587} INFO - Filling up the DagBag from /opt/airflow/dags/06_mysql_load.py
[2026-04-13T10:40:07.669+0900] {processor.py:925} INFO - DAG(s) '06_multi_load' retrieved from /opt/airflow/dags/06_mysql_load.py
[2026-04-13T10:40:07.684+0900] {logging_mixin.py:190} INFO - [2026-04-13T10:40:07.684+0900] {dag.py:3211} INFO - Sync 1 DAGs
[2026-04-13T10:40:07.699+0900] {logging_mixin.py:190} INFO - [2026-04-13T10:40:07.699+0900] {dag.py:4138} INFO - Setting next_dagrun for 06_multi_load to None, run_after=None
[2026-04-13T10:40:07.723+0900] {processor.py:208} INFO - Processing /opt/airflow/dags/06_mysql_load.py took 0.074 seconds
[2026-04-13T10:40:38.130+0900] {processor.py:186} INFO - Started process (PID=13872) to work on /opt/airflow/dags/06_mysql_load.py
[2026-04-13T10:40:38.131+0900] {processor.py:914} INFO - Processing file /opt/airflow/dags/06_mysql_load.py for tasks to queue
[2026-04-13T10:40:38.132+0900] {logging_mixin.py:190} INFO - [2026-04-13T10:40:38.131+0900] {dagbag.py:587} INFO - Filling up the DagBag from /opt/airflow/dags/06_mysql_load.py
[2026-04-13T10:40:38.146+0900] {processor.py:925} INFO - DAG(s) '06_multi_load' retrieved from /opt/airflow/dags/06_mysql_load.py
[2026-04-13T10:40:38.162+0900] {logging_mixin.py:190} INFO - [2026-04-13T10:40:38.162+0900] {dag.py:3211} INFO - Sync 1 DAGs
[2026-04-13T10:40:38.178+0900] {logging_mixin.py:190} INFO - [2026-04-13T10:40:38.178+0900] {dag.py:4138} INFO - Setting next_dagrun for 06_multi_load to None, run_after=None
[2026-04-13T10:40:38.200+0900] {processor.py:208} INFO - Processing /opt/airflow/dags/06_mysql_load.py took 0.075 seconds
[2026-04-13T10:41:08.452+0900] {processor.py:186} INFO - Started process (PID=13942) to work on /opt/airflow/dags/06_mysql_load.py
[2026-04-13T10:41:08.453+0900] {processor.py:914} INFO - Processing file /opt/airflow/dags/06_mysql_load.py for tasks to queue
[2026-04-13T10:41:08.455+0900] {logging_mixin.py:190} INFO - [2026-04-13T10:41:08.454+0900] {dagbag.py:587} INFO - Filling up the DagBag from /opt/airflow/dags/06_mysql_load.py
[2026-04-13T10:41:08.479+0900] {processor.py:925} INFO - DAG(s) '06_multi_load' retrieved from /opt/airflow/dags/06_mysql_load.py
[2026-04-13T10:41:08.496+0900] {logging_mixin.py:190} INFO - [2026-04-13T10:41:08.496+0900] {dag.py:3211} INFO - Sync 1 DAGs
[2026-04-13T10:41:08.513+0900] {logging_mixin.py:190} INFO - [2026-04-13T10:41:08.513+0900] {dag.py:4138} INFO - Setting next_dagrun for 06_multi_load to None, run_after=None
[2026-04-13T10:41:08.533+0900] {processor.py:208} INFO - Processing /opt/airflow/dags/06_mysql_load.py took 0.086 seconds
[2026-04-13T10:41:38.782+0900] {processor.py:186} INFO - Started process (PID=14012) to work on /opt/airflow/dags/06_mysql_load.py
[2026-04-13T10:41:38.783+0900] {processor.py:914} INFO - Processing file /opt/airflow/dags/06_mysql_load.py for tasks to queue
[2026-04-13T10:41:38.784+0900] {logging_mixin.py:190} INFO - [2026-04-13T10:41:38.784+0900] {dagbag.py:587} INFO - Filling up the DagBag from /opt/airflow/dags/06_mysql_load.py
[2026-04-13T10:41:38.800+0900] {processor.py:925} INFO - DAG(s) '06_multi_load' retrieved from /opt/airflow/dags/06_mysql_load.py
[2026-04-13T10:41:38.817+0900] {logging_mixin.py:190} INFO - [2026-04-13T10:41:38.817+0900] {dag.py:3211} INFO - Sync 1 DAGs
[2026-04-13T10:41:38.833+0900] {logging_mixin.py:190} INFO - [2026-04-13T10:41:38.832+0900] {dag.py:4138} INFO - Setting next_dagrun for 06_multi_load to None, run_after=None
[2026-04-13T10:41:38.851+0900] {processor.py:208} INFO - Processing /opt/airflow/dags/06_mysql_load.py took 0.073 seconds
[2026-04-13T10:42:09.584+0900] {processor.py:186} INFO - Started process (PID=14082) to work on /opt/airflow/dags/06_mysql_load.py
[2026-04-13T10:42:09.585+0900] {processor.py:914} INFO - Processing file /opt/airflow/dags/06_mysql_load.py for tasks to queue
[2026-04-13T10:42:09.586+0900] {logging_mixin.py:190} INFO - [2026-04-13T10:42:09.585+0900] {dagbag.py:587} INFO - Filling up the DagBag from /opt/airflow/dags/06_mysql_load.py
[2026-04-13T10:42:09.602+0900] {processor.py:925} INFO - DAG(s) '06_multi_load' retrieved from /opt/airflow/dags/06_mysql_load.py
[2026-04-13T10:42:09.617+0900] {logging_mixin.py:190} INFO - [2026-04-13T10:42:09.617+0900] {dag.py:3211} INFO - Sync 1 DAGs
[2026-04-13T10:42:09.635+0900] {logging_mixin.py:190} INFO - [2026-04-13T10:42:09.635+0900] {dag.py:4138} INFO - Setting next_dagrun for 06_multi_load to None, run_after=None
[2026-04-13T10:42:09.651+0900] {processor.py:208} INFO - Processing /opt/airflow/dags/06_mysql_load.py took 0.072 seconds
[2026-04-13T10:42:39.884+0900] {processor.py:186} INFO - Started process (PID=14152) to work on /opt/airflow/dags/06_mysql_load.py
[2026-04-13T10:42:39.884+0900] {processor.py:914} INFO - Processing file /opt/airflow/dags/06_mysql_load.py for tasks to queue
[2026-04-13T10:42:39.885+0900] {logging_mixin.py:190} INFO - [2026-04-13T10:42:39.885+0900] {dagbag.py:587} INFO - Filling up the DagBag from /opt/airflow/dags/06_mysql_load.py
[2026-04-13T10:42:39.898+0900] {processor.py:925} INFO - DAG(s) '06_multi_load' retrieved from /opt/airflow/dags/06_mysql_load.py
[2026-04-13T10:42:39.916+0900] {logging_mixin.py:190} INFO - [2026-04-13T10:42:39.916+0900] {dag.py:3211} INFO - Sync 1 DAGs
[2026-04-13T10:42:39.932+0900] {logging_mixin.py:190} INFO - [2026-04-13T10:42:39.931+0900] {dag.py:4138} INFO - Setting next_dagrun for 06_multi_load to None, run_after=None
[2026-04-13T10:42:39.950+0900] {processor.py:208} INFO - Processing /opt/airflow/dags/06_mysql_load.py took 0.072 seconds
[2026-04-13T10:43:10.359+0900] {processor.py:186} INFO - Started process (PID=14222) to work on /opt/airflow/dags/06_mysql_load.py
[2026-04-13T10:43:10.360+0900] {processor.py:914} INFO - Processing file /opt/airflow/dags/06_mysql_load.py for tasks to queue
[2026-04-13T10:43:10.361+0900] {logging_mixin.py:190} INFO - [2026-04-13T10:43:10.361+0900] {dagbag.py:587} INFO - Filling up the DagBag from /opt/airflow/dags/06_mysql_load.py
[2026-04-13T10:43:10.379+0900] {processor.py:925} INFO - DAG(s) '06_multi_load' retrieved from /opt/airflow/dags/06_mysql_load.py
[2026-04-13T10:43:10.395+0900] {logging_mixin.py:190} INFO - [2026-04-13T10:43:10.395+0900] {dag.py:3211} INFO - Sync 1 DAGs
[2026-04-13T10:43:10.410+0900] {logging_mixin.py:190} INFO - [2026-04-13T10:43:10.410+0900] {dag.py:4138} INFO - Setting next_dagrun for 06_multi_load to None, run_after=None
[2026-04-13T10:43:10.434+0900] {processor.py:208} INFO - Processing /opt/airflow/dags/06_mysql_load.py took 0.080 seconds
[2026-04-13T10:43:40.469+0900] {processor.py:186} INFO - Started process (PID=14292) to work on /opt/airflow/dags/06_mysql_load.py
[2026-04-13T10:43:40.470+0900] {processor.py:914} INFO - Processing file /opt/airflow/dags/06_mysql_load.py for tasks to queue
[2026-04-13T10:43:40.471+0900] {logging_mixin.py:190} INFO - [2026-04-13T10:43:40.471+0900] {dagbag.py:587} INFO - Filling up the DagBag from /opt/airflow/dags/06_mysql_load.py
[2026-04-13T10:43:40.483+0900] {processor.py:925} INFO - DAG(s) '06_multi_load' retrieved from /opt/airflow/dags/06_mysql_load.py
[2026-04-13T10:43:40.498+0900] {logging_mixin.py:190} INFO - [2026-04-13T10:43:40.497+0900] {dag.py:3211} INFO - Sync 1 DAGs
[2026-04-13T10:43:40.514+0900] {logging_mixin.py:190} INFO - [2026-04-13T10:43:40.514+0900] {dag.py:4138} INFO - Setting next_dagrun for 06_multi_load to None, run_after=None
[2026-04-13T10:43:40.536+0900] {processor.py:208} INFO - Processing /opt/airflow/dags/06_mysql_load.py took 0.071 seconds
[2026-04-13T10:44:10.931+0900] {processor.py:186} INFO - Started process (PID=14362) to work on /opt/airflow/dags/06_mysql_load.py
[2026-04-13T10:44:10.932+0900] {processor.py:914} INFO - Processing file /opt/airflow/dags/06_mysql_load.py for tasks to queue
[2026-04-13T10:44:10.933+0900] {logging_mixin.py:190} INFO - [2026-04-13T10:44:10.933+0900] {dagbag.py:587} INFO - Filling up the DagBag from /opt/airflow/dags/06_mysql_load.py
[2026-04-13T10:44:10.946+0900] {processor.py:925} INFO - DAG(s) '06_multi_load' retrieved from /opt/airflow/dags/06_mysql_load.py
[2026-04-13T10:44:10.961+0900] {logging_mixin.py:190} INFO - [2026-04-13T10:44:10.961+0900] {dag.py:3211} INFO - Sync 1 DAGs
[2026-04-13T10:44:10.975+0900] {logging_mixin.py:190} INFO - [2026-04-13T10:44:10.975+0900] {dag.py:4138} INFO - Setting next_dagrun for 06_multi_load to None, run_after=None
[2026-04-13T10:44:10.990+0900] {processor.py:208} INFO - Processing /opt/airflow/dags/06_mysql_load.py took 0.064 seconds
[2026-04-13T10:44:41.489+0900] {processor.py:186} INFO - Started process (PID=14432) to work on /opt/airflow/dags/06_mysql_load.py
[2026-04-13T10:44:41.490+0900] {processor.py:914} INFO - Processing file /opt/airflow/dags/06_mysql_load.py for tasks to queue
[2026-04-13T10:44:41.491+0900] {logging_mixin.py:190} INFO - [2026-04-13T10:44:41.491+0900] {dagbag.py:587} INFO - Filling up the DagBag from /opt/airflow/dags/06_mysql_load.py
[2026-04-13T10:44:41.506+0900] {processor.py:925} INFO - DAG(s) '06_multi_load' retrieved from /opt/airflow/dags/06_mysql_load.py
[2026-04-13T10:44:41.522+0900] {logging_mixin.py:190} INFO - [2026-04-13T10:44:41.522+0900] {dag.py:3211} INFO - Sync 1 DAGs
[2026-04-13T10:44:41.538+0900] {logging_mixin.py:190} INFO - [2026-04-13T10:44:41.538+0900] {dag.py:4138} INFO - Setting next_dagrun for 06_multi_load to None, run_after=None
[2026-04-13T10:44:41.554+0900] {processor.py:208} INFO - Processing /opt/airflow/dags/06_mysql_load.py took 0.068 seconds
[2026-04-13T10:45:11.775+0900] {processor.py:186} INFO - Started process (PID=14502) to work on /opt/airflow/dags/06_mysql_load.py
[2026-04-13T10:45:11.776+0900] {processor.py:914} INFO - Processing file /opt/airflow/dags/06_mysql_load.py for tasks to queue
[2026-04-13T10:45:11.777+0900] {logging_mixin.py:190} INFO - [2026-04-13T10:45:11.777+0900] {dagbag.py:587} INFO - Filling up the DagBag from /opt/airflow/dags/06_mysql_load.py
[2026-04-13T10:45:11.797+0900] {processor.py:925} INFO - DAG(s) '06_multi_load' retrieved from /opt/airflow/dags/06_mysql_load.py
[2026-04-13T10:45:11.812+0900] {logging_mixin.py:190} INFO - [2026-04-13T10:45:11.812+0900] {dag.py:3211} INFO - Sync 1 DAGs
[2026-04-13T10:45:11.828+0900] {logging_mixin.py:190} INFO - [2026-04-13T10:45:11.828+0900] {dag.py:4138} INFO - Setting next_dagrun for 06_multi_load to None, run_after=None
[2026-04-13T10:45:11.846+0900] {processor.py:208} INFO - Processing /opt/airflow/dags/06_mysql_load.py took 0.076 seconds
[2026-04-13T10:45:42.109+0900] {processor.py:186} INFO - Started process (PID=14572) to work on /opt/airflow/dags/06_mysql_load.py
[2026-04-13T10:45:42.110+0900] {processor.py:914} INFO - Processing file /opt/airflow/dags/06_mysql_load.py for tasks to queue
[2026-04-13T10:45:42.111+0900] {logging_mixin.py:190} INFO - [2026-04-13T10:45:42.111+0900] {dagbag.py:587} INFO - Filling up the DagBag from /opt/airflow/dags/06_mysql_load.py
[2026-04-13T10:45:42.126+0900] {processor.py:925} INFO - DAG(s) '06_multi_load' retrieved from /opt/airflow/dags/06_mysql_load.py
[2026-04-13T10:45:42.141+0900] {logging_mixin.py:190} INFO - [2026-04-13T10:45:42.140+0900] {dag.py:3211} INFO - Sync 1 DAGs
[2026-04-13T10:45:42.157+0900] {logging_mixin.py:190} INFO - [2026-04-13T10:45:42.156+0900] {dag.py:4138} INFO - Setting next_dagrun for 06_multi_load to None, run_after=None
[2026-04-13T10:45:42.173+0900] {processor.py:208} INFO - Processing /opt/airflow/dags/06_mysql_load.py took 0.068 seconds
[2026-04-13T10:46:12.747+0900] {processor.py:186} INFO - Started process (PID=14642) to work on /opt/airflow/dags/06_mysql_load.py
[2026-04-13T10:46:12.748+0900] {processor.py:914} INFO - Processing file /opt/airflow/dags/06_mysql_load.py for tasks to queue
[2026-04-13T10:46:12.749+0900] {logging_mixin.py:190} INFO - [2026-04-13T10:46:12.749+0900] {dagbag.py:587} INFO - Filling up the DagBag from /opt/airflow/dags/06_mysql_load.py
[2026-04-13T10:46:12.763+0900] {processor.py:925} INFO - DAG(s) '06_multi_load' retrieved from /opt/airflow/dags/06_mysql_load.py
[2026-04-13T10:46:12.777+0900] {logging_mixin.py:190} INFO - [2026-04-13T10:46:12.777+0900] {dag.py:3211} INFO - Sync 1 DAGs
[2026-04-13T10:46:12.793+0900] {logging_mixin.py:190} INFO - [2026-04-13T10:46:12.793+0900] {dag.py:4138} INFO - Setting next_dagrun for 06_multi_load to None, run_after=None
[2026-04-13T10:46:12.812+0900] {processor.py:208} INFO - Processing /opt/airflow/dags/06_mysql_load.py took 0.069 seconds
[2026-04-13T10:46:43.452+0900] {processor.py:186} INFO - Started process (PID=14712) to work on /opt/airflow/dags/06_mysql_load.py
[2026-04-13T10:46:43.453+0900] {processor.py:914} INFO - Processing file /opt/airflow/dags/06_mysql_load.py for tasks to queue
[2026-04-13T10:46:43.454+0900] {logging_mixin.py:190} INFO - [2026-04-13T10:46:43.453+0900] {dagbag.py:587} INFO - Filling up the DagBag from /opt/airflow/dags/06_mysql_load.py
[2026-04-13T10:46:43.468+0900] {processor.py:925} INFO - DAG(s) '06_multi_load' retrieved from /opt/airflow/dags/06_mysql_load.py
[2026-04-13T10:46:43.484+0900] {logging_mixin.py:190} INFO - [2026-04-13T10:46:43.483+0900] {dag.py:3211} INFO - Sync 1 DAGs
[2026-04-13T10:46:43.499+0900] {logging_mixin.py:190} INFO - [2026-04-13T10:46:43.498+0900] {dag.py:4138} INFO - Setting next_dagrun for 06_multi_load to None, run_after=None
[2026-04-13T10:46:43.515+0900] {processor.py:208} INFO - Processing /opt/airflow/dags/06_mysql_load.py took 0.068 seconds
[2026-04-13T10:47:14.254+0900] {processor.py:186} INFO - Started process (PID=14782) to work on /opt/airflow/dags/06_mysql_load.py
[2026-04-13T10:47:14.255+0900] {processor.py:914} INFO - Processing file /opt/airflow/dags/06_mysql_load.py for tasks to queue
[2026-04-13T10:47:14.256+0900] {logging_mixin.py:190} INFO - [2026-04-13T10:47:14.256+0900] {dagbag.py:587} INFO - Filling up the DagBag from /opt/airflow/dags/06_mysql_load.py
[2026-04-13T10:47:14.270+0900] {processor.py:925} INFO - DAG(s) '06_multi_load' retrieved from /opt/airflow/dags/06_mysql_load.py
[2026-04-13T10:47:14.287+0900] {logging_mixin.py:190} INFO - [2026-04-13T10:47:14.287+0900] {dag.py:3211} INFO - Sync 1 DAGs
[2026-04-13T10:47:14.307+0900] {logging_mixin.py:190} INFO - [2026-04-13T10:47:14.306+0900] {dag.py:4138} INFO - Setting next_dagrun for 06_multi_load to None, run_after=None
[2026-04-13T10:47:14.326+0900] {processor.py:208} INFO - Processing /opt/airflow/dags/06_mysql_load.py took 0.076 seconds
[2026-04-13T10:47:44.688+0900] {processor.py:186} INFO - Started process (PID=14852) to work on /opt/airflow/dags/06_mysql_load.py
[2026-04-13T10:47:44.689+0900] {processor.py:914} INFO - Processing file /opt/airflow/dags/06_mysql_load.py for tasks to queue
[2026-04-13T10:47:44.690+0900] {logging_mixin.py:190} INFO - [2026-04-13T10:47:44.689+0900] {dagbag.py:587} INFO - Filling up the DagBag from /opt/airflow/dags/06_mysql_load.py
[2026-04-13T10:47:44.705+0900] {processor.py:925} INFO - DAG(s) '06_multi_load' retrieved from /opt/airflow/dags/06_mysql_load.py
[2026-04-13T10:47:44.722+0900] {logging_mixin.py:190} INFO - [2026-04-13T10:47:44.721+0900] {dag.py:3211} INFO - Sync 1 DAGs
[2026-04-13T10:47:44.738+0900] {logging_mixin.py:190} INFO - [2026-04-13T10:47:44.738+0900] {dag.py:4138} INFO - Setting next_dagrun for 06_multi_load to None, run_after=None
[2026-04-13T10:47:44.755+0900] {processor.py:208} INFO - Processing /opt/airflow/dags/06_mysql_load.py took 0.072 seconds
[2026-04-13T10:48:14.920+0900] {processor.py:186} INFO - Started process (PID=14922) to work on /opt/airflow/dags/06_mysql_load.py
[2026-04-13T10:48:14.921+0900] {processor.py:914} INFO - Processing file /opt/airflow/dags/06_mysql_load.py for tasks to queue
[2026-04-13T10:48:14.922+0900] {logging_mixin.py:190} INFO - [2026-04-13T10:48:14.921+0900] {dagbag.py:587} INFO - Filling up the DagBag from /opt/airflow/dags/06_mysql_load.py
[2026-04-13T10:48:14.939+0900] {processor.py:925} INFO - DAG(s) '06_multi_load' retrieved from /opt/airflow/dags/06_mysql_load.py
[2026-04-13T10:48:14.956+0900] {logging_mixin.py:190} INFO - [2026-04-13T10:48:14.956+0900] {dag.py:3211} INFO - Sync 1 DAGs
[2026-04-13T10:48:14.976+0900] {logging_mixin.py:190} INFO - [2026-04-13T10:48:14.975+0900] {dag.py:4138} INFO - Setting next_dagrun for 06_multi_load to None, run_after=None
[2026-04-13T10:48:14.995+0900] {processor.py:208} INFO - Processing /opt/airflow/dags/06_mysql_load.py took 0.080 seconds
[2026-04-13T10:48:45.217+0900] {processor.py:186} INFO - Started process (PID=14993) to work on /opt/airflow/dags/06_mysql_load.py
[2026-04-13T10:48:45.218+0900] {processor.py:914} INFO - Processing file /opt/airflow/dags/06_mysql_load.py for tasks to queue
[2026-04-13T10:48:45.220+0900] {logging_mixin.py:190} INFO - [2026-04-13T10:48:45.219+0900] {dagbag.py:587} INFO - Filling up the DagBag from /opt/airflow/dags/06_mysql_load.py
[2026-04-13T10:48:45.234+0900] {processor.py:925} INFO - DAG(s) '06_multi_load' retrieved from /opt/airflow/dags/06_mysql_load.py
[2026-04-13T10:48:45.249+0900] {logging_mixin.py:190} INFO - [2026-04-13T10:48:45.249+0900] {dag.py:3211} INFO - Sync 1 DAGs
[2026-04-13T10:48:45.264+0900] {logging_mixin.py:190} INFO - [2026-04-13T10:48:45.263+0900] {dag.py:4138} INFO - Setting next_dagrun for 06_multi_load to None, run_after=None
[2026-04-13T10:48:45.286+0900] {processor.py:208} INFO - Processing /opt/airflow/dags/06_mysql_load.py took 0.073 seconds
[2026-04-13T10:49:15.441+0900] {processor.py:186} INFO - Started process (PID=15063) to work on /opt/airflow/dags/06_mysql_load.py
[2026-04-13T10:49:15.442+0900] {processor.py:914} INFO - Processing file /opt/airflow/dags/06_mysql_load.py for tasks to queue
[2026-04-13T10:49:15.443+0900] {logging_mixin.py:190} INFO - [2026-04-13T10:49:15.443+0900] {dagbag.py:587} INFO - Filling up the DagBag from /opt/airflow/dags/06_mysql_load.py
[2026-04-13T10:49:15.459+0900] {processor.py:925} INFO - DAG(s) '06_multi_load' retrieved from /opt/airflow/dags/06_mysql_load.py
[2026-04-13T10:49:15.475+0900] {logging_mixin.py:190} INFO - [2026-04-13T10:49:15.475+0900] {dag.py:3211} INFO - Sync 1 DAGs
[2026-04-13T10:49:15.491+0900] {logging_mixin.py:190} INFO - [2026-04-13T10:49:15.491+0900] {dag.py:4138} INFO - Setting next_dagrun for 06_multi_load to None, run_after=None
[2026-04-13T10:49:15.512+0900] {processor.py:208} INFO - Processing /opt/airflow/dags/06_mysql_load.py took 0.075 seconds
[2026-04-13T10:49:45.820+0900] {processor.py:186} INFO - Started process (PID=15133) to work on /opt/airflow/dags/06_mysql_load.py
[2026-04-13T10:49:45.821+0900] {processor.py:914} INFO - Processing file /opt/airflow/dags/06_mysql_load.py for tasks to queue
[2026-04-13T10:49:45.823+0900] {logging_mixin.py:190} INFO - [2026-04-13T10:49:45.822+0900] {dagbag.py:587} INFO - Filling up the DagBag from /opt/airflow/dags/06_mysql_load.py
[2026-04-13T10:49:45.847+0900] {processor.py:925} INFO - DAG(s) '06_multi_load' retrieved from /opt/airflow/dags/06_mysql_load.py
[2026-04-13T10:49:45.862+0900] {logging_mixin.py:190} INFO - [2026-04-13T10:49:45.862+0900] {dag.py:3211} INFO - Sync 1 DAGs
[2026-04-13T10:49:45.877+0900] {logging_mixin.py:190} INFO - [2026-04-13T10:49:45.877+0900] {dag.py:4138} INFO - Setting next_dagrun for 06_multi_load to None, run_after=None
[2026-04-13T10:49:45.898+0900] {processor.py:208} INFO - Processing /opt/airflow/dags/06_mysql_load.py took 0.082 seconds
[2026-04-13T10:50:16.264+0900] {processor.py:186} INFO - Started process (PID=15203) to work on /opt/airflow/dags/06_mysql_load.py
[2026-04-13T10:50:16.265+0900] {processor.py:914} INFO - Processing file /opt/airflow/dags/06_mysql_load.py for tasks to queue
[2026-04-13T10:50:16.266+0900] {logging_mixin.py:190} INFO - [2026-04-13T10:50:16.265+0900] {dagbag.py:587} INFO - Filling up the DagBag from /opt/airflow/dags/06_mysql_load.py
[2026-04-13T10:50:16.280+0900] {processor.py:925} INFO - DAG(s) '06_multi_load' retrieved from /opt/airflow/dags/06_mysql_load.py
[2026-04-13T10:50:16.296+0900] {logging_mixin.py:190} INFO - [2026-04-13T10:50:16.296+0900] {dag.py:3211} INFO - Sync 1 DAGs
[2026-04-13T10:50:16.311+0900] {logging_mixin.py:190} INFO - [2026-04-13T10:50:16.311+0900] {dag.py:4138} INFO - Setting next_dagrun for 06_multi_load to None, run_after=None
[2026-04-13T10:50:16.328+0900] {processor.py:208} INFO - Processing /opt/airflow/dags/06_mysql_load.py took 0.069 seconds
[2026-04-13T10:51:18.561+0900] {processor.py:186} INFO - Started process (PID=78) to work on /opt/airflow/dags/06_mysql_load.py
[2026-04-13T10:51:18.561+0900] {processor.py:914} INFO - Processing file /opt/airflow/dags/06_mysql_load.py for tasks to queue
[2026-04-13T10:51:18.563+0900] {logging_mixin.py:190} INFO - [2026-04-13T10:51:18.563+0900] {dagbag.py:587} INFO - Filling up the DagBag from /opt/airflow/dags/06_mysql_load.py
[2026-04-13T10:51:19.699+0900] {processor.py:925} INFO - DAG(s) '06_multi_load' retrieved from /opt/airflow/dags/06_mysql_load.py
[2026-04-13T10:51:19.729+0900] {logging_mixin.py:190} INFO - [2026-04-13T10:51:19.728+0900] {dag.py:3211} INFO - Sync 1 DAGs
[2026-04-13T10:51:19.746+0900] {logging_mixin.py:190} INFO - [2026-04-13T10:51:19.746+0900] {dag.py:4138} INFO - Setting next_dagrun for 06_multi_load to None, run_after=None
[2026-04-13T10:51:19.767+0900] {processor.py:208} INFO - Processing /opt/airflow/dags/06_mysql_load.py took 1.211 seconds
[2026-04-13T10:51:50.067+0900] {processor.py:186} INFO - Started process (PID=95) to work on /opt/airflow/dags/06_mysql_load.py
[2026-04-13T10:51:50.069+0900] {processor.py:914} INFO - Processing file /opt/airflow/dags/06_mysql_load.py for tasks to queue
[2026-04-13T10:51:50.072+0900] {logging_mixin.py:190} INFO - [2026-04-13T10:51:50.071+0900] {dagbag.py:587} INFO - Filling up the DagBag from /opt/airflow/dags/06_mysql_load.py
[2026-04-13T10:51:50.466+0900] {processor.py:925} INFO - DAG(s) '06_multi_load' retrieved from /opt/airflow/dags/06_mysql_load.py
[2026-04-13T10:51:50.483+0900] {logging_mixin.py:190} INFO - [2026-04-13T10:51:50.482+0900] {dag.py:3211} INFO - Sync 1 DAGs
[2026-04-13T10:51:50.497+0900] {logging_mixin.py:190} INFO - [2026-04-13T10:51:50.497+0900] {dag.py:4138} INFO - Setting next_dagrun for 06_multi_load to None, run_after=None
[2026-04-13T10:51:50.512+0900] {processor.py:208} INFO - Processing /opt/airflow/dags/06_mysql_load.py took 0.450 seconds
[2026-04-13T10:52:20.630+0900] {processor.py:186} INFO - Started process (PID=112) to work on /opt/airflow/dags/06_mysql_load.py
[2026-04-13T10:52:20.631+0900] {processor.py:914} INFO - Processing file /opt/airflow/dags/06_mysql_load.py for tasks to queue
[2026-04-13T10:52:20.633+0900] {logging_mixin.py:190} INFO - [2026-04-13T10:52:20.633+0900] {dagbag.py:587} INFO - Filling up the DagBag from /opt/airflow/dags/06_mysql_load.py
[2026-04-13T10:52:20.966+0900] {processor.py:925} INFO - DAG(s) '06_multi_load' retrieved from /opt/airflow/dags/06_mysql_load.py
[2026-04-13T10:52:20.982+0900] {logging_mixin.py:190} INFO - [2026-04-13T10:52:20.982+0900] {dag.py:3211} INFO - Sync 1 DAGs
[2026-04-13T10:52:20.997+0900] {logging_mixin.py:190} INFO - [2026-04-13T10:52:20.997+0900] {dag.py:4138} INFO - Setting next_dagrun for 06_multi_load to None, run_after=None
[2026-04-13T10:52:21.017+0900] {processor.py:208} INFO - Processing /opt/airflow/dags/06_mysql_load.py took 0.391 seconds
[2026-04-13T10:52:51.172+0900] {processor.py:186} INFO - Started process (PID=129) to work on /opt/airflow/dags/06_mysql_load.py
[2026-04-13T10:52:51.173+0900] {processor.py:914} INFO - Processing file /opt/airflow/dags/06_mysql_load.py for tasks to queue
[2026-04-13T10:52:51.176+0900] {logging_mixin.py:190} INFO - [2026-04-13T10:52:51.176+0900] {dagbag.py:587} INFO - Filling up the DagBag from /opt/airflow/dags/06_mysql_load.py
[2026-04-13T10:52:51.538+0900] {processor.py:925} INFO - DAG(s) '06_multi_load' retrieved from /opt/airflow/dags/06_mysql_load.py
[2026-04-13T10:52:51.555+0900] {logging_mixin.py:190} INFO - [2026-04-13T10:52:51.555+0900] {dag.py:3211} INFO - Sync 1 DAGs
[2026-04-13T10:52:51.568+0900] {logging_mixin.py:190} INFO - [2026-04-13T10:52:51.568+0900] {dag.py:4138} INFO - Setting next_dagrun for 06_multi_load to None, run_after=None
[2026-04-13T10:52:51.588+0900] {processor.py:208} INFO - Processing /opt/airflow/dags/06_mysql_load.py took 0.422 seconds
[2026-04-13T10:53:21.707+0900] {processor.py:186} INFO - Started process (PID=152) to work on /opt/airflow/dags/06_mysql_load.py
[2026-04-13T10:53:21.708+0900] {processor.py:914} INFO - Processing file /opt/airflow/dags/06_mysql_load.py for tasks to queue
[2026-04-13T10:53:21.710+0900] {logging_mixin.py:190} INFO - [2026-04-13T10:53:21.710+0900] {dagbag.py:587} INFO - Filling up the DagBag from /opt/airflow/dags/06_mysql_load.py
[2026-04-13T10:53:22.079+0900] {processor.py:925} INFO - DAG(s) '06_multi_load' retrieved from /opt/airflow/dags/06_mysql_load.py
[2026-04-13T10:53:22.096+0900] {logging_mixin.py:190} INFO - [2026-04-13T10:53:22.096+0900] {dag.py:3211} INFO - Sync 1 DAGs
[2026-04-13T10:53:22.112+0900] {logging_mixin.py:190} INFO - [2026-04-13T10:53:22.111+0900] {dag.py:4138} INFO - Setting next_dagrun for 06_multi_load to None, run_after=None
[2026-04-13T10:53:22.130+0900] {processor.py:208} INFO - Processing /opt/airflow/dags/06_mysql_load.py took 0.427 seconds
[2026-04-13T10:53:52.419+0900] {processor.py:186} INFO - Started process (PID=169) to work on /opt/airflow/dags/06_mysql_load.py
[2026-04-13T10:53:52.419+0900] {processor.py:914} INFO - Processing file /opt/airflow/dags/06_mysql_load.py for tasks to queue
[2026-04-13T10:53:52.421+0900] {logging_mixin.py:190} INFO - [2026-04-13T10:53:52.421+0900] {dagbag.py:587} INFO - Filling up the DagBag from /opt/airflow/dags/06_mysql_load.py
[2026-04-13T10:53:52.795+0900] {processor.py:925} INFO - DAG(s) '06_multi_load' retrieved from /opt/airflow/dags/06_mysql_load.py
[2026-04-13T10:53:52.814+0900] {logging_mixin.py:190} INFO - [2026-04-13T10:53:52.814+0900] {dag.py:3211} INFO - Sync 1 DAGs
[2026-04-13T10:53:52.834+0900] {logging_mixin.py:190} INFO - [2026-04-13T10:53:52.834+0900] {dag.py:4138} INFO - Setting next_dagrun for 06_multi_load to None, run_after=None
[2026-04-13T10:53:52.854+0900] {processor.py:208} INFO - Processing /opt/airflow/dags/06_mysql_load.py took 0.440 seconds
[2026-04-13T10:54:23.435+0900] {processor.py:186} INFO - Started process (PID=186) to work on /opt/airflow/dags/06_mysql_load.py
[2026-04-13T10:54:23.435+0900] {processor.py:914} INFO - Processing file /opt/airflow/dags/06_mysql_load.py for tasks to queue
[2026-04-13T10:54:23.438+0900] {logging_mixin.py:190} INFO - [2026-04-13T10:54:23.437+0900] {dagbag.py:587} INFO - Filling up the DagBag from /opt/airflow/dags/06_mysql_load.py
[2026-04-13T10:54:23.777+0900] {processor.py:925} INFO - DAG(s) '06_multi_load' retrieved from /opt/airflow/dags/06_mysql_load.py
[2026-04-13T10:54:23.792+0900] {logging_mixin.py:190} INFO - [2026-04-13T10:54:23.792+0900] {dag.py:3211} INFO - Sync 1 DAGs
[2026-04-13T10:54:23.806+0900] {logging_mixin.py:190} INFO - [2026-04-13T10:54:23.806+0900] {dag.py:4138} INFO - Setting next_dagrun for 06_multi_load to None, run_after=None
[2026-04-13T10:54:23.826+0900] {processor.py:208} INFO - Processing /opt/airflow/dags/06_mysql_load.py took 0.396 seconds
[2026-04-13T10:54:54.045+0900] {processor.py:186} INFO - Started process (PID=203) to work on /opt/airflow/dags/06_mysql_load.py
[2026-04-13T10:54:54.046+0900] {processor.py:914} INFO - Processing file /opt/airflow/dags/06_mysql_load.py for tasks to queue
[2026-04-13T10:54:54.048+0900] {logging_mixin.py:190} INFO - [2026-04-13T10:54:54.048+0900] {dagbag.py:587} INFO - Filling up the DagBag from /opt/airflow/dags/06_mysql_load.py
[2026-04-13T10:54:54.375+0900] {processor.py:925} INFO - DAG(s) '06_multi_load' retrieved from /opt/airflow/dags/06_mysql_load.py
[2026-04-13T10:54:54.390+0900] {logging_mixin.py:190} INFO - [2026-04-13T10:54:54.390+0900] {dag.py:3211} INFO - Sync 1 DAGs
[2026-04-13T10:54:54.404+0900] {logging_mixin.py:190} INFO - [2026-04-13T10:54:54.403+0900] {dag.py:4138} INFO - Setting next_dagrun for 06_multi_load to None, run_after=None
[2026-04-13T10:54:54.417+0900] {processor.py:208} INFO - Processing /opt/airflow/dags/06_mysql_load.py took 0.376 seconds
[2026-04-13T10:55:24.780+0900] {processor.py:186} INFO - Started process (PID=220) to work on /opt/airflow/dags/06_mysql_load.py
[2026-04-13T10:55:24.781+0900] {processor.py:914} INFO - Processing file /opt/airflow/dags/06_mysql_load.py for tasks to queue
[2026-04-13T10:55:24.783+0900] {logging_mixin.py:190} INFO - [2026-04-13T10:55:24.783+0900] {dagbag.py:587} INFO - Filling up the DagBag from /opt/airflow/dags/06_mysql_load.py
[2026-04-13T10:55:25.031+0900] {processor.py:925} INFO - DAG(s) '06_multi_load' retrieved from /opt/airflow/dags/06_mysql_load.py
[2026-04-13T10:55:25.051+0900] {logging_mixin.py:190} INFO - [2026-04-13T10:55:25.050+0900] {dag.py:3211} INFO - Sync 1 DAGs
[2026-04-13T10:55:25.067+0900] {logging_mixin.py:190} INFO - [2026-04-13T10:55:25.067+0900] {dag.py:4138} INFO - Setting next_dagrun for 06_multi_load to None, run_after=None
[2026-04-13T10:55:25.089+0900] {processor.py:208} INFO - Processing /opt/airflow/dags/06_mysql_load.py took 0.314 seconds
[2026-04-13T10:55:55.162+0900] {processor.py:186} INFO - Started process (PID=238) to work on /opt/airflow/dags/06_mysql_load.py
[2026-04-13T10:55:55.163+0900] {processor.py:914} INFO - Processing file /opt/airflow/dags/06_mysql_load.py for tasks to queue
[2026-04-13T10:55:55.166+0900] {logging_mixin.py:190} INFO - [2026-04-13T10:55:55.165+0900] {dagbag.py:587} INFO - Filling up the DagBag from /opt/airflow/dags/06_mysql_load.py
[2026-04-13T10:55:55.418+0900] {processor.py:925} INFO - DAG(s) '06_multi_load' retrieved from /opt/airflow/dags/06_mysql_load.py
[2026-04-13T10:55:55.439+0900] {logging_mixin.py:190} INFO - [2026-04-13T10:55:55.438+0900] {dag.py:3211} INFO - Sync 1 DAGs
[2026-04-13T10:55:55.456+0900] {logging_mixin.py:190} INFO - [2026-04-13T10:55:55.456+0900] {dag.py:4138} INFO - Setting next_dagrun for 06_multi_load to None, run_after=None
[2026-04-13T10:55:55.475+0900] {processor.py:208} INFO - Processing /opt/airflow/dags/06_mysql_load.py took 0.317 seconds
[2026-04-13T10:56:26.463+0900] {processor.py:186} INFO - Started process (PID=255) to work on /opt/airflow/dags/06_mysql_load.py
[2026-04-13T10:56:26.464+0900] {processor.py:914} INFO - Processing file /opt/airflow/dags/06_mysql_load.py for tasks to queue
[2026-04-13T10:56:26.467+0900] {logging_mixin.py:190} INFO - [2026-04-13T10:56:26.466+0900] {dagbag.py:587} INFO - Filling up the DagBag from /opt/airflow/dags/06_mysql_load.py
[2026-04-13T10:56:26.690+0900] {processor.py:925} INFO - DAG(s) '06_multi_load' retrieved from /opt/airflow/dags/06_mysql_load.py
[2026-04-13T10:56:26.715+0900] {logging_mixin.py:190} INFO - [2026-04-13T10:56:26.715+0900] {dag.py:3211} INFO - Sync 1 DAGs
[2026-04-13T10:56:26.736+0900] {logging_mixin.py:190} INFO - [2026-04-13T10:56:26.736+0900] {dag.py:4138} INFO - Setting next_dagrun for 06_multi_load to None, run_after=None
[2026-04-13T10:56:26.761+0900] {processor.py:208} INFO - Processing /opt/airflow/dags/06_mysql_load.py took 0.303 seconds
[2026-04-13T10:56:56.846+0900] {processor.py:186} INFO - Started process (PID=272) to work on /opt/airflow/dags/06_mysql_load.py
[2026-04-13T10:56:56.847+0900] {processor.py:914} INFO - Processing file /opt/airflow/dags/06_mysql_load.py for tasks to queue
[2026-04-13T10:56:56.849+0900] {logging_mixin.py:190} INFO - [2026-04-13T10:56:56.849+0900] {dagbag.py:587} INFO - Filling up the DagBag from /opt/airflow/dags/06_mysql_load.py
[2026-04-13T10:56:57.105+0900] {processor.py:925} INFO - DAG(s) '06_multi_load' retrieved from /opt/airflow/dags/06_mysql_load.py
[2026-04-13T10:56:57.129+0900] {logging_mixin.py:190} INFO - [2026-04-13T10:56:57.129+0900] {dag.py:3211} INFO - Sync 1 DAGs
[2026-04-13T10:56:57.149+0900] {logging_mixin.py:190} INFO - [2026-04-13T10:56:57.149+0900] {dag.py:4138} INFO - Setting next_dagrun for 06_multi_load to None, run_after=None
[2026-04-13T10:56:57.166+0900] {processor.py:208} INFO - Processing /opt/airflow/dags/06_mysql_load.py took 0.325 seconds
[2026-04-13T10:57:28.206+0900] {processor.py:186} INFO - Started process (PID=289) to work on /opt/airflow/dags/06_mysql_load.py
[2026-04-13T10:57:28.207+0900] {processor.py:914} INFO - Processing file /opt/airflow/dags/06_mysql_load.py for tasks to queue
[2026-04-13T10:57:28.209+0900] {logging_mixin.py:190} INFO - [2026-04-13T10:57:28.209+0900] {dagbag.py:587} INFO - Filling up the DagBag from /opt/airflow/dags/06_mysql_load.py
[2026-04-13T10:57:28.439+0900] {processor.py:925} INFO - DAG(s) '06_multi_load' retrieved from /opt/airflow/dags/06_mysql_load.py
[2026-04-13T10:57:28.460+0900] {logging_mixin.py:190} INFO - [2026-04-13T10:57:28.460+0900] {dag.py:3211} INFO - Sync 1 DAGs
[2026-04-13T10:57:28.477+0900] {logging_mixin.py:190} INFO - [2026-04-13T10:57:28.477+0900] {dag.py:4138} INFO - Setting next_dagrun for 06_multi_load to None, run_after=None
[2026-04-13T10:57:28.500+0900] {processor.py:208} INFO - Processing /opt/airflow/dags/06_mysql_load.py took 0.298 seconds
[2026-04-13T10:57:58.669+0900] {processor.py:186} INFO - Started process (PID=306) to work on /opt/airflow/dags/06_mysql_load.py
[2026-04-13T10:57:58.670+0900] {processor.py:914} INFO - Processing file /opt/airflow/dags/06_mysql_load.py for tasks to queue
[2026-04-13T10:57:58.673+0900] {logging_mixin.py:190} INFO - [2026-04-13T10:57:58.672+0900] {dagbag.py:587} INFO - Filling up the DagBag from /opt/airflow/dags/06_mysql_load.py
[2026-04-13T10:57:58.909+0900] {processor.py:925} INFO - DAG(s) '06_multi_load' retrieved from /opt/airflow/dags/06_mysql_load.py
[2026-04-13T10:57:58.928+0900] {logging_mixin.py:190} INFO - [2026-04-13T10:57:58.928+0900] {dag.py:3211} INFO - Sync 1 DAGs
[2026-04-13T10:57:58.945+0900] {logging_mixin.py:190} INFO - [2026-04-13T10:57:58.945+0900] {dag.py:4138} INFO - Setting next_dagrun for 06_multi_load to None, run_after=None
[2026-04-13T10:57:58.963+0900] {processor.py:208} INFO - Processing /opt/airflow/dags/06_mysql_load.py took 0.302 seconds
[2026-04-13T10:58:29.046+0900] {processor.py:186} INFO - Started process (PID=324) to work on /opt/airflow/dags/06_mysql_load.py
[2026-04-13T10:58:29.047+0900] {processor.py:914} INFO - Processing file /opt/airflow/dags/06_mysql_load.py for tasks to queue
[2026-04-13T10:58:29.049+0900] {logging_mixin.py:190} INFO - [2026-04-13T10:58:29.049+0900] {dagbag.py:587} INFO - Filling up the DagBag from /opt/airflow/dags/06_mysql_load.py
[2026-04-13T10:58:29.280+0900] {processor.py:925} INFO - DAG(s) '06_multi_load' retrieved from /opt/airflow/dags/06_mysql_load.py
[2026-04-13T10:58:29.301+0900] {logging_mixin.py:190} INFO - [2026-04-13T10:58:29.301+0900] {dag.py:3211} INFO - Sync 1 DAGs
[2026-04-13T10:58:29.318+0900] {logging_mixin.py:190} INFO - [2026-04-13T10:58:29.318+0900] {dag.py:4138} INFO - Setting next_dagrun for 06_multi_load to None, run_after=None
[2026-04-13T10:58:29.336+0900] {processor.py:208} INFO - Processing /opt/airflow/dags/06_mysql_load.py took 0.294 seconds
[2026-04-13T10:58:59.455+0900] {processor.py:186} INFO - Started process (PID=341) to work on /opt/airflow/dags/06_mysql_load.py
[2026-04-13T10:58:59.455+0900] {processor.py:914} INFO - Processing file /opt/airflow/dags/06_mysql_load.py for tasks to queue
[2026-04-13T10:58:59.457+0900] {logging_mixin.py:190} INFO - [2026-04-13T10:58:59.457+0900] {dagbag.py:587} INFO - Filling up the DagBag from /opt/airflow/dags/06_mysql_load.py
[2026-04-13T10:58:59.685+0900] {processor.py:925} INFO - DAG(s) '06_multi_load' retrieved from /opt/airflow/dags/06_mysql_load.py
[2026-04-13T10:58:59.705+0900] {logging_mixin.py:190} INFO - [2026-04-13T10:58:59.705+0900] {dag.py:3211} INFO - Sync 1 DAGs
[2026-04-13T10:58:59.722+0900] {logging_mixin.py:190} INFO - [2026-04-13T10:58:59.721+0900] {dag.py:4138} INFO - Setting next_dagrun for 06_multi_load to None, run_after=None
[2026-04-13T10:58:59.745+0900] {processor.py:208} INFO - Processing /opt/airflow/dags/06_mysql_load.py took 0.295 seconds
[2026-04-13T10:59:29.806+0900] {processor.py:186} INFO - Started process (PID=359) to work on /opt/airflow/dags/06_mysql_load.py
[2026-04-13T10:59:29.807+0900] {processor.py:914} INFO - Processing file /opt/airflow/dags/06_mysql_load.py for tasks to queue
[2026-04-13T10:59:29.809+0900] {logging_mixin.py:190} INFO - [2026-04-13T10:59:29.809+0900] {dagbag.py:587} INFO - Filling up the DagBag from /opt/airflow/dags/06_mysql_load.py
[2026-04-13T10:59:30.011+0900] {processor.py:925} INFO - DAG(s) '06_multi_load' retrieved from /opt/airflow/dags/06_mysql_load.py
[2026-04-13T10:59:30.029+0900] {logging_mixin.py:190} INFO - [2026-04-13T10:59:30.029+0900] {dag.py:3211} INFO - Sync 1 DAGs
[2026-04-13T10:59:30.045+0900] {logging_mixin.py:190} INFO - [2026-04-13T10:59:30.044+0900] {dag.py:4138} INFO - Setting next_dagrun for 06_multi_load to None, run_after=None
[2026-04-13T10:59:30.067+0900] {processor.py:208} INFO - Processing /opt/airflow/dags/06_mysql_load.py took 0.267 seconds
[2026-04-13T11:00:00.196+0900] {processor.py:186} INFO - Started process (PID=376) to work on /opt/airflow/dags/06_mysql_load.py
[2026-04-13T11:00:00.197+0900] {processor.py:914} INFO - Processing file /opt/airflow/dags/06_mysql_load.py for tasks to queue
[2026-04-13T11:00:00.199+0900] {logging_mixin.py:190} INFO - [2026-04-13T11:00:00.199+0900] {dagbag.py:587} INFO - Filling up the DagBag from /opt/airflow/dags/06_mysql_load.py
[2026-04-13T11:00:00.421+0900] {processor.py:925} INFO - DAG(s) '06_multi_load' retrieved from /opt/airflow/dags/06_mysql_load.py
[2026-04-13T11:00:00.438+0900] {logging_mixin.py:190} INFO - [2026-04-13T11:00:00.438+0900] {dag.py:3211} INFO - Sync 1 DAGs
[2026-04-13T11:00:00.455+0900] {logging_mixin.py:190} INFO - [2026-04-13T11:00:00.455+0900] {dag.py:4138} INFO - Setting next_dagrun for 06_multi_load to None, run_after=None
[2026-04-13T11:00:00.477+0900] {processor.py:208} INFO - Processing /opt/airflow/dags/06_mysql_load.py took 0.286 seconds
[2026-04-13T11:00:30.605+0900] {processor.py:186} INFO - Started process (PID=393) to work on /opt/airflow/dags/06_mysql_load.py
[2026-04-13T11:00:30.606+0900] {processor.py:914} INFO - Processing file /opt/airflow/dags/06_mysql_load.py for tasks to queue
[2026-04-13T11:00:30.608+0900] {logging_mixin.py:190} INFO - [2026-04-13T11:00:30.608+0900] {dagbag.py:587} INFO - Filling up the DagBag from /opt/airflow/dags/06_mysql_load.py
[2026-04-13T11:00:30.827+0900] {processor.py:925} INFO - DAG(s) '06_multi_load' retrieved from /opt/airflow/dags/06_mysql_load.py
[2026-04-13T11:00:30.844+0900] {logging_mixin.py:190} INFO - [2026-04-13T11:00:30.844+0900] {dag.py:3211} INFO - Sync 1 DAGs
[2026-04-13T11:00:30.858+0900] {logging_mixin.py:190} INFO - [2026-04-13T11:00:30.858+0900] {dag.py:4138} INFO - Setting next_dagrun for 06_multi_load to None, run_after=None
[2026-04-13T11:00:30.872+0900] {processor.py:208} INFO - Processing /opt/airflow/dags/06_mysql_load.py took 0.272 seconds
[2026-04-13T11:01:01.239+0900] {processor.py:186} INFO - Started process (PID=414) to work on /opt/airflow/dags/06_mysql_load.py
[2026-04-13T11:01:01.240+0900] {processor.py:914} INFO - Processing file /opt/airflow/dags/06_mysql_load.py for tasks to queue
[2026-04-13T11:01:01.242+0900] {logging_mixin.py:190} INFO - [2026-04-13T11:01:01.242+0900] {dagbag.py:587} INFO - Filling up the DagBag from /opt/airflow/dags/06_mysql_load.py
[2026-04-13T11:01:01.467+0900] {processor.py:925} INFO - DAG(s) '06_multi_load' retrieved from /opt/airflow/dags/06_mysql_load.py
[2026-04-13T11:01:01.486+0900] {logging_mixin.py:190} INFO - [2026-04-13T11:01:01.485+0900] {dag.py:3211} INFO - Sync 1 DAGs
[2026-04-13T11:01:01.502+0900] {logging_mixin.py:190} INFO - [2026-04-13T11:01:01.501+0900] {dag.py:4138} INFO - Setting next_dagrun for 06_multi_load to None, run_after=None
[2026-04-13T11:01:01.520+0900] {processor.py:208} INFO - Processing /opt/airflow/dags/06_mysql_load.py took 0.290 seconds
[2026-04-13T11:01:07.032+0900] {processor.py:186} INFO - Started process (PID=422) to work on /opt/airflow/dags/06_mysql_load.py
[2026-04-13T11:01:07.033+0900] {processor.py:914} INFO - Processing file /opt/airflow/dags/06_mysql_load.py for tasks to queue
[2026-04-13T11:01:07.036+0900] {logging_mixin.py:190} INFO - [2026-04-13T11:01:07.035+0900] {dagbag.py:587} INFO - Filling up the DagBag from /opt/airflow/dags/06_mysql_load.py
[2026-04-13T11:01:07.276+0900] {logging_mixin.py:190} INFO - [2026-04-13T11:01:07.270+0900] {dagbag.py:386} ERROR - Failed to import: /opt/airflow/dags/06_mysql_load.py
Traceback (most recent call last):
  File "/home/airflow/.local/lib/python3.12/site-packages/airflow/models/dagbag.py", line 382, in parse
    loader.exec_module(new_module)
  File "<frozen importlib._bootstrap_external>", line 995, in exec_module
  File "<frozen importlib._bootstrap>", line 488, in _call_with_frames_removed
  File "/opt/airflow/dags/06_mysql_load.py", line 36, in <module>
    with DAG(
         ^^^^
  File "/home/airflow/.local/lib/python3.12/site-packages/airflow/models/dag.py", line 591, in __init__
    validate_key(dag_id)
  File "/home/airflow/.local/lib/python3.12/site-packages/airflow/utils/helpers.py", line 57, in validate_key
    raise AirflowException(
airflow.exceptions.AirflowException: The key '06_multi(3)_load' has to be made of alphanumeric characters, dashes, dots and underscores exclusively
[2026-04-13T11:01:07.277+0900] {processor.py:927} WARNING - No viable dags retrieved from /opt/airflow/dags/06_mysql_load.py
[2026-04-13T11:01:07.294+0900] {processor.py:208} INFO - Processing /opt/airflow/dags/06_mysql_load.py took 0.267 seconds
[2026-04-13T11:01:37.481+0900] {processor.py:186} INFO - Started process (PID=439) to work on /opt/airflow/dags/06_mysql_load.py
[2026-04-13T11:01:37.482+0900] {processor.py:914} INFO - Processing file /opt/airflow/dags/06_mysql_load.py for tasks to queue
[2026-04-13T11:01:37.485+0900] {logging_mixin.py:190} INFO - [2026-04-13T11:01:37.485+0900] {dagbag.py:587} INFO - Filling up the DagBag from /opt/airflow/dags/06_mysql_load.py
[2026-04-13T11:01:37.710+0900] {logging_mixin.py:190} INFO - [2026-04-13T11:01:37.705+0900] {dagbag.py:386} ERROR - Failed to import: /opt/airflow/dags/06_mysql_load.py
Traceback (most recent call last):
  File "/home/airflow/.local/lib/python3.12/site-packages/airflow/models/dagbag.py", line 382, in parse
    loader.exec_module(new_module)
  File "<frozen importlib._bootstrap_external>", line 995, in exec_module
  File "<frozen importlib._bootstrap>", line 488, in _call_with_frames_removed
  File "/opt/airflow/dags/06_mysql_load.py", line 36, in <module>
    with DAG(
         ^^^^
  File "/home/airflow/.local/lib/python3.12/site-packages/airflow/models/dag.py", line 591, in __init__
    validate_key(dag_id)
  File "/home/airflow/.local/lib/python3.12/site-packages/airflow/utils/helpers.py", line 57, in validate_key
    raise AirflowException(
airflow.exceptions.AirflowException: The key '06_multi(3)_load' has to be made of alphanumeric characters, dashes, dots and underscores exclusively
[2026-04-13T11:01:37.711+0900] {processor.py:927} WARNING - No viable dags retrieved from /opt/airflow/dags/06_mysql_load.py
[2026-04-13T11:01:37.730+0900] {processor.py:208} INFO - Processing /opt/airflow/dags/06_mysql_load.py took 0.253 seconds
[2026-04-13T11:02:08.398+0900] {processor.py:186} INFO - Started process (PID=456) to work on /opt/airflow/dags/06_mysql_load.py
[2026-04-13T11:02:08.399+0900] {processor.py:914} INFO - Processing file /opt/airflow/dags/06_mysql_load.py for tasks to queue
[2026-04-13T11:02:08.401+0900] {logging_mixin.py:190} INFO - [2026-04-13T11:02:08.401+0900] {dagbag.py:587} INFO - Filling up the DagBag from /opt/airflow/dags/06_mysql_load.py
[2026-04-13T11:02:08.612+0900] {logging_mixin.py:190} INFO - [2026-04-13T11:02:08.608+0900] {dagbag.py:386} ERROR - Failed to import: /opt/airflow/dags/06_mysql_load.py
Traceback (most recent call last):
  File "/home/airflow/.local/lib/python3.12/site-packages/airflow/models/dagbag.py", line 382, in parse
    loader.exec_module(new_module)
  File "<frozen importlib._bootstrap_external>", line 995, in exec_module
  File "<frozen importlib._bootstrap>", line 488, in _call_with_frames_removed
  File "/opt/airflow/dags/06_mysql_load.py", line 36, in <module>
    with DAG(
         ^^^^
  File "/home/airflow/.local/lib/python3.12/site-packages/airflow/models/dag.py", line 591, in __init__
    validate_key(dag_id)
  File "/home/airflow/.local/lib/python3.12/site-packages/airflow/utils/helpers.py", line 57, in validate_key
    raise AirflowException(
airflow.exceptions.AirflowException: The key '06_multi(3)_load' has to be made of alphanumeric characters, dashes, dots and underscores exclusively
[2026-04-13T11:02:08.613+0900] {processor.py:927} WARNING - No viable dags retrieved from /opt/airflow/dags/06_mysql_load.py
[2026-04-13T11:02:08.630+0900] {processor.py:208} INFO - Processing /opt/airflow/dags/06_mysql_load.py took 0.237 seconds
[2026-04-13T11:02:38.675+0900] {processor.py:186} INFO - Started process (PID=473) to work on /opt/airflow/dags/06_mysql_load.py
[2026-04-13T11:02:38.676+0900] {processor.py:914} INFO - Processing file /opt/airflow/dags/06_mysql_load.py for tasks to queue
[2026-04-13T11:02:38.677+0900] {logging_mixin.py:190} INFO - [2026-04-13T11:02:38.677+0900] {dagbag.py:587} INFO - Filling up the DagBag from /opt/airflow/dags/06_mysql_load.py
[2026-04-13T11:02:38.879+0900] {logging_mixin.py:190} INFO - [2026-04-13T11:02:38.872+0900] {dagbag.py:386} ERROR - Failed to import: /opt/airflow/dags/06_mysql_load.py
Traceback (most recent call last):
  File "/home/airflow/.local/lib/python3.12/site-packages/airflow/models/dagbag.py", line 382, in parse
    loader.exec_module(new_module)
  File "<frozen importlib._bootstrap_external>", line 995, in exec_module
  File "<frozen importlib._bootstrap>", line 488, in _call_with_frames_removed
  File "/opt/airflow/dags/06_mysql_load.py", line 36, in <module>
    with DAG(
         ^^^^
  File "/home/airflow/.local/lib/python3.12/site-packages/airflow/models/dag.py", line 591, in __init__
    validate_key(dag_id)
  File "/home/airflow/.local/lib/python3.12/site-packages/airflow/utils/helpers.py", line 57, in validate_key
    raise AirflowException(
airflow.exceptions.AirflowException: The key '06_multi(3)_load' has to be made of alphanumeric characters, dashes, dots and underscores exclusively
[2026-04-13T11:02:38.880+0900] {processor.py:927} WARNING - No viable dags retrieved from /opt/airflow/dags/06_mysql_load.py
[2026-04-13T11:02:38.897+0900] {processor.py:208} INFO - Processing /opt/airflow/dags/06_mysql_load.py took 0.227 seconds
