[2026-04-14T09:49:22.320+0900] {local_task_job_runner.py:123} INFO - ::group::Pre task execution logs
[2026-04-14T09:49:22.346+0900] {taskinstance.py:2603} INFO - Dependencies all met for dep_context=non-requeueable deps ti=<TaskInstance: 07_msa_api_server_used.task_create_dummy_data scheduled__2026-04-13T00:00:00+00:00 [queued]>
[2026-04-14T09:49:22.357+0900] {taskinstance.py:2603} INFO - Dependencies all met for dep_context=requeueable deps ti=<TaskInstance: 07_msa_api_server_used.task_create_dummy_data scheduled__2026-04-13T00:00:00+00:00 [queued]>
[2026-04-14T09:49:22.359+0900] {taskinstance.py:2856} INFO - Starting attempt 1 of 1
[2026-04-14T09:49:22.379+0900] {taskinstance.py:2879} INFO - Executing <Task(PythonOperator): task_create_dummy_data> on 2026-04-13 00:00:00+00:00
[2026-04-14T09:49:22.387+0900] {warnings.py:112} WARNING - /home/***/.local/lib/python3.12/site-packages/***/task/task_runner/standard_task_runner.py:70: DeprecationWarning: This process (pid=14662) is multi-threaded, use of fork() may lead to deadlocks in the child.
  pid = os.fork()

[2026-04-14T09:49:22.390+0900] {standard_task_runner.py:72} INFO - Started process 14665 to run task
[2026-04-14T09:49:22.391+0900] {standard_task_runner.py:104} INFO - Running: ['***', 'tasks', 'run', '07_msa_api_server_used', 'task_create_dummy_data', 'scheduled__2026-04-13T00:00:00+00:00', '--job-id', '80', '--raw', '--subdir', 'DAGS_FOLDER/07_msa_api_server_used.py', '--cfg-path', '/tmp/tmpt1v5vn8y']
[2026-04-14T09:49:22.393+0900] {standard_task_runner.py:105} INFO - Job 80: Subtask task_create_dummy_data
[2026-04-14T09:49:22.466+0900] {task_command.py:467} INFO - Running <TaskInstance: 07_msa_api_server_used.task_create_dummy_data scheduled__2026-04-13T00:00:00+00:00 [running]> on host ad48662a813c
[2026-04-14T09:49:22.622+0900] {taskinstance.py:3122} INFO - Exporting env vars: AIRFLOW_CTX_DAG_OWNER='YONG' AIRFLOW_CTX_DAG_ID='07_msa_api_server_used' AIRFLOW_CTX_TASK_ID='task_create_dummy_data' AIRFLOW_CTX_EXECUTION_DATE='2026-04-13T00:00:00+00:00' AIRFLOW_CTX_TRY_NUMBER='1' AIRFLOW_CTX_DAG_RUN_ID='scheduled__2026-04-13T00:00:00+00:00'
[2026-04-14T09:49:22.624+0900] {taskinstance.py:731} INFO - ::endgroup::
[2026-04-14T09:49:22.656+0900] {python.py:240} INFO - Done. Returned value was: [{'user_id': 'C001', 'income': 5000, 'loan_amt': 2000}, {'user_id': 'C002', 'income': 4000, 'loan_amt': 5000}, {'user_id': 'C003', 'income': 8000, 'loan_amt': 1000}]
[2026-04-14T09:49:22.710+0900] {taskinstance.py:340} INFO - ::group::Post task execution logs
[2026-04-14T09:49:22.712+0900] {taskinstance.py:352} INFO - Marking task as SUCCESS. dag_id=07_msa_api_server_used, task_id=task_create_dummy_data, run_id=scheduled__2026-04-13T00:00:00+00:00, execution_date=20260413T000000, start_date=20260414T004922, end_date=20260414T004922
[2026-04-14T09:49:22.773+0900] {local_task_job_runner.py:261} INFO - Task exited with return code 0
[2026-04-14T09:49:22.834+0900] {taskinstance.py:3891} INFO - 1 downstream tasks scheduled from follow-on schedule check
[2026-04-14T09:49:22.839+0900] {local_task_job_runner.py:240} INFO - ::endgroup::
[2026-04-14T09:55:51.574+0900] {local_task_job_runner.py:123} INFO - ::group::Pre task execution logs
[2026-04-14T09:55:51.600+0900] {taskinstance.py:2603} INFO - Dependencies all met for dep_context=non-requeueable deps ti=<TaskInstance: 07_msa_api_server_used.task_create_dummy_data scheduled__2026-04-13T00:00:00+00:00 [queued]>
[2026-04-14T09:55:51.612+0900] {taskinstance.py:2603} INFO - Dependencies all met for dep_context=requeueable deps ti=<TaskInstance: 07_msa_api_server_used.task_create_dummy_data scheduled__2026-04-13T00:00:00+00:00 [queued]>
[2026-04-14T09:55:51.613+0900] {taskinstance.py:2856} INFO - Starting attempt 1 of 1
[2026-04-14T09:55:51.631+0900] {taskinstance.py:2879} INFO - Executing <Task(PythonOperator): task_create_dummy_data> on 2026-04-13 00:00:00+00:00
[2026-04-14T09:55:51.638+0900] {warnings.py:112} WARNING - /home/***/.local/lib/python3.12/site-packages/***/task/task_runner/standard_task_runner.py:70: DeprecationWarning: This process (pid=14760) is multi-threaded, use of fork() may lead to deadlocks in the child.
  pid = os.fork()

[2026-04-14T09:55:51.640+0900] {standard_task_runner.py:72} INFO - Started process 14761 to run task
[2026-04-14T09:55:51.641+0900] {standard_task_runner.py:104} INFO - Running: ['***', 'tasks', 'run', '07_msa_api_server_used', 'task_create_dummy_data', 'scheduled__2026-04-13T00:00:00+00:00', '--job-id', '86', '--raw', '--subdir', 'DAGS_FOLDER/07_msa_api_server_used.py', '--cfg-path', '/tmp/tmpubcfwhje']
[2026-04-14T09:55:51.643+0900] {standard_task_runner.py:105} INFO - Job 86: Subtask task_create_dummy_data
[2026-04-14T09:55:51.742+0900] {task_command.py:467} INFO - Running <TaskInstance: 07_msa_api_server_used.task_create_dummy_data scheduled__2026-04-13T00:00:00+00:00 [running]> on host ad48662a813c
[2026-04-14T09:55:51.891+0900] {taskinstance.py:3122} INFO - Exporting env vars: AIRFLOW_CTX_DAG_OWNER='YONG' AIRFLOW_CTX_DAG_ID='07_msa_api_server_used' AIRFLOW_CTX_TASK_ID='task_create_dummy_data' AIRFLOW_CTX_EXECUTION_DATE='2026-04-13T00:00:00+00:00' AIRFLOW_CTX_TRY_NUMBER='1' AIRFLOW_CTX_DAG_RUN_ID='scheduled__2026-04-13T00:00:00+00:00'
[2026-04-14T09:55:51.893+0900] {taskinstance.py:731} INFO - ::endgroup::
[2026-04-14T09:55:51.923+0900] {python.py:240} INFO - Done. Returned value was: [{'user_id': 'C001', 'income': 5000, 'loan_amt': 2000}, {'user_id': 'C002', 'income': 4000, 'loan_amt': 5000}, {'user_id': 'C003', 'income': 8000, 'loan_amt': 1000}]
[2026-04-14T09:55:51.969+0900] {taskinstance.py:340} INFO - ::group::Post task execution logs
[2026-04-14T09:55:51.970+0900] {taskinstance.py:352} INFO - Marking task as SUCCESS. dag_id=07_msa_api_server_used, task_id=task_create_dummy_data, run_id=scheduled__2026-04-13T00:00:00+00:00, execution_date=20260413T000000, start_date=20260414T005551, end_date=20260414T005551
[2026-04-14T09:55:52.018+0900] {local_task_job_runner.py:261} INFO - Task exited with return code 0
[2026-04-14T09:55:52.070+0900] {taskinstance.py:3891} INFO - 1 downstream tasks scheduled from follow-on schedule check
[2026-04-14T09:55:52.074+0900] {local_task_job_runner.py:240} INFO - ::endgroup::
