[2026-04-08T05:47:41.055+0000] {local_task_job_runner.py:123} INFO - ::group::Pre task execution logs
[2026-04-08T05:47:41.067+0000] {taskinstance.py:2603} INFO - Dependencies all met for dep_context=non-requeueable deps ti=<TaskInstance: random_multiply_dag.multiply_numbers manual__2026-04-08T05:47:34.231403+00:00 [queued]>
[2026-04-08T05:47:41.073+0000] {taskinstance.py:2603} INFO - Dependencies all met for dep_context=requeueable deps ti=<TaskInstance: random_multiply_dag.multiply_numbers manual__2026-04-08T05:47:34.231403+00:00 [queued]>
[2026-04-08T05:47:41.074+0000] {taskinstance.py:2856} INFO - Starting attempt 1 of 2
[2026-04-08T05:47:41.082+0000] {taskinstance.py:2879} INFO - Executing <Task(PythonOperator): multiply_numbers> on 2026-04-08 05:47:34.231403+00:00
[2026-04-08T05:47:41.088+0000] {warnings.py:112} WARNING - /home/***/.local/lib/python3.12/site-packages/***/task/task_runner/standard_task_runner.py:70: DeprecationWarning: This process (pid=2719) is multi-threaded, use of fork() may lead to deadlocks in the child.
  pid = os.fork()

[2026-04-08T05:47:41.090+0000] {standard_task_runner.py:104} INFO - Running: ['***', 'tasks', 'run', 'random_multiply_dag', 'multiply_numbers', 'manual__2026-04-08T05:47:34.231403+00:00', '--job-id', '5', '--raw', '--subdir', 'DAGS_FOLDER/1_***_test.py', '--cfg-path', '/tmp/tmpp3zsa_s5']
[2026-04-08T05:47:41.090+0000] {standard_task_runner.py:72} INFO - Started process 2721 to run task
[2026-04-08T05:47:41.091+0000] {standard_task_runner.py:105} INFO - Job 5: Subtask multiply_numbers
[2026-04-08T05:47:41.123+0000] {task_command.py:467} INFO - Running <TaskInstance: random_multiply_dag.multiply_numbers manual__2026-04-08T05:47:34.231403+00:00 [running]> on host 30220cc5b78a
[2026-04-08T05:47:41.169+0000] {taskinstance.py:3122} INFO - Exporting env vars: AIRFLOW_CTX_DAG_OWNER='YONG' AIRFLOW_CTX_DAG_ID='random_multiply_dag' AIRFLOW_CTX_TASK_ID='multiply_numbers' AIRFLOW_CTX_EXECUTION_DATE='2026-04-08T05:47:34.231403+00:00' AIRFLOW_CTX_TRY_NUMBER='1' AIRFLOW_CTX_DAG_RUN_ID='manual__2026-04-08T05:47:34.231403+00:00'
[2026-04-08T05:47:41.170+0000] {logging_mixin.py:190} INFO - Task instance is in running state
[2026-04-08T05:47:41.170+0000] {logging_mixin.py:190} INFO -  Previous state of the Task instance: queued
[2026-04-08T05:47:41.171+0000] {logging_mixin.py:190} INFO - Current task name:multiply_numbers state:running start_date:2026-04-08 05:47:41.068516+00:00
[2026-04-08T05:47:41.171+0000] {logging_mixin.py:190} INFO - Dag name:random_multiply_dag and current dag run status:running
[2026-04-08T05:47:41.172+0000] {taskinstance.py:731} INFO - ::endgroup::
[2026-04-08T05:47:41.182+0000] {logging_mixin.py:190} INFO - Multiplication Result: 60 * 52 = 3120
[2026-04-08T05:47:41.183+0000] {python.py:240} INFO - Done. Returned value was: 3120
[2026-04-08T05:47:41.196+0000] {taskinstance.py:340} INFO - ::group::Post task execution logs
[2026-04-08T05:47:41.197+0000] {taskinstance.py:352} INFO - Marking task as SUCCESS. dag_id=random_multiply_dag, task_id=multiply_numbers, run_id=manual__2026-04-08T05:47:34.231403+00:00, execution_date=20260408T054734, start_date=20260408T054741, end_date=20260408T054741
[2026-04-08T05:47:41.203+0000] {logging_mixin.py:190} INFO - Task instance in success state
[2026-04-08T05:47:41.203+0000] {logging_mixin.py:190} INFO -  Previous state of the Task instance: running
[2026-04-08T05:47:41.204+0000] {logging_mixin.py:190} INFO - Dag name:random_multiply_dag queued_at:2026-04-08 05:47:34.249238+00:00
[2026-04-08T05:47:41.204+0000] {logging_mixin.py:190} INFO - Task hostname:30220cc5b78a operator:PythonOperator
[2026-04-08T05:47:41.225+0000] {local_task_job_runner.py:261} INFO - Task exited with return code 0
[2026-04-08T05:47:41.236+0000] {taskinstance.py:3891} INFO - 0 downstream tasks scheduled from follow-on schedule check
[2026-04-08T05:47:41.238+0000] {local_task_job_runner.py:240} INFO - ::endgroup::
