[2026-04-08T06:32:17.839+0000] {local_task_job_runner.py:123} INFO - ::group::Pre task execution logs
[2026-04-08T06:32:17.867+0000] {taskinstance.py:2603} INFO - Dependencies all met for dep_context=non-requeueable deps ti=<TaskInstance: random_multiply_json_v4.generate_num_2 manual__2026-04-08T06:32:12.063551+00:00 [queued]>
[2026-04-08T06:32:17.886+0000] {taskinstance.py:2603} INFO - Dependencies all met for dep_context=requeueable deps ti=<TaskInstance: random_multiply_json_v4.generate_num_2 manual__2026-04-08T06:32:12.063551+00:00 [queued]>
[2026-04-08T06:32:17.888+0000] {taskinstance.py:2856} INFO - Starting attempt 1 of 2
[2026-04-08T06:32:17.913+0000] {taskinstance.py:2879} INFO - Executing <Task(PythonOperator): generate_num_2> on 2026-04-08 06:32:12.063551+00:00
[2026-04-08T06:32:17.926+0000] {warnings.py:112} WARNING - /home/***/.local/lib/python3.12/site-packages/***/task/task_runner/standard_task_runner.py:70: DeprecationWarning: This process (pid=215) is multi-threaded, use of fork() may lead to deadlocks in the child.
  pid = os.fork()

[2026-04-08T06:32:17.929+0000] {standard_task_runner.py:72} INFO - Started process 223 to run task
[2026-04-08T06:32:17.933+0000] {standard_task_runner.py:104} INFO - Running: ['***', 'tasks', 'run', 'random_multiply_json_v4', 'generate_num_2', 'manual__2026-04-08T06:32:12.063551+00:00', '--job-id', '11', '--raw', '--subdir', 'DAGS_FOLDER/1_***_test.py', '--cfg-path', '/tmp/tmpgeiifcdo']
[2026-04-08T06:32:17.935+0000] {standard_task_runner.py:105} INFO - Job 11: Subtask generate_num_2
[2026-04-08T06:32:18.032+0000] {task_command.py:467} INFO - Running <TaskInstance: random_multiply_json_v4.generate_num_2 manual__2026-04-08T06:32:12.063551+00:00 [running]> on host 4dc8e8656e8f
[2026-04-08T06:32:18.168+0000] {taskinstance.py:3122} INFO - Exporting env vars: AIRFLOW_CTX_DAG_OWNER='YONG' AIRFLOW_CTX_DAG_ID='random_multiply_json_v4' AIRFLOW_CTX_TASK_ID='generate_num_2' AIRFLOW_CTX_EXECUTION_DATE='2026-04-08T06:32:12.063551+00:00' AIRFLOW_CTX_TRY_NUMBER='1' AIRFLOW_CTX_DAG_RUN_ID='manual__2026-04-08T06:32:12.063551+00:00'
[2026-04-08T06:32:18.170+0000] {logging_mixin.py:190} INFO - Task instance is in running state
[2026-04-08T06:32:18.171+0000] {logging_mixin.py:190} INFO -  Previous state of the Task instance: queued
[2026-04-08T06:32:18.172+0000] {logging_mixin.py:190} INFO - Current task name:generate_num_2 state:running start_date:2026-04-08 06:32:17.868933+00:00
[2026-04-08T06:32:18.173+0000] {logging_mixin.py:190} INFO - Dag name:random_multiply_json_v4 and current dag run status:running
[2026-04-08T06:32:18.174+0000] {taskinstance.py:731} INFO - ::endgroup::
[2026-04-08T06:32:18.176+0000] {logging_mixin.py:190} INFO - Generated Number 2: 32
[2026-04-08T06:32:18.177+0000] {python.py:240} INFO - Done. Returned value was: {'value': 32}
[2026-04-08T06:32:18.224+0000] {taskinstance.py:340} INFO - ::group::Post task execution logs
[2026-04-08T06:32:18.225+0000] {taskinstance.py:352} INFO - Marking task as SUCCESS. dag_id=random_multiply_json_v4, task_id=generate_num_2, run_id=manual__2026-04-08T06:32:12.063551+00:00, execution_date=20260408T063212, start_date=20260408T063217, end_date=20260408T063218
[2026-04-08T06:32:18.244+0000] {logging_mixin.py:190} INFO - Task instance in success state
[2026-04-08T06:32:18.245+0000] {logging_mixin.py:190} INFO -  Previous state of the Task instance: running
[2026-04-08T06:32:18.246+0000] {logging_mixin.py:190} INFO - Dag name:random_multiply_json_v4 queued_at:2026-04-08 06:32:12.149004+00:00
[2026-04-08T06:32:18.247+0000] {logging_mixin.py:190} INFO - Task hostname:4dc8e8656e8f operator:PythonOperator
[2026-04-08T06:32:18.267+0000] {local_task_job_runner.py:261} INFO - Task exited with return code 0
[2026-04-08T06:32:18.311+0000] {taskinstance.py:3891} INFO - 1 downstream tasks scheduled from follow-on schedule check
[2026-04-08T06:32:18.315+0000] {local_task_job_runner.py:240} INFO - ::endgroup::
