[2026-04-08T06:25:21.804+0000] {local_task_job_runner.py:123} INFO - ::group::Pre task execution logs
[2026-04-08T06:25:21.816+0000] {taskinstance.py:2603} INFO - Dependencies all met for dep_context=non-requeueable deps ti=<TaskInstance: random_multiply_dag_v3.multiply_numbers manual__2026-04-08T06:25:19.185549+00:00 [queued]>
[2026-04-08T06:25:21.823+0000] {taskinstance.py:2603} INFO - Dependencies all met for dep_context=requeueable deps ti=<TaskInstance: random_multiply_dag_v3.multiply_numbers manual__2026-04-08T06:25:19.185549+00:00 [queued]>
[2026-04-08T06:25:21.825+0000] {taskinstance.py:2856} INFO - Starting attempt 1 of 2
[2026-04-08T06:25:21.838+0000] {taskinstance.py:2879} INFO - Executing <Task(PythonOperator): multiply_numbers> on 2026-04-08 06:25:19.185549+00:00
[2026-04-08T06:25:21.843+0000] {warnings.py:112} WARNING - /home/***/.local/lib/python3.12/site-packages/***/task/task_runner/standard_task_runner.py:70: DeprecationWarning: This process (pid=109) is multi-threaded, use of fork() may lead to deadlocks in the child.
  pid = os.fork()

[2026-04-08T06:25:21.845+0000] {standard_task_runner.py:72} INFO - Started process 111 to run task
[2026-04-08T06:25:21.845+0000] {standard_task_runner.py:104} INFO - Running: ['***', 'tasks', 'run', 'random_multiply_dag_v3', 'multiply_numbers', 'manual__2026-04-08T06:25:19.185549+00:00', '--job-id', '8', '--raw', '--subdir', 'DAGS_FOLDER/1_***_test.py', '--cfg-path', '/tmp/tmpinzz44a3']
[2026-04-08T06:25:21.846+0000] {standard_task_runner.py:105} INFO - Job 8: Subtask multiply_numbers
[2026-04-08T06:25:21.883+0000] {task_command.py:467} INFO - Running <TaskInstance: random_multiply_dag_v3.multiply_numbers manual__2026-04-08T06:25:19.185549+00:00 [running]> on host 4dc8e8656e8f
[2026-04-08T06:25:21.949+0000] {taskinstance.py:3122} INFO - Exporting env vars: AIRFLOW_CTX_DAG_OWNER='YONG' AIRFLOW_CTX_DAG_ID='random_multiply_dag_v3' AIRFLOW_CTX_TASK_ID='multiply_numbers' AIRFLOW_CTX_EXECUTION_DATE='2026-04-08T06:25:19.185549+00:00' AIRFLOW_CTX_TRY_NUMBER='1' AIRFLOW_CTX_DAG_RUN_ID='manual__2026-04-08T06:25:19.185549+00:00'
[2026-04-08T06:25:21.951+0000] {logging_mixin.py:190} INFO - Task instance is in running state
[2026-04-08T06:25:21.952+0000] {logging_mixin.py:190} INFO -  Previous state of the Task instance: queued
[2026-04-08T06:25:21.952+0000] {logging_mixin.py:190} INFO - Current task name:multiply_numbers state:running start_date:2026-04-08 06:25:21.817449+00:00
[2026-04-08T06:25:21.953+0000] {logging_mixin.py:190} INFO - Dag name:random_multiply_dag_v3 and current dag run status:running
[2026-04-08T06:25:21.953+0000] {taskinstance.py:731} INFO - ::endgroup::
[2026-04-08T06:25:21.967+0000] {logging_mixin.py:190} INFO - Multiplication Result: 42 * 77 = 3234
[2026-04-08T06:25:21.967+0000] {python.py:240} INFO - Done. Returned value was: {'num1': 42, 'num2': 77, 'result': 3234}
[2026-04-08T06:25:21.984+0000] {taskinstance.py:340} INFO - ::group::Post task execution logs
[2026-04-08T06:25:21.984+0000] {taskinstance.py:352} INFO - Marking task as SUCCESS. dag_id=random_multiply_dag_v3, task_id=multiply_numbers, run_id=manual__2026-04-08T06:25:19.185549+00:00, execution_date=20260408T062519, start_date=20260408T062521, end_date=20260408T062521
[2026-04-08T06:25:21.992+0000] {logging_mixin.py:190} INFO - Task instance in success state
[2026-04-08T06:25:21.992+0000] {logging_mixin.py:190} INFO -  Previous state of the Task instance: running
[2026-04-08T06:25:21.993+0000] {logging_mixin.py:190} INFO - Dag name:random_multiply_dag_v3 queued_at:2026-04-08 06:25:19.197871+00:00
[2026-04-08T06:25:21.993+0000] {logging_mixin.py:190} INFO - Task hostname:4dc8e8656e8f operator:PythonOperator
[2026-04-08T06:25:22.020+0000] {local_task_job_runner.py:261} INFO - Task exited with return code 0
[2026-04-08T06:25:22.032+0000] {taskinstance.py:3891} INFO - 0 downstream tasks scheduled from follow-on schedule check
[2026-04-08T06:25:22.033+0000] {local_task_job_runner.py:240} INFO - ::endgroup::
