[2026-04-14T09:00:05.198+0900] {local_task_job_runner.py:123} INFO - ::group::Pre task execution logs
[2026-04-14T09:00:05.209+0900] {taskinstance.py:2603} INFO - Dependencies all met for dep_context=non-requeueable deps ti=<TaskInstance: 06_multi_dag_step3_load.load_task dataset_triggered__2026-04-14T00:00:02.481061+00:00 [queued]>
[2026-04-14T09:00:05.215+0900] {taskinstance.py:2603} INFO - Dependencies all met for dep_context=requeueable deps ti=<TaskInstance: 06_multi_dag_step3_load.load_task dataset_triggered__2026-04-14T00:00:02.481061+00:00 [queued]>
[2026-04-14T09:00:05.216+0900] {taskinstance.py:2856} INFO - Starting attempt 1 of 1
[2026-04-14T09:00:05.225+0900] {taskinstance.py:2879} INFO - Executing <Task(PythonOperator): load_task> on 2026-04-14 00:00:02.481061+00:00
[2026-04-14T09:00:05.230+0900] {warnings.py:112} WARNING - /home/***/.local/lib/python3.12/site-packages/***/task/task_runner/standard_task_runner.py:70: DeprecationWarning: This process (pid=13995) is multi-threaded, use of fork() may lead to deadlocks in the child.
  pid = os.fork()

[2026-04-14T09:00:05.232+0900] {standard_task_runner.py:72} INFO - Started process 14001 to run task
[2026-04-14T09:00:05.232+0900] {standard_task_runner.py:104} INFO - Running: ['***', 'tasks', 'run', '06_multi_dag_step3_load', 'load_task', 'dataset_triggered__2026-04-14T00:00:02.481061+00:00', '--job-id', '76', '--raw', '--subdir', 'DAGS_FOLDER/06_multi_dag_step3_load.py', '--cfg-path', '/tmp/tmpz9ipga4s']
[2026-04-14T09:00:05.234+0900] {standard_task_runner.py:105} INFO - Job 76: Subtask load_task
[2026-04-14T09:00:05.275+0900] {task_command.py:467} INFO - Running <TaskInstance: 06_multi_dag_step3_load.load_task dataset_triggered__2026-04-14T00:00:02.481061+00:00 [running]> on host ad48662a813c
[2026-04-14T09:00:05.334+0900] {taskinstance.py:3122} INFO - Exporting env vars: AIRFLOW_CTX_DAG_OWNER='YONG' AIRFLOW_CTX_DAG_ID='06_multi_dag_step3_load' AIRFLOW_CTX_TASK_ID='load_task' AIRFLOW_CTX_EXECUTION_DATE='2026-04-14T00:00:02.481061+00:00' AIRFLOW_CTX_TRY_NUMBER='1' AIRFLOW_CTX_DAG_RUN_ID='dataset_triggered__2026-04-14T00:00:02.481061+00:00'
[2026-04-14T09:00:05.336+0900] {taskinstance.py:731} INFO - ::endgroup::
[2026-04-14T09:00:05.361+0900] {base.py:84} INFO - Retrieving connection 'mysql_default'
[2026-04-14T09:00:05.375+0900] {logging_mixin.py:190} INFO - Loaded 10 rows to MySQL.
[2026-04-14T09:00:05.376+0900] {python.py:240} INFO - Done. Returned value was: None
[2026-04-14T09:00:05.383+0900] {taskinstance.py:340} INFO - ::group::Post task execution logs
[2026-04-14T09:00:05.383+0900] {taskinstance.py:352} INFO - Marking task as SUCCESS. dag_id=06_multi_dag_step3_load, task_id=load_task, run_id=dataset_triggered__2026-04-14T00:00:02.481061+00:00, execution_date=20260414T000002, start_date=20260414T000005, end_date=20260414T000005
[2026-04-14T09:00:05.406+0900] {local_task_job_runner.py:261} INFO - Task exited with return code 0
[2026-04-14T09:00:05.417+0900] {taskinstance.py:3891} INFO - 0 downstream tasks scheduled from follow-on schedule check
[2026-04-14T09:00:05.419+0900] {local_task_job_runner.py:240} INFO - ::endgroup::
