[2026-04-14T11:35:16.745+0900] {local_task_job_runner.py:123} INFO - ::group::Pre task execution logs
[2026-04-14T11:35:16.759+0900] {taskinstance.py:2603} INFO - Dependencies all met for dep_context=non-requeueable deps ti=<TaskInstance: 07_msa_api_server_used_adv.task_extract_data manual__2026-04-14T02:35:15.478111+00:00 [queued]>
[2026-04-14T11:35:16.766+0900] {taskinstance.py:2603} INFO - Dependencies all met for dep_context=requeueable deps ti=<TaskInstance: 07_msa_api_server_used_adv.task_extract_data manual__2026-04-14T02:35:15.478111+00:00 [queued]>
[2026-04-14T11:35:16.767+0900] {taskinstance.py:2856} INFO - Starting attempt 1 of 2
[2026-04-14T11:35:16.778+0900] {taskinstance.py:2879} INFO - Executing <Task(PythonOperator): task_extract_data> on 2026-04-14 02:35:15.478111+00:00
[2026-04-14T11:35:16.783+0900] {warnings.py:112} WARNING - /home/***/.local/lib/python3.12/site-packages/***/task/task_runner/standard_task_runner.py:70: DeprecationWarning: This process (pid=16170) is multi-threaded, use of fork() may lead to deadlocks in the child.
  pid = os.fork()

[2026-04-14T11:35:16.786+0900] {standard_task_runner.py:72} INFO - Started process 16177 to run task
[2026-04-14T11:35:16.785+0900] {standard_task_runner.py:104} INFO - Running: ['***', 'tasks', 'run', '07_msa_api_server_used_adv', 'task_extract_data', 'manual__2026-04-14T02:35:15.478111+00:00', '--job-id', '120', '--raw', '--subdir', 'DAGS_FOLDER/07_msa_api_server_used_adv.py', '--cfg-path', '/tmp/tmpbdzraatk']
[2026-04-14T11:35:16.786+0900] {standard_task_runner.py:105} INFO - Job 120: Subtask task_extract_data
[2026-04-14T11:35:16.825+0900] {task_command.py:467} INFO - Running <TaskInstance: 07_msa_api_server_used_adv.task_extract_data manual__2026-04-14T02:35:15.478111+00:00 [running]> on host ad48662a813c
[2026-04-14T11:35:16.896+0900] {taskinstance.py:3122} INFO - Exporting env vars: AIRFLOW_CTX_DAG_OWNER='YONG' AIRFLOW_CTX_DAG_ID='07_msa_api_server_used_adv' AIRFLOW_CTX_TASK_ID='task_extract_data' AIRFLOW_CTX_EXECUTION_DATE='2026-04-14T02:35:15.478111+00:00' AIRFLOW_CTX_TRY_NUMBER='1' AIRFLOW_CTX_DAG_RUN_ID='manual__2026-04-14T02:35:15.478111+00:00'
[2026-04-14T11:35:16.897+0900] {taskinstance.py:731} INFO - ::endgroup::
[2026-04-14T11:35:17.848+0900] {base.py:84} INFO - Retrieving connection 'mysql_default'
[2026-04-14T11:35:17.875+0900] {warnings.py:112} WARNING - /home/***/.local/lib/python3.12/site-packages/***/providers/common/sql/hooks/sql.py:283: UserWarning: pandas only supports SQLAlchemy connectable (engine/connection) or database string URI or sqlite3 DBAPI2 connection. Other DBAPI2 objects are not tested. Please consider using SQLAlchemy.
  return psql.read_sql(sql, con=conn, params=parameters, **kwargs)

[2026-04-14T11:35:17.893+0900] {python.py:240} INFO - Done. Returned value was: [{'user_id': 'C001', 'income': 8750, 'loan_amt': 2734}, {'user_id': 'C002', 'income': 5768, 'loan_amt': 1907}, {'user_id': 'C003', 'income': 5226, 'loan_amt': 4505}, {'user_id': 'C004', 'income': 9548, 'loan_amt': 4953}, {'user_id': 'C005', 'income': 5617, 'loan_amt': 4820}, {'user_id': 'C006', 'income': 8217, 'loan_amt': 1236}, {'user_id': 'C007', 'income': 4212, 'loan_amt': 4372}, {'user_id': 'C008', 'income': 8447, 'loan_amt': 2632}, {'user_id': 'C009', 'income': 7782, 'loan_amt': 2922}, {'user_id': 'C010', 'income': 9901, 'loan_amt': 4362}, {'user_id': 'C011', 'income': 8481, 'loan_amt': 1236}, {'user_id': 'C012', 'income': 9848, 'loan_amt': 2209}, {'user_id': 'C013', 'income': 9180, 'loan_amt': 2152}, {'user_id': 'C014', 'income': 9000, 'loan_amt': 1057}, {'user_id': 'C015', 'income': 6992, 'loan_amt': 4557}, {'user_id': 'C016', 'income': 4446, 'loan_amt': 4375}, {'user_id': 'C017', 'income': 9173, 'loan_amt': 4757}, {'user_id': 'C018', 'income': 3144, 'loan_amt': 1474}, {'user_id': 'C019', 'income': 9847, 'loan_amt': 3873}, {'user_id': 'C020', 'income': 8701, 'loan_amt': 1487}, {'user_id': 'C021', 'income': 5654, 'loan_amt': 1392}, {'user_id': 'C022', 'income': 9097, 'loan_amt': 1427}, {'user_id': 'C023', 'income': 5241, 'loan_amt': 3967}, {'user_id': 'C024', 'income': 8086, 'loan_amt': 3031}, {'user_id': 'C025', 'income': 7462, 'loan_amt': 3568}, {'user_id': 'C026', 'income': 5658, 'loan_amt': 2677}, {'user_id': 'C027', 'income': 7426, 'loan_amt': 2462}, {'user_id': 'C028', 'income': 5387, 'loan_amt': 2818}, {'user_id': 'C029', 'income': 4625, 'loan_amt': 4032}, {'user_id': 'C030', 'income': 7777, 'loan_amt': 2226}, {'user_id': 'C031', 'income': 7701, 'loan_amt': 2666}, {'user_id': 'C032', 'income': 7187, 'loan_amt': 3537}, {'user_id': 'C033', 'income': 6260, 'loan_amt': 1137}, {'user_id': 'C034', 'income': 6278, 'loan_amt': 4457}, {'user_id': 'C035', 'income': 7023, 'loan_amt': 1806}, {'user_id': 'C036', 'income': 4005, 'loan_amt': 1507}, {'user_id': 'C037', 'income': 6036, 'loan_amt': 1110}, {'user_id': 'C038', 'income': 5042, 'loan_amt': 3935}, {'user_id': 'C039', 'income': 6068, 'loan_amt': 4294}, {'user_id': 'C040', 'income': 6468, 'loan_amt': 1886}, {'user_id': 'C041', 'income': 7081, 'loan_amt': 2555}, {'user_id': 'C042', 'income': 9950, 'loan_amt': 1760}, {'user_id': 'C043', 'income': 3938, 'loan_amt': 1602}, {'user_id': 'C044', 'income': 6287, 'loan_amt': 3719}, {'user_id': 'C045', 'income': 9859, 'loan_amt': 4453}, {'user_id': 'C046', 'income': 7239, 'loan_amt': 3273}, {'user_id': 'C047', 'income': 4368, 'loan_amt': 1326}, {'user_id': 'C048', 'income': 7936, 'loan_amt': 2445}, {'user_id': 'C049', 'income': 4564, 'loan_amt': 3055}, {'user_id': 'C050', 'income': 4159, 'loan_amt': 4196}]
[2026-04-14T11:35:17.917+0900] {taskinstance.py:340} INFO - ::group::Post task execution logs
[2026-04-14T11:35:17.918+0900] {taskinstance.py:352} INFO - Marking task as SUCCESS. dag_id=07_msa_api_server_used_adv, task_id=task_extract_data, run_id=manual__2026-04-14T02:35:15.478111+00:00, execution_date=20260414T023515, start_date=20260414T023516, end_date=20260414T023517
[2026-04-14T11:35:17.964+0900] {local_task_job_runner.py:261} INFO - Task exited with return code 0
[2026-04-14T11:35:17.978+0900] {taskinstance.py:3891} INFO - 0 downstream tasks scheduled from follow-on schedule check
[2026-04-14T11:35:17.980+0900] {local_task_job_runner.py:240} INFO - ::endgroup::
