[2026-04-14T09:00:00.573+0900] {local_task_job_runner.py:123} INFO - ::group::Pre task execution logs
[2026-04-14T09:00:00.586+0900] {taskinstance.py:2603} INFO - Dependencies all met for dep_context=non-requeueable deps ti=<TaskInstance: 01_basics_bash.date-print scheduled__2026-04-13T00:00:00+00:00 [queued]>
[2026-04-14T09:00:00.599+0900] {taskinstance.py:2603} INFO - Dependencies all met for dep_context=requeueable deps ti=<TaskInstance: 01_basics_bash.date-print scheduled__2026-04-13T00:00:00+00:00 [queued]>
[2026-04-14T09:00:00.600+0900] {taskinstance.py:2856} INFO - Starting attempt 1 of 2
[2026-04-14T09:00:00.615+0900] {taskinstance.py:2879} INFO - Executing <Task(BashOperator): date-print> on 2026-04-13 00:00:00+00:00
[2026-04-14T09:00:00.620+0900] {warnings.py:112} WARNING - /home/***/.local/lib/python3.12/site-packages/***/task/task_runner/standard_task_runner.py:70: DeprecationWarning: This process (pid=13965) is multi-threaded, use of fork() may lead to deadlocks in the child.
  pid = os.fork()

[2026-04-14T09:00:00.623+0900] {standard_task_runner.py:72} INFO - Started process 13969 to run task
[2026-04-14T09:00:00.622+0900] {standard_task_runner.py:104} INFO - Running: ['***', 'tasks', 'run', '01_basics_bash', 'date-print', 'scheduled__2026-04-13T00:00:00+00:00', '--job-id', '67', '--raw', '--subdir', 'DAGS_FOLDER/01_basics_bash.py', '--cfg-path', '/tmp/tmpf05qvim2']
[2026-04-14T09:00:00.626+0900] {standard_task_runner.py:105} INFO - Job 67: Subtask date-print
[2026-04-14T09:00:00.672+0900] {task_command.py:467} INFO - Running <TaskInstance: 01_basics_bash.date-print scheduled__2026-04-13T00:00:00+00:00 [running]> on host ad48662a813c
[2026-04-14T09:00:00.741+0900] {taskinstance.py:3122} INFO - Exporting env vars: AIRFLOW_CTX_DAG_OWNER='de_2team_manager' AIRFLOW_CTX_DAG_ID='01_basics_bash' AIRFLOW_CTX_TASK_ID='date-print' AIRFLOW_CTX_EXECUTION_DATE='2026-04-13T00:00:00+00:00' AIRFLOW_CTX_TRY_NUMBER='1' AIRFLOW_CTX_DAG_RUN_ID='scheduled__2026-04-13T00:00:00+00:00'
[2026-04-14T09:00:00.743+0900] {taskinstance.py:731} INFO - ::endgroup::
[2026-04-14T09:00:00.757+0900] {subprocess.py:63} INFO - Tmp dir root location: /tmp
[2026-04-14T09:00:00.759+0900] {subprocess.py:75} INFO - Running command: ['/usr/bin/bash', '-c', 'date']
[2026-04-14T09:00:00.768+0900] {subprocess.py:86} INFO - Output:
[2026-04-14T09:00:00.772+0900] {subprocess.py:93} INFO - Tue Apr 14 09:00:00 KST 2026
[2026-04-14T09:00:00.773+0900] {subprocess.py:97} INFO - Command exited with return code 0
[2026-04-14T09:00:00.799+0900] {taskinstance.py:340} INFO - ::group::Post task execution logs
[2026-04-14T09:00:00.799+0900] {taskinstance.py:352} INFO - Marking task as SUCCESS. dag_id=01_basics_bash, task_id=date-print, run_id=scheduled__2026-04-13T00:00:00+00:00, execution_date=20260413T000000, start_date=20260414T000000, end_date=20260414T000000
[2026-04-14T09:00:00.840+0900] {local_task_job_runner.py:261} INFO - Task exited with return code 0
[2026-04-14T09:00:00.862+0900] {taskinstance.py:3891} INFO - 1 downstream tasks scheduled from follow-on schedule check
[2026-04-14T09:00:00.864+0900] {local_task_job_runner.py:240} INFO - ::endgroup::
