[2026-04-08T06:32:21.600+0000] {local_task_job_runner.py:123} INFO - ::group::Pre task execution logs
[2026-04-08T06:32:21.630+0000] {taskinstance.py:2603} INFO - Dependencies all met for dep_context=non-requeueable deps ti=<TaskInstance: random_multiply_json_v4.multiply_numbers manual__2026-04-08T06:32:12.063551+00:00 [queued]>
[2026-04-08T06:32:21.646+0000] {taskinstance.py:2603} INFO - Dependencies all met for dep_context=requeueable deps ti=<TaskInstance: random_multiply_json_v4.multiply_numbers manual__2026-04-08T06:32:12.063551+00:00 [queued]>
[2026-04-08T06:32:21.647+0000] {taskinstance.py:2856} INFO - Starting attempt 1 of 2
[2026-04-08T06:32:21.672+0000] {taskinstance.py:2879} INFO - Executing <Task(PythonOperator): multiply_numbers> on 2026-04-08 06:32:12.063551+00:00
[2026-04-08T06:32:21.683+0000] {warnings.py:112} WARNING - /home/***/.local/lib/python3.12/site-packages/***/task/task_runner/standard_task_runner.py:70: DeprecationWarning: This process (pid=227) is multi-threaded, use of fork() may lead to deadlocks in the child.
  pid = os.fork()

[2026-04-08T06:32:21.686+0000] {standard_task_runner.py:72} INFO - Started process 232 to run task
[2026-04-08T06:32:21.687+0000] {standard_task_runner.py:104} INFO - Running: ['***', 'tasks', 'run', 'random_multiply_json_v4', 'multiply_numbers', 'manual__2026-04-08T06:32:12.063551+00:00', '--job-id', '14', '--raw', '--subdir', 'DAGS_FOLDER/1_***_test.py', '--cfg-path', '/tmp/tmpef2b_by_']
[2026-04-08T06:32:21.689+0000] {standard_task_runner.py:105} INFO - Job 14: Subtask multiply_numbers
[2026-04-08T06:32:21.763+0000] {task_command.py:467} INFO - Running <TaskInstance: random_multiply_json_v4.multiply_numbers manual__2026-04-08T06:32:12.063551+00:00 [running]> on host 4dc8e8656e8f
[2026-04-08T06:32:21.902+0000] {taskinstance.py:3122} INFO - Exporting env vars: AIRFLOW_CTX_DAG_OWNER='YONG' AIRFLOW_CTX_DAG_ID='random_multiply_json_v4' AIRFLOW_CTX_TASK_ID='multiply_numbers' AIRFLOW_CTX_EXECUTION_DATE='2026-04-08T06:32:12.063551+00:00' AIRFLOW_CTX_TRY_NUMBER='1' AIRFLOW_CTX_DAG_RUN_ID='manual__2026-04-08T06:32:12.063551+00:00'
[2026-04-08T06:32:21.905+0000] {logging_mixin.py:190} INFO - Task instance is in running state
[2026-04-08T06:32:21.906+0000] {logging_mixin.py:190} INFO -  Previous state of the Task instance: queued
[2026-04-08T06:32:21.907+0000] {logging_mixin.py:190} INFO - Current task name:multiply_numbers state:running start_date:2026-04-08 06:32:21.631398+00:00
[2026-04-08T06:32:21.908+0000] {logging_mixin.py:190} INFO - Dag name:random_multiply_json_v4 and current dag run status:running
[2026-04-08T06:32:21.909+0000] {taskinstance.py:731} INFO - ::endgroup::
[2026-04-08T06:32:21.942+0000] {logging_mixin.py:190} INFO - Multiplication Result: 87 * 32 = 2784
[2026-04-08T06:32:21.944+0000] {python.py:240} INFO - Done. Returned value was: {'input_data': {'num1': 87, 'num2': 32}, 'result': 2784, 'calculation_time': '2026-04-08 06:32:21'}
[2026-04-08T06:32:21.985+0000] {taskinstance.py:340} INFO - ::group::Post task execution logs
[2026-04-08T06:32:21.986+0000] {taskinstance.py:352} INFO - Marking task as SUCCESS. dag_id=random_multiply_json_v4, task_id=multiply_numbers, run_id=manual__2026-04-08T06:32:12.063551+00:00, execution_date=20260408T063212, start_date=20260408T063221, end_date=20260408T063221
[2026-04-08T06:32:22.008+0000] {logging_mixin.py:190} INFO - Task instance in success state
[2026-04-08T06:32:22.009+0000] {logging_mixin.py:190} INFO -  Previous state of the Task instance: running
[2026-04-08T06:32:22.010+0000] {logging_mixin.py:190} INFO - Dag name:random_multiply_json_v4 queued_at:2026-04-08 06:32:12.149004+00:00
[2026-04-08T06:32:22.011+0000] {logging_mixin.py:190} INFO - Task hostname:4dc8e8656e8f operator:PythonOperator
[2026-04-08T06:32:22.066+0000] {local_task_job_runner.py:261} INFO - Task exited with return code 0
[2026-04-08T06:32:22.099+0000] {taskinstance.py:3891} INFO - 0 downstream tasks scheduled from follow-on schedule check
[2026-04-08T06:32:22.104+0000] {local_task_job_runner.py:240} INFO - ::endgroup::
