[2026-04-13T09:00:36.892+0900] {local_task_job_runner.py:123} INFO - ::group::Pre task execution logs
[2026-04-13T09:00:36.904+0900] {taskinstance.py:2603} INFO - Dependencies all met for dep_context=non-requeueable deps ti=<TaskInstance: 03_basics_macro_jinja.jinja_used_python scheduled__2026-04-11T09:00:00+00:00 [queued]>
[2026-04-13T09:00:36.910+0900] {taskinstance.py:2603} INFO - Dependencies all met for dep_context=requeueable deps ti=<TaskInstance: 03_basics_macro_jinja.jinja_used_python scheduled__2026-04-11T09:00:00+00:00 [queued]>
[2026-04-13T09:00:36.911+0900] {taskinstance.py:2856} INFO - Starting attempt 1 of 2
[2026-04-13T09:00:36.919+0900] {taskinstance.py:2879} INFO - Executing <Task(PythonOperator): jinja_used_python> on 2026-04-11 09:00:00+00:00
[2026-04-13T09:00:36.924+0900] {warnings.py:112} WARNING - /home/***/.local/lib/python3.12/site-packages/***/task/task_runner/standard_task_runner.py:70: DeprecationWarning: This process (pid=198) is multi-threaded, use of fork() may lead to deadlocks in the child.
  pid = os.fork()

[2026-04-13T09:00:36.925+0900] {standard_task_runner.py:72} INFO - Started process 200 to run task
[2026-04-13T09:00:36.925+0900] {standard_task_runner.py:104} INFO - Running: ['***', 'tasks', 'run', '03_basics_macro_jinja', 'jinja_used_python', 'scheduled__2026-04-11T09:00:00+00:00', '--job-id', '32', '--raw', '--subdir', 'DAGS_FOLDER/03_basics_context_jinja.py', '--cfg-path', '/tmp/tmp_z3damj1']
[2026-04-13T09:00:36.927+0900] {standard_task_runner.py:105} INFO - Job 32: Subtask jinja_used_python
[2026-04-13T09:00:36.967+0900] {task_command.py:467} INFO - Running <TaskInstance: 03_basics_macro_jinja.jinja_used_python scheduled__2026-04-11T09:00:00+00:00 [running]> on host 52b82e78b0f3
[2026-04-13T09:00:37.019+0900] {taskinstance.py:3122} INFO - Exporting env vars: AIRFLOW_CTX_DAG_OWNER='de_2team_manager' AIRFLOW_CTX_DAG_ID='03_basics_macro_jinja' AIRFLOW_CTX_TASK_ID='jinja_used_python' AIRFLOW_CTX_EXECUTION_DATE='2026-04-11T09:00:00+00:00' AIRFLOW_CTX_TRY_NUMBER='1' AIRFLOW_CTX_DAG_RUN_ID='scheduled__2026-04-11T09:00:00+00:00'
[2026-04-13T09:00:37.020+0900] {logging_mixin.py:190} INFO - Task instance is in running state
[2026-04-13T09:00:37.021+0900] {logging_mixin.py:190} INFO -  Previous state of the Task instance: queued
[2026-04-13T09:00:37.022+0900] {logging_mixin.py:190} INFO - Current task name:jinja_used_python state:running start_date:2026-04-13 00:00:36.905391+00:00
[2026-04-13T09:00:37.023+0900] {logging_mixin.py:190} INFO - Dag name:03_basics_macro_jinja and current dag run status:running
[2026-04-13T09:00:37.024+0900] {taskinstance.py:731} INFO - ::endgroup::
[2026-04-13T09:00:37.025+0900] {03_basics_context_jinja.py:13} INFO - ds 출력 2026-04-11 
[2026-04-13T09:00:37.026+0900] {03_basics_context_jinja.py:14} INFO - ds_nodash 출력 20260411 
[2026-04-13T09:00:37.027+0900] {python.py:240} INFO - Done. Returned value was: None
[2026-04-13T09:00:37.034+0900] {taskinstance.py:340} INFO - ::group::Post task execution logs
[2026-04-13T09:00:37.035+0900] {taskinstance.py:352} INFO - Marking task as SUCCESS. dag_id=03_basics_macro_jinja, task_id=jinja_used_python, run_id=scheduled__2026-04-11T09:00:00+00:00, execution_date=20260411T090000, start_date=20260413T000036, end_date=20260413T000037
[2026-04-13T09:00:37.042+0900] {logging_mixin.py:190} INFO - Task instance in success state
[2026-04-13T09:00:37.043+0900] {logging_mixin.py:190} INFO -  Previous state of the Task instance: running
[2026-04-13T09:00:37.044+0900] {logging_mixin.py:190} INFO - Dag name:03_basics_macro_jinja queued_at:2026-04-13 00:00:33.726866+00:00
[2026-04-13T09:00:37.045+0900] {logging_mixin.py:190} INFO - Task hostname:52b82e78b0f3 operator:PythonOperator
[2026-04-13T09:00:37.060+0900] {local_task_job_runner.py:261} INFO - Task exited with return code 0
[2026-04-13T09:00:37.072+0900] {taskinstance.py:3891} INFO - 0 downstream tasks scheduled from follow-on schedule check
[2026-04-13T09:00:37.074+0900] {local_task_job_runner.py:240} INFO - ::endgroup::
