[2026-04-13T10:47:54.982+0900] {processor.py:186} INFO - Started process (PID=14905) to work on /home/airflow/.local/lib/python3.12/site-packages/airflow/example_dags/example_branch_day_of_week_operator.py
[2026-04-13T10:47:54.984+0900] {processor.py:914} INFO - Processing file /home/airflow/.local/lib/python3.12/site-packages/airflow/example_dags/example_branch_day_of_week_operator.py for tasks to queue
[2026-04-13T10:47:54.985+0900] {logging_mixin.py:190} INFO - [2026-04-13T10:47:54.985+0900] {dagbag.py:587} INFO - Filling up the DagBag from /home/airflow/.local/lib/python3.12/site-packages/airflow/example_dags/example_branch_day_of_week_operator.py
[2026-04-13T10:47:54.993+0900] {processor.py:925} INFO - DAG(s) 'example_weekday_branch_operator' retrieved from /home/airflow/.local/lib/python3.12/site-packages/airflow/example_dags/example_branch_day_of_week_operator.py
[2026-04-13T10:47:55.009+0900] {logging_mixin.py:190} INFO - [2026-04-13T10:47:55.008+0900] {dag.py:3211} INFO - Sync 1 DAGs
[2026-04-13T10:47:55.026+0900] {logging_mixin.py:190} INFO - [2026-04-13T10:47:55.025+0900] {dag.py:4138} INFO - Setting next_dagrun for example_weekday_branch_operator to 2026-04-12 00:00:00+00:00, run_after=2026-04-13 00:00:00+00:00
[2026-04-13T10:47:55.039+0900] {processor.py:208} INFO - Processing /home/airflow/.local/lib/python3.12/site-packages/airflow/example_dags/example_branch_day_of_week_operator.py took 0.061 seconds
[2026-04-13T10:48:25.205+0900] {processor.py:186} INFO - Started process (PID=14975) to work on /home/airflow/.local/lib/python3.12/site-packages/airflow/example_dags/example_branch_day_of_week_operator.py
[2026-04-13T10:48:25.206+0900] {processor.py:914} INFO - Processing file /home/airflow/.local/lib/python3.12/site-packages/airflow/example_dags/example_branch_day_of_week_operator.py for tasks to queue
[2026-04-13T10:48:25.207+0900] {logging_mixin.py:190} INFO - [2026-04-13T10:48:25.207+0900] {dagbag.py:587} INFO - Filling up the DagBag from /home/airflow/.local/lib/python3.12/site-packages/airflow/example_dags/example_branch_day_of_week_operator.py
[2026-04-13T10:48:25.214+0900] {processor.py:925} INFO - DAG(s) 'example_weekday_branch_operator' retrieved from /home/airflow/.local/lib/python3.12/site-packages/airflow/example_dags/example_branch_day_of_week_operator.py
[2026-04-13T10:48:25.230+0900] {logging_mixin.py:190} INFO - [2026-04-13T10:48:25.229+0900] {dag.py:3211} INFO - Sync 1 DAGs
[2026-04-13T10:48:25.247+0900] {logging_mixin.py:190} INFO - [2026-04-13T10:48:25.247+0900] {dag.py:4138} INFO - Setting next_dagrun for example_weekday_branch_operator to 2026-04-12 00:00:00+00:00, run_after=2026-04-13 00:00:00+00:00
[2026-04-13T10:48:25.261+0900] {processor.py:208} INFO - Processing /home/airflow/.local/lib/python3.12/site-packages/airflow/example_dags/example_branch_day_of_week_operator.py took 0.060 seconds
[2026-04-13T10:48:55.338+0900] {processor.py:186} INFO - Started process (PID=15045) to work on /home/airflow/.local/lib/python3.12/site-packages/airflow/example_dags/example_branch_day_of_week_operator.py
[2026-04-13T10:48:55.339+0900] {processor.py:914} INFO - Processing file /home/airflow/.local/lib/python3.12/site-packages/airflow/example_dags/example_branch_day_of_week_operator.py for tasks to queue
[2026-04-13T10:48:55.341+0900] {logging_mixin.py:190} INFO - [2026-04-13T10:48:55.340+0900] {dagbag.py:587} INFO - Filling up the DagBag from /home/airflow/.local/lib/python3.12/site-packages/airflow/example_dags/example_branch_day_of_week_operator.py
[2026-04-13T10:48:55.349+0900] {processor.py:925} INFO - DAG(s) 'example_weekday_branch_operator' retrieved from /home/airflow/.local/lib/python3.12/site-packages/airflow/example_dags/example_branch_day_of_week_operator.py
[2026-04-13T10:48:55.365+0900] {logging_mixin.py:190} INFO - [2026-04-13T10:48:55.364+0900] {dag.py:3211} INFO - Sync 1 DAGs
[2026-04-13T10:48:55.380+0900] {logging_mixin.py:190} INFO - [2026-04-13T10:48:55.380+0900] {dag.py:4138} INFO - Setting next_dagrun for example_weekday_branch_operator to 2026-04-12 00:00:00+00:00, run_after=2026-04-13 00:00:00+00:00
[2026-04-13T10:48:55.393+0900] {processor.py:208} INFO - Processing /home/airflow/.local/lib/python3.12/site-packages/airflow/example_dags/example_branch_day_of_week_operator.py took 0.060 seconds
[2026-04-13T10:49:25.632+0900] {processor.py:186} INFO - Started process (PID=15115) to work on /home/airflow/.local/lib/python3.12/site-packages/airflow/example_dags/example_branch_day_of_week_operator.py
[2026-04-13T10:49:25.633+0900] {processor.py:914} INFO - Processing file /home/airflow/.local/lib/python3.12/site-packages/airflow/example_dags/example_branch_day_of_week_operator.py for tasks to queue
[2026-04-13T10:49:25.634+0900] {logging_mixin.py:190} INFO - [2026-04-13T10:49:25.634+0900] {dagbag.py:587} INFO - Filling up the DagBag from /home/airflow/.local/lib/python3.12/site-packages/airflow/example_dags/example_branch_day_of_week_operator.py
[2026-04-13T10:49:25.641+0900] {processor.py:925} INFO - DAG(s) 'example_weekday_branch_operator' retrieved from /home/airflow/.local/lib/python3.12/site-packages/airflow/example_dags/example_branch_day_of_week_operator.py
[2026-04-13T10:49:25.656+0900] {logging_mixin.py:190} INFO - [2026-04-13T10:49:25.656+0900] {dag.py:3211} INFO - Sync 1 DAGs
[2026-04-13T10:49:25.672+0900] {logging_mixin.py:190} INFO - [2026-04-13T10:49:25.672+0900] {dag.py:4138} INFO - Setting next_dagrun for example_weekday_branch_operator to 2026-04-12 00:00:00+00:00, run_after=2026-04-13 00:00:00+00:00
[2026-04-13T10:49:25.684+0900] {processor.py:208} INFO - Processing /home/airflow/.local/lib/python3.12/site-packages/airflow/example_dags/example_branch_day_of_week_operator.py took 0.057 seconds
[2026-04-13T10:49:56.046+0900] {processor.py:186} INFO - Started process (PID=15185) to work on /home/airflow/.local/lib/python3.12/site-packages/airflow/example_dags/example_branch_day_of_week_operator.py
[2026-04-13T10:49:56.047+0900] {processor.py:914} INFO - Processing file /home/airflow/.local/lib/python3.12/site-packages/airflow/example_dags/example_branch_day_of_week_operator.py for tasks to queue
[2026-04-13T10:49:56.048+0900] {logging_mixin.py:190} INFO - [2026-04-13T10:49:56.048+0900] {dagbag.py:587} INFO - Filling up the DagBag from /home/airflow/.local/lib/python3.12/site-packages/airflow/example_dags/example_branch_day_of_week_operator.py
[2026-04-13T10:49:56.056+0900] {processor.py:925} INFO - DAG(s) 'example_weekday_branch_operator' retrieved from /home/airflow/.local/lib/python3.12/site-packages/airflow/example_dags/example_branch_day_of_week_operator.py
[2026-04-13T10:49:56.072+0900] {logging_mixin.py:190} INFO - [2026-04-13T10:49:56.072+0900] {dag.py:3211} INFO - Sync 1 DAGs
[2026-04-13T10:49:56.090+0900] {logging_mixin.py:190} INFO - [2026-04-13T10:49:56.090+0900] {dag.py:4138} INFO - Setting next_dagrun for example_weekday_branch_operator to 2026-04-12 00:00:00+00:00, run_after=2026-04-13 00:00:00+00:00
[2026-04-13T10:49:56.102+0900] {processor.py:208} INFO - Processing /home/airflow/.local/lib/python3.12/site-packages/airflow/example_dags/example_branch_day_of_week_operator.py took 0.060 seconds
[2026-04-13T10:50:26.367+0900] {processor.py:186} INFO - Started process (PID=15255) to work on /home/airflow/.local/lib/python3.12/site-packages/airflow/example_dags/example_branch_day_of_week_operator.py
[2026-04-13T10:50:26.367+0900] {processor.py:914} INFO - Processing file /home/airflow/.local/lib/python3.12/site-packages/airflow/example_dags/example_branch_day_of_week_operator.py for tasks to queue
[2026-04-13T10:50:26.369+0900] {logging_mixin.py:190} INFO - [2026-04-13T10:50:26.368+0900] {dagbag.py:587} INFO - Filling up the DagBag from /home/airflow/.local/lib/python3.12/site-packages/airflow/example_dags/example_branch_day_of_week_operator.py
[2026-04-13T10:50:26.376+0900] {processor.py:925} INFO - DAG(s) 'example_weekday_branch_operator' retrieved from /home/airflow/.local/lib/python3.12/site-packages/airflow/example_dags/example_branch_day_of_week_operator.py
[2026-04-13T10:50:26.392+0900] {logging_mixin.py:190} INFO - [2026-04-13T10:50:26.392+0900] {dag.py:3211} INFO - Sync 1 DAGs
[2026-04-13T10:50:26.408+0900] {logging_mixin.py:190} INFO - [2026-04-13T10:50:26.408+0900] {dag.py:4138} INFO - Setting next_dagrun for example_weekday_branch_operator to 2026-04-12 00:00:00+00:00, run_after=2026-04-13 00:00:00+00:00
[2026-04-13T10:50:26.421+0900] {processor.py:208} INFO - Processing /home/airflow/.local/lib/python3.12/site-packages/airflow/example_dags/example_branch_day_of_week_operator.py took 0.058 seconds
