[2026-04-13T10:47:52.586+0900] {processor.py:186} INFO - Started process (PID=14899) to work on /home/airflow/.local/lib/python3.12/site-packages/airflow/example_dags/example_sla_dag.py
[2026-04-13T10:47:52.587+0900] {processor.py:914} INFO - Processing file /home/airflow/.local/lib/python3.12/site-packages/airflow/example_dags/example_sla_dag.py for tasks to queue
[2026-04-13T10:47:52.588+0900] {logging_mixin.py:190} INFO - [2026-04-13T10:47:52.588+0900] {dagbag.py:587} INFO - Filling up the DagBag from /home/airflow/.local/lib/python3.12/site-packages/airflow/example_dags/example_sla_dag.py
[2026-04-13T10:47:52.597+0900] {processor.py:925} INFO - DAG(s) 'example_sla_dag' retrieved from /home/airflow/.local/lib/python3.12/site-packages/airflow/example_dags/example_sla_dag.py
[2026-04-13T10:47:52.612+0900] {logging_mixin.py:190} INFO - [2026-04-13T10:47:52.612+0900] {dag.py:3211} INFO - Sync 1 DAGs
[2026-04-13T10:47:52.630+0900] {logging_mixin.py:190} INFO - [2026-04-13T10:47:52.630+0900] {dag.py:4138} INFO - Setting next_dagrun for example_sla_dag to 2026-04-13 01:44:00+00:00, run_after=2026-04-13 01:46:00+00:00
[2026-04-13T10:47:52.642+0900] {processor.py:208} INFO - Processing /home/airflow/.local/lib/python3.12/site-packages/airflow/example_dags/example_sla_dag.py took 0.061 seconds
[2026-04-13T10:48:22.872+0900] {processor.py:186} INFO - Started process (PID=14968) to work on /home/airflow/.local/lib/python3.12/site-packages/airflow/example_dags/example_sla_dag.py
[2026-04-13T10:48:22.873+0900] {processor.py:914} INFO - Processing file /home/airflow/.local/lib/python3.12/site-packages/airflow/example_dags/example_sla_dag.py for tasks to queue
[2026-04-13T10:48:22.874+0900] {logging_mixin.py:190} INFO - [2026-04-13T10:48:22.874+0900] {dagbag.py:587} INFO - Filling up the DagBag from /home/airflow/.local/lib/python3.12/site-packages/airflow/example_dags/example_sla_dag.py
[2026-04-13T10:48:22.883+0900] {processor.py:925} INFO - DAG(s) 'example_sla_dag' retrieved from /home/airflow/.local/lib/python3.12/site-packages/airflow/example_dags/example_sla_dag.py
[2026-04-13T10:48:22.901+0900] {logging_mixin.py:190} INFO - [2026-04-13T10:48:22.901+0900] {dag.py:3211} INFO - Sync 1 DAGs
[2026-04-13T10:48:22.921+0900] {logging_mixin.py:190} INFO - [2026-04-13T10:48:22.920+0900] {dag.py:4138} INFO - Setting next_dagrun for example_sla_dag to 2026-04-13 01:46:00+00:00, run_after=2026-04-13 01:48:00+00:00
[2026-04-13T10:48:22.934+0900] {processor.py:208} INFO - Processing /home/airflow/.local/lib/python3.12/site-packages/airflow/example_dags/example_sla_dag.py took 0.067 seconds
[2026-04-13T10:48:53.090+0900] {processor.py:186} INFO - Started process (PID=15039) to work on /home/airflow/.local/lib/python3.12/site-packages/airflow/example_dags/example_sla_dag.py
[2026-04-13T10:48:53.091+0900] {processor.py:914} INFO - Processing file /home/airflow/.local/lib/python3.12/site-packages/airflow/example_dags/example_sla_dag.py for tasks to queue
[2026-04-13T10:48:53.093+0900] {logging_mixin.py:190} INFO - [2026-04-13T10:48:53.093+0900] {dagbag.py:587} INFO - Filling up the DagBag from /home/airflow/.local/lib/python3.12/site-packages/airflow/example_dags/example_sla_dag.py
[2026-04-13T10:48:53.101+0900] {processor.py:925} INFO - DAG(s) 'example_sla_dag' retrieved from /home/airflow/.local/lib/python3.12/site-packages/airflow/example_dags/example_sla_dag.py
[2026-04-13T10:48:53.116+0900] {logging_mixin.py:190} INFO - [2026-04-13T10:48:53.116+0900] {dag.py:3211} INFO - Sync 1 DAGs
[2026-04-13T10:48:53.135+0900] {logging_mixin.py:190} INFO - [2026-04-13T10:48:53.135+0900] {dag.py:4138} INFO - Setting next_dagrun for example_sla_dag to 2026-04-13 01:46:00+00:00, run_after=2026-04-13 01:48:00+00:00
[2026-04-13T10:48:53.151+0900] {processor.py:208} INFO - Processing /home/airflow/.local/lib/python3.12/site-packages/airflow/example_dags/example_sla_dag.py took 0.065 seconds
[2026-04-13T10:49:23.396+0900] {processor.py:186} INFO - Started process (PID=15109) to work on /home/airflow/.local/lib/python3.12/site-packages/airflow/example_dags/example_sla_dag.py
[2026-04-13T10:49:23.398+0900] {processor.py:914} INFO - Processing file /home/airflow/.local/lib/python3.12/site-packages/airflow/example_dags/example_sla_dag.py for tasks to queue
[2026-04-13T10:49:23.399+0900] {logging_mixin.py:190} INFO - [2026-04-13T10:49:23.399+0900] {dagbag.py:587} INFO - Filling up the DagBag from /home/airflow/.local/lib/python3.12/site-packages/airflow/example_dags/example_sla_dag.py
[2026-04-13T10:49:23.407+0900] {processor.py:925} INFO - DAG(s) 'example_sla_dag' retrieved from /home/airflow/.local/lib/python3.12/site-packages/airflow/example_dags/example_sla_dag.py
[2026-04-13T10:49:23.426+0900] {logging_mixin.py:190} INFO - [2026-04-13T10:49:23.425+0900] {dag.py:3211} INFO - Sync 1 DAGs
[2026-04-13T10:49:23.445+0900] {logging_mixin.py:190} INFO - [2026-04-13T10:49:23.445+0900] {dag.py:4138} INFO - Setting next_dagrun for example_sla_dag to 2026-04-13 01:46:00+00:00, run_after=2026-04-13 01:48:00+00:00
[2026-04-13T10:49:23.458+0900] {processor.py:208} INFO - Processing /home/airflow/.local/lib/python3.12/site-packages/airflow/example_dags/example_sla_dag.py took 0.066 seconds
[2026-04-13T10:49:53.677+0900] {processor.py:186} INFO - Started process (PID=15179) to work on /home/airflow/.local/lib/python3.12/site-packages/airflow/example_dags/example_sla_dag.py
[2026-04-13T10:49:53.679+0900] {processor.py:914} INFO - Processing file /home/airflow/.local/lib/python3.12/site-packages/airflow/example_dags/example_sla_dag.py for tasks to queue
[2026-04-13T10:49:53.680+0900] {logging_mixin.py:190} INFO - [2026-04-13T10:49:53.680+0900] {dagbag.py:587} INFO - Filling up the DagBag from /home/airflow/.local/lib/python3.12/site-packages/airflow/example_dags/example_sla_dag.py
[2026-04-13T10:49:53.689+0900] {processor.py:925} INFO - DAG(s) 'example_sla_dag' retrieved from /home/airflow/.local/lib/python3.12/site-packages/airflow/example_dags/example_sla_dag.py
[2026-04-13T10:49:53.705+0900] {logging_mixin.py:190} INFO - [2026-04-13T10:49:53.704+0900] {dag.py:3211} INFO - Sync 1 DAGs
[2026-04-13T10:49:53.723+0900] {logging_mixin.py:190} INFO - [2026-04-13T10:49:53.723+0900] {dag.py:4138} INFO - Setting next_dagrun for example_sla_dag to 2026-04-13 01:46:00+00:00, run_after=2026-04-13 01:48:00+00:00
[2026-04-13T10:49:53.736+0900] {processor.py:208} INFO - Processing /home/airflow/.local/lib/python3.12/site-packages/airflow/example_dags/example_sla_dag.py took 0.064 seconds
[2026-04-13T10:50:24.077+0900] {processor.py:186} INFO - Started process (PID=15249) to work on /home/airflow/.local/lib/python3.12/site-packages/airflow/example_dags/example_sla_dag.py
[2026-04-13T10:50:24.078+0900] {processor.py:914} INFO - Processing file /home/airflow/.local/lib/python3.12/site-packages/airflow/example_dags/example_sla_dag.py for tasks to queue
[2026-04-13T10:50:24.079+0900] {logging_mixin.py:190} INFO - [2026-04-13T10:50:24.079+0900] {dagbag.py:587} INFO - Filling up the DagBag from /home/airflow/.local/lib/python3.12/site-packages/airflow/example_dags/example_sla_dag.py
[2026-04-13T10:50:24.088+0900] {processor.py:925} INFO - DAG(s) 'example_sla_dag' retrieved from /home/airflow/.local/lib/python3.12/site-packages/airflow/example_dags/example_sla_dag.py
[2026-04-13T10:50:24.103+0900] {logging_mixin.py:190} INFO - [2026-04-13T10:50:24.103+0900] {dag.py:3211} INFO - Sync 1 DAGs
[2026-04-13T10:50:24.120+0900] {logging_mixin.py:190} INFO - [2026-04-13T10:50:24.120+0900] {dag.py:4138} INFO - Setting next_dagrun for example_sla_dag to 2026-04-13 01:48:00+00:00, run_after=2026-04-13 01:50:00+00:00
[2026-04-13T10:50:24.133+0900] {processor.py:208} INFO - Processing /home/airflow/.local/lib/python3.12/site-packages/airflow/example_dags/example_sla_dag.py took 0.061 seconds
