[2026-04-13T10:47:52.386+0900] {processor.py:186} INFO - Started process (PID=14897) to work on /home/airflow/.local/lib/python3.12/site-packages/airflow/example_dags/example_task_group_decorator.py
[2026-04-13T10:47:52.387+0900] {processor.py:914} INFO - Processing file /home/airflow/.local/lib/python3.12/site-packages/airflow/example_dags/example_task_group_decorator.py for tasks to queue
[2026-04-13T10:47:52.388+0900] {logging_mixin.py:190} INFO - [2026-04-13T10:47:52.388+0900] {dagbag.py:587} INFO - Filling up the DagBag from /home/airflow/.local/lib/python3.12/site-packages/airflow/example_dags/example_task_group_decorator.py
[2026-04-13T10:47:52.402+0900] {processor.py:925} INFO - DAG(s) 'example_task_group_decorator' retrieved from /home/airflow/.local/lib/python3.12/site-packages/airflow/example_dags/example_task_group_decorator.py
[2026-04-13T10:47:52.421+0900] {logging_mixin.py:190} INFO - [2026-04-13T10:47:52.421+0900] {dag.py:3211} INFO - Sync 1 DAGs
[2026-04-13T10:47:52.439+0900] {logging_mixin.py:190} INFO - [2026-04-13T10:47:52.439+0900] {dag.py:4138} INFO - Setting next_dagrun for example_task_group_decorator to 2026-04-12 00:00:00+00:00, run_after=2026-04-13 00:00:00+00:00
[2026-04-13T10:47:52.452+0900] {processor.py:208} INFO - Processing /home/airflow/.local/lib/python3.12/site-packages/airflow/example_dags/example_task_group_decorator.py took 0.071 seconds
[2026-04-13T10:48:22.762+0900] {processor.py:186} INFO - Started process (PID=14967) to work on /home/airflow/.local/lib/python3.12/site-packages/airflow/example_dags/example_task_group_decorator.py
[2026-04-13T10:48:22.763+0900] {processor.py:914} INFO - Processing file /home/airflow/.local/lib/python3.12/site-packages/airflow/example_dags/example_task_group_decorator.py for tasks to queue
[2026-04-13T10:48:22.764+0900] {logging_mixin.py:190} INFO - [2026-04-13T10:48:22.764+0900] {dagbag.py:587} INFO - Filling up the DagBag from /home/airflow/.local/lib/python3.12/site-packages/airflow/example_dags/example_task_group_decorator.py
[2026-04-13T10:48:22.776+0900] {processor.py:925} INFO - DAG(s) 'example_task_group_decorator' retrieved from /home/airflow/.local/lib/python3.12/site-packages/airflow/example_dags/example_task_group_decorator.py
[2026-04-13T10:48:22.797+0900] {logging_mixin.py:190} INFO - [2026-04-13T10:48:22.797+0900] {dag.py:3211} INFO - Sync 1 DAGs
[2026-04-13T10:48:22.816+0900] {logging_mixin.py:190} INFO - [2026-04-13T10:48:22.816+0900] {dag.py:4138} INFO - Setting next_dagrun for example_task_group_decorator to 2026-04-12 00:00:00+00:00, run_after=2026-04-13 00:00:00+00:00
[2026-04-13T10:48:22.831+0900] {processor.py:208} INFO - Processing /home/airflow/.local/lib/python3.12/site-packages/airflow/example_dags/example_task_group_decorator.py took 0.073 seconds
[2026-04-13T10:48:52.982+0900] {processor.py:186} INFO - Started process (PID=15038) to work on /home/airflow/.local/lib/python3.12/site-packages/airflow/example_dags/example_task_group_decorator.py
[2026-04-13T10:48:52.983+0900] {processor.py:914} INFO - Processing file /home/airflow/.local/lib/python3.12/site-packages/airflow/example_dags/example_task_group_decorator.py for tasks to queue
[2026-04-13T10:48:52.984+0900] {logging_mixin.py:190} INFO - [2026-04-13T10:48:52.984+0900] {dagbag.py:587} INFO - Filling up the DagBag from /home/airflow/.local/lib/python3.12/site-packages/airflow/example_dags/example_task_group_decorator.py
[2026-04-13T10:48:52.996+0900] {processor.py:925} INFO - DAG(s) 'example_task_group_decorator' retrieved from /home/airflow/.local/lib/python3.12/site-packages/airflow/example_dags/example_task_group_decorator.py
[2026-04-13T10:48:53.014+0900] {logging_mixin.py:190} INFO - [2026-04-13T10:48:53.014+0900] {dag.py:3211} INFO - Sync 1 DAGs
[2026-04-13T10:48:53.030+0900] {logging_mixin.py:190} INFO - [2026-04-13T10:48:53.030+0900] {dag.py:4138} INFO - Setting next_dagrun for example_task_group_decorator to 2026-04-12 00:00:00+00:00, run_after=2026-04-13 00:00:00+00:00
[2026-04-13T10:48:53.044+0900] {processor.py:208} INFO - Processing /home/airflow/.local/lib/python3.12/site-packages/airflow/example_dags/example_task_group_decorator.py took 0.067 seconds
[2026-04-13T10:49:23.295+0900] {processor.py:186} INFO - Started process (PID=15108) to work on /home/airflow/.local/lib/python3.12/site-packages/airflow/example_dags/example_task_group_decorator.py
[2026-04-13T10:49:23.296+0900] {processor.py:914} INFO - Processing file /home/airflow/.local/lib/python3.12/site-packages/airflow/example_dags/example_task_group_decorator.py for tasks to queue
[2026-04-13T10:49:23.298+0900] {logging_mixin.py:190} INFO - [2026-04-13T10:49:23.297+0900] {dagbag.py:587} INFO - Filling up the DagBag from /home/airflow/.local/lib/python3.12/site-packages/airflow/example_dags/example_task_group_decorator.py
[2026-04-13T10:49:23.311+0900] {processor.py:925} INFO - DAG(s) 'example_task_group_decorator' retrieved from /home/airflow/.local/lib/python3.12/site-packages/airflow/example_dags/example_task_group_decorator.py
[2026-04-13T10:49:23.331+0900] {logging_mixin.py:190} INFO - [2026-04-13T10:49:23.331+0900] {dag.py:3211} INFO - Sync 1 DAGs
[2026-04-13T10:49:23.346+0900] {logging_mixin.py:190} INFO - [2026-04-13T10:49:23.346+0900] {dag.py:4138} INFO - Setting next_dagrun for example_task_group_decorator to 2026-04-12 00:00:00+00:00, run_after=2026-04-13 00:00:00+00:00
[2026-04-13T10:49:23.359+0900] {processor.py:208} INFO - Processing /home/airflow/.local/lib/python3.12/site-packages/airflow/example_dags/example_task_group_decorator.py took 0.069 seconds
[2026-04-13T10:49:53.647+0900] {processor.py:186} INFO - Started process (PID=15178) to work on /home/airflow/.local/lib/python3.12/site-packages/airflow/example_dags/example_task_group_decorator.py
[2026-04-13T10:49:53.648+0900] {processor.py:914} INFO - Processing file /home/airflow/.local/lib/python3.12/site-packages/airflow/example_dags/example_task_group_decorator.py for tasks to queue
[2026-04-13T10:49:53.649+0900] {logging_mixin.py:190} INFO - [2026-04-13T10:49:53.649+0900] {dagbag.py:587} INFO - Filling up the DagBag from /home/airflow/.local/lib/python3.12/site-packages/airflow/example_dags/example_task_group_decorator.py
[2026-04-13T10:49:53.664+0900] {processor.py:925} INFO - DAG(s) 'example_task_group_decorator' retrieved from /home/airflow/.local/lib/python3.12/site-packages/airflow/example_dags/example_task_group_decorator.py
[2026-04-13T10:49:53.683+0900] {logging_mixin.py:190} INFO - [2026-04-13T10:49:53.683+0900] {dag.py:3211} INFO - Sync 1 DAGs
[2026-04-13T10:49:53.699+0900] {logging_mixin.py:190} INFO - [2026-04-13T10:49:53.699+0900] {dag.py:4138} INFO - Setting next_dagrun for example_task_group_decorator to 2026-04-12 00:00:00+00:00, run_after=2026-04-13 00:00:00+00:00
[2026-04-13T10:49:53.711+0900] {processor.py:208} INFO - Processing /home/airflow/.local/lib/python3.12/site-packages/airflow/example_dags/example_task_group_decorator.py took 0.070 seconds
[2026-04-13T10:50:24.076+0900] {processor.py:186} INFO - Started process (PID=15248) to work on /home/airflow/.local/lib/python3.12/site-packages/airflow/example_dags/example_task_group_decorator.py
[2026-04-13T10:50:24.077+0900] {processor.py:914} INFO - Processing file /home/airflow/.local/lib/python3.12/site-packages/airflow/example_dags/example_task_group_decorator.py for tasks to queue
[2026-04-13T10:50:24.078+0900] {logging_mixin.py:190} INFO - [2026-04-13T10:50:24.078+0900] {dagbag.py:587} INFO - Filling up the DagBag from /home/airflow/.local/lib/python3.12/site-packages/airflow/example_dags/example_task_group_decorator.py
[2026-04-13T10:50:24.091+0900] {processor.py:925} INFO - DAG(s) 'example_task_group_decorator' retrieved from /home/airflow/.local/lib/python3.12/site-packages/airflow/example_dags/example_task_group_decorator.py
[2026-04-13T10:50:24.106+0900] {logging_mixin.py:190} INFO - [2026-04-13T10:50:24.106+0900] {dag.py:3211} INFO - Sync 1 DAGs
[2026-04-13T10:50:24.122+0900] {logging_mixin.py:190} INFO - [2026-04-13T10:50:24.121+0900] {dag.py:4138} INFO - Setting next_dagrun for example_task_group_decorator to 2026-04-12 00:00:00+00:00, run_after=2026-04-13 00:00:00+00:00
[2026-04-13T10:50:24.134+0900] {processor.py:208} INFO - Processing /home/airflow/.local/lib/python3.12/site-packages/airflow/example_dags/example_task_group_decorator.py took 0.062 seconds
