[2026-04-13T10:47:47.244+0900] {processor.py:186} INFO - Started process (PID=14864) to work on /home/airflow/.local/lib/python3.12/site-packages/airflow/example_dags/example_sensors.py
[2026-04-13T10:47:47.245+0900] {processor.py:914} INFO - Processing file /home/airflow/.local/lib/python3.12/site-packages/airflow/example_dags/example_sensors.py for tasks to queue
[2026-04-13T10:47:47.247+0900] {logging_mixin.py:190} INFO - [2026-04-13T10:47:47.247+0900] {dagbag.py:587} INFO - Filling up the DagBag from /home/airflow/.local/lib/python3.12/site-packages/airflow/example_dags/example_sensors.py
[2026-04-13T10:47:47.256+0900] {processor.py:925} INFO - DAG(s) 'example_sensors' retrieved from /home/airflow/.local/lib/python3.12/site-packages/airflow/example_dags/example_sensors.py
[2026-04-13T10:47:47.273+0900] {logging_mixin.py:190} INFO - [2026-04-13T10:47:47.273+0900] {dag.py:3211} INFO - Sync 1 DAGs
[2026-04-13T10:47:47.284+0900] {logging_mixin.py:190} INFO - [2026-04-13T10:47:47.284+0900] {dag.py:4138} INFO - Setting next_dagrun for example_sensors to None, run_after=None
[2026-04-13T10:47:47.297+0900] {processor.py:208} INFO - Processing /home/airflow/.local/lib/python3.12/site-packages/airflow/example_dags/example_sensors.py took 0.058 seconds
[2026-04-13T10:48:17.479+0900] {processor.py:186} INFO - Started process (PID=14934) to work on /home/airflow/.local/lib/python3.12/site-packages/airflow/example_dags/example_sensors.py
[2026-04-13T10:48:17.480+0900] {processor.py:914} INFO - Processing file /home/airflow/.local/lib/python3.12/site-packages/airflow/example_dags/example_sensors.py for tasks to queue
[2026-04-13T10:48:17.481+0900] {logging_mixin.py:190} INFO - [2026-04-13T10:48:17.481+0900] {dagbag.py:587} INFO - Filling up the DagBag from /home/airflow/.local/lib/python3.12/site-packages/airflow/example_dags/example_sensors.py
[2026-04-13T10:48:17.491+0900] {processor.py:925} INFO - DAG(s) 'example_sensors' retrieved from /home/airflow/.local/lib/python3.12/site-packages/airflow/example_dags/example_sensors.py
[2026-04-13T10:48:17.510+0900] {logging_mixin.py:190} INFO - [2026-04-13T10:48:17.509+0900] {dag.py:3211} INFO - Sync 1 DAGs
[2026-04-13T10:48:17.521+0900] {logging_mixin.py:190} INFO - [2026-04-13T10:48:17.521+0900] {dag.py:4138} INFO - Setting next_dagrun for example_sensors to None, run_after=None
[2026-04-13T10:48:17.535+0900] {processor.py:208} INFO - Processing /home/airflow/.local/lib/python3.12/site-packages/airflow/example_dags/example_sensors.py took 0.060 seconds
[2026-04-13T10:48:47.687+0900] {processor.py:186} INFO - Started process (PID=15005) to work on /home/airflow/.local/lib/python3.12/site-packages/airflow/example_dags/example_sensors.py
[2026-04-13T10:48:47.688+0900] {processor.py:914} INFO - Processing file /home/airflow/.local/lib/python3.12/site-packages/airflow/example_dags/example_sensors.py for tasks to queue
[2026-04-13T10:48:47.689+0900] {logging_mixin.py:190} INFO - [2026-04-13T10:48:47.689+0900] {dagbag.py:587} INFO - Filling up the DagBag from /home/airflow/.local/lib/python3.12/site-packages/airflow/example_dags/example_sensors.py
[2026-04-13T10:48:47.698+0900] {processor.py:925} INFO - DAG(s) 'example_sensors' retrieved from /home/airflow/.local/lib/python3.12/site-packages/airflow/example_dags/example_sensors.py
[2026-04-13T10:48:47.715+0900] {logging_mixin.py:190} INFO - [2026-04-13T10:48:47.715+0900] {dag.py:3211} INFO - Sync 1 DAGs
[2026-04-13T10:48:47.726+0900] {logging_mixin.py:190} INFO - [2026-04-13T10:48:47.726+0900] {dag.py:4138} INFO - Setting next_dagrun for example_sensors to None, run_after=None
[2026-04-13T10:48:47.741+0900] {processor.py:208} INFO - Processing /home/airflow/.local/lib/python3.12/site-packages/airflow/example_dags/example_sensors.py took 0.058 seconds
[2026-04-13T10:49:18.009+0900] {processor.py:186} INFO - Started process (PID=15075) to work on /home/airflow/.local/lib/python3.12/site-packages/airflow/example_dags/example_sensors.py
[2026-04-13T10:49:18.010+0900] {processor.py:914} INFO - Processing file /home/airflow/.local/lib/python3.12/site-packages/airflow/example_dags/example_sensors.py for tasks to queue
[2026-04-13T10:49:18.011+0900] {logging_mixin.py:190} INFO - [2026-04-13T10:49:18.010+0900] {dagbag.py:587} INFO - Filling up the DagBag from /home/airflow/.local/lib/python3.12/site-packages/airflow/example_dags/example_sensors.py
[2026-04-13T10:49:18.020+0900] {processor.py:925} INFO - DAG(s) 'example_sensors' retrieved from /home/airflow/.local/lib/python3.12/site-packages/airflow/example_dags/example_sensors.py
[2026-04-13T10:49:18.039+0900] {logging_mixin.py:190} INFO - [2026-04-13T10:49:18.039+0900] {dag.py:3211} INFO - Sync 1 DAGs
[2026-04-13T10:49:18.049+0900] {logging_mixin.py:190} INFO - [2026-04-13T10:49:18.049+0900] {dag.py:4138} INFO - Setting next_dagrun for example_sensors to None, run_after=None
[2026-04-13T10:49:18.062+0900] {processor.py:208} INFO - Processing /home/airflow/.local/lib/python3.12/site-packages/airflow/example_dags/example_sensors.py took 0.058 seconds
[2026-04-13T10:49:48.319+0900] {processor.py:186} INFO - Started process (PID=15145) to work on /home/airflow/.local/lib/python3.12/site-packages/airflow/example_dags/example_sensors.py
[2026-04-13T10:49:48.319+0900] {processor.py:914} INFO - Processing file /home/airflow/.local/lib/python3.12/site-packages/airflow/example_dags/example_sensors.py for tasks to queue
[2026-04-13T10:49:48.320+0900] {logging_mixin.py:190} INFO - [2026-04-13T10:49:48.320+0900] {dagbag.py:587} INFO - Filling up the DagBag from /home/airflow/.local/lib/python3.12/site-packages/airflow/example_dags/example_sensors.py
[2026-04-13T10:49:48.329+0900] {processor.py:925} INFO - DAG(s) 'example_sensors' retrieved from /home/airflow/.local/lib/python3.12/site-packages/airflow/example_dags/example_sensors.py
[2026-04-13T10:49:48.349+0900] {logging_mixin.py:190} INFO - [2026-04-13T10:49:48.349+0900] {dag.py:3211} INFO - Sync 1 DAGs
[2026-04-13T10:49:48.363+0900] {logging_mixin.py:190} INFO - [2026-04-13T10:49:48.363+0900] {dag.py:4138} INFO - Setting next_dagrun for example_sensors to None, run_after=None
[2026-04-13T10:49:48.377+0900] {processor.py:208} INFO - Processing /home/airflow/.local/lib/python3.12/site-packages/airflow/example_dags/example_sensors.py took 0.063 seconds
[2026-04-13T10:50:18.867+0900] {processor.py:186} INFO - Started process (PID=15215) to work on /home/airflow/.local/lib/python3.12/site-packages/airflow/example_dags/example_sensors.py
[2026-04-13T10:50:18.868+0900] {processor.py:914} INFO - Processing file /home/airflow/.local/lib/python3.12/site-packages/airflow/example_dags/example_sensors.py for tasks to queue
[2026-04-13T10:50:18.870+0900] {logging_mixin.py:190} INFO - [2026-04-13T10:50:18.870+0900] {dagbag.py:587} INFO - Filling up the DagBag from /home/airflow/.local/lib/python3.12/site-packages/airflow/example_dags/example_sensors.py
[2026-04-13T10:50:18.880+0900] {processor.py:925} INFO - DAG(s) 'example_sensors' retrieved from /home/airflow/.local/lib/python3.12/site-packages/airflow/example_dags/example_sensors.py
[2026-04-13T10:50:18.900+0900] {logging_mixin.py:190} INFO - [2026-04-13T10:50:18.899+0900] {dag.py:3211} INFO - Sync 1 DAGs
[2026-04-13T10:50:18.910+0900] {logging_mixin.py:190} INFO - [2026-04-13T10:50:18.910+0900] {dag.py:4138} INFO - Setting next_dagrun for example_sensors to None, run_after=None
[2026-04-13T10:50:18.923+0900] {processor.py:208} INFO - Processing /home/airflow/.local/lib/python3.12/site-packages/airflow/example_dags/example_sensors.py took 0.061 seconds
