[2026-04-13T10:47:47.153+0900] {processor.py:186} INFO - Started process (PID=14862) to work on /home/airflow/.local/lib/python3.12/site-packages/airflow/example_dags/example_params_ui_tutorial.py
[2026-04-13T10:47:47.154+0900] {processor.py:914} INFO - Processing file /home/airflow/.local/lib/python3.12/site-packages/airflow/example_dags/example_params_ui_tutorial.py for tasks to queue
[2026-04-13T10:47:47.155+0900] {logging_mixin.py:190} INFO - [2026-04-13T10:47:47.155+0900] {dagbag.py:587} INFO - Filling up the DagBag from /home/airflow/.local/lib/python3.12/site-packages/airflow/example_dags/example_params_ui_tutorial.py
[2026-04-13T10:47:47.163+0900] {processor.py:925} INFO - DAG(s) 'example_params_ui_tutorial' retrieved from /home/airflow/.local/lib/python3.12/site-packages/airflow/example_dags/example_params_ui_tutorial.py
[2026-04-13T10:47:47.191+0900] {logging_mixin.py:190} INFO - [2026-04-13T10:47:47.191+0900] {dag.py:3211} INFO - Sync 1 DAGs
[2026-04-13T10:47:47.202+0900] {logging_mixin.py:190} INFO - [2026-04-13T10:47:47.201+0900] {dag.py:4138} INFO - Setting next_dagrun for example_params_ui_tutorial to None, run_after=None
[2026-04-13T10:47:47.214+0900] {processor.py:208} INFO - Processing /home/airflow/.local/lib/python3.12/site-packages/airflow/example_dags/example_params_ui_tutorial.py took 0.067 seconds
[2026-04-13T10:48:17.394+0900] {processor.py:186} INFO - Started process (PID=14932) to work on /home/airflow/.local/lib/python3.12/site-packages/airflow/example_dags/example_params_ui_tutorial.py
[2026-04-13T10:48:17.394+0900] {processor.py:914} INFO - Processing file /home/airflow/.local/lib/python3.12/site-packages/airflow/example_dags/example_params_ui_tutorial.py for tasks to queue
[2026-04-13T10:48:17.395+0900] {logging_mixin.py:190} INFO - [2026-04-13T10:48:17.395+0900] {dagbag.py:587} INFO - Filling up the DagBag from /home/airflow/.local/lib/python3.12/site-packages/airflow/example_dags/example_params_ui_tutorial.py
[2026-04-13T10:48:17.403+0900] {processor.py:925} INFO - DAG(s) 'example_params_ui_tutorial' retrieved from /home/airflow/.local/lib/python3.12/site-packages/airflow/example_dags/example_params_ui_tutorial.py
[2026-04-13T10:48:17.430+0900] {logging_mixin.py:190} INFO - [2026-04-13T10:48:17.430+0900] {dag.py:3211} INFO - Sync 1 DAGs
[2026-04-13T10:48:17.440+0900] {logging_mixin.py:190} INFO - [2026-04-13T10:48:17.440+0900] {dag.py:4138} INFO - Setting next_dagrun for example_params_ui_tutorial to None, run_after=None
[2026-04-13T10:48:17.451+0900] {processor.py:208} INFO - Processing /home/airflow/.local/lib/python3.12/site-packages/airflow/example_dags/example_params_ui_tutorial.py took 0.063 seconds
[2026-04-13T10:48:47.595+0900] {processor.py:186} INFO - Started process (PID=15003) to work on /home/airflow/.local/lib/python3.12/site-packages/airflow/example_dags/example_params_ui_tutorial.py
[2026-04-13T10:48:47.597+0900] {processor.py:914} INFO - Processing file /home/airflow/.local/lib/python3.12/site-packages/airflow/example_dags/example_params_ui_tutorial.py for tasks to queue
[2026-04-13T10:48:47.598+0900] {logging_mixin.py:190} INFO - [2026-04-13T10:48:47.598+0900] {dagbag.py:587} INFO - Filling up the DagBag from /home/airflow/.local/lib/python3.12/site-packages/airflow/example_dags/example_params_ui_tutorial.py
[2026-04-13T10:48:47.606+0900] {processor.py:925} INFO - DAG(s) 'example_params_ui_tutorial' retrieved from /home/airflow/.local/lib/python3.12/site-packages/airflow/example_dags/example_params_ui_tutorial.py
[2026-04-13T10:48:47.634+0900] {logging_mixin.py:190} INFO - [2026-04-13T10:48:47.634+0900] {dag.py:3211} INFO - Sync 1 DAGs
[2026-04-13T10:48:47.644+0900] {logging_mixin.py:190} INFO - [2026-04-13T10:48:47.644+0900] {dag.py:4138} INFO - Setting next_dagrun for example_params_ui_tutorial to None, run_after=None
[2026-04-13T10:48:47.658+0900] {processor.py:208} INFO - Processing /home/airflow/.local/lib/python3.12/site-packages/airflow/example_dags/example_params_ui_tutorial.py took 0.068 seconds
[2026-04-13T10:49:17.907+0900] {processor.py:186} INFO - Started process (PID=15073) to work on /home/airflow/.local/lib/python3.12/site-packages/airflow/example_dags/example_params_ui_tutorial.py
[2026-04-13T10:49:17.908+0900] {processor.py:914} INFO - Processing file /home/airflow/.local/lib/python3.12/site-packages/airflow/example_dags/example_params_ui_tutorial.py for tasks to queue
[2026-04-13T10:49:17.910+0900] {logging_mixin.py:190} INFO - [2026-04-13T10:49:17.909+0900] {dagbag.py:587} INFO - Filling up the DagBag from /home/airflow/.local/lib/python3.12/site-packages/airflow/example_dags/example_params_ui_tutorial.py
[2026-04-13T10:49:17.918+0900] {processor.py:925} INFO - DAG(s) 'example_params_ui_tutorial' retrieved from /home/airflow/.local/lib/python3.12/site-packages/airflow/example_dags/example_params_ui_tutorial.py
[2026-04-13T10:49:17.945+0900] {logging_mixin.py:190} INFO - [2026-04-13T10:49:17.945+0900] {dag.py:3211} INFO - Sync 1 DAGs
[2026-04-13T10:49:17.956+0900] {logging_mixin.py:190} INFO - [2026-04-13T10:49:17.955+0900] {dag.py:4138} INFO - Setting next_dagrun for example_params_ui_tutorial to None, run_after=None
[2026-04-13T10:49:17.970+0900] {processor.py:208} INFO - Processing /home/airflow/.local/lib/python3.12/site-packages/airflow/example_dags/example_params_ui_tutorial.py took 0.067 seconds
[2026-04-13T10:49:48.224+0900] {processor.py:186} INFO - Started process (PID=15143) to work on /home/airflow/.local/lib/python3.12/site-packages/airflow/example_dags/example_params_ui_tutorial.py
[2026-04-13T10:49:48.226+0900] {processor.py:914} INFO - Processing file /home/airflow/.local/lib/python3.12/site-packages/airflow/example_dags/example_params_ui_tutorial.py for tasks to queue
[2026-04-13T10:49:48.227+0900] {logging_mixin.py:190} INFO - [2026-04-13T10:49:48.227+0900] {dagbag.py:587} INFO - Filling up the DagBag from /home/airflow/.local/lib/python3.12/site-packages/airflow/example_dags/example_params_ui_tutorial.py
[2026-04-13T10:49:48.234+0900] {processor.py:925} INFO - DAG(s) 'example_params_ui_tutorial' retrieved from /home/airflow/.local/lib/python3.12/site-packages/airflow/example_dags/example_params_ui_tutorial.py
[2026-04-13T10:49:48.260+0900] {logging_mixin.py:190} INFO - [2026-04-13T10:49:48.260+0900] {dag.py:3211} INFO - Sync 1 DAGs
[2026-04-13T10:49:48.270+0900] {logging_mixin.py:190} INFO - [2026-04-13T10:49:48.270+0900] {dag.py:4138} INFO - Setting next_dagrun for example_params_ui_tutorial to None, run_after=None
[2026-04-13T10:49:48.284+0900] {processor.py:208} INFO - Processing /home/airflow/.local/lib/python3.12/site-packages/airflow/example_dags/example_params_ui_tutorial.py took 0.064 seconds
[2026-04-13T10:50:18.745+0900] {processor.py:186} INFO - Started process (PID=15213) to work on /home/airflow/.local/lib/python3.12/site-packages/airflow/example_dags/example_params_ui_tutorial.py
[2026-04-13T10:50:18.746+0900] {processor.py:914} INFO - Processing file /home/airflow/.local/lib/python3.12/site-packages/airflow/example_dags/example_params_ui_tutorial.py for tasks to queue
[2026-04-13T10:50:18.748+0900] {logging_mixin.py:190} INFO - [2026-04-13T10:50:18.747+0900] {dagbag.py:587} INFO - Filling up the DagBag from /home/airflow/.local/lib/python3.12/site-packages/airflow/example_dags/example_params_ui_tutorial.py
[2026-04-13T10:50:18.756+0900] {processor.py:925} INFO - DAG(s) 'example_params_ui_tutorial' retrieved from /home/airflow/.local/lib/python3.12/site-packages/airflow/example_dags/example_params_ui_tutorial.py
[2026-04-13T10:50:18.786+0900] {logging_mixin.py:190} INFO - [2026-04-13T10:50:18.786+0900] {dag.py:3211} INFO - Sync 1 DAGs
[2026-04-13T10:50:18.796+0900] {logging_mixin.py:190} INFO - [2026-04-13T10:50:18.796+0900] {dag.py:4138} INFO - Setting next_dagrun for example_params_ui_tutorial to None, run_after=None
[2026-04-13T10:50:18.816+0900] {processor.py:208} INFO - Processing /home/airflow/.local/lib/python3.12/site-packages/airflow/example_dags/example_params_ui_tutorial.py took 0.075 seconds
