[2026-04-13T10:47:51.763+0900] {processor.py:186} INFO - Started process (PID=14887) to work on /home/airflow/.local/lib/python3.12/site-packages/airflow/example_dags/example_setup_teardown.py
[2026-04-13T10:47:51.764+0900] {processor.py:914} INFO - Processing file /home/airflow/.local/lib/python3.12/site-packages/airflow/example_dags/example_setup_teardown.py for tasks to queue
[2026-04-13T10:47:51.765+0900] {logging_mixin.py:190} INFO - [2026-04-13T10:47:51.765+0900] {dagbag.py:587} INFO - Filling up the DagBag from /home/airflow/.local/lib/python3.12/site-packages/airflow/example_dags/example_setup_teardown.py
[2026-04-13T10:47:51.774+0900] {processor.py:925} INFO - DAG(s) 'example_setup_teardown' retrieved from /home/airflow/.local/lib/python3.12/site-packages/airflow/example_dags/example_setup_teardown.py
[2026-04-13T10:47:51.792+0900] {logging_mixin.py:190} INFO - [2026-04-13T10:47:51.792+0900] {dag.py:3211} INFO - Sync 1 DAGs
[2026-04-13T10:47:51.814+0900] {logging_mixin.py:190} INFO - [2026-04-13T10:47:51.814+0900] {dag.py:4138} INFO - Setting next_dagrun for example_setup_teardown to 2026-04-12 00:00:00+00:00, run_after=2026-04-13 00:00:00+00:00
[2026-04-13T10:47:51.827+0900] {processor.py:208} INFO - Processing /home/airflow/.local/lib/python3.12/site-packages/airflow/example_dags/example_setup_teardown.py took 0.069 seconds
[2026-04-13T10:48:22.084+0900] {processor.py:186} INFO - Started process (PID=14957) to work on /home/airflow/.local/lib/python3.12/site-packages/airflow/example_dags/example_setup_teardown.py
[2026-04-13T10:48:22.085+0900] {processor.py:914} INFO - Processing file /home/airflow/.local/lib/python3.12/site-packages/airflow/example_dags/example_setup_teardown.py for tasks to queue
[2026-04-13T10:48:22.086+0900] {logging_mixin.py:190} INFO - [2026-04-13T10:48:22.086+0900] {dagbag.py:587} INFO - Filling up the DagBag from /home/airflow/.local/lib/python3.12/site-packages/airflow/example_dags/example_setup_teardown.py
[2026-04-13T10:48:22.093+0900] {processor.py:925} INFO - DAG(s) 'example_setup_teardown' retrieved from /home/airflow/.local/lib/python3.12/site-packages/airflow/example_dags/example_setup_teardown.py
[2026-04-13T10:48:22.108+0900] {logging_mixin.py:190} INFO - [2026-04-13T10:48:22.108+0900] {dag.py:3211} INFO - Sync 1 DAGs
[2026-04-13T10:48:22.123+0900] {logging_mixin.py:190} INFO - [2026-04-13T10:48:22.123+0900] {dag.py:4138} INFO - Setting next_dagrun for example_setup_teardown to 2026-04-12 00:00:00+00:00, run_after=2026-04-13 00:00:00+00:00
[2026-04-13T10:48:22.136+0900] {processor.py:208} INFO - Processing /home/airflow/.local/lib/python3.12/site-packages/airflow/example_dags/example_setup_teardown.py took 0.056 seconds
[2026-04-13T10:48:52.315+0900] {processor.py:186} INFO - Started process (PID=15028) to work on /home/airflow/.local/lib/python3.12/site-packages/airflow/example_dags/example_setup_teardown.py
[2026-04-13T10:48:52.316+0900] {processor.py:914} INFO - Processing file /home/airflow/.local/lib/python3.12/site-packages/airflow/example_dags/example_setup_teardown.py for tasks to queue
[2026-04-13T10:48:52.317+0900] {logging_mixin.py:190} INFO - [2026-04-13T10:48:52.317+0900] {dagbag.py:587} INFO - Filling up the DagBag from /home/airflow/.local/lib/python3.12/site-packages/airflow/example_dags/example_setup_teardown.py
[2026-04-13T10:48:52.324+0900] {processor.py:925} INFO - DAG(s) 'example_setup_teardown' retrieved from /home/airflow/.local/lib/python3.12/site-packages/airflow/example_dags/example_setup_teardown.py
[2026-04-13T10:48:52.339+0900] {logging_mixin.py:190} INFO - [2026-04-13T10:48:52.339+0900] {dag.py:3211} INFO - Sync 1 DAGs
[2026-04-13T10:48:52.355+0900] {logging_mixin.py:190} INFO - [2026-04-13T10:48:52.355+0900] {dag.py:4138} INFO - Setting next_dagrun for example_setup_teardown to 2026-04-12 00:00:00+00:00, run_after=2026-04-13 00:00:00+00:00
[2026-04-13T10:48:52.368+0900] {processor.py:208} INFO - Processing /home/airflow/.local/lib/python3.12/site-packages/airflow/example_dags/example_setup_teardown.py took 0.057 seconds
[2026-04-13T10:49:22.825+0900] {processor.py:186} INFO - Started process (PID=15098) to work on /home/airflow/.local/lib/python3.12/site-packages/airflow/example_dags/example_setup_teardown.py
[2026-04-13T10:49:22.826+0900] {processor.py:914} INFO - Processing file /home/airflow/.local/lib/python3.12/site-packages/airflow/example_dags/example_setup_teardown.py for tasks to queue
[2026-04-13T10:49:22.827+0900] {logging_mixin.py:190} INFO - [2026-04-13T10:49:22.827+0900] {dagbag.py:587} INFO - Filling up the DagBag from /home/airflow/.local/lib/python3.12/site-packages/airflow/example_dags/example_setup_teardown.py
[2026-04-13T10:49:22.834+0900] {processor.py:925} INFO - DAG(s) 'example_setup_teardown' retrieved from /home/airflow/.local/lib/python3.12/site-packages/airflow/example_dags/example_setup_teardown.py
[2026-04-13T10:49:22.848+0900] {logging_mixin.py:190} INFO - [2026-04-13T10:49:22.848+0900] {dag.py:3211} INFO - Sync 1 DAGs
[2026-04-13T10:49:22.864+0900] {logging_mixin.py:190} INFO - [2026-04-13T10:49:22.864+0900] {dag.py:4138} INFO - Setting next_dagrun for example_setup_teardown to 2026-04-12 00:00:00+00:00, run_after=2026-04-13 00:00:00+00:00
[2026-04-13T10:49:22.877+0900] {processor.py:208} INFO - Processing /home/airflow/.local/lib/python3.12/site-packages/airflow/example_dags/example_setup_teardown.py took 0.057 seconds
[2026-04-13T10:49:53.131+0900] {processor.py:186} INFO - Started process (PID=15168) to work on /home/airflow/.local/lib/python3.12/site-packages/airflow/example_dags/example_setup_teardown.py
[2026-04-13T10:49:53.132+0900] {processor.py:914} INFO - Processing file /home/airflow/.local/lib/python3.12/site-packages/airflow/example_dags/example_setup_teardown.py for tasks to queue
[2026-04-13T10:49:53.133+0900] {logging_mixin.py:190} INFO - [2026-04-13T10:49:53.133+0900] {dagbag.py:587} INFO - Filling up the DagBag from /home/airflow/.local/lib/python3.12/site-packages/airflow/example_dags/example_setup_teardown.py
[2026-04-13T10:49:53.142+0900] {processor.py:925} INFO - DAG(s) 'example_setup_teardown' retrieved from /home/airflow/.local/lib/python3.12/site-packages/airflow/example_dags/example_setup_teardown.py
[2026-04-13T10:49:53.159+0900] {logging_mixin.py:190} INFO - [2026-04-13T10:49:53.159+0900] {dag.py:3211} INFO - Sync 1 DAGs
[2026-04-13T10:49:53.175+0900] {logging_mixin.py:190} INFO - [2026-04-13T10:49:53.175+0900] {dag.py:4138} INFO - Setting next_dagrun for example_setup_teardown to 2026-04-12 00:00:00+00:00, run_after=2026-04-13 00:00:00+00:00
[2026-04-13T10:49:53.189+0900] {processor.py:208} INFO - Processing /home/airflow/.local/lib/python3.12/site-packages/airflow/example_dags/example_setup_teardown.py took 0.063 seconds
[2026-04-13T10:50:23.587+0900] {processor.py:186} INFO - Started process (PID=15238) to work on /home/airflow/.local/lib/python3.12/site-packages/airflow/example_dags/example_setup_teardown.py
[2026-04-13T10:50:23.589+0900] {processor.py:914} INFO - Processing file /home/airflow/.local/lib/python3.12/site-packages/airflow/example_dags/example_setup_teardown.py for tasks to queue
[2026-04-13T10:50:23.590+0900] {logging_mixin.py:190} INFO - [2026-04-13T10:50:23.590+0900] {dagbag.py:587} INFO - Filling up the DagBag from /home/airflow/.local/lib/python3.12/site-packages/airflow/example_dags/example_setup_teardown.py
[2026-04-13T10:50:23.598+0900] {processor.py:925} INFO - DAG(s) 'example_setup_teardown' retrieved from /home/airflow/.local/lib/python3.12/site-packages/airflow/example_dags/example_setup_teardown.py
[2026-04-13T10:50:23.614+0900] {logging_mixin.py:190} INFO - [2026-04-13T10:50:23.613+0900] {dag.py:3211} INFO - Sync 1 DAGs
[2026-04-13T10:50:23.630+0900] {logging_mixin.py:190} INFO - [2026-04-13T10:50:23.630+0900] {dag.py:4138} INFO - Setting next_dagrun for example_setup_teardown to 2026-04-12 00:00:00+00:00, run_after=2026-04-13 00:00:00+00:00
[2026-04-13T10:50:23.644+0900] {processor.py:208} INFO - Processing /home/airflow/.local/lib/python3.12/site-packages/airflow/example_dags/example_setup_teardown.py took 0.061 seconds
