[2026-04-13T10:47:48.726+0900] {processor.py:186} INFO - Started process (PID=14869) to work on /home/airflow/.local/lib/python3.12/site-packages/airflow/example_dags/example_params_trigger_ui.py
[2026-04-13T10:47:48.727+0900] {processor.py:914} INFO - Processing file /home/airflow/.local/lib/python3.12/site-packages/airflow/example_dags/example_params_trigger_ui.py for tasks to queue
[2026-04-13T10:47:48.729+0900] {logging_mixin.py:190} INFO - [2026-04-13T10:47:48.729+0900] {dagbag.py:587} INFO - Filling up the DagBag from /home/airflow/.local/lib/python3.12/site-packages/airflow/example_dags/example_params_trigger_ui.py
[2026-04-13T10:47:48.740+0900] {processor.py:925} INFO - DAG(s) 'example_params_trigger_ui' retrieved from /home/airflow/.local/lib/python3.12/site-packages/airflow/example_dags/example_params_trigger_ui.py
[2026-04-13T10:47:48.770+0900] {logging_mixin.py:190} INFO - [2026-04-13T10:47:48.770+0900] {dag.py:3211} INFO - Sync 1 DAGs
[2026-04-13T10:47:48.781+0900] {logging_mixin.py:190} INFO - [2026-04-13T10:47:48.781+0900] {dag.py:4138} INFO - Setting next_dagrun for example_params_trigger_ui to None, run_after=None
[2026-04-13T10:47:48.794+0900] {processor.py:208} INFO - Processing /home/airflow/.local/lib/python3.12/site-packages/airflow/example_dags/example_params_trigger_ui.py took 0.073 seconds
[2026-04-13T10:48:19.170+0900] {processor.py:186} INFO - Started process (PID=14939) to work on /home/airflow/.local/lib/python3.12/site-packages/airflow/example_dags/example_params_trigger_ui.py
[2026-04-13T10:48:19.171+0900] {processor.py:914} INFO - Processing file /home/airflow/.local/lib/python3.12/site-packages/airflow/example_dags/example_params_trigger_ui.py for tasks to queue
[2026-04-13T10:48:19.172+0900] {logging_mixin.py:190} INFO - [2026-04-13T10:48:19.172+0900] {dagbag.py:587} INFO - Filling up the DagBag from /home/airflow/.local/lib/python3.12/site-packages/airflow/example_dags/example_params_trigger_ui.py
[2026-04-13T10:48:19.180+0900] {processor.py:925} INFO - DAG(s) 'example_params_trigger_ui' retrieved from /home/airflow/.local/lib/python3.12/site-packages/airflow/example_dags/example_params_trigger_ui.py
[2026-04-13T10:48:19.206+0900] {logging_mixin.py:190} INFO - [2026-04-13T10:48:19.206+0900] {dag.py:3211} INFO - Sync 1 DAGs
[2026-04-13T10:48:19.215+0900] {logging_mixin.py:190} INFO - [2026-04-13T10:48:19.215+0900] {dag.py:4138} INFO - Setting next_dagrun for example_params_trigger_ui to None, run_after=None
[2026-04-13T10:48:19.227+0900] {processor.py:208} INFO - Processing /home/airflow/.local/lib/python3.12/site-packages/airflow/example_dags/example_params_trigger_ui.py took 0.061 seconds
[2026-04-13T10:48:50.244+0900] {processor.py:186} INFO - Started process (PID=15010) to work on /home/airflow/.local/lib/python3.12/site-packages/airflow/example_dags/example_params_trigger_ui.py
[2026-04-13T10:48:50.246+0900] {processor.py:914} INFO - Processing file /home/airflow/.local/lib/python3.12/site-packages/airflow/example_dags/example_params_trigger_ui.py for tasks to queue
[2026-04-13T10:48:50.247+0900] {logging_mixin.py:190} INFO - [2026-04-13T10:48:50.247+0900] {dagbag.py:587} INFO - Filling up the DagBag from /home/airflow/.local/lib/python3.12/site-packages/airflow/example_dags/example_params_trigger_ui.py
[2026-04-13T10:48:50.256+0900] {processor.py:925} INFO - DAG(s) 'example_params_trigger_ui' retrieved from /home/airflow/.local/lib/python3.12/site-packages/airflow/example_dags/example_params_trigger_ui.py
[2026-04-13T10:48:50.284+0900] {logging_mixin.py:190} INFO - [2026-04-13T10:48:50.284+0900] {dag.py:3211} INFO - Sync 1 DAGs
[2026-04-13T10:48:50.295+0900] {logging_mixin.py:190} INFO - [2026-04-13T10:48:50.295+0900] {dag.py:4138} INFO - Setting next_dagrun for example_params_trigger_ui to None, run_after=None
[2026-04-13T10:48:50.309+0900] {processor.py:208} INFO - Processing /home/airflow/.local/lib/python3.12/site-packages/airflow/example_dags/example_params_trigger_ui.py took 0.069 seconds
[2026-04-13T10:49:20.693+0900] {processor.py:186} INFO - Started process (PID=15080) to work on /home/airflow/.local/lib/python3.12/site-packages/airflow/example_dags/example_params_trigger_ui.py
[2026-04-13T10:49:20.694+0900] {processor.py:914} INFO - Processing file /home/airflow/.local/lib/python3.12/site-packages/airflow/example_dags/example_params_trigger_ui.py for tasks to queue
[2026-04-13T10:49:20.695+0900] {logging_mixin.py:190} INFO - [2026-04-13T10:49:20.695+0900] {dagbag.py:587} INFO - Filling up the DagBag from /home/airflow/.local/lib/python3.12/site-packages/airflow/example_dags/example_params_trigger_ui.py
[2026-04-13T10:49:20.705+0900] {processor.py:925} INFO - DAG(s) 'example_params_trigger_ui' retrieved from /home/airflow/.local/lib/python3.12/site-packages/airflow/example_dags/example_params_trigger_ui.py
[2026-04-13T10:49:20.733+0900] {logging_mixin.py:190} INFO - [2026-04-13T10:49:20.733+0900] {dag.py:3211} INFO - Sync 1 DAGs
[2026-04-13T10:49:20.743+0900] {logging_mixin.py:190} INFO - [2026-04-13T10:49:20.743+0900] {dag.py:4138} INFO - Setting next_dagrun for example_params_trigger_ui to None, run_after=None
[2026-04-13T10:49:20.757+0900] {processor.py:208} INFO - Processing /home/airflow/.local/lib/python3.12/site-packages/airflow/example_dags/example_params_trigger_ui.py took 0.068 seconds
[2026-04-13T10:49:51.825+0900] {processor.py:186} INFO - Started process (PID=15150) to work on /home/airflow/.local/lib/python3.12/site-packages/airflow/example_dags/example_params_trigger_ui.py
[2026-04-13T10:49:51.827+0900] {processor.py:914} INFO - Processing file /home/airflow/.local/lib/python3.12/site-packages/airflow/example_dags/example_params_trigger_ui.py for tasks to queue
[2026-04-13T10:49:51.828+0900] {logging_mixin.py:190} INFO - [2026-04-13T10:49:51.828+0900] {dagbag.py:587} INFO - Filling up the DagBag from /home/airflow/.local/lib/python3.12/site-packages/airflow/example_dags/example_params_trigger_ui.py
[2026-04-13T10:49:51.838+0900] {processor.py:925} INFO - DAG(s) 'example_params_trigger_ui' retrieved from /home/airflow/.local/lib/python3.12/site-packages/airflow/example_dags/example_params_trigger_ui.py
[2026-04-13T10:49:51.866+0900] {logging_mixin.py:190} INFO - [2026-04-13T10:49:51.866+0900] {dag.py:3211} INFO - Sync 1 DAGs
[2026-04-13T10:49:51.877+0900] {logging_mixin.py:190} INFO - [2026-04-13T10:49:51.877+0900] {dag.py:4138} INFO - Setting next_dagrun for example_params_trigger_ui to None, run_after=None
[2026-04-13T10:49:51.890+0900] {processor.py:208} INFO - Processing /home/airflow/.local/lib/python3.12/site-packages/airflow/example_dags/example_params_trigger_ui.py took 0.069 seconds
[2026-04-13T10:50:22.386+0900] {processor.py:186} INFO - Started process (PID=15220) to work on /home/airflow/.local/lib/python3.12/site-packages/airflow/example_dags/example_params_trigger_ui.py
[2026-04-13T10:50:22.387+0900] {processor.py:914} INFO - Processing file /home/airflow/.local/lib/python3.12/site-packages/airflow/example_dags/example_params_trigger_ui.py for tasks to queue
[2026-04-13T10:50:22.389+0900] {logging_mixin.py:190} INFO - [2026-04-13T10:50:22.388+0900] {dagbag.py:587} INFO - Filling up the DagBag from /home/airflow/.local/lib/python3.12/site-packages/airflow/example_dags/example_params_trigger_ui.py
[2026-04-13T10:50:22.398+0900] {processor.py:925} INFO - DAG(s) 'example_params_trigger_ui' retrieved from /home/airflow/.local/lib/python3.12/site-packages/airflow/example_dags/example_params_trigger_ui.py
[2026-04-13T10:50:22.429+0900] {logging_mixin.py:190} INFO - [2026-04-13T10:50:22.428+0900] {dag.py:3211} INFO - Sync 1 DAGs
[2026-04-13T10:50:22.440+0900] {logging_mixin.py:190} INFO - [2026-04-13T10:50:22.439+0900] {dag.py:4138} INFO - Setting next_dagrun for example_params_trigger_ui to None, run_after=None
[2026-04-13T10:50:22.453+0900] {processor.py:208} INFO - Processing /home/airflow/.local/lib/python3.12/site-packages/airflow/example_dags/example_params_trigger_ui.py took 0.071 seconds
