[2026-04-13T10:47:54.859+0900] {processor.py:186} INFO - Started process (PID=14904) to work on /home/airflow/.local/lib/python3.12/site-packages/airflow/example_dags/example_branch_operator_decorator.py
[2026-04-13T10:47:54.861+0900] {processor.py:914} INFO - Processing file /home/airflow/.local/lib/python3.12/site-packages/airflow/example_dags/example_branch_operator_decorator.py for tasks to queue
[2026-04-13T10:47:54.863+0900] {logging_mixin.py:190} INFO - [2026-04-13T10:47:54.863+0900] {dagbag.py:587} INFO - Filling up the DagBag from /home/airflow/.local/lib/python3.12/site-packages/airflow/example_dags/example_branch_operator_decorator.py
[2026-04-13T10:47:54.882+0900] {processor.py:925} INFO - DAG(s) 'example_branch_python_operator_decorator' retrieved from /home/airflow/.local/lib/python3.12/site-packages/airflow/example_dags/example_branch_operator_decorator.py
[2026-04-13T10:47:54.908+0900] {logging_mixin.py:190} INFO - [2026-04-13T10:47:54.908+0900] {dag.py:3211} INFO - Sync 1 DAGs
[2026-04-13T10:47:54.933+0900] {logging_mixin.py:190} INFO - [2026-04-13T10:47:54.932+0900] {dag.py:4138} INFO - Setting next_dagrun for example_branch_python_operator_decorator to 2026-04-12 00:00:00+00:00, run_after=2026-04-13 00:00:00+00:00
[2026-04-13T10:47:54.948+0900] {processor.py:208} INFO - Processing /home/airflow/.local/lib/python3.12/site-packages/airflow/example_dags/example_branch_operator_decorator.py took 0.095 seconds
[2026-04-13T10:48:25.093+0900] {processor.py:186} INFO - Started process (PID=14973) to work on /home/airflow/.local/lib/python3.12/site-packages/airflow/example_dags/example_branch_operator_decorator.py
[2026-04-13T10:48:25.095+0900] {processor.py:914} INFO - Processing file /home/airflow/.local/lib/python3.12/site-packages/airflow/example_dags/example_branch_operator_decorator.py for tasks to queue
[2026-04-13T10:48:25.096+0900] {logging_mixin.py:190} INFO - [2026-04-13T10:48:25.096+0900] {dagbag.py:587} INFO - Filling up the DagBag from /home/airflow/.local/lib/python3.12/site-packages/airflow/example_dags/example_branch_operator_decorator.py
[2026-04-13T10:48:25.114+0900] {processor.py:925} INFO - DAG(s) 'example_branch_python_operator_decorator' retrieved from /home/airflow/.local/lib/python3.12/site-packages/airflow/example_dags/example_branch_operator_decorator.py
[2026-04-13T10:48:25.134+0900] {logging_mixin.py:190} INFO - [2026-04-13T10:48:25.134+0900] {dag.py:3211} INFO - Sync 1 DAGs
[2026-04-13T10:48:25.150+0900] {logging_mixin.py:190} INFO - [2026-04-13T10:48:25.150+0900] {dag.py:4138} INFO - Setting next_dagrun for example_branch_python_operator_decorator to 2026-04-12 00:00:00+00:00, run_after=2026-04-13 00:00:00+00:00
[2026-04-13T10:48:25.162+0900] {processor.py:208} INFO - Processing /home/airflow/.local/lib/python3.12/site-packages/airflow/example_dags/example_branch_operator_decorator.py took 0.073 seconds
[2026-04-13T10:48:55.225+0900] {processor.py:186} INFO - Started process (PID=15044) to work on /home/airflow/.local/lib/python3.12/site-packages/airflow/example_dags/example_branch_operator_decorator.py
[2026-04-13T10:48:55.226+0900] {processor.py:914} INFO - Processing file /home/airflow/.local/lib/python3.12/site-packages/airflow/example_dags/example_branch_operator_decorator.py for tasks to queue
[2026-04-13T10:48:55.227+0900] {logging_mixin.py:190} INFO - [2026-04-13T10:48:55.227+0900] {dagbag.py:587} INFO - Filling up the DagBag from /home/airflow/.local/lib/python3.12/site-packages/airflow/example_dags/example_branch_operator_decorator.py
[2026-04-13T10:48:55.243+0900] {processor.py:925} INFO - DAG(s) 'example_branch_python_operator_decorator' retrieved from /home/airflow/.local/lib/python3.12/site-packages/airflow/example_dags/example_branch_operator_decorator.py
[2026-04-13T10:48:55.264+0900] {logging_mixin.py:190} INFO - [2026-04-13T10:48:55.263+0900] {dag.py:3211} INFO - Sync 1 DAGs
[2026-04-13T10:48:55.280+0900] {logging_mixin.py:190} INFO - [2026-04-13T10:48:55.280+0900] {dag.py:4138} INFO - Setting next_dagrun for example_branch_python_operator_decorator to 2026-04-12 00:00:00+00:00, run_after=2026-04-13 00:00:00+00:00
[2026-04-13T10:48:55.293+0900] {processor.py:208} INFO - Processing /home/airflow/.local/lib/python3.12/site-packages/airflow/example_dags/example_branch_operator_decorator.py took 0.073 seconds
[2026-04-13T10:49:25.525+0900] {processor.py:186} INFO - Started process (PID=15114) to work on /home/airflow/.local/lib/python3.12/site-packages/airflow/example_dags/example_branch_operator_decorator.py
[2026-04-13T10:49:25.526+0900] {processor.py:914} INFO - Processing file /home/airflow/.local/lib/python3.12/site-packages/airflow/example_dags/example_branch_operator_decorator.py for tasks to queue
[2026-04-13T10:49:25.527+0900] {logging_mixin.py:190} INFO - [2026-04-13T10:49:25.527+0900] {dagbag.py:587} INFO - Filling up the DagBag from /home/airflow/.local/lib/python3.12/site-packages/airflow/example_dags/example_branch_operator_decorator.py
[2026-04-13T10:49:25.542+0900] {processor.py:925} INFO - DAG(s) 'example_branch_python_operator_decorator' retrieved from /home/airflow/.local/lib/python3.12/site-packages/airflow/example_dags/example_branch_operator_decorator.py
[2026-04-13T10:49:25.562+0900] {logging_mixin.py:190} INFO - [2026-04-13T10:49:25.562+0900] {dag.py:3211} INFO - Sync 1 DAGs
[2026-04-13T10:49:25.577+0900] {logging_mixin.py:190} INFO - [2026-04-13T10:49:25.576+0900] {dag.py:4138} INFO - Setting next_dagrun for example_branch_python_operator_decorator to 2026-04-12 00:00:00+00:00, run_after=2026-04-13 00:00:00+00:00
[2026-04-13T10:49:25.588+0900] {processor.py:208} INFO - Processing /home/airflow/.local/lib/python3.12/site-packages/airflow/example_dags/example_branch_operator_decorator.py took 0.069 seconds
[2026-04-13T10:49:55.950+0900] {processor.py:186} INFO - Started process (PID=15184) to work on /home/airflow/.local/lib/python3.12/site-packages/airflow/example_dags/example_branch_operator_decorator.py
[2026-04-13T10:49:55.952+0900] {processor.py:914} INFO - Processing file /home/airflow/.local/lib/python3.12/site-packages/airflow/example_dags/example_branch_operator_decorator.py for tasks to queue
[2026-04-13T10:49:55.953+0900] {logging_mixin.py:190} INFO - [2026-04-13T10:49:55.952+0900] {dagbag.py:587} INFO - Filling up the DagBag from /home/airflow/.local/lib/python3.12/site-packages/airflow/example_dags/example_branch_operator_decorator.py
[2026-04-13T10:49:55.967+0900] {processor.py:925} INFO - DAG(s) 'example_branch_python_operator_decorator' retrieved from /home/airflow/.local/lib/python3.12/site-packages/airflow/example_dags/example_branch_operator_decorator.py
[2026-04-13T10:49:55.987+0900] {logging_mixin.py:190} INFO - [2026-04-13T10:49:55.987+0900] {dag.py:3211} INFO - Sync 1 DAGs
[2026-04-13T10:49:56.002+0900] {logging_mixin.py:190} INFO - [2026-04-13T10:49:56.002+0900] {dag.py:4138} INFO - Setting next_dagrun for example_branch_python_operator_decorator to 2026-04-12 00:00:00+00:00, run_after=2026-04-13 00:00:00+00:00
[2026-04-13T10:49:56.014+0900] {processor.py:208} INFO - Processing /home/airflow/.local/lib/python3.12/site-packages/airflow/example_dags/example_branch_operator_decorator.py took 0.068 seconds
[2026-04-13T10:50:26.361+0900] {processor.py:186} INFO - Started process (PID=15254) to work on /home/airflow/.local/lib/python3.12/site-packages/airflow/example_dags/example_branch_operator_decorator.py
[2026-04-13T10:50:26.361+0900] {processor.py:914} INFO - Processing file /home/airflow/.local/lib/python3.12/site-packages/airflow/example_dags/example_branch_operator_decorator.py for tasks to queue
[2026-04-13T10:50:26.362+0900] {logging_mixin.py:190} INFO - [2026-04-13T10:50:26.362+0900] {dagbag.py:587} INFO - Filling up the DagBag from /home/airflow/.local/lib/python3.12/site-packages/airflow/example_dags/example_branch_operator_decorator.py
[2026-04-13T10:50:26.377+0900] {processor.py:925} INFO - DAG(s) 'example_branch_python_operator_decorator' retrieved from /home/airflow/.local/lib/python3.12/site-packages/airflow/example_dags/example_branch_operator_decorator.py
[2026-04-13T10:50:26.396+0900] {logging_mixin.py:190} INFO - [2026-04-13T10:50:26.395+0900] {dag.py:3211} INFO - Sync 1 DAGs
[2026-04-13T10:50:26.412+0900] {logging_mixin.py:190} INFO - [2026-04-13T10:50:26.412+0900] {dag.py:4138} INFO - Setting next_dagrun for example_branch_python_operator_decorator to 2026-04-12 00:00:00+00:00, run_after=2026-04-13 00:00:00+00:00
[2026-04-13T10:50:26.423+0900] {processor.py:208} INFO - Processing /home/airflow/.local/lib/python3.12/site-packages/airflow/example_dags/example_branch_operator_decorator.py took 0.067 seconds
