[2026-04-13T10:47:51.022+0900] {processor.py:186} INFO - Started process (PID=14877) to work on /home/airflow/.local/lib/python3.12/site-packages/airflow/example_dags/example_python_operator.py
[2026-04-13T10:47:51.023+0900] {processor.py:914} INFO - Processing file /home/airflow/.local/lib/python3.12/site-packages/airflow/example_dags/example_python_operator.py for tasks to queue
[2026-04-13T10:47:51.025+0900] {logging_mixin.py:190} INFO - [2026-04-13T10:47:51.025+0900] {dagbag.py:587} INFO - Filling up the DagBag from /home/airflow/.local/lib/python3.12/site-packages/airflow/example_dags/example_python_operator.py
[2026-04-13T10:47:51.036+0900] {processor.py:925} INFO - DAG(s) 'example_python_operator' retrieved from /home/airflow/.local/lib/python3.12/site-packages/airflow/example_dags/example_python_operator.py
[2026-04-13T10:47:51.054+0900] {logging_mixin.py:190} INFO - [2026-04-13T10:47:51.054+0900] {dag.py:3211} INFO - Sync 1 DAGs
[2026-04-13T10:47:51.065+0900] {logging_mixin.py:190} INFO - [2026-04-13T10:47:51.065+0900] {dag.py:4138} INFO - Setting next_dagrun for example_python_operator to None, run_after=None
[2026-04-13T10:47:51.081+0900] {processor.py:208} INFO - Processing /home/airflow/.local/lib/python3.12/site-packages/airflow/example_dags/example_python_operator.py took 0.064 seconds
[2026-04-13T10:48:21.495+0900] {processor.py:186} INFO - Started process (PID=14947) to work on /home/airflow/.local/lib/python3.12/site-packages/airflow/example_dags/example_python_operator.py
[2026-04-13T10:48:21.496+0900] {processor.py:914} INFO - Processing file /home/airflow/.local/lib/python3.12/site-packages/airflow/example_dags/example_python_operator.py for tasks to queue
[2026-04-13T10:48:21.497+0900] {logging_mixin.py:190} INFO - [2026-04-13T10:48:21.497+0900] {dagbag.py:587} INFO - Filling up the DagBag from /home/airflow/.local/lib/python3.12/site-packages/airflow/example_dags/example_python_operator.py
[2026-04-13T10:48:21.506+0900] {processor.py:925} INFO - DAG(s) 'example_python_operator' retrieved from /home/airflow/.local/lib/python3.12/site-packages/airflow/example_dags/example_python_operator.py
[2026-04-13T10:48:21.523+0900] {logging_mixin.py:190} INFO - [2026-04-13T10:48:21.522+0900] {dag.py:3211} INFO - Sync 1 DAGs
[2026-04-13T10:48:21.537+0900] {logging_mixin.py:190} INFO - [2026-04-13T10:48:21.537+0900] {dag.py:4138} INFO - Setting next_dagrun for example_python_operator to None, run_after=None
[2026-04-13T10:48:21.557+0900] {processor.py:208} INFO - Processing /home/airflow/.local/lib/python3.12/site-packages/airflow/example_dags/example_python_operator.py took 0.066 seconds
[2026-04-13T10:48:51.700+0900] {processor.py:186} INFO - Started process (PID=15018) to work on /home/airflow/.local/lib/python3.12/site-packages/airflow/example_dags/example_python_operator.py
[2026-04-13T10:48:51.701+0900] {processor.py:914} INFO - Processing file /home/airflow/.local/lib/python3.12/site-packages/airflow/example_dags/example_python_operator.py for tasks to queue
[2026-04-13T10:48:51.702+0900] {logging_mixin.py:190} INFO - [2026-04-13T10:48:51.702+0900] {dagbag.py:587} INFO - Filling up the DagBag from /home/airflow/.local/lib/python3.12/site-packages/airflow/example_dags/example_python_operator.py
[2026-04-13T10:48:51.711+0900] {processor.py:925} INFO - DAG(s) 'example_python_operator' retrieved from /home/airflow/.local/lib/python3.12/site-packages/airflow/example_dags/example_python_operator.py
[2026-04-13T10:48:51.726+0900] {logging_mixin.py:190} INFO - [2026-04-13T10:48:51.726+0900] {dag.py:3211} INFO - Sync 1 DAGs
[2026-04-13T10:48:51.741+0900] {logging_mixin.py:190} INFO - [2026-04-13T10:48:51.740+0900] {dag.py:4138} INFO - Setting next_dagrun for example_python_operator to None, run_after=None
[2026-04-13T10:48:51.758+0900] {processor.py:208} INFO - Processing /home/airflow/.local/lib/python3.12/site-packages/airflow/example_dags/example_python_operator.py took 0.063 seconds
[2026-04-13T10:49:22.176+0900] {processor.py:186} INFO - Started process (PID=15088) to work on /home/airflow/.local/lib/python3.12/site-packages/airflow/example_dags/example_python_operator.py
[2026-04-13T10:49:22.177+0900] {processor.py:914} INFO - Processing file /home/airflow/.local/lib/python3.12/site-packages/airflow/example_dags/example_python_operator.py for tasks to queue
[2026-04-13T10:49:22.178+0900] {logging_mixin.py:190} INFO - [2026-04-13T10:49:22.178+0900] {dagbag.py:587} INFO - Filling up the DagBag from /home/airflow/.local/lib/python3.12/site-packages/airflow/example_dags/example_python_operator.py
[2026-04-13T10:49:22.187+0900] {processor.py:925} INFO - DAG(s) 'example_python_operator' retrieved from /home/airflow/.local/lib/python3.12/site-packages/airflow/example_dags/example_python_operator.py
[2026-04-13T10:49:22.201+0900] {logging_mixin.py:190} INFO - [2026-04-13T10:49:22.201+0900] {dag.py:3211} INFO - Sync 1 DAGs
[2026-04-13T10:49:22.226+0900] {logging_mixin.py:190} INFO - [2026-04-13T10:49:22.226+0900] {dag.py:4138} INFO - Setting next_dagrun for example_python_operator to None, run_after=None
[2026-04-13T10:49:22.247+0900] {processor.py:208} INFO - Processing /home/airflow/.local/lib/python3.12/site-packages/airflow/example_dags/example_python_operator.py took 0.075 seconds
[2026-04-13T10:49:52.413+0900] {processor.py:186} INFO - Started process (PID=15158) to work on /home/airflow/.local/lib/python3.12/site-packages/airflow/example_dags/example_python_operator.py
[2026-04-13T10:49:52.414+0900] {processor.py:914} INFO - Processing file /home/airflow/.local/lib/python3.12/site-packages/airflow/example_dags/example_python_operator.py for tasks to queue
[2026-04-13T10:49:52.416+0900] {logging_mixin.py:190} INFO - [2026-04-13T10:49:52.415+0900] {dagbag.py:587} INFO - Filling up the DagBag from /home/airflow/.local/lib/python3.12/site-packages/airflow/example_dags/example_python_operator.py
[2026-04-13T10:49:52.426+0900] {processor.py:925} INFO - DAG(s) 'example_python_operator' retrieved from /home/airflow/.local/lib/python3.12/site-packages/airflow/example_dags/example_python_operator.py
[2026-04-13T10:49:52.446+0900] {logging_mixin.py:190} INFO - [2026-04-13T10:49:52.446+0900] {dag.py:3211} INFO - Sync 1 DAGs
[2026-04-13T10:49:52.456+0900] {logging_mixin.py:190} INFO - [2026-04-13T10:49:52.456+0900] {dag.py:4138} INFO - Setting next_dagrun for example_python_operator to None, run_after=None
[2026-04-13T10:49:52.468+0900] {processor.py:208} INFO - Processing /home/airflow/.local/lib/python3.12/site-packages/airflow/example_dags/example_python_operator.py took 0.060 seconds
[2026-04-13T10:50:23.137+0900] {processor.py:186} INFO - Started process (PID=15228) to work on /home/airflow/.local/lib/python3.12/site-packages/airflow/example_dags/example_python_operator.py
[2026-04-13T10:50:23.138+0900] {processor.py:914} INFO - Processing file /home/airflow/.local/lib/python3.12/site-packages/airflow/example_dags/example_python_operator.py for tasks to queue
[2026-04-13T10:50:23.140+0900] {logging_mixin.py:190} INFO - [2026-04-13T10:50:23.139+0900] {dagbag.py:587} INFO - Filling up the DagBag from /home/airflow/.local/lib/python3.12/site-packages/airflow/example_dags/example_python_operator.py
[2026-04-13T10:50:23.150+0900] {processor.py:925} INFO - DAG(s) 'example_python_operator' retrieved from /home/airflow/.local/lib/python3.12/site-packages/airflow/example_dags/example_python_operator.py
[2026-04-13T10:50:23.167+0900] {logging_mixin.py:190} INFO - [2026-04-13T10:50:23.167+0900] {dag.py:3211} INFO - Sync 1 DAGs
[2026-04-13T10:50:23.178+0900] {logging_mixin.py:190} INFO - [2026-04-13T10:50:23.178+0900] {dag.py:4138} INFO - Setting next_dagrun for example_python_operator to None, run_after=None
[2026-04-13T10:50:23.193+0900] {processor.py:208} INFO - Processing /home/airflow/.local/lib/python3.12/site-packages/airflow/example_dags/example_python_operator.py took 0.061 seconds
