[2026-04-13T10:47:51.021+0900] {processor.py:186} INFO - Started process (PID=14876) to work on /home/airflow/.local/lib/python3.12/site-packages/airflow/example_dags/example_branch_labels.py
[2026-04-13T10:47:51.022+0900] {processor.py:914} INFO - Processing file /home/airflow/.local/lib/python3.12/site-packages/airflow/example_dags/example_branch_labels.py for tasks to queue
[2026-04-13T10:47:51.024+0900] {logging_mixin.py:190} INFO - [2026-04-13T10:47:51.024+0900] {dagbag.py:587} INFO - Filling up the DagBag from /home/airflow/.local/lib/python3.12/site-packages/airflow/example_dags/example_branch_labels.py
[2026-04-13T10:47:51.033+0900] {processor.py:925} INFO - DAG(s) 'example_branch_labels' retrieved from /home/airflow/.local/lib/python3.12/site-packages/airflow/example_dags/example_branch_labels.py
[2026-04-13T10:47:51.051+0900] {logging_mixin.py:190} INFO - [2026-04-13T10:47:51.051+0900] {dag.py:3211} INFO - Sync 1 DAGs
[2026-04-13T10:47:51.069+0900] {logging_mixin.py:190} INFO - [2026-04-13T10:47:51.069+0900] {dag.py:4138} INFO - Setting next_dagrun for example_branch_labels to 2026-04-12 00:00:00+00:00, run_after=2026-04-13 00:00:00+00:00
[2026-04-13T10:47:51.084+0900] {processor.py:208} INFO - Processing /home/airflow/.local/lib/python3.12/site-packages/airflow/example_dags/example_branch_labels.py took 0.067 seconds
[2026-04-13T10:48:21.494+0900] {processor.py:186} INFO - Started process (PID=14946) to work on /home/airflow/.local/lib/python3.12/site-packages/airflow/example_dags/example_branch_labels.py
[2026-04-13T10:48:21.495+0900] {processor.py:914} INFO - Processing file /home/airflow/.local/lib/python3.12/site-packages/airflow/example_dags/example_branch_labels.py for tasks to queue
[2026-04-13T10:48:21.497+0900] {logging_mixin.py:190} INFO - [2026-04-13T10:48:21.496+0900] {dagbag.py:587} INFO - Filling up the DagBag from /home/airflow/.local/lib/python3.12/site-packages/airflow/example_dags/example_branch_labels.py
[2026-04-13T10:48:21.504+0900] {processor.py:925} INFO - DAG(s) 'example_branch_labels' retrieved from /home/airflow/.local/lib/python3.12/site-packages/airflow/example_dags/example_branch_labels.py
[2026-04-13T10:48:21.520+0900] {logging_mixin.py:190} INFO - [2026-04-13T10:48:21.520+0900] {dag.py:3211} INFO - Sync 1 DAGs
[2026-04-13T10:48:21.542+0900] {logging_mixin.py:190} INFO - [2026-04-13T10:48:21.542+0900] {dag.py:4138} INFO - Setting next_dagrun for example_branch_labels to 2026-04-12 00:00:00+00:00, run_after=2026-04-13 00:00:00+00:00
[2026-04-13T10:48:21.563+0900] {processor.py:208} INFO - Processing /home/airflow/.local/lib/python3.12/site-packages/airflow/example_dags/example_branch_labels.py took 0.073 seconds
[2026-04-13T10:48:51.700+0900] {processor.py:186} INFO - Started process (PID=15017) to work on /home/airflow/.local/lib/python3.12/site-packages/airflow/example_dags/example_branch_labels.py
[2026-04-13T10:48:51.701+0900] {processor.py:914} INFO - Processing file /home/airflow/.local/lib/python3.12/site-packages/airflow/example_dags/example_branch_labels.py for tasks to queue
[2026-04-13T10:48:51.702+0900] {logging_mixin.py:190} INFO - [2026-04-13T10:48:51.702+0900] {dagbag.py:587} INFO - Filling up the DagBag from /home/airflow/.local/lib/python3.12/site-packages/airflow/example_dags/example_branch_labels.py
[2026-04-13T10:48:51.709+0900] {processor.py:925} INFO - DAG(s) 'example_branch_labels' retrieved from /home/airflow/.local/lib/python3.12/site-packages/airflow/example_dags/example_branch_labels.py
[2026-04-13T10:48:51.725+0900] {logging_mixin.py:190} INFO - [2026-04-13T10:48:51.725+0900] {dag.py:3211} INFO - Sync 1 DAGs
[2026-04-13T10:48:51.747+0900] {logging_mixin.py:190} INFO - [2026-04-13T10:48:51.746+0900] {dag.py:4138} INFO - Setting next_dagrun for example_branch_labels to 2026-04-12 00:00:00+00:00, run_after=2026-04-13 00:00:00+00:00
[2026-04-13T10:48:51.758+0900] {processor.py:208} INFO - Processing /home/airflow/.local/lib/python3.12/site-packages/airflow/example_dags/example_branch_labels.py took 0.063 seconds
[2026-04-13T10:49:22.175+0900] {processor.py:186} INFO - Started process (PID=15087) to work on /home/airflow/.local/lib/python3.12/site-packages/airflow/example_dags/example_branch_labels.py
[2026-04-13T10:49:22.176+0900] {processor.py:914} INFO - Processing file /home/airflow/.local/lib/python3.12/site-packages/airflow/example_dags/example_branch_labels.py for tasks to queue
[2026-04-13T10:49:22.177+0900] {logging_mixin.py:190} INFO - [2026-04-13T10:49:22.177+0900] {dagbag.py:587} INFO - Filling up the DagBag from /home/airflow/.local/lib/python3.12/site-packages/airflow/example_dags/example_branch_labels.py
[2026-04-13T10:49:22.184+0900] {processor.py:925} INFO - DAG(s) 'example_branch_labels' retrieved from /home/airflow/.local/lib/python3.12/site-packages/airflow/example_dags/example_branch_labels.py
[2026-04-13T10:49:22.200+0900] {logging_mixin.py:190} INFO - [2026-04-13T10:49:22.199+0900] {dag.py:3211} INFO - Sync 1 DAGs
[2026-04-13T10:49:22.229+0900] {logging_mixin.py:190} INFO - [2026-04-13T10:49:22.229+0900] {dag.py:4138} INFO - Setting next_dagrun for example_branch_labels to 2026-04-12 00:00:00+00:00, run_after=2026-04-13 00:00:00+00:00
[2026-04-13T10:49:22.248+0900] {processor.py:208} INFO - Processing /home/airflow/.local/lib/python3.12/site-packages/airflow/example_dags/example_branch_labels.py took 0.078 seconds
[2026-04-13T10:49:52.322+0900] {processor.py:186} INFO - Started process (PID=15157) to work on /home/airflow/.local/lib/python3.12/site-packages/airflow/example_dags/example_branch_labels.py
[2026-04-13T10:49:52.323+0900] {processor.py:914} INFO - Processing file /home/airflow/.local/lib/python3.12/site-packages/airflow/example_dags/example_branch_labels.py for tasks to queue
[2026-04-13T10:49:52.324+0900] {logging_mixin.py:190} INFO - [2026-04-13T10:49:52.324+0900] {dagbag.py:587} INFO - Filling up the DagBag from /home/airflow/.local/lib/python3.12/site-packages/airflow/example_dags/example_branch_labels.py
[2026-04-13T10:49:52.332+0900] {processor.py:925} INFO - DAG(s) 'example_branch_labels' retrieved from /home/airflow/.local/lib/python3.12/site-packages/airflow/example_dags/example_branch_labels.py
[2026-04-13T10:49:52.349+0900] {logging_mixin.py:190} INFO - [2026-04-13T10:49:52.349+0900] {dag.py:3211} INFO - Sync 1 DAGs
[2026-04-13T10:49:52.366+0900] {logging_mixin.py:190} INFO - [2026-04-13T10:49:52.366+0900] {dag.py:4138} INFO - Setting next_dagrun for example_branch_labels to 2026-04-12 00:00:00+00:00, run_after=2026-04-13 00:00:00+00:00
[2026-04-13T10:49:52.380+0900] {processor.py:208} INFO - Processing /home/airflow/.local/lib/python3.12/site-packages/airflow/example_dags/example_branch_labels.py took 0.062 seconds
[2026-04-13T10:50:23.054+0900] {processor.py:186} INFO - Started process (PID=15227) to work on /home/airflow/.local/lib/python3.12/site-packages/airflow/example_dags/example_branch_labels.py
[2026-04-13T10:50:23.055+0900] {processor.py:914} INFO - Processing file /home/airflow/.local/lib/python3.12/site-packages/airflow/example_dags/example_branch_labels.py for tasks to queue
[2026-04-13T10:50:23.056+0900] {logging_mixin.py:190} INFO - [2026-04-13T10:50:23.056+0900] {dagbag.py:587} INFO - Filling up the DagBag from /home/airflow/.local/lib/python3.12/site-packages/airflow/example_dags/example_branch_labels.py
[2026-04-13T10:50:23.065+0900] {processor.py:925} INFO - DAG(s) 'example_branch_labels' retrieved from /home/airflow/.local/lib/python3.12/site-packages/airflow/example_dags/example_branch_labels.py
[2026-04-13T10:50:23.085+0900] {logging_mixin.py:190} INFO - [2026-04-13T10:50:23.084+0900] {dag.py:3211} INFO - Sync 1 DAGs
[2026-04-13T10:50:23.105+0900] {logging_mixin.py:190} INFO - [2026-04-13T10:50:23.104+0900] {dag.py:4138} INFO - Setting next_dagrun for example_branch_labels to 2026-04-12 00:00:00+00:00, run_after=2026-04-13 00:00:00+00:00
[2026-04-13T10:50:23.117+0900] {processor.py:208} INFO - Processing /home/airflow/.local/lib/python3.12/site-packages/airflow/example_dags/example_branch_labels.py took 0.069 seconds
