[2026-04-13T10:47:48.833+0900] {processor.py:186} INFO - Started process (PID=14871) to work on /home/airflow/.local/lib/python3.12/site-packages/airflow/example_dags/example_branch_datetime_operator.py
[2026-04-13T10:47:48.834+0900] {processor.py:914} INFO - Processing file /home/airflow/.local/lib/python3.12/site-packages/airflow/example_dags/example_branch_datetime_operator.py for tasks to queue
[2026-04-13T10:47:48.836+0900] {logging_mixin.py:190} INFO - [2026-04-13T10:47:48.835+0900] {dagbag.py:587} INFO - Filling up the DagBag from /home/airflow/.local/lib/python3.12/site-packages/airflow/example_dags/example_branch_datetime_operator.py
[2026-04-13T10:47:48.845+0900] {processor.py:925} INFO - DAG(s) 'example_branch_datetime_operator_3', 'example_branch_datetime_operator_2', 'example_branch_datetime_operator' retrieved from /home/airflow/.local/lib/python3.12/site-packages/airflow/example_dags/example_branch_datetime_operator.py
[2026-04-13T10:47:48.866+0900] {logging_mixin.py:190} INFO - [2026-04-13T10:47:48.866+0900] {dag.py:3211} INFO - Sync 3 DAGs
[2026-04-13T10:47:48.886+0900] {logging_mixin.py:190} INFO - [2026-04-13T10:47:48.885+0900] {dag.py:4138} INFO - Setting next_dagrun for example_branch_datetime_operator to 2026-04-12 00:00:00+00:00, run_after=2026-04-13 00:00:00+00:00
[2026-04-13T10:47:48.889+0900] {logging_mixin.py:190} INFO - [2026-04-13T10:47:48.889+0900] {dag.py:4138} INFO - Setting next_dagrun for example_branch_datetime_operator_2 to 2026-04-12 00:00:00+00:00, run_after=2026-04-13 00:00:00+00:00
[2026-04-13T10:47:48.891+0900] {logging_mixin.py:190} INFO - [2026-04-13T10:47:48.891+0900] {dag.py:4138} INFO - Setting next_dagrun for example_branch_datetime_operator_3 to 2026-04-12 00:00:00+00:00, run_after=2026-04-13 00:00:00+00:00
[2026-04-13T10:47:48.903+0900] {processor.py:208} INFO - Processing /home/airflow/.local/lib/python3.12/site-packages/airflow/example_dags/example_branch_datetime_operator.py took 0.075 seconds
[2026-04-13T10:48:19.249+0900] {processor.py:186} INFO - Started process (PID=14941) to work on /home/airflow/.local/lib/python3.12/site-packages/airflow/example_dags/example_branch_datetime_operator.py
[2026-04-13T10:48:19.250+0900] {processor.py:914} INFO - Processing file /home/airflow/.local/lib/python3.12/site-packages/airflow/example_dags/example_branch_datetime_operator.py for tasks to queue
[2026-04-13T10:48:19.251+0900] {logging_mixin.py:190} INFO - [2026-04-13T10:48:19.251+0900] {dagbag.py:587} INFO - Filling up the DagBag from /home/airflow/.local/lib/python3.12/site-packages/airflow/example_dags/example_branch_datetime_operator.py
[2026-04-13T10:48:19.259+0900] {processor.py:925} INFO - DAG(s) 'example_branch_datetime_operator_2', 'example_branch_datetime_operator', 'example_branch_datetime_operator_3' retrieved from /home/airflow/.local/lib/python3.12/site-packages/airflow/example_dags/example_branch_datetime_operator.py
[2026-04-13T10:48:19.280+0900] {logging_mixin.py:190} INFO - [2026-04-13T10:48:19.280+0900] {dag.py:3211} INFO - Sync 3 DAGs
[2026-04-13T10:48:19.298+0900] {logging_mixin.py:190} INFO - [2026-04-13T10:48:19.298+0900] {dag.py:4138} INFO - Setting next_dagrun for example_branch_datetime_operator to 2026-04-12 00:00:00+00:00, run_after=2026-04-13 00:00:00+00:00
[2026-04-13T10:48:19.302+0900] {logging_mixin.py:190} INFO - [2026-04-13T10:48:19.302+0900] {dag.py:4138} INFO - Setting next_dagrun for example_branch_datetime_operator_2 to 2026-04-12 00:00:00+00:00, run_after=2026-04-13 00:00:00+00:00
[2026-04-13T10:48:19.304+0900] {logging_mixin.py:190} INFO - [2026-04-13T10:48:19.303+0900] {dag.py:4138} INFO - Setting next_dagrun for example_branch_datetime_operator_3 to 2026-04-12 00:00:00+00:00, run_after=2026-04-13 00:00:00+00:00
[2026-04-13T10:48:19.316+0900] {processor.py:208} INFO - Processing /home/airflow/.local/lib/python3.12/site-packages/airflow/example_dags/example_branch_datetime_operator.py took 0.072 seconds
[2026-04-13T10:48:50.423+0900] {processor.py:186} INFO - Started process (PID=15013) to work on /home/airflow/.local/lib/python3.12/site-packages/airflow/example_dags/example_branch_datetime_operator.py
[2026-04-13T10:48:50.424+0900] {processor.py:914} INFO - Processing file /home/airflow/.local/lib/python3.12/site-packages/airflow/example_dags/example_branch_datetime_operator.py for tasks to queue
[2026-04-13T10:48:50.426+0900] {logging_mixin.py:190} INFO - [2026-04-13T10:48:50.425+0900] {dagbag.py:587} INFO - Filling up the DagBag from /home/airflow/.local/lib/python3.12/site-packages/airflow/example_dags/example_branch_datetime_operator.py
[2026-04-13T10:48:50.435+0900] {processor.py:925} INFO - DAG(s) 'example_branch_datetime_operator', 'example_branch_datetime_operator_3', 'example_branch_datetime_operator_2' retrieved from /home/airflow/.local/lib/python3.12/site-packages/airflow/example_dags/example_branch_datetime_operator.py
[2026-04-13T10:48:50.457+0900] {logging_mixin.py:190} INFO - [2026-04-13T10:48:50.456+0900] {dag.py:3211} INFO - Sync 3 DAGs
[2026-04-13T10:48:50.475+0900] {logging_mixin.py:190} INFO - [2026-04-13T10:48:50.474+0900] {dag.py:4138} INFO - Setting next_dagrun for example_branch_datetime_operator to 2026-04-12 00:00:00+00:00, run_after=2026-04-13 00:00:00+00:00
[2026-04-13T10:48:50.478+0900] {logging_mixin.py:190} INFO - [2026-04-13T10:48:50.478+0900] {dag.py:4138} INFO - Setting next_dagrun for example_branch_datetime_operator_2 to 2026-04-12 00:00:00+00:00, run_after=2026-04-13 00:00:00+00:00
[2026-04-13T10:48:50.480+0900] {logging_mixin.py:190} INFO - [2026-04-13T10:48:50.480+0900] {dag.py:4138} INFO - Setting next_dagrun for example_branch_datetime_operator_3 to 2026-04-12 00:00:00+00:00, run_after=2026-04-13 00:00:00+00:00
[2026-04-13T10:48:50.492+0900] {processor.py:208} INFO - Processing /home/airflow/.local/lib/python3.12/site-packages/airflow/example_dags/example_branch_datetime_operator.py took 0.073 seconds
[2026-04-13T10:49:20.874+0900] {processor.py:186} INFO - Started process (PID=15083) to work on /home/airflow/.local/lib/python3.12/site-packages/airflow/example_dags/example_branch_datetime_operator.py
[2026-04-13T10:49:20.876+0900] {processor.py:914} INFO - Processing file /home/airflow/.local/lib/python3.12/site-packages/airflow/example_dags/example_branch_datetime_operator.py for tasks to queue
[2026-04-13T10:49:20.877+0900] {logging_mixin.py:190} INFO - [2026-04-13T10:49:20.877+0900] {dagbag.py:587} INFO - Filling up the DagBag from /home/airflow/.local/lib/python3.12/site-packages/airflow/example_dags/example_branch_datetime_operator.py
[2026-04-13T10:49:20.885+0900] {processor.py:925} INFO - DAG(s) 'example_branch_datetime_operator_2', 'example_branch_datetime_operator_3', 'example_branch_datetime_operator' retrieved from /home/airflow/.local/lib/python3.12/site-packages/airflow/example_dags/example_branch_datetime_operator.py
[2026-04-13T10:49:20.906+0900] {logging_mixin.py:190} INFO - [2026-04-13T10:49:20.906+0900] {dag.py:3211} INFO - Sync 3 DAGs
[2026-04-13T10:49:20.925+0900] {logging_mixin.py:190} INFO - [2026-04-13T10:49:20.925+0900] {dag.py:4138} INFO - Setting next_dagrun for example_branch_datetime_operator to 2026-04-12 00:00:00+00:00, run_after=2026-04-13 00:00:00+00:00
[2026-04-13T10:49:20.929+0900] {logging_mixin.py:190} INFO - [2026-04-13T10:49:20.928+0900] {dag.py:4138} INFO - Setting next_dagrun for example_branch_datetime_operator_2 to 2026-04-12 00:00:00+00:00, run_after=2026-04-13 00:00:00+00:00
[2026-04-13T10:49:20.931+0900] {logging_mixin.py:190} INFO - [2026-04-13T10:49:20.931+0900] {dag.py:4138} INFO - Setting next_dagrun for example_branch_datetime_operator_3 to 2026-04-12 00:00:00+00:00, run_after=2026-04-13 00:00:00+00:00
[2026-04-13T10:49:20.944+0900] {processor.py:208} INFO - Processing /home/airflow/.local/lib/python3.12/site-packages/airflow/example_dags/example_branch_datetime_operator.py took 0.074 seconds
[2026-04-13T10:49:52.021+0900] {processor.py:186} INFO - Started process (PID=15153) to work on /home/airflow/.local/lib/python3.12/site-packages/airflow/example_dags/example_branch_datetime_operator.py
[2026-04-13T10:49:52.022+0900] {processor.py:914} INFO - Processing file /home/airflow/.local/lib/python3.12/site-packages/airflow/example_dags/example_branch_datetime_operator.py for tasks to queue
[2026-04-13T10:49:52.024+0900] {logging_mixin.py:190} INFO - [2026-04-13T10:49:52.024+0900] {dagbag.py:587} INFO - Filling up the DagBag from /home/airflow/.local/lib/python3.12/site-packages/airflow/example_dags/example_branch_datetime_operator.py
[2026-04-13T10:49:52.033+0900] {processor.py:925} INFO - DAG(s) 'example_branch_datetime_operator_2', 'example_branch_datetime_operator', 'example_branch_datetime_operator_3' retrieved from /home/airflow/.local/lib/python3.12/site-packages/airflow/example_dags/example_branch_datetime_operator.py
[2026-04-13T10:49:52.055+0900] {logging_mixin.py:190} INFO - [2026-04-13T10:49:52.055+0900] {dag.py:3211} INFO - Sync 3 DAGs
[2026-04-13T10:49:52.075+0900] {logging_mixin.py:190} INFO - [2026-04-13T10:49:52.075+0900] {dag.py:4138} INFO - Setting next_dagrun for example_branch_datetime_operator to 2026-04-12 00:00:00+00:00, run_after=2026-04-13 00:00:00+00:00
[2026-04-13T10:49:52.079+0900] {logging_mixin.py:190} INFO - [2026-04-13T10:49:52.078+0900] {dag.py:4138} INFO - Setting next_dagrun for example_branch_datetime_operator_2 to 2026-04-12 00:00:00+00:00, run_after=2026-04-13 00:00:00+00:00
[2026-04-13T10:49:52.081+0900] {logging_mixin.py:190} INFO - [2026-04-13T10:49:52.081+0900] {dag.py:4138} INFO - Setting next_dagrun for example_branch_datetime_operator_3 to 2026-04-12 00:00:00+00:00, run_after=2026-04-13 00:00:00+00:00
[2026-04-13T10:49:52.095+0900] {processor.py:208} INFO - Processing /home/airflow/.local/lib/python3.12/site-packages/airflow/example_dags/example_branch_datetime_operator.py took 0.078 seconds
[2026-04-13T10:50:22.816+0900] {processor.py:186} INFO - Started process (PID=15223) to work on /home/airflow/.local/lib/python3.12/site-packages/airflow/example_dags/example_branch_datetime_operator.py
[2026-04-13T10:50:22.817+0900] {processor.py:914} INFO - Processing file /home/airflow/.local/lib/python3.12/site-packages/airflow/example_dags/example_branch_datetime_operator.py for tasks to queue
[2026-04-13T10:50:22.818+0900] {logging_mixin.py:190} INFO - [2026-04-13T10:50:22.818+0900] {dagbag.py:587} INFO - Filling up the DagBag from /home/airflow/.local/lib/python3.12/site-packages/airflow/example_dags/example_branch_datetime_operator.py
[2026-04-13T10:50:22.827+0900] {processor.py:925} INFO - DAG(s) 'example_branch_datetime_operator', 'example_branch_datetime_operator_2', 'example_branch_datetime_operator_3' retrieved from /home/airflow/.local/lib/python3.12/site-packages/airflow/example_dags/example_branch_datetime_operator.py
[2026-04-13T10:50:22.849+0900] {logging_mixin.py:190} INFO - [2026-04-13T10:50:22.848+0900] {dag.py:3211} INFO - Sync 3 DAGs
[2026-04-13T10:50:22.866+0900] {logging_mixin.py:190} INFO - [2026-04-13T10:50:22.866+0900] {dag.py:4138} INFO - Setting next_dagrun for example_branch_datetime_operator to 2026-04-12 00:00:00+00:00, run_after=2026-04-13 00:00:00+00:00
[2026-04-13T10:50:22.879+0900] {logging_mixin.py:190} INFO - [2026-04-13T10:50:22.879+0900] {dag.py:4138} INFO - Setting next_dagrun for example_branch_datetime_operator_2 to 2026-04-12 00:00:00+00:00, run_after=2026-04-13 00:00:00+00:00
[2026-04-13T10:50:22.886+0900] {logging_mixin.py:190} INFO - [2026-04-13T10:50:22.885+0900] {dag.py:4138} INFO - Setting next_dagrun for example_branch_datetime_operator_3 to 2026-04-12 00:00:00+00:00, run_after=2026-04-13 00:00:00+00:00
[2026-04-13T10:50:22.906+0900] {processor.py:208} INFO - Processing /home/airflow/.local/lib/python3.12/site-packages/airflow/example_dags/example_branch_datetime_operator.py took 0.095 seconds
