[2026-04-13T10:47:48.935+0900] {processor.py:186} INFO - Started process (PID=14873) to work on /home/airflow/.local/lib/python3.12/site-packages/airflow/example_dags/example_dataset_alias_with_no_taskflow.py
[2026-04-13T10:47:48.937+0900] {processor.py:914} INFO - Processing file /home/airflow/.local/lib/python3.12/site-packages/airflow/example_dags/example_dataset_alias_with_no_taskflow.py for tasks to queue
[2026-04-13T10:47:48.938+0900] {logging_mixin.py:190} INFO - [2026-04-13T10:47:48.938+0900] {dagbag.py:587} INFO - Filling up the DagBag from /home/airflow/.local/lib/python3.12/site-packages/airflow/example_dags/example_dataset_alias_with_no_taskflow.py
[2026-04-13T10:47:49.041+0900] {processor.py:925} INFO - DAG(s) 'dataset_s3_bucket_consumer_with_no_taskflow', 'dataset_alias_example_alias_producer_with_no_taskflow', 'dataset_s3_bucket_producer_with_no_taskflow', 'dataset_alias_example_alias_consumer_with_no_taskflow' retrieved from /home/airflow/.local/lib/python3.12/site-packages/airflow/example_dags/example_dataset_alias_with_no_taskflow.py
[2026-04-13T10:47:49.056+0900] {logging_mixin.py:190} INFO - [2026-04-13T10:47:49.056+0900] {dag.py:3211} INFO - Sync 4 DAGs
[2026-04-13T10:47:49.071+0900] {logging_mixin.py:190} INFO - [2026-04-13T10:47:49.070+0900] {dag.py:4138} INFO - Setting next_dagrun for dataset_alias_example_alias_consumer_with_no_taskflow to None, run_after=None
[2026-04-13T10:47:49.073+0900] {logging_mixin.py:190} INFO - [2026-04-13T10:47:49.072+0900] {dag.py:4138} INFO - Setting next_dagrun for dataset_alias_example_alias_producer_with_no_taskflow to None, run_after=None
[2026-04-13T10:47:49.074+0900] {logging_mixin.py:190} INFO - [2026-04-13T10:47:49.074+0900] {dag.py:4138} INFO - Setting next_dagrun for dataset_s3_bucket_consumer_with_no_taskflow to None, run_after=None
[2026-04-13T10:47:49.075+0900] {logging_mixin.py:190} INFO - [2026-04-13T10:47:49.075+0900] {dag.py:4138} INFO - Setting next_dagrun for dataset_s3_bucket_producer_with_no_taskflow to None, run_after=None
[2026-04-13T10:47:49.203+0900] {processor.py:208} INFO - Processing /home/airflow/.local/lib/python3.12/site-packages/airflow/example_dags/example_dataset_alias_with_no_taskflow.py took 0.272 seconds
[2026-04-13T10:48:19.453+0900] {processor.py:186} INFO - Started process (PID=14943) to work on /home/airflow/.local/lib/python3.12/site-packages/airflow/example_dags/example_dataset_alias_with_no_taskflow.py
[2026-04-13T10:48:19.455+0900] {processor.py:914} INFO - Processing file /home/airflow/.local/lib/python3.12/site-packages/airflow/example_dags/example_dataset_alias_with_no_taskflow.py for tasks to queue
[2026-04-13T10:48:19.456+0900] {logging_mixin.py:190} INFO - [2026-04-13T10:48:19.456+0900] {dagbag.py:587} INFO - Filling up the DagBag from /home/airflow/.local/lib/python3.12/site-packages/airflow/example_dags/example_dataset_alias_with_no_taskflow.py
[2026-04-13T10:48:19.675+0900] {processor.py:925} INFO - DAG(s) 'dataset_alias_example_alias_producer_with_no_taskflow', 'dataset_s3_bucket_producer_with_no_taskflow', 'dataset_s3_bucket_consumer_with_no_taskflow', 'dataset_alias_example_alias_consumer_with_no_taskflow' retrieved from /home/airflow/.local/lib/python3.12/site-packages/airflow/example_dags/example_dataset_alias_with_no_taskflow.py
[2026-04-13T10:48:19.687+0900] {logging_mixin.py:190} INFO - [2026-04-13T10:48:19.687+0900] {dag.py:3211} INFO - Sync 4 DAGs
[2026-04-13T10:48:19.700+0900] {logging_mixin.py:190} INFO - [2026-04-13T10:48:19.700+0900] {dag.py:4138} INFO - Setting next_dagrun for dataset_alias_example_alias_consumer_with_no_taskflow to None, run_after=None
[2026-04-13T10:48:19.702+0900] {logging_mixin.py:190} INFO - [2026-04-13T10:48:19.702+0900] {dag.py:4138} INFO - Setting next_dagrun for dataset_alias_example_alias_producer_with_no_taskflow to None, run_after=None
[2026-04-13T10:48:19.704+0900] {logging_mixin.py:190} INFO - [2026-04-13T10:48:19.704+0900] {dag.py:4138} INFO - Setting next_dagrun for dataset_s3_bucket_consumer_with_no_taskflow to None, run_after=None
[2026-04-13T10:48:19.706+0900] {logging_mixin.py:190} INFO - [2026-04-13T10:48:19.705+0900] {dag.py:4138} INFO - Setting next_dagrun for dataset_s3_bucket_producer_with_no_taskflow to None, run_after=None
[2026-04-13T10:48:19.719+0900] {processor.py:208} INFO - Processing /home/airflow/.local/lib/python3.12/site-packages/airflow/example_dags/example_dataset_alias_with_no_taskflow.py took 0.270 seconds
[2026-04-13T10:48:50.245+0900] {processor.py:186} INFO - Started process (PID=15011) to work on /home/airflow/.local/lib/python3.12/site-packages/airflow/example_dags/example_dataset_alias_with_no_taskflow.py
[2026-04-13T10:48:50.246+0900] {processor.py:914} INFO - Processing file /home/airflow/.local/lib/python3.12/site-packages/airflow/example_dags/example_dataset_alias_with_no_taskflow.py for tasks to queue
[2026-04-13T10:48:50.247+0900] {logging_mixin.py:190} INFO - [2026-04-13T10:48:50.247+0900] {dagbag.py:587} INFO - Filling up the DagBag from /home/airflow/.local/lib/python3.12/site-packages/airflow/example_dags/example_dataset_alias_with_no_taskflow.py
[2026-04-13T10:48:50.483+0900] {processor.py:925} INFO - DAG(s) 'dataset_s3_bucket_consumer_with_no_taskflow', 'dataset_alias_example_alias_consumer_with_no_taskflow', 'dataset_s3_bucket_producer_with_no_taskflow', 'dataset_alias_example_alias_producer_with_no_taskflow' retrieved from /home/airflow/.local/lib/python3.12/site-packages/airflow/example_dags/example_dataset_alias_with_no_taskflow.py
[2026-04-13T10:48:50.497+0900] {logging_mixin.py:190} INFO - [2026-04-13T10:48:50.497+0900] {dag.py:3211} INFO - Sync 4 DAGs
[2026-04-13T10:48:50.511+0900] {logging_mixin.py:190} INFO - [2026-04-13T10:48:50.510+0900] {dag.py:4138} INFO - Setting next_dagrun for dataset_alias_example_alias_consumer_with_no_taskflow to None, run_after=None
[2026-04-13T10:48:50.514+0900] {logging_mixin.py:190} INFO - [2026-04-13T10:48:50.514+0900] {dag.py:4138} INFO - Setting next_dagrun for dataset_alias_example_alias_producer_with_no_taskflow to None, run_after=None
[2026-04-13T10:48:50.516+0900] {logging_mixin.py:190} INFO - [2026-04-13T10:48:50.516+0900] {dag.py:4138} INFO - Setting next_dagrun for dataset_s3_bucket_consumer_with_no_taskflow to None, run_after=None
[2026-04-13T10:48:50.519+0900] {logging_mixin.py:190} INFO - [2026-04-13T10:48:50.519+0900] {dag.py:4138} INFO - Setting next_dagrun for dataset_s3_bucket_producer_with_no_taskflow to None, run_after=None
[2026-04-13T10:48:50.535+0900] {processor.py:208} INFO - Processing /home/airflow/.local/lib/python3.12/site-packages/airflow/example_dags/example_dataset_alias_with_no_taskflow.py took 0.294 seconds
[2026-04-13T10:49:20.772+0900] {processor.py:186} INFO - Started process (PID=15081) to work on /home/airflow/.local/lib/python3.12/site-packages/airflow/example_dags/example_dataset_alias_with_no_taskflow.py
[2026-04-13T10:49:20.773+0900] {processor.py:914} INFO - Processing file /home/airflow/.local/lib/python3.12/site-packages/airflow/example_dags/example_dataset_alias_with_no_taskflow.py for tasks to queue
[2026-04-13T10:49:20.774+0900] {logging_mixin.py:190} INFO - [2026-04-13T10:49:20.774+0900] {dagbag.py:587} INFO - Filling up the DagBag from /home/airflow/.local/lib/python3.12/site-packages/airflow/example_dags/example_dataset_alias_with_no_taskflow.py
[2026-04-13T10:49:21.002+0900] {processor.py:925} INFO - DAG(s) 'dataset_s3_bucket_producer_with_no_taskflow', 'dataset_alias_example_alias_producer_with_no_taskflow', 'dataset_s3_bucket_consumer_with_no_taskflow', 'dataset_alias_example_alias_consumer_with_no_taskflow' retrieved from /home/airflow/.local/lib/python3.12/site-packages/airflow/example_dags/example_dataset_alias_with_no_taskflow.py
[2026-04-13T10:49:21.016+0900] {logging_mixin.py:190} INFO - [2026-04-13T10:49:21.015+0900] {dag.py:3211} INFO - Sync 4 DAGs
[2026-04-13T10:49:21.028+0900] {logging_mixin.py:190} INFO - [2026-04-13T10:49:21.028+0900] {dag.py:4138} INFO - Setting next_dagrun for dataset_alias_example_alias_consumer_with_no_taskflow to None, run_after=None
[2026-04-13T10:49:21.031+0900] {logging_mixin.py:190} INFO - [2026-04-13T10:49:21.031+0900] {dag.py:4138} INFO - Setting next_dagrun for dataset_alias_example_alias_producer_with_no_taskflow to None, run_after=None
[2026-04-13T10:49:21.033+0900] {logging_mixin.py:190} INFO - [2026-04-13T10:49:21.033+0900] {dag.py:4138} INFO - Setting next_dagrun for dataset_s3_bucket_consumer_with_no_taskflow to None, run_after=None
[2026-04-13T10:49:21.034+0900] {logging_mixin.py:190} INFO - [2026-04-13T10:49:21.034+0900] {dag.py:4138} INFO - Setting next_dagrun for dataset_s3_bucket_producer_with_no_taskflow to None, run_after=None
[2026-04-13T10:49:21.050+0900] {processor.py:208} INFO - Processing /home/airflow/.local/lib/python3.12/site-packages/airflow/example_dags/example_dataset_alias_with_no_taskflow.py took 0.283 seconds
[2026-04-13T10:49:51.899+0900] {processor.py:186} INFO - Started process (PID=15151) to work on /home/airflow/.local/lib/python3.12/site-packages/airflow/example_dags/example_dataset_alias_with_no_taskflow.py
[2026-04-13T10:49:51.900+0900] {processor.py:914} INFO - Processing file /home/airflow/.local/lib/python3.12/site-packages/airflow/example_dags/example_dataset_alias_with_no_taskflow.py for tasks to queue
[2026-04-13T10:49:51.901+0900] {logging_mixin.py:190} INFO - [2026-04-13T10:49:51.901+0900] {dagbag.py:587} INFO - Filling up the DagBag from /home/airflow/.local/lib/python3.12/site-packages/airflow/example_dags/example_dataset_alias_with_no_taskflow.py
[2026-04-13T10:49:52.146+0900] {processor.py:925} INFO - DAG(s) 'dataset_s3_bucket_consumer_with_no_taskflow', 'dataset_alias_example_alias_consumer_with_no_taskflow', 'dataset_s3_bucket_producer_with_no_taskflow', 'dataset_alias_example_alias_producer_with_no_taskflow' retrieved from /home/airflow/.local/lib/python3.12/site-packages/airflow/example_dags/example_dataset_alias_with_no_taskflow.py
[2026-04-13T10:49:52.160+0900] {logging_mixin.py:190} INFO - [2026-04-13T10:49:52.160+0900] {dag.py:3211} INFO - Sync 4 DAGs
[2026-04-13T10:49:52.173+0900] {logging_mixin.py:190} INFO - [2026-04-13T10:49:52.173+0900] {dag.py:4138} INFO - Setting next_dagrun for dataset_alias_example_alias_consumer_with_no_taskflow to None, run_after=None
[2026-04-13T10:49:52.176+0900] {logging_mixin.py:190} INFO - [2026-04-13T10:49:52.176+0900] {dag.py:4138} INFO - Setting next_dagrun for dataset_alias_example_alias_producer_with_no_taskflow to None, run_after=None
[2026-04-13T10:49:52.177+0900] {logging_mixin.py:190} INFO - [2026-04-13T10:49:52.177+0900] {dag.py:4138} INFO - Setting next_dagrun for dataset_s3_bucket_consumer_with_no_taskflow to None, run_after=None
[2026-04-13T10:49:52.179+0900] {logging_mixin.py:190} INFO - [2026-04-13T10:49:52.179+0900] {dag.py:4138} INFO - Setting next_dagrun for dataset_s3_bucket_producer_with_no_taskflow to None, run_after=None
[2026-04-13T10:49:52.194+0900] {processor.py:208} INFO - Processing /home/airflow/.local/lib/python3.12/site-packages/airflow/example_dags/example_dataset_alias_with_no_taskflow.py took 0.300 seconds
[2026-04-13T10:50:22.482+0900] {processor.py:186} INFO - Started process (PID=15221) to work on /home/airflow/.local/lib/python3.12/site-packages/airflow/example_dags/example_dataset_alias_with_no_taskflow.py
[2026-04-13T10:50:22.483+0900] {processor.py:914} INFO - Processing file /home/airflow/.local/lib/python3.12/site-packages/airflow/example_dags/example_dataset_alias_with_no_taskflow.py for tasks to queue
[2026-04-13T10:50:22.485+0900] {logging_mixin.py:190} INFO - [2026-04-13T10:50:22.485+0900] {dagbag.py:587} INFO - Filling up the DagBag from /home/airflow/.local/lib/python3.12/site-packages/airflow/example_dags/example_dataset_alias_with_no_taskflow.py
[2026-04-13T10:50:22.725+0900] {processor.py:925} INFO - DAG(s) 'dataset_s3_bucket_producer_with_no_taskflow', 'dataset_alias_example_alias_consumer_with_no_taskflow', 'dataset_alias_example_alias_producer_with_no_taskflow', 'dataset_s3_bucket_consumer_with_no_taskflow' retrieved from /home/airflow/.local/lib/python3.12/site-packages/airflow/example_dags/example_dataset_alias_with_no_taskflow.py
[2026-04-13T10:50:22.741+0900] {logging_mixin.py:190} INFO - [2026-04-13T10:50:22.740+0900] {dag.py:3211} INFO - Sync 4 DAGs
[2026-04-13T10:50:22.756+0900] {logging_mixin.py:190} INFO - [2026-04-13T10:50:22.756+0900] {dag.py:4138} INFO - Setting next_dagrun for dataset_alias_example_alias_consumer_with_no_taskflow to None, run_after=None
[2026-04-13T10:50:22.758+0900] {logging_mixin.py:190} INFO - [2026-04-13T10:50:22.758+0900] {dag.py:4138} INFO - Setting next_dagrun for dataset_alias_example_alias_producer_with_no_taskflow to None, run_after=None
[2026-04-13T10:50:22.760+0900] {logging_mixin.py:190} INFO - [2026-04-13T10:50:22.760+0900] {dag.py:4138} INFO - Setting next_dagrun for dataset_s3_bucket_consumer_with_no_taskflow to None, run_after=None
[2026-04-13T10:50:22.761+0900] {logging_mixin.py:190} INFO - [2026-04-13T10:50:22.761+0900] {dag.py:4138} INFO - Setting next_dagrun for dataset_s3_bucket_producer_with_no_taskflow to None, run_after=None
[2026-04-13T10:50:22.777+0900] {processor.py:208} INFO - Processing /home/airflow/.local/lib/python3.12/site-packages/airflow/example_dags/example_dataset_alias_with_no_taskflow.py took 0.300 seconds
