[2026-04-13T10:47:54.630+0900] {processor.py:186} INFO - Started process (PID=14902) to work on /home/airflow/.local/lib/python3.12/site-packages/airflow/example_dags/example_outlet_event_extra.py
[2026-04-13T10:47:54.631+0900] {processor.py:914} INFO - Processing file /home/airflow/.local/lib/python3.12/site-packages/airflow/example_dags/example_outlet_event_extra.py for tasks to queue
[2026-04-13T10:47:54.633+0900] {logging_mixin.py:190} INFO - [2026-04-13T10:47:54.632+0900] {dagbag.py:587} INFO - Filling up the DagBag from /home/airflow/.local/lib/python3.12/site-packages/airflow/example_dags/example_outlet_event_extra.py
[2026-04-13T10:47:54.745+0900] {processor.py:925} INFO - DAG(s) 'dataset_with_extra_by_context', 'dataset_with_extra_from_classic_operator', 'dataset_with_extra_by_yield' retrieved from /home/airflow/.local/lib/python3.12/site-packages/airflow/example_dags/example_outlet_event_extra.py
[2026-04-13T10:47:54.772+0900] {logging_mixin.py:190} INFO - [2026-04-13T10:47:54.772+0900] {dag.py:3211} INFO - Sync 3 DAGs
[2026-04-13T10:47:54.944+0900] {logging_mixin.py:190} INFO - [2026-04-13T10:47:54.944+0900] {dag.py:4138} INFO - Setting next_dagrun for dataset_with_extra_by_context to 2026-04-12 00:00:00+00:00, run_after=2026-04-13 00:00:00+00:00
[2026-04-13T10:47:54.948+0900] {logging_mixin.py:190} INFO - [2026-04-13T10:47:54.948+0900] {dag.py:4138} INFO - Setting next_dagrun for dataset_with_extra_by_yield to 2026-04-12 00:00:00+00:00, run_after=2026-04-13 00:00:00+00:00
[2026-04-13T10:47:54.950+0900] {logging_mixin.py:190} INFO - [2026-04-13T10:47:54.950+0900] {dag.py:4138} INFO - Setting next_dagrun for dataset_with_extra_from_classic_operator to 2026-04-12 00:00:00+00:00, run_after=2026-04-13 00:00:00+00:00
[2026-04-13T10:47:54.964+0900] {processor.py:208} INFO - Processing /home/airflow/.local/lib/python3.12/site-packages/airflow/example_dags/example_outlet_event_extra.py took 0.340 seconds
[2026-04-13T10:48:25.205+0900] {processor.py:186} INFO - Started process (PID=14974) to work on /home/airflow/.local/lib/python3.12/site-packages/airflow/example_dags/example_outlet_event_extra.py
[2026-04-13T10:48:25.206+0900] {processor.py:914} INFO - Processing file /home/airflow/.local/lib/python3.12/site-packages/airflow/example_dags/example_outlet_event_extra.py for tasks to queue
[2026-04-13T10:48:25.207+0900] {logging_mixin.py:190} INFO - [2026-04-13T10:48:25.207+0900] {dagbag.py:587} INFO - Filling up the DagBag from /home/airflow/.local/lib/python3.12/site-packages/airflow/example_dags/example_outlet_event_extra.py
[2026-04-13T10:48:25.437+0900] {processor.py:925} INFO - DAG(s) 'dataset_with_extra_by_context', 'dataset_with_extra_from_classic_operator', 'dataset_with_extra_by_yield' retrieved from /home/airflow/.local/lib/python3.12/site-packages/airflow/example_dags/example_outlet_event_extra.py
[2026-04-13T10:48:25.453+0900] {logging_mixin.py:190} INFO - [2026-04-13T10:48:25.453+0900] {dag.py:3211} INFO - Sync 3 DAGs
[2026-04-13T10:48:25.468+0900] {logging_mixin.py:190} INFO - [2026-04-13T10:48:25.468+0900] {dag.py:4138} INFO - Setting next_dagrun for dataset_with_extra_by_context to 2026-04-12 00:00:00+00:00, run_after=2026-04-13 00:00:00+00:00
[2026-04-13T10:48:25.471+0900] {logging_mixin.py:190} INFO - [2026-04-13T10:48:25.471+0900] {dag.py:4138} INFO - Setting next_dagrun for dataset_with_extra_by_yield to 2026-04-12 00:00:00+00:00, run_after=2026-04-13 00:00:00+00:00
[2026-04-13T10:48:25.473+0900] {logging_mixin.py:190} INFO - [2026-04-13T10:48:25.473+0900] {dag.py:4138} INFO - Setting next_dagrun for dataset_with_extra_from_classic_operator to 2026-04-12 00:00:00+00:00, run_after=2026-04-13 00:00:00+00:00
[2026-04-13T10:48:25.486+0900] {processor.py:208} INFO - Processing /home/airflow/.local/lib/python3.12/site-packages/airflow/example_dags/example_outlet_event_extra.py took 0.285 seconds
[2026-04-13T10:48:55.520+0900] {processor.py:186} INFO - Started process (PID=15049) to work on /home/airflow/.local/lib/python3.12/site-packages/airflow/example_dags/example_outlet_event_extra.py
[2026-04-13T10:48:55.521+0900] {processor.py:914} INFO - Processing file /home/airflow/.local/lib/python3.12/site-packages/airflow/example_dags/example_outlet_event_extra.py for tasks to queue
[2026-04-13T10:48:55.522+0900] {logging_mixin.py:190} INFO - [2026-04-13T10:48:55.522+0900] {dagbag.py:587} INFO - Filling up the DagBag from /home/airflow/.local/lib/python3.12/site-packages/airflow/example_dags/example_outlet_event_extra.py
[2026-04-13T10:48:55.747+0900] {processor.py:925} INFO - DAG(s) 'dataset_with_extra_from_classic_operator', 'dataset_with_extra_by_yield', 'dataset_with_extra_by_context' retrieved from /home/airflow/.local/lib/python3.12/site-packages/airflow/example_dags/example_outlet_event_extra.py
[2026-04-13T10:48:55.763+0900] {logging_mixin.py:190} INFO - [2026-04-13T10:48:55.763+0900] {dag.py:3211} INFO - Sync 3 DAGs
[2026-04-13T10:48:55.779+0900] {logging_mixin.py:190} INFO - [2026-04-13T10:48:55.779+0900] {dag.py:4138} INFO - Setting next_dagrun for dataset_with_extra_by_context to 2026-04-12 00:00:00+00:00, run_after=2026-04-13 00:00:00+00:00
[2026-04-13T10:48:55.782+0900] {logging_mixin.py:190} INFO - [2026-04-13T10:48:55.782+0900] {dag.py:4138} INFO - Setting next_dagrun for dataset_with_extra_by_yield to 2026-04-12 00:00:00+00:00, run_after=2026-04-13 00:00:00+00:00
[2026-04-13T10:48:55.784+0900] {logging_mixin.py:190} INFO - [2026-04-13T10:48:55.784+0900] {dag.py:4138} INFO - Setting next_dagrun for dataset_with_extra_from_classic_operator to 2026-04-12 00:00:00+00:00, run_after=2026-04-13 00:00:00+00:00
[2026-04-13T10:48:55.796+0900] {processor.py:208} INFO - Processing /home/airflow/.local/lib/python3.12/site-packages/airflow/example_dags/example_outlet_event_extra.py took 0.281 seconds
[2026-04-13T10:49:26.787+0900] {processor.py:186} INFO - Started process (PID=15121) to work on /home/airflow/.local/lib/python3.12/site-packages/airflow/example_dags/example_outlet_event_extra.py
[2026-04-13T10:49:26.788+0900] {processor.py:914} INFO - Processing file /home/airflow/.local/lib/python3.12/site-packages/airflow/example_dags/example_outlet_event_extra.py for tasks to queue
[2026-04-13T10:49:26.789+0900] {logging_mixin.py:190} INFO - [2026-04-13T10:49:26.789+0900] {dagbag.py:587} INFO - Filling up the DagBag from /home/airflow/.local/lib/python3.12/site-packages/airflow/example_dags/example_outlet_event_extra.py
[2026-04-13T10:49:26.994+0900] {processor.py:925} INFO - DAG(s) 'dataset_with_extra_from_classic_operator', 'dataset_with_extra_by_context', 'dataset_with_extra_by_yield' retrieved from /home/airflow/.local/lib/python3.12/site-packages/airflow/example_dags/example_outlet_event_extra.py
[2026-04-13T10:49:27.010+0900] {logging_mixin.py:190} INFO - [2026-04-13T10:49:27.010+0900] {dag.py:3211} INFO - Sync 3 DAGs
[2026-04-13T10:49:27.026+0900] {logging_mixin.py:190} INFO - [2026-04-13T10:49:27.026+0900] {dag.py:4138} INFO - Setting next_dagrun for dataset_with_extra_by_context to 2026-04-12 00:00:00+00:00, run_after=2026-04-13 00:00:00+00:00
[2026-04-13T10:49:27.030+0900] {logging_mixin.py:190} INFO - [2026-04-13T10:49:27.030+0900] {dag.py:4138} INFO - Setting next_dagrun for dataset_with_extra_by_yield to 2026-04-12 00:00:00+00:00, run_after=2026-04-13 00:00:00+00:00
[2026-04-13T10:49:27.032+0900] {logging_mixin.py:190} INFO - [2026-04-13T10:49:27.032+0900] {dag.py:4138} INFO - Setting next_dagrun for dataset_with_extra_from_classic_operator to 2026-04-12 00:00:00+00:00, run_after=2026-04-13 00:00:00+00:00
[2026-04-13T10:49:27.052+0900] {processor.py:208} INFO - Processing /home/airflow/.local/lib/python3.12/site-packages/airflow/example_dags/example_outlet_event_extra.py took 0.270 seconds
[2026-04-13T10:49:57.196+0900] {processor.py:186} INFO - Started process (PID=15191) to work on /home/airflow/.local/lib/python3.12/site-packages/airflow/example_dags/example_outlet_event_extra.py
[2026-04-13T10:49:57.197+0900] {processor.py:914} INFO - Processing file /home/airflow/.local/lib/python3.12/site-packages/airflow/example_dags/example_outlet_event_extra.py for tasks to queue
[2026-04-13T10:49:57.199+0900] {logging_mixin.py:190} INFO - [2026-04-13T10:49:57.198+0900] {dagbag.py:587} INFO - Filling up the DagBag from /home/airflow/.local/lib/python3.12/site-packages/airflow/example_dags/example_outlet_event_extra.py
[2026-04-13T10:49:57.419+0900] {processor.py:925} INFO - DAG(s) 'dataset_with_extra_from_classic_operator', 'dataset_with_extra_by_context', 'dataset_with_extra_by_yield' retrieved from /home/airflow/.local/lib/python3.12/site-packages/airflow/example_dags/example_outlet_event_extra.py
[2026-04-13T10:49:57.435+0900] {logging_mixin.py:190} INFO - [2026-04-13T10:49:57.435+0900] {dag.py:3211} INFO - Sync 3 DAGs
[2026-04-13T10:49:57.452+0900] {logging_mixin.py:190} INFO - [2026-04-13T10:49:57.452+0900] {dag.py:4138} INFO - Setting next_dagrun for dataset_with_extra_by_context to 2026-04-12 00:00:00+00:00, run_after=2026-04-13 00:00:00+00:00
[2026-04-13T10:49:57.455+0900] {logging_mixin.py:190} INFO - [2026-04-13T10:49:57.455+0900] {dag.py:4138} INFO - Setting next_dagrun for dataset_with_extra_by_yield to 2026-04-12 00:00:00+00:00, run_after=2026-04-13 00:00:00+00:00
[2026-04-13T10:49:57.457+0900] {logging_mixin.py:190} INFO - [2026-04-13T10:49:57.457+0900] {dag.py:4138} INFO - Setting next_dagrun for dataset_with_extra_from_classic_operator to 2026-04-12 00:00:00+00:00, run_after=2026-04-13 00:00:00+00:00
[2026-04-13T10:49:57.470+0900] {processor.py:208} INFO - Processing /home/airflow/.local/lib/python3.12/site-packages/airflow/example_dags/example_outlet_event_extra.py took 0.279 seconds
[2026-04-13T10:50:27.573+0900] {processor.py:186} INFO - Started process (PID=15261) to work on /home/airflow/.local/lib/python3.12/site-packages/airflow/example_dags/example_outlet_event_extra.py
[2026-04-13T10:50:27.574+0900] {processor.py:914} INFO - Processing file /home/airflow/.local/lib/python3.12/site-packages/airflow/example_dags/example_outlet_event_extra.py for tasks to queue
[2026-04-13T10:50:27.575+0900] {logging_mixin.py:190} INFO - [2026-04-13T10:50:27.575+0900] {dagbag.py:587} INFO - Filling up the DagBag from /home/airflow/.local/lib/python3.12/site-packages/airflow/example_dags/example_outlet_event_extra.py
[2026-04-13T10:50:27.785+0900] {processor.py:925} INFO - DAG(s) 'dataset_with_extra_from_classic_operator', 'dataset_with_extra_by_yield', 'dataset_with_extra_by_context' retrieved from /home/airflow/.local/lib/python3.12/site-packages/airflow/example_dags/example_outlet_event_extra.py
[2026-04-13T10:50:27.800+0900] {logging_mixin.py:190} INFO - [2026-04-13T10:50:27.800+0900] {dag.py:3211} INFO - Sync 3 DAGs
[2026-04-13T10:50:27.815+0900] {logging_mixin.py:190} INFO - [2026-04-13T10:50:27.815+0900] {dag.py:4138} INFO - Setting next_dagrun for dataset_with_extra_by_context to 2026-04-12 00:00:00+00:00, run_after=2026-04-13 00:00:00+00:00
[2026-04-13T10:50:27.818+0900] {logging_mixin.py:190} INFO - [2026-04-13T10:50:27.818+0900] {dag.py:4138} INFO - Setting next_dagrun for dataset_with_extra_by_yield to 2026-04-12 00:00:00+00:00, run_after=2026-04-13 00:00:00+00:00
[2026-04-13T10:50:27.820+0900] {logging_mixin.py:190} INFO - [2026-04-13T10:50:27.820+0900] {dag.py:4138} INFO - Setting next_dagrun for dataset_with_extra_from_classic_operator to 2026-04-12 00:00:00+00:00, run_after=2026-04-13 00:00:00+00:00
[2026-04-13T10:50:27.839+0900] {processor.py:208} INFO - Processing /home/airflow/.local/lib/python3.12/site-packages/airflow/example_dags/example_outlet_event_extra.py took 0.270 seconds
