[2026-04-13T10:47:48.355+0900] {processor.py:186} INFO - Started process (PID=14866) to work on /home/airflow/.local/lib/python3.12/site-packages/airflow/example_dags/example_inlet_event_extra.py
[2026-04-13T10:47:48.356+0900] {processor.py:914} INFO - Processing file /home/airflow/.local/lib/python3.12/site-packages/airflow/example_dags/example_inlet_event_extra.py for tasks to queue
[2026-04-13T10:47:48.357+0900] {logging_mixin.py:190} INFO - [2026-04-13T10:47:48.357+0900] {dagbag.py:587} INFO - Filling up the DagBag from /home/airflow/.local/lib/python3.12/site-packages/airflow/example_dags/example_inlet_event_extra.py
[2026-04-13T10:47:48.601+0900] {processor.py:925} INFO - DAG(s) 'read_dataset_event_from_classic', 'read_dataset_event' retrieved from /home/airflow/.local/lib/python3.12/site-packages/airflow/example_dags/example_inlet_event_extra.py
[2026-04-13T10:47:48.619+0900] {logging_mixin.py:190} INFO - [2026-04-13T10:47:48.619+0900] {dag.py:3211} INFO - Sync 2 DAGs
[2026-04-13T10:47:48.645+0900] {logging_mixin.py:190} INFO - [2026-04-13T10:47:48.645+0900] {dag.py:4138} INFO - Setting next_dagrun for read_dataset_event to 2026-04-12 00:00:00+00:00, run_after=2026-04-13 00:00:00+00:00
[2026-04-13T10:47:48.650+0900] {logging_mixin.py:190} INFO - [2026-04-13T10:47:48.650+0900] {dag.py:4138} INFO - Setting next_dagrun for read_dataset_event_from_classic to 2026-04-12 00:00:00+00:00, run_after=2026-04-13 00:00:00+00:00
[2026-04-13T10:47:48.666+0900] {processor.py:208} INFO - Processing /home/airflow/.local/lib/python3.12/site-packages/airflow/example_dags/example_inlet_event_extra.py took 0.315 seconds
[2026-04-13T10:48:18.751+0900] {processor.py:186} INFO - Started process (PID=14936) to work on /home/airflow/.local/lib/python3.12/site-packages/airflow/example_dags/example_inlet_event_extra.py
[2026-04-13T10:48:18.752+0900] {processor.py:914} INFO - Processing file /home/airflow/.local/lib/python3.12/site-packages/airflow/example_dags/example_inlet_event_extra.py for tasks to queue
[2026-04-13T10:48:18.754+0900] {logging_mixin.py:190} INFO - [2026-04-13T10:48:18.754+0900] {dagbag.py:587} INFO - Filling up the DagBag from /home/airflow/.local/lib/python3.12/site-packages/airflow/example_dags/example_inlet_event_extra.py
[2026-04-13T10:48:18.999+0900] {processor.py:925} INFO - DAG(s) 'read_dataset_event_from_classic', 'read_dataset_event' retrieved from /home/airflow/.local/lib/python3.12/site-packages/airflow/example_dags/example_inlet_event_extra.py
[2026-04-13T10:48:19.012+0900] {logging_mixin.py:190} INFO - [2026-04-13T10:48:19.012+0900] {dag.py:3211} INFO - Sync 2 DAGs
[2026-04-13T10:48:19.028+0900] {logging_mixin.py:190} INFO - [2026-04-13T10:48:19.028+0900] {dag.py:4138} INFO - Setting next_dagrun for read_dataset_event to 2026-04-12 00:00:00+00:00, run_after=2026-04-13 00:00:00+00:00
[2026-04-13T10:48:19.032+0900] {logging_mixin.py:190} INFO - [2026-04-13T10:48:19.031+0900] {dag.py:4138} INFO - Setting next_dagrun for read_dataset_event_from_classic to 2026-04-12 00:00:00+00:00, run_after=2026-04-13 00:00:00+00:00
[2026-04-13T10:48:19.041+0900] {processor.py:208} INFO - Processing /home/airflow/.local/lib/python3.12/site-packages/airflow/example_dags/example_inlet_event_extra.py took 0.295 seconds
[2026-04-13T10:48:49.818+0900] {processor.py:186} INFO - Started process (PID=15007) to work on /home/airflow/.local/lib/python3.12/site-packages/airflow/example_dags/example_inlet_event_extra.py
[2026-04-13T10:48:49.819+0900] {processor.py:914} INFO - Processing file /home/airflow/.local/lib/python3.12/site-packages/airflow/example_dags/example_inlet_event_extra.py for tasks to queue
[2026-04-13T10:48:49.820+0900] {logging_mixin.py:190} INFO - [2026-04-13T10:48:49.820+0900] {dagbag.py:587} INFO - Filling up the DagBag from /home/airflow/.local/lib/python3.12/site-packages/airflow/example_dags/example_inlet_event_extra.py
[2026-04-13T10:48:50.064+0900] {processor.py:925} INFO - DAG(s) 'read_dataset_event', 'read_dataset_event_from_classic' retrieved from /home/airflow/.local/lib/python3.12/site-packages/airflow/example_dags/example_inlet_event_extra.py
[2026-04-13T10:48:50.078+0900] {logging_mixin.py:190} INFO - [2026-04-13T10:48:50.078+0900] {dag.py:3211} INFO - Sync 2 DAGs
[2026-04-13T10:48:50.094+0900] {logging_mixin.py:190} INFO - [2026-04-13T10:48:50.094+0900] {dag.py:4138} INFO - Setting next_dagrun for read_dataset_event to 2026-04-12 00:00:00+00:00, run_after=2026-04-13 00:00:00+00:00
[2026-04-13T10:48:50.098+0900] {logging_mixin.py:190} INFO - [2026-04-13T10:48:50.098+0900] {dag.py:4138} INFO - Setting next_dagrun for read_dataset_event_from_classic to 2026-04-12 00:00:00+00:00, run_after=2026-04-13 00:00:00+00:00
[2026-04-13T10:48:50.115+0900] {processor.py:208} INFO - Processing /home/airflow/.local/lib/python3.12/site-packages/airflow/example_dags/example_inlet_event_extra.py took 0.302 seconds
[2026-04-13T10:49:20.358+0900] {processor.py:186} INFO - Started process (PID=15077) to work on /home/airflow/.local/lib/python3.12/site-packages/airflow/example_dags/example_inlet_event_extra.py
[2026-04-13T10:49:20.359+0900] {processor.py:914} INFO - Processing file /home/airflow/.local/lib/python3.12/site-packages/airflow/example_dags/example_inlet_event_extra.py for tasks to queue
[2026-04-13T10:49:20.361+0900] {logging_mixin.py:190} INFO - [2026-04-13T10:49:20.360+0900] {dagbag.py:587} INFO - Filling up the DagBag from /home/airflow/.local/lib/python3.12/site-packages/airflow/example_dags/example_inlet_event_extra.py
[2026-04-13T10:49:20.599+0900] {processor.py:925} INFO - DAG(s) 'read_dataset_event_from_classic', 'read_dataset_event' retrieved from /home/airflow/.local/lib/python3.12/site-packages/airflow/example_dags/example_inlet_event_extra.py
[2026-04-13T10:49:20.615+0900] {logging_mixin.py:190} INFO - [2026-04-13T10:49:20.615+0900] {dag.py:3211} INFO - Sync 2 DAGs
[2026-04-13T10:49:20.630+0900] {logging_mixin.py:190} INFO - [2026-04-13T10:49:20.630+0900] {dag.py:4138} INFO - Setting next_dagrun for read_dataset_event to 2026-04-12 00:00:00+00:00, run_after=2026-04-13 00:00:00+00:00
[2026-04-13T10:49:20.634+0900] {logging_mixin.py:190} INFO - [2026-04-13T10:49:20.634+0900] {dag.py:4138} INFO - Setting next_dagrun for read_dataset_event_from_classic to 2026-04-12 00:00:00+00:00, run_after=2026-04-13 00:00:00+00:00
[2026-04-13T10:49:20.645+0900] {processor.py:208} INFO - Processing /home/airflow/.local/lib/python3.12/site-packages/airflow/example_dags/example_inlet_event_extra.py took 0.291 seconds
[2026-04-13T10:49:51.449+0900] {processor.py:186} INFO - Started process (PID=15147) to work on /home/airflow/.local/lib/python3.12/site-packages/airflow/example_dags/example_inlet_event_extra.py
[2026-04-13T10:49:51.451+0900] {processor.py:914} INFO - Processing file /home/airflow/.local/lib/python3.12/site-packages/airflow/example_dags/example_inlet_event_extra.py for tasks to queue
[2026-04-13T10:49:51.452+0900] {logging_mixin.py:190} INFO - [2026-04-13T10:49:51.452+0900] {dagbag.py:587} INFO - Filling up the DagBag from /home/airflow/.local/lib/python3.12/site-packages/airflow/example_dags/example_inlet_event_extra.py
[2026-04-13T10:49:51.728+0900] {processor.py:925} INFO - DAG(s) 'read_dataset_event_from_classic', 'read_dataset_event' retrieved from /home/airflow/.local/lib/python3.12/site-packages/airflow/example_dags/example_inlet_event_extra.py
[2026-04-13T10:49:51.745+0900] {logging_mixin.py:190} INFO - [2026-04-13T10:49:51.745+0900] {dag.py:3211} INFO - Sync 2 DAGs
[2026-04-13T10:49:51.760+0900] {logging_mixin.py:190} INFO - [2026-04-13T10:49:51.760+0900] {dag.py:4138} INFO - Setting next_dagrun for read_dataset_event to 2026-04-12 00:00:00+00:00, run_after=2026-04-13 00:00:00+00:00
[2026-04-13T10:49:51.764+0900] {logging_mixin.py:190} INFO - [2026-04-13T10:49:51.764+0900] {dag.py:4138} INFO - Setting next_dagrun for read_dataset_event_from_classic to 2026-04-12 00:00:00+00:00, run_after=2026-04-13 00:00:00+00:00
[2026-04-13T10:49:51.775+0900] {processor.py:208} INFO - Processing /home/airflow/.local/lib/python3.12/site-packages/airflow/example_dags/example_inlet_event_extra.py took 0.332 seconds
[2026-04-13T10:50:22.013+0900] {processor.py:186} INFO - Started process (PID=15217) to work on /home/airflow/.local/lib/python3.12/site-packages/airflow/example_dags/example_inlet_event_extra.py
[2026-04-13T10:50:22.015+0900] {processor.py:914} INFO - Processing file /home/airflow/.local/lib/python3.12/site-packages/airflow/example_dags/example_inlet_event_extra.py for tasks to queue
[2026-04-13T10:50:22.016+0900] {logging_mixin.py:190} INFO - [2026-04-13T10:50:22.016+0900] {dagbag.py:587} INFO - Filling up the DagBag from /home/airflow/.local/lib/python3.12/site-packages/airflow/example_dags/example_inlet_event_extra.py
[2026-04-13T10:50:22.293+0900] {processor.py:925} INFO - DAG(s) 'read_dataset_event_from_classic', 'read_dataset_event' retrieved from /home/airflow/.local/lib/python3.12/site-packages/airflow/example_dags/example_inlet_event_extra.py
[2026-04-13T10:50:22.308+0900] {logging_mixin.py:190} INFO - [2026-04-13T10:50:22.308+0900] {dag.py:3211} INFO - Sync 2 DAGs
[2026-04-13T10:50:22.324+0900] {logging_mixin.py:190} INFO - [2026-04-13T10:50:22.324+0900] {dag.py:4138} INFO - Setting next_dagrun for read_dataset_event to 2026-04-12 00:00:00+00:00, run_after=2026-04-13 00:00:00+00:00
[2026-04-13T10:50:22.327+0900] {logging_mixin.py:190} INFO - [2026-04-13T10:50:22.327+0900] {dag.py:4138} INFO - Setting next_dagrun for read_dataset_event_from_classic to 2026-04-12 00:00:00+00:00, run_after=2026-04-13 00:00:00+00:00
[2026-04-13T10:50:22.340+0900] {processor.py:208} INFO - Processing /home/airflow/.local/lib/python3.12/site-packages/airflow/example_dags/example_inlet_event_extra.py took 0.331 seconds
