[2026-04-13T10:47:52.493+0900] {processor.py:186} INFO - Started process (PID=14898) to work on /home/airflow/.local/lib/python3.12/site-packages/airflow/example_dags/example_external_task_marker_dag.py
[2026-04-13T10:47:52.494+0900] {processor.py:914} INFO - Processing file /home/airflow/.local/lib/python3.12/site-packages/airflow/example_dags/example_external_task_marker_dag.py for tasks to queue
[2026-04-13T10:47:52.495+0900] {logging_mixin.py:190} INFO - [2026-04-13T10:47:52.495+0900] {dagbag.py:587} INFO - Filling up the DagBag from /home/airflow/.local/lib/python3.12/site-packages/airflow/example_dags/example_external_task_marker_dag.py
[2026-04-13T10:47:52.502+0900] {processor.py:925} INFO - DAG(s) 'example_external_task_marker_parent', 'example_external_task_marker_child' retrieved from /home/airflow/.local/lib/python3.12/site-packages/airflow/example_dags/example_external_task_marker_dag.py
[2026-04-13T10:47:52.521+0900] {logging_mixin.py:190} INFO - [2026-04-13T10:47:52.521+0900] {dag.py:3211} INFO - Sync 2 DAGs
[2026-04-13T10:47:52.532+0900] {logging_mixin.py:190} INFO - [2026-04-13T10:47:52.532+0900] {dag.py:4138} INFO - Setting next_dagrun for example_external_task_marker_child to None, run_after=None
[2026-04-13T10:47:52.535+0900] {logging_mixin.py:190} INFO - [2026-04-13T10:47:52.535+0900] {dag.py:4138} INFO - Setting next_dagrun for example_external_task_marker_parent to None, run_after=None
[2026-04-13T10:47:52.547+0900] {processor.py:208} INFO - Processing /home/airflow/.local/lib/python3.12/site-packages/airflow/example_dags/example_external_task_marker_dag.py took 0.059 seconds
[2026-04-13T10:48:22.965+0900] {processor.py:186} INFO - Started process (PID=14969) to work on /home/airflow/.local/lib/python3.12/site-packages/airflow/example_dags/example_external_task_marker_dag.py
[2026-04-13T10:48:22.966+0900] {processor.py:914} INFO - Processing file /home/airflow/.local/lib/python3.12/site-packages/airflow/example_dags/example_external_task_marker_dag.py for tasks to queue
[2026-04-13T10:48:22.967+0900] {logging_mixin.py:190} INFO - [2026-04-13T10:48:22.967+0900] {dagbag.py:587} INFO - Filling up the DagBag from /home/airflow/.local/lib/python3.12/site-packages/airflow/example_dags/example_external_task_marker_dag.py
[2026-04-13T10:48:22.974+0900] {processor.py:925} INFO - DAG(s) 'example_external_task_marker_parent', 'example_external_task_marker_child' retrieved from /home/airflow/.local/lib/python3.12/site-packages/airflow/example_dags/example_external_task_marker_dag.py
[2026-04-13T10:48:22.999+0900] {logging_mixin.py:190} INFO - [2026-04-13T10:48:22.998+0900] {dag.py:3211} INFO - Sync 2 DAGs
[2026-04-13T10:48:23.014+0900] {logging_mixin.py:190} INFO - [2026-04-13T10:48:23.014+0900] {dag.py:4138} INFO - Setting next_dagrun for example_external_task_marker_child to None, run_after=None
[2026-04-13T10:48:23.017+0900] {logging_mixin.py:190} INFO - [2026-04-13T10:48:23.017+0900] {dag.py:4138} INFO - Setting next_dagrun for example_external_task_marker_parent to None, run_after=None
[2026-04-13T10:48:23.029+0900] {processor.py:208} INFO - Processing /home/airflow/.local/lib/python3.12/site-packages/airflow/example_dags/example_external_task_marker_dag.py took 0.069 seconds
[2026-04-13T10:48:53.090+0900] {processor.py:186} INFO - Started process (PID=15040) to work on /home/airflow/.local/lib/python3.12/site-packages/airflow/example_dags/example_external_task_marker_dag.py
[2026-04-13T10:48:53.091+0900] {processor.py:914} INFO - Processing file /home/airflow/.local/lib/python3.12/site-packages/airflow/example_dags/example_external_task_marker_dag.py for tasks to queue
[2026-04-13T10:48:53.093+0900] {logging_mixin.py:190} INFO - [2026-04-13T10:48:53.093+0900] {dagbag.py:587} INFO - Filling up the DagBag from /home/airflow/.local/lib/python3.12/site-packages/airflow/example_dags/example_external_task_marker_dag.py
[2026-04-13T10:48:53.100+0900] {processor.py:925} INFO - DAG(s) 'example_external_task_marker_child', 'example_external_task_marker_parent' retrieved from /home/airflow/.local/lib/python3.12/site-packages/airflow/example_dags/example_external_task_marker_dag.py
[2026-04-13T10:48:53.118+0900] {logging_mixin.py:190} INFO - [2026-04-13T10:48:53.118+0900] {dag.py:3211} INFO - Sync 2 DAGs
[2026-04-13T10:48:53.128+0900] {logging_mixin.py:190} INFO - [2026-04-13T10:48:53.128+0900] {dag.py:4138} INFO - Setting next_dagrun for example_external_task_marker_child to None, run_after=None
[2026-04-13T10:48:53.132+0900] {logging_mixin.py:190} INFO - [2026-04-13T10:48:53.132+0900] {dag.py:4138} INFO - Setting next_dagrun for example_external_task_marker_parent to None, run_after=None
[2026-04-13T10:48:53.145+0900] {processor.py:208} INFO - Processing /home/airflow/.local/lib/python3.12/site-packages/airflow/example_dags/example_external_task_marker_dag.py took 0.059 seconds
[2026-04-13T10:49:23.397+0900] {processor.py:186} INFO - Started process (PID=15110) to work on /home/airflow/.local/lib/python3.12/site-packages/airflow/example_dags/example_external_task_marker_dag.py
[2026-04-13T10:49:23.398+0900] {processor.py:914} INFO - Processing file /home/airflow/.local/lib/python3.12/site-packages/airflow/example_dags/example_external_task_marker_dag.py for tasks to queue
[2026-04-13T10:49:23.399+0900] {logging_mixin.py:190} INFO - [2026-04-13T10:49:23.399+0900] {dagbag.py:587} INFO - Filling up the DagBag from /home/airflow/.local/lib/python3.12/site-packages/airflow/example_dags/example_external_task_marker_dag.py
[2026-04-13T10:49:23.406+0900] {processor.py:925} INFO - DAG(s) 'example_external_task_marker_child', 'example_external_task_marker_parent' retrieved from /home/airflow/.local/lib/python3.12/site-packages/airflow/example_dags/example_external_task_marker_dag.py
[2026-04-13T10:49:23.426+0900] {logging_mixin.py:190} INFO - [2026-04-13T10:49:23.426+0900] {dag.py:3211} INFO - Sync 2 DAGs
[2026-04-13T10:49:23.437+0900] {logging_mixin.py:190} INFO - [2026-04-13T10:49:23.437+0900] {dag.py:4138} INFO - Setting next_dagrun for example_external_task_marker_child to None, run_after=None
[2026-04-13T10:49:23.440+0900] {logging_mixin.py:190} INFO - [2026-04-13T10:49:23.440+0900] {dag.py:4138} INFO - Setting next_dagrun for example_external_task_marker_parent to None, run_after=None
[2026-04-13T10:49:23.452+0900] {processor.py:208} INFO - Processing /home/airflow/.local/lib/python3.12/site-packages/airflow/example_dags/example_external_task_marker_dag.py took 0.060 seconds
[2026-04-13T10:49:53.741+0900] {processor.py:186} INFO - Started process (PID=15180) to work on /home/airflow/.local/lib/python3.12/site-packages/airflow/example_dags/example_external_task_marker_dag.py
[2026-04-13T10:49:53.742+0900] {processor.py:914} INFO - Processing file /home/airflow/.local/lib/python3.12/site-packages/airflow/example_dags/example_external_task_marker_dag.py for tasks to queue
[2026-04-13T10:49:53.744+0900] {logging_mixin.py:190} INFO - [2026-04-13T10:49:53.743+0900] {dagbag.py:587} INFO - Filling up the DagBag from /home/airflow/.local/lib/python3.12/site-packages/airflow/example_dags/example_external_task_marker_dag.py
[2026-04-13T10:49:53.750+0900] {processor.py:925} INFO - DAG(s) 'example_external_task_marker_parent', 'example_external_task_marker_child' retrieved from /home/airflow/.local/lib/python3.12/site-packages/airflow/example_dags/example_external_task_marker_dag.py
[2026-04-13T10:49:53.768+0900] {logging_mixin.py:190} INFO - [2026-04-13T10:49:53.767+0900] {dag.py:3211} INFO - Sync 2 DAGs
[2026-04-13T10:49:53.778+0900] {logging_mixin.py:190} INFO - [2026-04-13T10:49:53.778+0900] {dag.py:4138} INFO - Setting next_dagrun for example_external_task_marker_child to None, run_after=None
[2026-04-13T10:49:53.781+0900] {logging_mixin.py:190} INFO - [2026-04-13T10:49:53.781+0900] {dag.py:4138} INFO - Setting next_dagrun for example_external_task_marker_parent to None, run_after=None
[2026-04-13T10:49:53.792+0900] {processor.py:208} INFO - Processing /home/airflow/.local/lib/python3.12/site-packages/airflow/example_dags/example_external_task_marker_dag.py took 0.056 seconds
[2026-04-13T10:50:24.163+0900] {processor.py:186} INFO - Started process (PID=15250) to work on /home/airflow/.local/lib/python3.12/site-packages/airflow/example_dags/example_external_task_marker_dag.py
[2026-04-13T10:50:24.164+0900] {processor.py:914} INFO - Processing file /home/airflow/.local/lib/python3.12/site-packages/airflow/example_dags/example_external_task_marker_dag.py for tasks to queue
[2026-04-13T10:50:24.166+0900] {logging_mixin.py:190} INFO - [2026-04-13T10:50:24.165+0900] {dagbag.py:587} INFO - Filling up the DagBag from /home/airflow/.local/lib/python3.12/site-packages/airflow/example_dags/example_external_task_marker_dag.py
[2026-04-13T10:50:24.172+0900] {processor.py:925} INFO - DAG(s) 'example_external_task_marker_parent', 'example_external_task_marker_child' retrieved from /home/airflow/.local/lib/python3.12/site-packages/airflow/example_dags/example_external_task_marker_dag.py
[2026-04-13T10:50:24.190+0900] {logging_mixin.py:190} INFO - [2026-04-13T10:50:24.190+0900] {dag.py:3211} INFO - Sync 2 DAGs
[2026-04-13T10:50:24.201+0900] {logging_mixin.py:190} INFO - [2026-04-13T10:50:24.201+0900] {dag.py:4138} INFO - Setting next_dagrun for example_external_task_marker_child to None, run_after=None
[2026-04-13T10:50:24.204+0900] {logging_mixin.py:190} INFO - [2026-04-13T10:50:24.203+0900] {dag.py:4138} INFO - Setting next_dagrun for example_external_task_marker_parent to None, run_after=None
[2026-04-13T10:50:24.213+0900] {processor.py:208} INFO - Processing /home/airflow/.local/lib/python3.12/site-packages/airflow/example_dags/example_external_task_marker_dag.py took 0.055 seconds
