[2026-04-13T10:47:46.978+0900] {processor.py:186} INFO - Started process (PID=14859) to work on /home/airflow/.local/lib/python3.12/site-packages/airflow/example_dags/example_subdag_operator.py
[2026-04-13T10:47:46.979+0900] {processor.py:914} INFO - Processing file /home/airflow/.local/lib/python3.12/site-packages/airflow/example_dags/example_subdag_operator.py for tasks to queue
[2026-04-13T10:47:46.981+0900] {logging_mixin.py:190} INFO - [2026-04-13T10:47:46.980+0900] {dagbag.py:587} INFO - Filling up the DagBag from /home/airflow/.local/lib/python3.12/site-packages/airflow/example_dags/example_subdag_operator.py
[2026-04-13T10:47:47.001+0900] {processor.py:925} INFO - DAG(s) 'example_subdag_operator.section-1', 'example_subdag_operator.section-2', 'example_subdag_operator' retrieved from /home/airflow/.local/lib/python3.12/site-packages/airflow/example_dags/example_subdag_operator.py
[2026-04-13T10:47:47.013+0900] {logging_mixin.py:190} INFO - [2026-04-13T10:47:47.013+0900] {dag.py:3211} INFO - Sync 3 DAGs
[2026-04-13T10:47:47.030+0900] {logging_mixin.py:190} INFO - [2026-04-13T10:47:47.029+0900] {dag.py:4138} INFO - Setting next_dagrun for example_subdag_operator to 2022-01-01 00:00:00+00:00, run_after=2022-01-01 00:00:00+00:00
[2026-04-13T10:47:47.032+0900] {logging_mixin.py:190} INFO - [2026-04-13T10:47:47.032+0900] {dag.py:4138} INFO - Setting next_dagrun for example_subdag_operator.section-1 to None, run_after=None
[2026-04-13T10:47:47.034+0900] {logging_mixin.py:190} INFO - [2026-04-13T10:47:47.033+0900] {dag.py:4138} INFO - Setting next_dagrun for example_subdag_operator.section-2 to None, run_after=None
[2026-04-13T10:47:47.038+0900] {logging_mixin.py:190} INFO - [2026-04-13T10:47:47.038+0900] {dag.py:3211} INFO - Sync 2 DAGs
[2026-04-13T10:47:47.043+0900] {logging_mixin.py:190} INFO - [2026-04-13T10:47:47.042+0900] {dag.py:4138} INFO - Setting next_dagrun for example_subdag_operator.section-1 to None, run_after=None
[2026-04-13T10:47:47.043+0900] {logging_mixin.py:190} INFO - [2026-04-13T10:47:47.043+0900] {dag.py:4138} INFO - Setting next_dagrun for example_subdag_operator.section-2 to None, run_after=None
[2026-04-13T10:47:47.051+0900] {processor.py:208} INFO - Processing /home/airflow/.local/lib/python3.12/site-packages/airflow/example_dags/example_subdag_operator.py took 0.077 seconds
[2026-04-13T10:48:17.207+0900] {processor.py:186} INFO - Started process (PID=14929) to work on /home/airflow/.local/lib/python3.12/site-packages/airflow/example_dags/example_subdag_operator.py
[2026-04-13T10:48:17.208+0900] {processor.py:914} INFO - Processing file /home/airflow/.local/lib/python3.12/site-packages/airflow/example_dags/example_subdag_operator.py for tasks to queue
[2026-04-13T10:48:17.209+0900] {logging_mixin.py:190} INFO - [2026-04-13T10:48:17.209+0900] {dagbag.py:587} INFO - Filling up the DagBag from /home/airflow/.local/lib/python3.12/site-packages/airflow/example_dags/example_subdag_operator.py
[2026-04-13T10:48:17.227+0900] {processor.py:925} INFO - DAG(s) 'example_subdag_operator.section-1', 'example_subdag_operator.section-2', 'example_subdag_operator' retrieved from /home/airflow/.local/lib/python3.12/site-packages/airflow/example_dags/example_subdag_operator.py
[2026-04-13T10:48:17.238+0900] {logging_mixin.py:190} INFO - [2026-04-13T10:48:17.238+0900] {dag.py:3211} INFO - Sync 3 DAGs
[2026-04-13T10:48:17.255+0900] {logging_mixin.py:190} INFO - [2026-04-13T10:48:17.255+0900] {dag.py:4138} INFO - Setting next_dagrun for example_subdag_operator to 2022-01-01 00:00:00+00:00, run_after=2022-01-01 00:00:00+00:00
[2026-04-13T10:48:17.258+0900] {logging_mixin.py:190} INFO - [2026-04-13T10:48:17.257+0900] {dag.py:4138} INFO - Setting next_dagrun for example_subdag_operator.section-1 to None, run_after=None
[2026-04-13T10:48:17.258+0900] {logging_mixin.py:190} INFO - [2026-04-13T10:48:17.258+0900] {dag.py:4138} INFO - Setting next_dagrun for example_subdag_operator.section-2 to None, run_after=None
[2026-04-13T10:48:17.263+0900] {logging_mixin.py:190} INFO - [2026-04-13T10:48:17.263+0900] {dag.py:3211} INFO - Sync 2 DAGs
[2026-04-13T10:48:17.267+0900] {logging_mixin.py:190} INFO - [2026-04-13T10:48:17.266+0900] {dag.py:4138} INFO - Setting next_dagrun for example_subdag_operator.section-1 to None, run_after=None
[2026-04-13T10:48:17.267+0900] {logging_mixin.py:190} INFO - [2026-04-13T10:48:17.267+0900] {dag.py:4138} INFO - Setting next_dagrun for example_subdag_operator.section-2 to None, run_after=None
[2026-04-13T10:48:17.275+0900] {processor.py:208} INFO - Processing /home/airflow/.local/lib/python3.12/site-packages/airflow/example_dags/example_subdag_operator.py took 0.072 seconds
[2026-04-13T10:48:47.420+0900] {processor.py:186} INFO - Started process (PID=15000) to work on /home/airflow/.local/lib/python3.12/site-packages/airflow/example_dags/example_subdag_operator.py
[2026-04-13T10:48:47.421+0900] {processor.py:914} INFO - Processing file /home/airflow/.local/lib/python3.12/site-packages/airflow/example_dags/example_subdag_operator.py for tasks to queue
[2026-04-13T10:48:47.422+0900] {logging_mixin.py:190} INFO - [2026-04-13T10:48:47.422+0900] {dagbag.py:587} INFO - Filling up the DagBag from /home/airflow/.local/lib/python3.12/site-packages/airflow/example_dags/example_subdag_operator.py
[2026-04-13T10:48:47.444+0900] {processor.py:925} INFO - DAG(s) 'example_subdag_operator.section-1', 'example_subdag_operator.section-2', 'example_subdag_operator' retrieved from /home/airflow/.local/lib/python3.12/site-packages/airflow/example_dags/example_subdag_operator.py
[2026-04-13T10:48:47.458+0900] {logging_mixin.py:190} INFO - [2026-04-13T10:48:47.457+0900] {dag.py:3211} INFO - Sync 3 DAGs
[2026-04-13T10:48:47.476+0900] {logging_mixin.py:190} INFO - [2026-04-13T10:48:47.475+0900] {dag.py:4138} INFO - Setting next_dagrun for example_subdag_operator to 2022-01-01 00:00:00+00:00, run_after=2022-01-01 00:00:00+00:00
[2026-04-13T10:48:47.478+0900] {logging_mixin.py:190} INFO - [2026-04-13T10:48:47.478+0900] {dag.py:4138} INFO - Setting next_dagrun for example_subdag_operator.section-1 to None, run_after=None
[2026-04-13T10:48:47.480+0900] {logging_mixin.py:190} INFO - [2026-04-13T10:48:47.480+0900] {dag.py:4138} INFO - Setting next_dagrun for example_subdag_operator.section-2 to None, run_after=None
[2026-04-13T10:48:47.485+0900] {logging_mixin.py:190} INFO - [2026-04-13T10:48:47.485+0900] {dag.py:3211} INFO - Sync 2 DAGs
[2026-04-13T10:48:47.489+0900] {logging_mixin.py:190} INFO - [2026-04-13T10:48:47.489+0900] {dag.py:4138} INFO - Setting next_dagrun for example_subdag_operator.section-1 to None, run_after=None
[2026-04-13T10:48:47.490+0900] {logging_mixin.py:190} INFO - [2026-04-13T10:48:47.490+0900] {dag.py:4138} INFO - Setting next_dagrun for example_subdag_operator.section-2 to None, run_after=None
[2026-04-13T10:48:47.498+0900] {processor.py:208} INFO - Processing /home/airflow/.local/lib/python3.12/site-packages/airflow/example_dags/example_subdag_operator.py took 0.084 seconds
[2026-04-13T10:49:17.732+0900] {processor.py:186} INFO - Started process (PID=15070) to work on /home/airflow/.local/lib/python3.12/site-packages/airflow/example_dags/example_subdag_operator.py
[2026-04-13T10:49:17.733+0900] {processor.py:914} INFO - Processing file /home/airflow/.local/lib/python3.12/site-packages/airflow/example_dags/example_subdag_operator.py for tasks to queue
[2026-04-13T10:49:17.735+0900] {logging_mixin.py:190} INFO - [2026-04-13T10:49:17.734+0900] {dagbag.py:587} INFO - Filling up the DagBag from /home/airflow/.local/lib/python3.12/site-packages/airflow/example_dags/example_subdag_operator.py
[2026-04-13T10:49:17.755+0900] {processor.py:925} INFO - DAG(s) 'example_subdag_operator.section-1', 'example_subdag_operator.section-2', 'example_subdag_operator' retrieved from /home/airflow/.local/lib/python3.12/site-packages/airflow/example_dags/example_subdag_operator.py
[2026-04-13T10:49:17.767+0900] {logging_mixin.py:190} INFO - [2026-04-13T10:49:17.767+0900] {dag.py:3211} INFO - Sync 3 DAGs
[2026-04-13T10:49:17.784+0900] {logging_mixin.py:190} INFO - [2026-04-13T10:49:17.784+0900] {dag.py:4138} INFO - Setting next_dagrun for example_subdag_operator to 2022-01-01 00:00:00+00:00, run_after=2022-01-01 00:00:00+00:00
[2026-04-13T10:49:17.787+0900] {logging_mixin.py:190} INFO - [2026-04-13T10:49:17.787+0900] {dag.py:4138} INFO - Setting next_dagrun for example_subdag_operator.section-1 to None, run_after=None
[2026-04-13T10:49:17.790+0900] {logging_mixin.py:190} INFO - [2026-04-13T10:49:17.789+0900] {dag.py:4138} INFO - Setting next_dagrun for example_subdag_operator.section-2 to None, run_after=None
[2026-04-13T10:49:17.794+0900] {logging_mixin.py:190} INFO - [2026-04-13T10:49:17.794+0900] {dag.py:3211} INFO - Sync 2 DAGs
[2026-04-13T10:49:17.799+0900] {logging_mixin.py:190} INFO - [2026-04-13T10:49:17.798+0900] {dag.py:4138} INFO - Setting next_dagrun for example_subdag_operator.section-1 to None, run_after=None
[2026-04-13T10:49:17.800+0900] {logging_mixin.py:190} INFO - [2026-04-13T10:49:17.799+0900] {dag.py:4138} INFO - Setting next_dagrun for example_subdag_operator.section-2 to None, run_after=None
[2026-04-13T10:49:17.809+0900] {processor.py:208} INFO - Processing /home/airflow/.local/lib/python3.12/site-packages/airflow/example_dags/example_subdag_operator.py took 0.081 seconds
[2026-04-13T10:49:48.044+0900] {processor.py:186} INFO - Started process (PID=15140) to work on /home/airflow/.local/lib/python3.12/site-packages/airflow/example_dags/example_subdag_operator.py
[2026-04-13T10:49:48.045+0900] {processor.py:914} INFO - Processing file /home/airflow/.local/lib/python3.12/site-packages/airflow/example_dags/example_subdag_operator.py for tasks to queue
[2026-04-13T10:49:48.046+0900] {logging_mixin.py:190} INFO - [2026-04-13T10:49:48.045+0900] {dagbag.py:587} INFO - Filling up the DagBag from /home/airflow/.local/lib/python3.12/site-packages/airflow/example_dags/example_subdag_operator.py
[2026-04-13T10:49:48.065+0900] {processor.py:925} INFO - DAG(s) 'example_subdag_operator.section-1', 'example_subdag_operator.section-2', 'example_subdag_operator' retrieved from /home/airflow/.local/lib/python3.12/site-packages/airflow/example_dags/example_subdag_operator.py
[2026-04-13T10:49:48.078+0900] {logging_mixin.py:190} INFO - [2026-04-13T10:49:48.078+0900] {dag.py:3211} INFO - Sync 3 DAGs
[2026-04-13T10:49:48.098+0900] {logging_mixin.py:190} INFO - [2026-04-13T10:49:48.098+0900] {dag.py:4138} INFO - Setting next_dagrun for example_subdag_operator to 2022-01-01 00:00:00+00:00, run_after=2022-01-01 00:00:00+00:00
[2026-04-13T10:49:48.102+0900] {logging_mixin.py:190} INFO - [2026-04-13T10:49:48.102+0900] {dag.py:4138} INFO - Setting next_dagrun for example_subdag_operator.section-1 to None, run_after=None
[2026-04-13T10:49:48.104+0900] {logging_mixin.py:190} INFO - [2026-04-13T10:49:48.104+0900] {dag.py:4138} INFO - Setting next_dagrun for example_subdag_operator.section-2 to None, run_after=None
[2026-04-13T10:49:48.108+0900] {logging_mixin.py:190} INFO - [2026-04-13T10:49:48.108+0900] {dag.py:3211} INFO - Sync 2 DAGs
[2026-04-13T10:49:48.112+0900] {logging_mixin.py:190} INFO - [2026-04-13T10:49:48.112+0900] {dag.py:4138} INFO - Setting next_dagrun for example_subdag_operator.section-1 to None, run_after=None
[2026-04-13T10:49:48.113+0900] {logging_mixin.py:190} INFO - [2026-04-13T10:49:48.113+0900] {dag.py:4138} INFO - Setting next_dagrun for example_subdag_operator.section-2 to None, run_after=None
[2026-04-13T10:49:48.122+0900] {processor.py:208} INFO - Processing /home/airflow/.local/lib/python3.12/site-packages/airflow/example_dags/example_subdag_operator.py took 0.082 seconds
[2026-04-13T10:50:18.548+0900] {processor.py:186} INFO - Started process (PID=15210) to work on /home/airflow/.local/lib/python3.12/site-packages/airflow/example_dags/example_subdag_operator.py
[2026-04-13T10:50:18.549+0900] {processor.py:914} INFO - Processing file /home/airflow/.local/lib/python3.12/site-packages/airflow/example_dags/example_subdag_operator.py for tasks to queue
[2026-04-13T10:50:18.551+0900] {logging_mixin.py:190} INFO - [2026-04-13T10:50:18.550+0900] {dagbag.py:587} INFO - Filling up the DagBag from /home/airflow/.local/lib/python3.12/site-packages/airflow/example_dags/example_subdag_operator.py
[2026-04-13T10:50:18.574+0900] {processor.py:925} INFO - DAG(s) 'example_subdag_operator.section-1', 'example_subdag_operator.section-2', 'example_subdag_operator' retrieved from /home/airflow/.local/lib/python3.12/site-packages/airflow/example_dags/example_subdag_operator.py
[2026-04-13T10:50:18.585+0900] {logging_mixin.py:190} INFO - [2026-04-13T10:50:18.585+0900] {dag.py:3211} INFO - Sync 3 DAGs
[2026-04-13T10:50:18.600+0900] {logging_mixin.py:190} INFO - [2026-04-13T10:50:18.600+0900] {dag.py:4138} INFO - Setting next_dagrun for example_subdag_operator to 2022-01-01 00:00:00+00:00, run_after=2022-01-01 00:00:00+00:00
[2026-04-13T10:50:18.604+0900] {logging_mixin.py:190} INFO - [2026-04-13T10:50:18.603+0900] {dag.py:4138} INFO - Setting next_dagrun for example_subdag_operator.section-1 to None, run_after=None
[2026-04-13T10:50:18.606+0900] {logging_mixin.py:190} INFO - [2026-04-13T10:50:18.606+0900] {dag.py:4138} INFO - Setting next_dagrun for example_subdag_operator.section-2 to None, run_after=None
[2026-04-13T10:50:18.611+0900] {logging_mixin.py:190} INFO - [2026-04-13T10:50:18.611+0900] {dag.py:3211} INFO - Sync 2 DAGs
[2026-04-13T10:50:18.615+0900] {logging_mixin.py:190} INFO - [2026-04-13T10:50:18.615+0900] {dag.py:4138} INFO - Setting next_dagrun for example_subdag_operator.section-1 to None, run_after=None
[2026-04-13T10:50:18.616+0900] {logging_mixin.py:190} INFO - [2026-04-13T10:50:18.616+0900] {dag.py:4138} INFO - Setting next_dagrun for example_subdag_operator.section-2 to None, run_after=None
[2026-04-13T10:50:18.625+0900] {processor.py:208} INFO - Processing /home/airflow/.local/lib/python3.12/site-packages/airflow/example_dags/example_subdag_operator.py took 0.081 seconds
