[2026-04-13T10:47:52.183+0900] {processor.py:186} INFO - Started process (PID=14894) to work on /home/airflow/.local/lib/python3.12/site-packages/airflow/example_dags/example_latest_only.py
[2026-04-13T10:47:52.183+0900] {processor.py:914} INFO - Processing file /home/airflow/.local/lib/python3.12/site-packages/airflow/example_dags/example_latest_only.py for tasks to queue
[2026-04-13T10:47:52.185+0900] {logging_mixin.py:190} INFO - [2026-04-13T10:47:52.184+0900] {dagbag.py:587} INFO - Filling up the DagBag from /home/airflow/.local/lib/python3.12/site-packages/airflow/example_dags/example_latest_only.py
[2026-04-13T10:47:52.191+0900] {processor.py:925} INFO - DAG(s) 'latest_only' retrieved from /home/airflow/.local/lib/python3.12/site-packages/airflow/example_dags/example_latest_only.py
[2026-04-13T10:47:52.210+0900] {logging_mixin.py:190} INFO - [2026-04-13T10:47:52.209+0900] {dag.py:3211} INFO - Sync 1 DAGs
[2026-04-13T10:47:52.227+0900] {logging_mixin.py:190} INFO - [2026-04-13T10:47:52.227+0900] {dag.py:4138} INFO - Setting next_dagrun for latest_only to 2026-04-12 20:00:00+00:00, run_after=2026-04-13 00:00:00+00:00
[2026-04-13T10:47:52.240+0900] {processor.py:208} INFO - Processing /home/airflow/.local/lib/python3.12/site-packages/airflow/example_dags/example_latest_only.py took 0.062 seconds
[2026-04-13T10:48:22.571+0900] {processor.py:186} INFO - Started process (PID=14964) to work on /home/airflow/.local/lib/python3.12/site-packages/airflow/example_dags/example_latest_only.py
[2026-04-13T10:48:22.572+0900] {processor.py:914} INFO - Processing file /home/airflow/.local/lib/python3.12/site-packages/airflow/example_dags/example_latest_only.py for tasks to queue
[2026-04-13T10:48:22.573+0900] {logging_mixin.py:190} INFO - [2026-04-13T10:48:22.573+0900] {dagbag.py:587} INFO - Filling up the DagBag from /home/airflow/.local/lib/python3.12/site-packages/airflow/example_dags/example_latest_only.py
[2026-04-13T10:48:22.579+0900] {processor.py:925} INFO - DAG(s) 'latest_only' retrieved from /home/airflow/.local/lib/python3.12/site-packages/airflow/example_dags/example_latest_only.py
[2026-04-13T10:48:22.594+0900] {logging_mixin.py:190} INFO - [2026-04-13T10:48:22.594+0900] {dag.py:3211} INFO - Sync 1 DAGs
[2026-04-13T10:48:22.611+0900] {logging_mixin.py:190} INFO - [2026-04-13T10:48:22.611+0900] {dag.py:4138} INFO - Setting next_dagrun for latest_only to 2026-04-12 20:00:00+00:00, run_after=2026-04-13 00:00:00+00:00
[2026-04-13T10:48:22.624+0900] {processor.py:208} INFO - Processing /home/airflow/.local/lib/python3.12/site-packages/airflow/example_dags/example_latest_only.py took 0.057 seconds
[2026-04-13T10:48:52.805+0900] {processor.py:186} INFO - Started process (PID=15035) to work on /home/airflow/.local/lib/python3.12/site-packages/airflow/example_dags/example_latest_only.py
[2026-04-13T10:48:52.806+0900] {processor.py:914} INFO - Processing file /home/airflow/.local/lib/python3.12/site-packages/airflow/example_dags/example_latest_only.py for tasks to queue
[2026-04-13T10:48:52.808+0900] {logging_mixin.py:190} INFO - [2026-04-13T10:48:52.808+0900] {dagbag.py:587} INFO - Filling up the DagBag from /home/airflow/.local/lib/python3.12/site-packages/airflow/example_dags/example_latest_only.py
[2026-04-13T10:48:52.815+0900] {processor.py:925} INFO - DAG(s) 'latest_only' retrieved from /home/airflow/.local/lib/python3.12/site-packages/airflow/example_dags/example_latest_only.py
[2026-04-13T10:48:52.829+0900] {logging_mixin.py:190} INFO - [2026-04-13T10:48:52.829+0900] {dag.py:3211} INFO - Sync 1 DAGs
[2026-04-13T10:48:52.844+0900] {logging_mixin.py:190} INFO - [2026-04-13T10:48:52.844+0900] {dag.py:4138} INFO - Setting next_dagrun for latest_only to 2026-04-12 20:00:00+00:00, run_after=2026-04-13 00:00:00+00:00
[2026-04-13T10:48:52.855+0900] {processor.py:208} INFO - Processing /home/airflow/.local/lib/python3.12/site-packages/airflow/example_dags/example_latest_only.py took 0.055 seconds
[2026-04-13T10:49:23.102+0900] {processor.py:186} INFO - Started process (PID=15105) to work on /home/airflow/.local/lib/python3.12/site-packages/airflow/example_dags/example_latest_only.py
[2026-04-13T10:49:23.103+0900] {processor.py:914} INFO - Processing file /home/airflow/.local/lib/python3.12/site-packages/airflow/example_dags/example_latest_only.py for tasks to queue
[2026-04-13T10:49:23.104+0900] {logging_mixin.py:190} INFO - [2026-04-13T10:49:23.103+0900] {dagbag.py:587} INFO - Filling up the DagBag from /home/airflow/.local/lib/python3.12/site-packages/airflow/example_dags/example_latest_only.py
[2026-04-13T10:49:23.110+0900] {processor.py:925} INFO - DAG(s) 'latest_only' retrieved from /home/airflow/.local/lib/python3.12/site-packages/airflow/example_dags/example_latest_only.py
[2026-04-13T10:49:23.126+0900] {logging_mixin.py:190} INFO - [2026-04-13T10:49:23.126+0900] {dag.py:3211} INFO - Sync 1 DAGs
[2026-04-13T10:49:23.141+0900] {logging_mixin.py:190} INFO - [2026-04-13T10:49:23.141+0900] {dag.py:4138} INFO - Setting next_dagrun for latest_only to 2026-04-12 20:00:00+00:00, run_after=2026-04-13 00:00:00+00:00
[2026-04-13T10:49:23.155+0900] {processor.py:208} INFO - Processing /home/airflow/.local/lib/python3.12/site-packages/airflow/example_dags/example_latest_only.py took 0.059 seconds
[2026-04-13T10:49:53.495+0900] {processor.py:186} INFO - Started process (PID=15175) to work on /home/airflow/.local/lib/python3.12/site-packages/airflow/example_dags/example_latest_only.py
[2026-04-13T10:49:53.496+0900] {processor.py:914} INFO - Processing file /home/airflow/.local/lib/python3.12/site-packages/airflow/example_dags/example_latest_only.py for tasks to queue
[2026-04-13T10:49:53.497+0900] {logging_mixin.py:190} INFO - [2026-04-13T10:49:53.496+0900] {dagbag.py:587} INFO - Filling up the DagBag from /home/airflow/.local/lib/python3.12/site-packages/airflow/example_dags/example_latest_only.py
[2026-04-13T10:49:53.504+0900] {processor.py:925} INFO - DAG(s) 'latest_only' retrieved from /home/airflow/.local/lib/python3.12/site-packages/airflow/example_dags/example_latest_only.py
[2026-04-13T10:49:53.519+0900] {logging_mixin.py:190} INFO - [2026-04-13T10:49:53.519+0900] {dag.py:3211} INFO - Sync 1 DAGs
[2026-04-13T10:49:53.535+0900] {logging_mixin.py:190} INFO - [2026-04-13T10:49:53.535+0900] {dag.py:4138} INFO - Setting next_dagrun for latest_only to 2026-04-12 20:00:00+00:00, run_after=2026-04-13 00:00:00+00:00
[2026-04-13T10:49:53.546+0900] {processor.py:208} INFO - Processing /home/airflow/.local/lib/python3.12/site-packages/airflow/example_dags/example_latest_only.py took 0.056 seconds
[2026-04-13T10:50:23.893+0900] {processor.py:186} INFO - Started process (PID=15245) to work on /home/airflow/.local/lib/python3.12/site-packages/airflow/example_dags/example_latest_only.py
[2026-04-13T10:50:23.894+0900] {processor.py:914} INFO - Processing file /home/airflow/.local/lib/python3.12/site-packages/airflow/example_dags/example_latest_only.py for tasks to queue
[2026-04-13T10:50:23.896+0900] {logging_mixin.py:190} INFO - [2026-04-13T10:50:23.895+0900] {dagbag.py:587} INFO - Filling up the DagBag from /home/airflow/.local/lib/python3.12/site-packages/airflow/example_dags/example_latest_only.py
[2026-04-13T10:50:23.903+0900] {processor.py:925} INFO - DAG(s) 'latest_only' retrieved from /home/airflow/.local/lib/python3.12/site-packages/airflow/example_dags/example_latest_only.py
[2026-04-13T10:50:23.919+0900] {logging_mixin.py:190} INFO - [2026-04-13T10:50:23.919+0900] {dag.py:3211} INFO - Sync 1 DAGs
[2026-04-13T10:50:23.935+0900] {logging_mixin.py:190} INFO - [2026-04-13T10:50:23.935+0900] {dag.py:4138} INFO - Setting next_dagrun for latest_only to 2026-04-12 20:00:00+00:00, run_after=2026-04-13 00:00:00+00:00
[2026-04-13T10:50:23.949+0900] {processor.py:208} INFO - Processing /home/airflow/.local/lib/python3.12/site-packages/airflow/example_dags/example_latest_only.py took 0.060 seconds
