[2026-04-13T10:47:53.595+0900] {processor.py:186} INFO - Started process (PID=14900) to work on /home/airflow/.local/lib/python3.12/site-packages/airflow/example_dags/example_python_decorator.py
[2026-04-13T10:47:53.596+0900] {processor.py:914} INFO - Processing file /home/airflow/.local/lib/python3.12/site-packages/airflow/example_dags/example_python_decorator.py for tasks to queue
[2026-04-13T10:47:53.597+0900] {logging_mixin.py:190} INFO - [2026-04-13T10:47:53.597+0900] {dagbag.py:587} INFO - Filling up the DagBag from /home/airflow/.local/lib/python3.12/site-packages/airflow/example_dags/example_python_decorator.py
[2026-04-13T10:47:53.608+0900] {processor.py:925} INFO - DAG(s) 'example_python_decorator' retrieved from /home/airflow/.local/lib/python3.12/site-packages/airflow/example_dags/example_python_decorator.py
[2026-04-13T10:47:53.625+0900] {logging_mixin.py:190} INFO - [2026-04-13T10:47:53.625+0900] {dag.py:3211} INFO - Sync 1 DAGs
[2026-04-13T10:47:53.636+0900] {logging_mixin.py:190} INFO - [2026-04-13T10:47:53.636+0900] {dag.py:4138} INFO - Setting next_dagrun for example_python_decorator to None, run_after=None
[2026-04-13T10:47:53.647+0900] {processor.py:208} INFO - Processing /home/airflow/.local/lib/python3.12/site-packages/airflow/example_dags/example_python_decorator.py took 0.056 seconds
[2026-04-13T10:48:23.980+0900] {processor.py:186} INFO - Started process (PID=14970) to work on /home/airflow/.local/lib/python3.12/site-packages/airflow/example_dags/example_python_decorator.py
[2026-04-13T10:48:23.981+0900] {processor.py:914} INFO - Processing file /home/airflow/.local/lib/python3.12/site-packages/airflow/example_dags/example_python_decorator.py for tasks to queue
[2026-04-13T10:48:23.982+0900] {logging_mixin.py:190} INFO - [2026-04-13T10:48:23.982+0900] {dagbag.py:587} INFO - Filling up the DagBag from /home/airflow/.local/lib/python3.12/site-packages/airflow/example_dags/example_python_decorator.py
[2026-04-13T10:48:23.993+0900] {processor.py:925} INFO - DAG(s) 'example_python_decorator' retrieved from /home/airflow/.local/lib/python3.12/site-packages/airflow/example_dags/example_python_decorator.py
[2026-04-13T10:48:24.012+0900] {logging_mixin.py:190} INFO - [2026-04-13T10:48:24.011+0900] {dag.py:3211} INFO - Sync 1 DAGs
[2026-04-13T10:48:24.025+0900] {logging_mixin.py:190} INFO - [2026-04-13T10:48:24.025+0900] {dag.py:4138} INFO - Setting next_dagrun for example_python_decorator to None, run_after=None
[2026-04-13T10:48:24.043+0900] {processor.py:208} INFO - Processing /home/airflow/.local/lib/python3.12/site-packages/airflow/example_dags/example_python_decorator.py took 0.068 seconds
[2026-04-13T10:48:54.111+0900] {processor.py:186} INFO - Started process (PID=15041) to work on /home/airflow/.local/lib/python3.12/site-packages/airflow/example_dags/example_python_decorator.py
[2026-04-13T10:48:54.112+0900] {processor.py:914} INFO - Processing file /home/airflow/.local/lib/python3.12/site-packages/airflow/example_dags/example_python_decorator.py for tasks to queue
[2026-04-13T10:48:54.113+0900] {logging_mixin.py:190} INFO - [2026-04-13T10:48:54.113+0900] {dagbag.py:587} INFO - Filling up the DagBag from /home/airflow/.local/lib/python3.12/site-packages/airflow/example_dags/example_python_decorator.py
[2026-04-13T10:48:54.125+0900] {processor.py:925} INFO - DAG(s) 'example_python_decorator' retrieved from /home/airflow/.local/lib/python3.12/site-packages/airflow/example_dags/example_python_decorator.py
[2026-04-13T10:48:54.144+0900] {logging_mixin.py:190} INFO - [2026-04-13T10:48:54.144+0900] {dag.py:3211} INFO - Sync 1 DAGs
[2026-04-13T10:48:54.155+0900] {logging_mixin.py:190} INFO - [2026-04-13T10:48:54.154+0900] {dag.py:4138} INFO - Setting next_dagrun for example_python_decorator to None, run_after=None
[2026-04-13T10:48:54.168+0900] {processor.py:208} INFO - Processing /home/airflow/.local/lib/python3.12/site-packages/airflow/example_dags/example_python_decorator.py took 0.062 seconds
[2026-04-13T10:49:24.407+0900] {processor.py:186} INFO - Started process (PID=15111) to work on /home/airflow/.local/lib/python3.12/site-packages/airflow/example_dags/example_python_decorator.py
[2026-04-13T10:49:24.408+0900] {processor.py:914} INFO - Processing file /home/airflow/.local/lib/python3.12/site-packages/airflow/example_dags/example_python_decorator.py for tasks to queue
[2026-04-13T10:49:24.409+0900] {logging_mixin.py:190} INFO - [2026-04-13T10:49:24.409+0900] {dagbag.py:587} INFO - Filling up the DagBag from /home/airflow/.local/lib/python3.12/site-packages/airflow/example_dags/example_python_decorator.py
[2026-04-13T10:49:24.422+0900] {processor.py:925} INFO - DAG(s) 'example_python_decorator' retrieved from /home/airflow/.local/lib/python3.12/site-packages/airflow/example_dags/example_python_decorator.py
[2026-04-13T10:49:24.438+0900] {logging_mixin.py:190} INFO - [2026-04-13T10:49:24.437+0900] {dag.py:3211} INFO - Sync 1 DAGs
[2026-04-13T10:49:24.447+0900] {logging_mixin.py:190} INFO - [2026-04-13T10:49:24.447+0900] {dag.py:4138} INFO - Setting next_dagrun for example_python_decorator to None, run_after=None
[2026-04-13T10:49:24.468+0900] {processor.py:208} INFO - Processing /home/airflow/.local/lib/python3.12/site-packages/airflow/example_dags/example_python_decorator.py took 0.065 seconds
[2026-04-13T10:49:54.801+0900] {processor.py:186} INFO - Started process (PID=15181) to work on /home/airflow/.local/lib/python3.12/site-packages/airflow/example_dags/example_python_decorator.py
[2026-04-13T10:49:54.802+0900] {processor.py:914} INFO - Processing file /home/airflow/.local/lib/python3.12/site-packages/airflow/example_dags/example_python_decorator.py for tasks to queue
[2026-04-13T10:49:54.803+0900] {logging_mixin.py:190} INFO - [2026-04-13T10:49:54.802+0900] {dagbag.py:587} INFO - Filling up the DagBag from /home/airflow/.local/lib/python3.12/site-packages/airflow/example_dags/example_python_decorator.py
[2026-04-13T10:49:54.813+0900] {processor.py:925} INFO - DAG(s) 'example_python_decorator' retrieved from /home/airflow/.local/lib/python3.12/site-packages/airflow/example_dags/example_python_decorator.py
[2026-04-13T10:49:54.829+0900] {logging_mixin.py:190} INFO - [2026-04-13T10:49:54.829+0900] {dag.py:3211} INFO - Sync 1 DAGs
[2026-04-13T10:49:54.839+0900] {logging_mixin.py:190} INFO - [2026-04-13T10:49:54.839+0900] {dag.py:4138} INFO - Setting next_dagrun for example_python_decorator to None, run_after=None
[2026-04-13T10:49:54.851+0900] {processor.py:208} INFO - Processing /home/airflow/.local/lib/python3.12/site-packages/airflow/example_dags/example_python_decorator.py took 0.055 seconds
[2026-04-13T10:50:25.187+0900] {processor.py:186} INFO - Started process (PID=15251) to work on /home/airflow/.local/lib/python3.12/site-packages/airflow/example_dags/example_python_decorator.py
[2026-04-13T10:50:25.187+0900] {processor.py:914} INFO - Processing file /home/airflow/.local/lib/python3.12/site-packages/airflow/example_dags/example_python_decorator.py for tasks to queue
[2026-04-13T10:50:25.189+0900] {logging_mixin.py:190} INFO - [2026-04-13T10:50:25.188+0900] {dagbag.py:587} INFO - Filling up the DagBag from /home/airflow/.local/lib/python3.12/site-packages/airflow/example_dags/example_python_decorator.py
[2026-04-13T10:50:25.200+0900] {processor.py:925} INFO - DAG(s) 'example_python_decorator' retrieved from /home/airflow/.local/lib/python3.12/site-packages/airflow/example_dags/example_python_decorator.py
[2026-04-13T10:50:25.218+0900] {logging_mixin.py:190} INFO - [2026-04-13T10:50:25.218+0900] {dag.py:3211} INFO - Sync 1 DAGs
[2026-04-13T10:50:25.229+0900] {logging_mixin.py:190} INFO - [2026-04-13T10:50:25.229+0900] {dag.py:4138} INFO - Setting next_dagrun for example_python_decorator to None, run_after=None
[2026-04-13T10:50:25.242+0900] {processor.py:208} INFO - Processing /home/airflow/.local/lib/python3.12/site-packages/airflow/example_dags/example_python_decorator.py took 0.060 seconds
