[2026-04-13T10:47:47.082+0900] {processor.py:186} INFO - Started process (PID=14861) to work on /home/airflow/.local/lib/python3.12/site-packages/airflow/example_dags/example_local_kubernetes_executor.py
[2026-04-13T10:47:47.083+0900] {processor.py:914} INFO - Processing file /home/airflow/.local/lib/python3.12/site-packages/airflow/example_dags/example_local_kubernetes_executor.py for tasks to queue
[2026-04-13T10:47:47.084+0900] {logging_mixin.py:190} INFO - [2026-04-13T10:47:47.084+0900] {dagbag.py:587} INFO - Filling up the DagBag from /home/airflow/.local/lib/python3.12/site-packages/airflow/example_dags/example_local_kubernetes_executor.py
[2026-04-13T10:47:47.094+0900] {processor.py:925} INFO - DAG(s) 'example_local_kubernetes_executor' retrieved from /home/airflow/.local/lib/python3.12/site-packages/airflow/example_dags/example_local_kubernetes_executor.py
[2026-04-13T10:47:47.121+0900] {logging_mixin.py:190} INFO - [2026-04-13T10:47:47.121+0900] {dag.py:3211} INFO - Sync 1 DAGs
[2026-04-13T10:47:47.133+0900] {logging_mixin.py:190} INFO - [2026-04-13T10:47:47.133+0900] {dag.py:4138} INFO - Setting next_dagrun for example_local_kubernetes_executor to None, run_after=None
[2026-04-13T10:47:47.147+0900] {processor.py:208} INFO - Processing /home/airflow/.local/lib/python3.12/site-packages/airflow/example_dags/example_local_kubernetes_executor.py took 0.069 seconds
[2026-04-13T10:48:17.305+0900] {processor.py:186} INFO - Started process (PID=14931) to work on /home/airflow/.local/lib/python3.12/site-packages/airflow/example_dags/example_local_kubernetes_executor.py
[2026-04-13T10:48:17.307+0900] {processor.py:914} INFO - Processing file /home/airflow/.local/lib/python3.12/site-packages/airflow/example_dags/example_local_kubernetes_executor.py for tasks to queue
[2026-04-13T10:48:17.308+0900] {logging_mixin.py:190} INFO - [2026-04-13T10:48:17.307+0900] {dagbag.py:587} INFO - Filling up the DagBag from /home/airflow/.local/lib/python3.12/site-packages/airflow/example_dags/example_local_kubernetes_executor.py
[2026-04-13T10:48:17.315+0900] {processor.py:925} INFO - DAG(s) 'example_local_kubernetes_executor' retrieved from /home/airflow/.local/lib/python3.12/site-packages/airflow/example_dags/example_local_kubernetes_executor.py
[2026-04-13T10:48:17.340+0900] {logging_mixin.py:190} INFO - [2026-04-13T10:48:17.340+0900] {dag.py:3211} INFO - Sync 1 DAGs
[2026-04-13T10:48:17.350+0900] {logging_mixin.py:190} INFO - [2026-04-13T10:48:17.350+0900] {dag.py:4138} INFO - Setting next_dagrun for example_local_kubernetes_executor to None, run_after=None
[2026-04-13T10:48:17.364+0900] {processor.py:208} INFO - Processing /home/airflow/.local/lib/python3.12/site-packages/airflow/example_dags/example_local_kubernetes_executor.py took 0.063 seconds
[2026-04-13T10:48:47.528+0900] {processor.py:186} INFO - Started process (PID=15002) to work on /home/airflow/.local/lib/python3.12/site-packages/airflow/example_dags/example_local_kubernetes_executor.py
[2026-04-13T10:48:47.529+0900] {processor.py:914} INFO - Processing file /home/airflow/.local/lib/python3.12/site-packages/airflow/example_dags/example_local_kubernetes_executor.py for tasks to queue
[2026-04-13T10:48:47.531+0900] {logging_mixin.py:190} INFO - [2026-04-13T10:48:47.530+0900] {dagbag.py:587} INFO - Filling up the DagBag from /home/airflow/.local/lib/python3.12/site-packages/airflow/example_dags/example_local_kubernetes_executor.py
[2026-04-13T10:48:47.539+0900] {processor.py:925} INFO - DAG(s) 'example_local_kubernetes_executor' retrieved from /home/airflow/.local/lib/python3.12/site-packages/airflow/example_dags/example_local_kubernetes_executor.py
[2026-04-13T10:48:47.565+0900] {logging_mixin.py:190} INFO - [2026-04-13T10:48:47.564+0900] {dag.py:3211} INFO - Sync 1 DAGs
[2026-04-13T10:48:47.575+0900] {logging_mixin.py:190} INFO - [2026-04-13T10:48:47.575+0900] {dag.py:4138} INFO - Setting next_dagrun for example_local_kubernetes_executor to None, run_after=None
[2026-04-13T10:48:47.588+0900] {processor.py:208} INFO - Processing /home/airflow/.local/lib/python3.12/site-packages/airflow/example_dags/example_local_kubernetes_executor.py took 0.064 seconds
[2026-04-13T10:49:17.843+0900] {processor.py:186} INFO - Started process (PID=15072) to work on /home/airflow/.local/lib/python3.12/site-packages/airflow/example_dags/example_local_kubernetes_executor.py
[2026-04-13T10:49:17.845+0900] {processor.py:914} INFO - Processing file /home/airflow/.local/lib/python3.12/site-packages/airflow/example_dags/example_local_kubernetes_executor.py for tasks to queue
[2026-04-13T10:49:17.846+0900] {logging_mixin.py:190} INFO - [2026-04-13T10:49:17.846+0900] {dagbag.py:587} INFO - Filling up the DagBag from /home/airflow/.local/lib/python3.12/site-packages/airflow/example_dags/example_local_kubernetes_executor.py
[2026-04-13T10:49:17.854+0900] {processor.py:925} INFO - DAG(s) 'example_local_kubernetes_executor' retrieved from /home/airflow/.local/lib/python3.12/site-packages/airflow/example_dags/example_local_kubernetes_executor.py
[2026-04-13T10:49:17.882+0900] {logging_mixin.py:190} INFO - [2026-04-13T10:49:17.882+0900] {dag.py:3211} INFO - Sync 1 DAGs
[2026-04-13T10:49:17.894+0900] {logging_mixin.py:190} INFO - [2026-04-13T10:49:17.893+0900] {dag.py:4138} INFO - Setting next_dagrun for example_local_kubernetes_executor to None, run_after=None
[2026-04-13T10:49:17.907+0900] {processor.py:208} INFO - Processing /home/airflow/.local/lib/python3.12/site-packages/airflow/example_dags/example_local_kubernetes_executor.py took 0.068 seconds
[2026-04-13T10:49:48.154+0900] {processor.py:186} INFO - Started process (PID=15142) to work on /home/airflow/.local/lib/python3.12/site-packages/airflow/example_dags/example_local_kubernetes_executor.py
[2026-04-13T10:49:48.156+0900] {processor.py:914} INFO - Processing file /home/airflow/.local/lib/python3.12/site-packages/airflow/example_dags/example_local_kubernetes_executor.py for tasks to queue
[2026-04-13T10:49:48.157+0900] {logging_mixin.py:190} INFO - [2026-04-13T10:49:48.157+0900] {dagbag.py:587} INFO - Filling up the DagBag from /home/airflow/.local/lib/python3.12/site-packages/airflow/example_dags/example_local_kubernetes_executor.py
[2026-04-13T10:49:48.165+0900] {processor.py:925} INFO - DAG(s) 'example_local_kubernetes_executor' retrieved from /home/airflow/.local/lib/python3.12/site-packages/airflow/example_dags/example_local_kubernetes_executor.py
[2026-04-13T10:49:48.192+0900] {logging_mixin.py:190} INFO - [2026-04-13T10:49:48.192+0900] {dag.py:3211} INFO - Sync 1 DAGs
[2026-04-13T10:49:48.203+0900] {logging_mixin.py:190} INFO - [2026-04-13T10:49:48.203+0900] {dag.py:4138} INFO - Setting next_dagrun for example_local_kubernetes_executor to None, run_after=None
[2026-04-13T10:49:48.215+0900] {processor.py:208} INFO - Processing /home/airflow/.local/lib/python3.12/site-packages/airflow/example_dags/example_local_kubernetes_executor.py took 0.066 seconds
[2026-04-13T10:50:18.656+0900] {processor.py:186} INFO - Started process (PID=15212) to work on /home/airflow/.local/lib/python3.12/site-packages/airflow/example_dags/example_local_kubernetes_executor.py
[2026-04-13T10:50:18.657+0900] {processor.py:914} INFO - Processing file /home/airflow/.local/lib/python3.12/site-packages/airflow/example_dags/example_local_kubernetes_executor.py for tasks to queue
[2026-04-13T10:50:18.658+0900] {logging_mixin.py:190} INFO - [2026-04-13T10:50:18.658+0900] {dagbag.py:587} INFO - Filling up the DagBag from /home/airflow/.local/lib/python3.12/site-packages/airflow/example_dags/example_local_kubernetes_executor.py
[2026-04-13T10:50:18.666+0900] {processor.py:925} INFO - DAG(s) 'example_local_kubernetes_executor' retrieved from /home/airflow/.local/lib/python3.12/site-packages/airflow/example_dags/example_local_kubernetes_executor.py
[2026-04-13T10:50:18.694+0900] {logging_mixin.py:190} INFO - [2026-04-13T10:50:18.693+0900] {dag.py:3211} INFO - Sync 1 DAGs
[2026-04-13T10:50:18.706+0900] {logging_mixin.py:190} INFO - [2026-04-13T10:50:18.706+0900] {dag.py:4138} INFO - Setting next_dagrun for example_local_kubernetes_executor to None, run_after=None
[2026-04-13T10:50:18.724+0900] {processor.py:208} INFO - Processing /home/airflow/.local/lib/python3.12/site-packages/airflow/example_dags/example_local_kubernetes_executor.py took 0.073 seconds
