[2026-04-13T10:47:45.882+0900] {processor.py:186} INFO - Started process (PID=14856) to work on /home/airflow/.local/lib/python3.12/site-packages/airflow/example_dags/example_display_name.py
[2026-04-13T10:47:45.884+0900] {processor.py:914} INFO - Processing file /home/airflow/.local/lib/python3.12/site-packages/airflow/example_dags/example_display_name.py for tasks to queue
[2026-04-13T10:47:45.885+0900] {logging_mixin.py:190} INFO - [2026-04-13T10:47:45.885+0900] {dagbag.py:587} INFO - Filling up the DagBag from /home/airflow/.local/lib/python3.12/site-packages/airflow/example_dags/example_display_name.py
[2026-04-13T10:47:45.891+0900] {processor.py:925} INFO - DAG(s) 'example_display_name' retrieved from /home/airflow/.local/lib/python3.12/site-packages/airflow/example_dags/example_display_name.py
[2026-04-13T10:47:45.906+0900] {logging_mixin.py:190} INFO - [2026-04-13T10:47:45.906+0900] {dag.py:3211} INFO - Sync 1 DAGs
[2026-04-13T10:47:45.916+0900] {logging_mixin.py:190} INFO - [2026-04-13T10:47:45.916+0900] {dag.py:4138} INFO - Setting next_dagrun for example_display_name to None, run_after=None
[2026-04-13T10:47:45.928+0900] {processor.py:208} INFO - Processing /home/airflow/.local/lib/python3.12/site-packages/airflow/example_dags/example_display_name.py took 0.050 seconds
[2026-04-13T10:48:16.108+0900] {processor.py:186} INFO - Started process (PID=14926) to work on /home/airflow/.local/lib/python3.12/site-packages/airflow/example_dags/example_display_name.py
[2026-04-13T10:48:16.109+0900] {processor.py:914} INFO - Processing file /home/airflow/.local/lib/python3.12/site-packages/airflow/example_dags/example_display_name.py for tasks to queue
[2026-04-13T10:48:16.110+0900] {logging_mixin.py:190} INFO - [2026-04-13T10:48:16.110+0900] {dagbag.py:587} INFO - Filling up the DagBag from /home/airflow/.local/lib/python3.12/site-packages/airflow/example_dags/example_display_name.py
[2026-04-13T10:48:16.116+0900] {processor.py:925} INFO - DAG(s) 'example_display_name' retrieved from /home/airflow/.local/lib/python3.12/site-packages/airflow/example_dags/example_display_name.py
[2026-04-13T10:48:16.132+0900] {logging_mixin.py:190} INFO - [2026-04-13T10:48:16.132+0900] {dag.py:3211} INFO - Sync 1 DAGs
[2026-04-13T10:48:16.144+0900] {logging_mixin.py:190} INFO - [2026-04-13T10:48:16.144+0900] {dag.py:4138} INFO - Setting next_dagrun for example_display_name to None, run_after=None
[2026-04-13T10:48:16.158+0900] {processor.py:208} INFO - Processing /home/airflow/.local/lib/python3.12/site-packages/airflow/example_dags/example_display_name.py took 0.055 seconds
[2026-04-13T10:48:46.383+0900] {processor.py:186} INFO - Started process (PID=14997) to work on /home/airflow/.local/lib/python3.12/site-packages/airflow/example_dags/example_display_name.py
[2026-04-13T10:48:46.384+0900] {processor.py:914} INFO - Processing file /home/airflow/.local/lib/python3.12/site-packages/airflow/example_dags/example_display_name.py for tasks to queue
[2026-04-13T10:48:46.385+0900] {logging_mixin.py:190} INFO - [2026-04-13T10:48:46.385+0900] {dagbag.py:587} INFO - Filling up the DagBag from /home/airflow/.local/lib/python3.12/site-packages/airflow/example_dags/example_display_name.py
[2026-04-13T10:48:46.391+0900] {processor.py:925} INFO - DAG(s) 'example_display_name' retrieved from /home/airflow/.local/lib/python3.12/site-packages/airflow/example_dags/example_display_name.py
[2026-04-13T10:48:46.408+0900] {logging_mixin.py:190} INFO - [2026-04-13T10:48:46.408+0900] {dag.py:3211} INFO - Sync 1 DAGs
[2026-04-13T10:48:46.419+0900] {logging_mixin.py:190} INFO - [2026-04-13T10:48:46.419+0900] {dag.py:4138} INFO - Setting next_dagrun for example_display_name to None, run_after=None
[2026-04-13T10:48:46.433+0900] {processor.py:208} INFO - Processing /home/airflow/.local/lib/python3.12/site-packages/airflow/example_dags/example_display_name.py took 0.054 seconds
[2026-04-13T10:49:16.631+0900] {processor.py:186} INFO - Started process (PID=15067) to work on /home/airflow/.local/lib/python3.12/site-packages/airflow/example_dags/example_display_name.py
[2026-04-13T10:49:16.633+0900] {processor.py:914} INFO - Processing file /home/airflow/.local/lib/python3.12/site-packages/airflow/example_dags/example_display_name.py for tasks to queue
[2026-04-13T10:49:16.635+0900] {logging_mixin.py:190} INFO - [2026-04-13T10:49:16.635+0900] {dagbag.py:587} INFO - Filling up the DagBag from /home/airflow/.local/lib/python3.12/site-packages/airflow/example_dags/example_display_name.py
[2026-04-13T10:49:16.641+0900] {processor.py:925} INFO - DAG(s) 'example_display_name' retrieved from /home/airflow/.local/lib/python3.12/site-packages/airflow/example_dags/example_display_name.py
[2026-04-13T10:49:16.658+0900] {logging_mixin.py:190} INFO - [2026-04-13T10:49:16.658+0900] {dag.py:3211} INFO - Sync 1 DAGs
[2026-04-13T10:49:16.668+0900] {logging_mixin.py:190} INFO - [2026-04-13T10:49:16.668+0900] {dag.py:4138} INFO - Setting next_dagrun for example_display_name to None, run_after=None
[2026-04-13T10:49:16.682+0900] {processor.py:208} INFO - Processing /home/airflow/.local/lib/python3.12/site-packages/airflow/example_dags/example_display_name.py took 0.056 seconds
[2026-04-13T10:49:46.948+0900] {processor.py:186} INFO - Started process (PID=15137) to work on /home/airflow/.local/lib/python3.12/site-packages/airflow/example_dags/example_display_name.py
[2026-04-13T10:49:46.949+0900] {processor.py:914} INFO - Processing file /home/airflow/.local/lib/python3.12/site-packages/airflow/example_dags/example_display_name.py for tasks to queue
[2026-04-13T10:49:46.950+0900] {logging_mixin.py:190} INFO - [2026-04-13T10:49:46.950+0900] {dagbag.py:587} INFO - Filling up the DagBag from /home/airflow/.local/lib/python3.12/site-packages/airflow/example_dags/example_display_name.py
[2026-04-13T10:49:46.956+0900] {processor.py:925} INFO - DAG(s) 'example_display_name' retrieved from /home/airflow/.local/lib/python3.12/site-packages/airflow/example_dags/example_display_name.py
[2026-04-13T10:49:46.971+0900] {logging_mixin.py:190} INFO - [2026-04-13T10:49:46.971+0900] {dag.py:3211} INFO - Sync 1 DAGs
[2026-04-13T10:49:46.981+0900] {logging_mixin.py:190} INFO - [2026-04-13T10:49:46.981+0900] {dag.py:4138} INFO - Setting next_dagrun for example_display_name to None, run_after=None
[2026-04-13T10:49:46.993+0900] {processor.py:208} INFO - Processing /home/airflow/.local/lib/python3.12/site-packages/airflow/example_dags/example_display_name.py took 0.049 seconds
[2026-04-13T10:50:17.450+0900] {processor.py:186} INFO - Started process (PID=15207) to work on /home/airflow/.local/lib/python3.12/site-packages/airflow/example_dags/example_display_name.py
[2026-04-13T10:50:17.451+0900] {processor.py:914} INFO - Processing file /home/airflow/.local/lib/python3.12/site-packages/airflow/example_dags/example_display_name.py for tasks to queue
[2026-04-13T10:50:17.452+0900] {logging_mixin.py:190} INFO - [2026-04-13T10:50:17.452+0900] {dagbag.py:587} INFO - Filling up the DagBag from /home/airflow/.local/lib/python3.12/site-packages/airflow/example_dags/example_display_name.py
[2026-04-13T10:50:17.459+0900] {processor.py:925} INFO - DAG(s) 'example_display_name' retrieved from /home/airflow/.local/lib/python3.12/site-packages/airflow/example_dags/example_display_name.py
[2026-04-13T10:50:17.475+0900] {logging_mixin.py:190} INFO - [2026-04-13T10:50:17.474+0900] {dag.py:3211} INFO - Sync 1 DAGs
[2026-04-13T10:50:17.485+0900] {logging_mixin.py:190} INFO - [2026-04-13T10:50:17.485+0900] {dag.py:4138} INFO - Setting next_dagrun for example_display_name to None, run_after=None
[2026-04-13T10:50:17.498+0900] {processor.py:208} INFO - Processing /home/airflow/.local/lib/python3.12/site-packages/airflow/example_dags/example_display_name.py took 0.054 seconds
