[2026-04-13T10:47:52.281+0900] {processor.py:186} INFO - Started process (PID=14895) to work on /home/airflow/.local/lib/python3.12/site-packages/airflow/example_dags/example_branch_python_dop_operator_3.py
[2026-04-13T10:47:52.282+0900] {processor.py:914} INFO - Processing file /home/airflow/.local/lib/python3.12/site-packages/airflow/example_dags/example_branch_python_dop_operator_3.py for tasks to queue
[2026-04-13T10:47:52.284+0900] {logging_mixin.py:190} INFO - [2026-04-13T10:47:52.283+0900] {dagbag.py:587} INFO - Filling up the DagBag from /home/airflow/.local/lib/python3.12/site-packages/airflow/example_dags/example_branch_python_dop_operator_3.py
[2026-04-13T10:47:52.292+0900] {processor.py:925} INFO - DAG(s) 'example_branch_dop_operator_v3' retrieved from /home/airflow/.local/lib/python3.12/site-packages/airflow/example_dags/example_branch_python_dop_operator_3.py
[2026-04-13T10:47:52.309+0900] {logging_mixin.py:190} INFO - [2026-04-13T10:47:52.309+0900] {dag.py:3211} INFO - Sync 1 DAGs
[2026-04-13T10:47:52.327+0900] {logging_mixin.py:190} INFO - [2026-04-13T10:47:52.327+0900] {dag.py:4138} INFO - Setting next_dagrun for example_branch_dop_operator_v3 to 2026-04-13 01:46:00+00:00, run_after=2026-04-13 01:47:00+00:00
[2026-04-13T10:47:52.340+0900] {processor.py:208} INFO - Processing /home/airflow/.local/lib/python3.12/site-packages/airflow/example_dags/example_branch_python_dop_operator_3.py took 0.064 seconds
[2026-04-13T10:48:22.669+0900] {processor.py:186} INFO - Started process (PID=14965) to work on /home/airflow/.local/lib/python3.12/site-packages/airflow/example_dags/example_branch_python_dop_operator_3.py
[2026-04-13T10:48:22.671+0900] {processor.py:914} INFO - Processing file /home/airflow/.local/lib/python3.12/site-packages/airflow/example_dags/example_branch_python_dop_operator_3.py for tasks to queue
[2026-04-13T10:48:22.672+0900] {logging_mixin.py:190} INFO - [2026-04-13T10:48:22.672+0900] {dagbag.py:587} INFO - Filling up the DagBag from /home/airflow/.local/lib/python3.12/site-packages/airflow/example_dags/example_branch_python_dop_operator_3.py
[2026-04-13T10:48:22.680+0900] {processor.py:925} INFO - DAG(s) 'example_branch_dop_operator_v3' retrieved from /home/airflow/.local/lib/python3.12/site-packages/airflow/example_dags/example_branch_python_dop_operator_3.py
[2026-04-13T10:48:22.698+0900] {logging_mixin.py:190} INFO - [2026-04-13T10:48:22.698+0900] {dag.py:3211} INFO - Sync 1 DAGs
[2026-04-13T10:48:22.716+0900] {logging_mixin.py:190} INFO - [2026-04-13T10:48:22.716+0900] {dag.py:4138} INFO - Setting next_dagrun for example_branch_dop_operator_v3 to 2026-04-13 01:47:00+00:00, run_after=2026-04-13 01:48:00+00:00
[2026-04-13T10:48:22.730+0900] {processor.py:208} INFO - Processing /home/airflow/.local/lib/python3.12/site-packages/airflow/example_dags/example_branch_python_dop_operator_3.py took 0.065 seconds
[2026-04-13T10:48:52.893+0900] {processor.py:186} INFO - Started process (PID=15036) to work on /home/airflow/.local/lib/python3.12/site-packages/airflow/example_dags/example_branch_python_dop_operator_3.py
[2026-04-13T10:48:52.894+0900] {processor.py:914} INFO - Processing file /home/airflow/.local/lib/python3.12/site-packages/airflow/example_dags/example_branch_python_dop_operator_3.py for tasks to queue
[2026-04-13T10:48:52.895+0900] {logging_mixin.py:190} INFO - [2026-04-13T10:48:52.895+0900] {dagbag.py:587} INFO - Filling up the DagBag from /home/airflow/.local/lib/python3.12/site-packages/airflow/example_dags/example_branch_python_dop_operator_3.py
[2026-04-13T10:48:52.903+0900] {processor.py:925} INFO - DAG(s) 'example_branch_dop_operator_v3' retrieved from /home/airflow/.local/lib/python3.12/site-packages/airflow/example_dags/example_branch_python_dop_operator_3.py
[2026-04-13T10:48:52.919+0900] {logging_mixin.py:190} INFO - [2026-04-13T10:48:52.919+0900] {dag.py:3211} INFO - Sync 1 DAGs
[2026-04-13T10:48:52.936+0900] {logging_mixin.py:190} INFO - [2026-04-13T10:48:52.936+0900] {dag.py:4138} INFO - Setting next_dagrun for example_branch_dop_operator_v3 to 2026-04-13 01:47:00+00:00, run_after=2026-04-13 01:48:00+00:00
[2026-04-13T10:48:52.950+0900] {processor.py:208} INFO - Processing /home/airflow/.local/lib/python3.12/site-packages/airflow/example_dags/example_branch_python_dop_operator_3.py took 0.061 seconds
[2026-04-13T10:49:23.190+0900] {processor.py:186} INFO - Started process (PID=15106) to work on /home/airflow/.local/lib/python3.12/site-packages/airflow/example_dags/example_branch_python_dop_operator_3.py
[2026-04-13T10:49:23.192+0900] {processor.py:914} INFO - Processing file /home/airflow/.local/lib/python3.12/site-packages/airflow/example_dags/example_branch_python_dop_operator_3.py for tasks to queue
[2026-04-13T10:49:23.193+0900] {logging_mixin.py:190} INFO - [2026-04-13T10:49:23.193+0900] {dagbag.py:587} INFO - Filling up the DagBag from /home/airflow/.local/lib/python3.12/site-packages/airflow/example_dags/example_branch_python_dop_operator_3.py
[2026-04-13T10:49:23.201+0900] {processor.py:925} INFO - DAG(s) 'example_branch_dop_operator_v3' retrieved from /home/airflow/.local/lib/python3.12/site-packages/airflow/example_dags/example_branch_python_dop_operator_3.py
[2026-04-13T10:49:23.217+0900] {logging_mixin.py:190} INFO - [2026-04-13T10:49:23.217+0900] {dag.py:3211} INFO - Sync 1 DAGs
[2026-04-13T10:49:23.235+0900] {logging_mixin.py:190} INFO - [2026-04-13T10:49:23.234+0900] {dag.py:4138} INFO - Setting next_dagrun for example_branch_dop_operator_v3 to 2026-04-13 01:48:00+00:00, run_after=2026-04-13 01:49:00+00:00
[2026-04-13T10:49:23.248+0900] {processor.py:208} INFO - Processing /home/airflow/.local/lib/python3.12/site-packages/airflow/example_dags/example_branch_python_dop_operator_3.py took 0.063 seconds
[2026-04-13T10:49:53.557+0900] {processor.py:186} INFO - Started process (PID=15176) to work on /home/airflow/.local/lib/python3.12/site-packages/airflow/example_dags/example_branch_python_dop_operator_3.py
[2026-04-13T10:49:53.558+0900] {processor.py:914} INFO - Processing file /home/airflow/.local/lib/python3.12/site-packages/airflow/example_dags/example_branch_python_dop_operator_3.py for tasks to queue
[2026-04-13T10:49:53.559+0900] {logging_mixin.py:190} INFO - [2026-04-13T10:49:53.559+0900] {dagbag.py:587} INFO - Filling up the DagBag from /home/airflow/.local/lib/python3.12/site-packages/airflow/example_dags/example_branch_python_dop_operator_3.py
[2026-04-13T10:49:53.567+0900] {processor.py:925} INFO - DAG(s) 'example_branch_dop_operator_v3' retrieved from /home/airflow/.local/lib/python3.12/site-packages/airflow/example_dags/example_branch_python_dop_operator_3.py
[2026-04-13T10:49:53.582+0900] {logging_mixin.py:190} INFO - [2026-04-13T10:49:53.582+0900] {dag.py:3211} INFO - Sync 1 DAGs
[2026-04-13T10:49:53.600+0900] {logging_mixin.py:190} INFO - [2026-04-13T10:49:53.600+0900] {dag.py:4138} INFO - Setting next_dagrun for example_branch_dop_operator_v3 to 2026-04-13 01:48:00+00:00, run_after=2026-04-13 01:49:00+00:00
[2026-04-13T10:49:53.614+0900] {processor.py:208} INFO - Processing /home/airflow/.local/lib/python3.12/site-packages/airflow/example_dags/example_branch_python_dop_operator_3.py took 0.061 seconds
[2026-04-13T10:50:23.972+0900] {processor.py:186} INFO - Started process (PID=15246) to work on /home/airflow/.local/lib/python3.12/site-packages/airflow/example_dags/example_branch_python_dop_operator_3.py
[2026-04-13T10:50:23.973+0900] {processor.py:914} INFO - Processing file /home/airflow/.local/lib/python3.12/site-packages/airflow/example_dags/example_branch_python_dop_operator_3.py for tasks to queue
[2026-04-13T10:50:23.975+0900] {logging_mixin.py:190} INFO - [2026-04-13T10:50:23.974+0900] {dagbag.py:587} INFO - Filling up the DagBag from /home/airflow/.local/lib/python3.12/site-packages/airflow/example_dags/example_branch_python_dop_operator_3.py
[2026-04-13T10:50:23.983+0900] {processor.py:925} INFO - DAG(s) 'example_branch_dop_operator_v3' retrieved from /home/airflow/.local/lib/python3.12/site-packages/airflow/example_dags/example_branch_python_dop_operator_3.py
[2026-04-13T10:50:24.002+0900] {logging_mixin.py:190} INFO - [2026-04-13T10:50:24.002+0900] {dag.py:3211} INFO - Sync 1 DAGs
[2026-04-13T10:50:24.021+0900] {logging_mixin.py:190} INFO - [2026-04-13T10:50:24.021+0900] {dag.py:4138} INFO - Setting next_dagrun for example_branch_dop_operator_v3 to 2026-04-13 01:49:00+00:00, run_after=2026-04-13 01:50:00+00:00
[2026-04-13T10:50:24.035+0900] {processor.py:208} INFO - Processing /home/airflow/.local/lib/python3.12/site-packages/airflow/example_dags/example_branch_python_dop_operator_3.py took 0.067 seconds
