[2026-04-13T10:47:47.275+0900] {processor.py:186} INFO - Started process (PID=14865) to work on /home/airflow/.local/lib/python3.12/site-packages/airflow/example_dags/example_dag_decorator.py
[2026-04-13T10:47:47.276+0900] {processor.py:914} INFO - Processing file /home/airflow/.local/lib/python3.12/site-packages/airflow/example_dags/example_dag_decorator.py for tasks to queue
[2026-04-13T10:47:47.277+0900] {logging_mixin.py:190} INFO - [2026-04-13T10:47:47.277+0900] {dagbag.py:587} INFO - Filling up the DagBag from /home/airflow/.local/lib/python3.12/site-packages/airflow/example_dags/example_dag_decorator.py
[2026-04-13T10:47:47.287+0900] {processor.py:925} INFO - DAG(s) 'example_dag_decorator' retrieved from /home/airflow/.local/lib/python3.12/site-packages/airflow/example_dags/example_dag_decorator.py
[2026-04-13T10:47:47.305+0900] {logging_mixin.py:190} INFO - [2026-04-13T10:47:47.305+0900] {dag.py:3211} INFO - Sync 1 DAGs
[2026-04-13T10:47:47.316+0900] {logging_mixin.py:190} INFO - [2026-04-13T10:47:47.316+0900] {dag.py:4138} INFO - Setting next_dagrun for example_dag_decorator to None, run_after=None
[2026-04-13T10:47:47.329+0900] {processor.py:208} INFO - Processing /home/airflow/.local/lib/python3.12/site-packages/airflow/example_dags/example_dag_decorator.py took 0.059 seconds
[2026-04-13T10:48:17.575+0900] {processor.py:186} INFO - Started process (PID=14935) to work on /home/airflow/.local/lib/python3.12/site-packages/airflow/example_dags/example_dag_decorator.py
[2026-04-13T10:48:17.576+0900] {processor.py:914} INFO - Processing file /home/airflow/.local/lib/python3.12/site-packages/airflow/example_dags/example_dag_decorator.py for tasks to queue
[2026-04-13T10:48:17.578+0900] {logging_mixin.py:190} INFO - [2026-04-13T10:48:17.578+0900] {dagbag.py:587} INFO - Filling up the DagBag from /home/airflow/.local/lib/python3.12/site-packages/airflow/example_dags/example_dag_decorator.py
[2026-04-13T10:48:17.590+0900] {processor.py:925} INFO - DAG(s) 'example_dag_decorator' retrieved from /home/airflow/.local/lib/python3.12/site-packages/airflow/example_dags/example_dag_decorator.py
[2026-04-13T10:48:17.671+0900] {logging_mixin.py:190} INFO - [2026-04-13T10:48:17.671+0900] {dag.py:3211} INFO - Sync 1 DAGs
[2026-04-13T10:48:17.681+0900] {logging_mixin.py:190} INFO - [2026-04-13T10:48:17.681+0900] {dag.py:4138} INFO - Setting next_dagrun for example_dag_decorator to None, run_after=None
[2026-04-13T10:48:17.695+0900] {processor.py:208} INFO - Processing /home/airflow/.local/lib/python3.12/site-packages/airflow/example_dags/example_dag_decorator.py took 0.126 seconds
[2026-04-13T10:48:47.789+0900] {processor.py:186} INFO - Started process (PID=15006) to work on /home/airflow/.local/lib/python3.12/site-packages/airflow/example_dags/example_dag_decorator.py
[2026-04-13T10:48:47.790+0900] {processor.py:914} INFO - Processing file /home/airflow/.local/lib/python3.12/site-packages/airflow/example_dags/example_dag_decorator.py for tasks to queue
[2026-04-13T10:48:47.791+0900] {logging_mixin.py:190} INFO - [2026-04-13T10:48:47.791+0900] {dagbag.py:587} INFO - Filling up the DagBag from /home/airflow/.local/lib/python3.12/site-packages/airflow/example_dags/example_dag_decorator.py
[2026-04-13T10:48:47.801+0900] {processor.py:925} INFO - DAG(s) 'example_dag_decorator' retrieved from /home/airflow/.local/lib/python3.12/site-packages/airflow/example_dags/example_dag_decorator.py
[2026-04-13T10:48:47.820+0900] {logging_mixin.py:190} INFO - [2026-04-13T10:48:47.820+0900] {dag.py:3211} INFO - Sync 1 DAGs
[2026-04-13T10:48:47.830+0900] {logging_mixin.py:190} INFO - [2026-04-13T10:48:47.830+0900] {dag.py:4138} INFO - Setting next_dagrun for example_dag_decorator to None, run_after=None
[2026-04-13T10:48:47.844+0900] {processor.py:208} INFO - Processing /home/airflow/.local/lib/python3.12/site-packages/airflow/example_dags/example_dag_decorator.py took 0.060 seconds
[2026-04-13T10:49:18.031+0900] {processor.py:186} INFO - Started process (PID=15076) to work on /home/airflow/.local/lib/python3.12/site-packages/airflow/example_dags/example_dag_decorator.py
[2026-04-13T10:49:18.032+0900] {processor.py:914} INFO - Processing file /home/airflow/.local/lib/python3.12/site-packages/airflow/example_dags/example_dag_decorator.py for tasks to queue
[2026-04-13T10:49:18.033+0900] {logging_mixin.py:190} INFO - [2026-04-13T10:49:18.033+0900] {dagbag.py:587} INFO - Filling up the DagBag from /home/airflow/.local/lib/python3.12/site-packages/airflow/example_dags/example_dag_decorator.py
[2026-04-13T10:49:18.043+0900] {processor.py:925} INFO - DAG(s) 'example_dag_decorator' retrieved from /home/airflow/.local/lib/python3.12/site-packages/airflow/example_dags/example_dag_decorator.py
[2026-04-13T10:49:18.118+0900] {logging_mixin.py:190} INFO - [2026-04-13T10:49:18.117+0900] {dag.py:3211} INFO - Sync 1 DAGs
[2026-04-13T10:49:18.127+0900] {logging_mixin.py:190} INFO - [2026-04-13T10:49:18.126+0900] {dag.py:4138} INFO - Setting next_dagrun for example_dag_decorator to None, run_after=None
[2026-04-13T10:49:18.279+0900] {processor.py:208} INFO - Processing /home/airflow/.local/lib/python3.12/site-packages/airflow/example_dags/example_dag_decorator.py took 0.252 seconds
[2026-04-13T10:49:48.329+0900] {processor.py:186} INFO - Started process (PID=15146) to work on /home/airflow/.local/lib/python3.12/site-packages/airflow/example_dags/example_dag_decorator.py
[2026-04-13T10:49:48.330+0900] {processor.py:914} INFO - Processing file /home/airflow/.local/lib/python3.12/site-packages/airflow/example_dags/example_dag_decorator.py for tasks to queue
[2026-04-13T10:49:48.331+0900] {logging_mixin.py:190} INFO - [2026-04-13T10:49:48.331+0900] {dagbag.py:587} INFO - Filling up the DagBag from /home/airflow/.local/lib/python3.12/site-packages/airflow/example_dags/example_dag_decorator.py
[2026-04-13T10:49:48.341+0900] {processor.py:925} INFO - DAG(s) 'example_dag_decorator' retrieved from /home/airflow/.local/lib/python3.12/site-packages/airflow/example_dags/example_dag_decorator.py
[2026-04-13T10:49:48.420+0900] {logging_mixin.py:190} INFO - [2026-04-13T10:49:48.420+0900] {dag.py:3211} INFO - Sync 1 DAGs
[2026-04-13T10:49:48.428+0900] {logging_mixin.py:190} INFO - [2026-04-13T10:49:48.428+0900] {dag.py:4138} INFO - Setting next_dagrun for example_dag_decorator to None, run_after=None
[2026-04-13T10:49:48.561+0900] {processor.py:208} INFO - Processing /home/airflow/.local/lib/python3.12/site-packages/airflow/example_dags/example_dag_decorator.py took 0.237 seconds
[2026-04-13T10:50:18.957+0900] {processor.py:186} INFO - Started process (PID=15216) to work on /home/airflow/.local/lib/python3.12/site-packages/airflow/example_dags/example_dag_decorator.py
[2026-04-13T10:50:18.958+0900] {processor.py:914} INFO - Processing file /home/airflow/.local/lib/python3.12/site-packages/airflow/example_dags/example_dag_decorator.py for tasks to queue
[2026-04-13T10:50:18.959+0900] {logging_mixin.py:190} INFO - [2026-04-13T10:50:18.959+0900] {dagbag.py:587} INFO - Filling up the DagBag from /home/airflow/.local/lib/python3.12/site-packages/airflow/example_dags/example_dag_decorator.py
[2026-04-13T10:50:18.968+0900] {processor.py:925} INFO - DAG(s) 'example_dag_decorator' retrieved from /home/airflow/.local/lib/python3.12/site-packages/airflow/example_dags/example_dag_decorator.py
[2026-04-13T10:50:19.036+0900] {logging_mixin.py:190} INFO - [2026-04-13T10:50:19.035+0900] {dag.py:3211} INFO - Sync 1 DAGs
[2026-04-13T10:50:19.045+0900] {logging_mixin.py:190} INFO - [2026-04-13T10:50:19.045+0900] {dag.py:4138} INFO - Setting next_dagrun for example_dag_decorator to None, run_after=None
[2026-04-13T10:50:19.178+0900] {processor.py:208} INFO - Processing /home/airflow/.local/lib/python3.12/site-packages/airflow/example_dags/example_dag_decorator.py took 0.225 seconds
