[2026-04-13T10:48:05.322+0900] {processor.py:186} INFO - Started process (PID=14911) to work on /home/airflow/.local/lib/python3.12/site-packages/airflow/example_dags/example_datasets.py
[2026-04-13T10:48:05.324+0900] {processor.py:914} INFO - Processing file /home/airflow/.local/lib/python3.12/site-packages/airflow/example_dags/example_datasets.py for tasks to queue
[2026-04-13T10:48:05.325+0900] {logging_mixin.py:190} INFO - [2026-04-13T10:48:05.325+0900] {dagbag.py:587} INFO - Filling up the DagBag from /home/airflow/.local/lib/python3.12/site-packages/airflow/example_dags/example_datasets.py
[2026-04-13T10:48:05.441+0900] {processor.py:925} INFO - DAG(s) 'dataset_consumes_1_never_scheduled', 'dataset_consumes_1', 'dataset_produces_2', 'dataset_consumes_1_and_2', 'consume_1_or_2_with_dataset_expressions', 'consume_1_or_both_2_and_3_with_dataset_expressions', 'dataset_consumes_unknown_never_scheduled', 'conditional_dataset_and_time_based_timetable', 'consume_1_and_2_with_dataset_expressions', 'dataset_produces_1' retrieved from /home/airflow/.local/lib/python3.12/site-packages/airflow/example_dags/example_datasets.py
[2026-04-13T10:48:05.623+0900] {logging_mixin.py:190} INFO - [2026-04-13T10:48:05.623+0900] {dag.py:3211} INFO - Sync 10 DAGs
[2026-04-13T10:48:05.637+0900] {logging_mixin.py:190} INFO - [2026-04-13T10:48:05.637+0900] {dag.py:4138} INFO - Setting next_dagrun for conditional_dataset_and_time_based_timetable to 2026-04-08 01:00:00+00:00, run_after=2026-04-08 01:00:00+00:00
[2026-04-13T10:48:05.640+0900] {logging_mixin.py:190} INFO - [2026-04-13T10:48:05.640+0900] {dag.py:4138} INFO - Setting next_dagrun for consume_1_and_2_with_dataset_expressions to None, run_after=None
[2026-04-13T10:48:05.641+0900] {logging_mixin.py:190} INFO - [2026-04-13T10:48:05.641+0900] {dag.py:4138} INFO - Setting next_dagrun for consume_1_or_2_with_dataset_expressions to None, run_after=None
[2026-04-13T10:48:05.642+0900] {logging_mixin.py:190} INFO - [2026-04-13T10:48:05.642+0900] {dag.py:4138} INFO - Setting next_dagrun for consume_1_or_both_2_and_3_with_dataset_expressions to None, run_after=None
[2026-04-13T10:48:05.643+0900] {logging_mixin.py:190} INFO - [2026-04-13T10:48:05.643+0900] {dag.py:4138} INFO - Setting next_dagrun for dataset_consumes_1 to None, run_after=None
[2026-04-13T10:48:05.644+0900] {logging_mixin.py:190} INFO - [2026-04-13T10:48:05.644+0900] {dag.py:4138} INFO - Setting next_dagrun for dataset_consumes_1_and_2 to None, run_after=None
[2026-04-13T10:48:05.646+0900] {logging_mixin.py:190} INFO - [2026-04-13T10:48:05.646+0900] {dag.py:4138} INFO - Setting next_dagrun for dataset_consumes_1_never_scheduled to None, run_after=None
[2026-04-13T10:48:05.647+0900] {logging_mixin.py:190} INFO - [2026-04-13T10:48:05.647+0900] {dag.py:4138} INFO - Setting next_dagrun for dataset_consumes_unknown_never_scheduled to None, run_after=None
[2026-04-13T10:48:05.649+0900] {logging_mixin.py:190} INFO - [2026-04-13T10:48:05.648+0900] {dag.py:4138} INFO - Setting next_dagrun for dataset_produces_1 to 2026-04-12 00:00:00+00:00, run_after=2026-04-13 00:00:00+00:00
[2026-04-13T10:48:05.650+0900] {logging_mixin.py:190} INFO - [2026-04-13T10:48:05.649+0900] {dag.py:4138} INFO - Setting next_dagrun for dataset_produces_2 to None, run_after=None
[2026-04-13T10:48:05.670+0900] {processor.py:208} INFO - Processing /home/airflow/.local/lib/python3.12/site-packages/airflow/example_dags/example_datasets.py took 0.353 seconds
[2026-04-13T10:48:36.655+0900] {processor.py:186} INFO - Started process (PID=14988) to work on /home/airflow/.local/lib/python3.12/site-packages/airflow/example_dags/example_datasets.py
[2026-04-13T10:48:36.656+0900] {processor.py:914} INFO - Processing file /home/airflow/.local/lib/python3.12/site-packages/airflow/example_dags/example_datasets.py for tasks to queue
[2026-04-13T10:48:36.657+0900] {logging_mixin.py:190} INFO - [2026-04-13T10:48:36.657+0900] {dagbag.py:587} INFO - Filling up the DagBag from /home/airflow/.local/lib/python3.12/site-packages/airflow/example_dags/example_datasets.py
[2026-04-13T10:48:36.770+0900] {processor.py:925} INFO - DAG(s) 'dataset_produces_2', 'consume_1_or_2_with_dataset_expressions', 'consume_1_and_2_with_dataset_expressions', 'dataset_consumes_unknown_never_scheduled', 'dataset_consumes_1', 'dataset_consumes_1_and_2', 'dataset_consumes_1_never_scheduled', 'conditional_dataset_and_time_based_timetable', 'consume_1_or_both_2_and_3_with_dataset_expressions', 'dataset_produces_1' retrieved from /home/airflow/.local/lib/python3.12/site-packages/airflow/example_dags/example_datasets.py
[2026-04-13T10:48:36.937+0900] {logging_mixin.py:190} INFO - [2026-04-13T10:48:36.937+0900] {dag.py:3211} INFO - Sync 10 DAGs
[2026-04-13T10:48:36.954+0900] {logging_mixin.py:190} INFO - [2026-04-13T10:48:36.954+0900] {dag.py:4138} INFO - Setting next_dagrun for conditional_dataset_and_time_based_timetable to 2026-04-08 01:00:00+00:00, run_after=2026-04-08 01:00:00+00:00
[2026-04-13T10:48:36.957+0900] {logging_mixin.py:190} INFO - [2026-04-13T10:48:36.956+0900] {dag.py:4138} INFO - Setting next_dagrun for consume_1_and_2_with_dataset_expressions to None, run_after=None
[2026-04-13T10:48:36.958+0900] {logging_mixin.py:190} INFO - [2026-04-13T10:48:36.958+0900] {dag.py:4138} INFO - Setting next_dagrun for consume_1_or_2_with_dataset_expressions to None, run_after=None
[2026-04-13T10:48:36.959+0900] {logging_mixin.py:190} INFO - [2026-04-13T10:48:36.959+0900] {dag.py:4138} INFO - Setting next_dagrun for consume_1_or_both_2_and_3_with_dataset_expressions to None, run_after=None
[2026-04-13T10:48:36.960+0900] {logging_mixin.py:190} INFO - [2026-04-13T10:48:36.960+0900] {dag.py:4138} INFO - Setting next_dagrun for dataset_consumes_1 to None, run_after=None
[2026-04-13T10:48:36.961+0900] {logging_mixin.py:190} INFO - [2026-04-13T10:48:36.961+0900] {dag.py:4138} INFO - Setting next_dagrun for dataset_consumes_1_and_2 to None, run_after=None
[2026-04-13T10:48:36.962+0900] {logging_mixin.py:190} INFO - [2026-04-13T10:48:36.962+0900] {dag.py:4138} INFO - Setting next_dagrun for dataset_consumes_1_never_scheduled to None, run_after=None
[2026-04-13T10:48:36.963+0900] {logging_mixin.py:190} INFO - [2026-04-13T10:48:36.963+0900] {dag.py:4138} INFO - Setting next_dagrun for dataset_consumes_unknown_never_scheduled to None, run_after=None
[2026-04-13T10:48:36.964+0900] {logging_mixin.py:190} INFO - [2026-04-13T10:48:36.964+0900] {dag.py:4138} INFO - Setting next_dagrun for dataset_produces_1 to 2026-04-12 00:00:00+00:00, run_after=2026-04-13 00:00:00+00:00
[2026-04-13T10:48:36.965+0900] {logging_mixin.py:190} INFO - [2026-04-13T10:48:36.965+0900] {dag.py:4138} INFO - Setting next_dagrun for dataset_produces_2 to None, run_after=None
[2026-04-13T10:48:36.988+0900] {processor.py:208} INFO - Processing /home/airflow/.local/lib/python3.12/site-packages/airflow/example_dags/example_datasets.py took 0.338 seconds
[2026-04-13T10:49:07.789+0900] {processor.py:186} INFO - Started process (PID=15058) to work on /home/airflow/.local/lib/python3.12/site-packages/airflow/example_dags/example_datasets.py
[2026-04-13T10:49:07.791+0900] {processor.py:914} INFO - Processing file /home/airflow/.local/lib/python3.12/site-packages/airflow/example_dags/example_datasets.py for tasks to queue
[2026-04-13T10:49:07.792+0900] {logging_mixin.py:190} INFO - [2026-04-13T10:49:07.792+0900] {dagbag.py:587} INFO - Filling up the DagBag from /home/airflow/.local/lib/python3.12/site-packages/airflow/example_dags/example_datasets.py
[2026-04-13T10:49:07.922+0900] {processor.py:925} INFO - DAG(s) 'dataset_produces_2', 'dataset_consumes_1_and_2', 'dataset_consumes_unknown_never_scheduled', 'dataset_produces_1', 'consume_1_and_2_with_dataset_expressions', 'dataset_consumes_1_never_scheduled', 'conditional_dataset_and_time_based_timetable', 'consume_1_or_both_2_and_3_with_dataset_expressions', 'consume_1_or_2_with_dataset_expressions', 'dataset_consumes_1' retrieved from /home/airflow/.local/lib/python3.12/site-packages/airflow/example_dags/example_datasets.py
[2026-04-13T10:49:08.134+0900] {logging_mixin.py:190} INFO - [2026-04-13T10:49:08.134+0900] {dag.py:3211} INFO - Sync 10 DAGs
[2026-04-13T10:49:08.152+0900] {logging_mixin.py:190} INFO - [2026-04-13T10:49:08.152+0900] {dag.py:4138} INFO - Setting next_dagrun for conditional_dataset_and_time_based_timetable to 2026-04-08 01:00:00+00:00, run_after=2026-04-08 01:00:00+00:00
[2026-04-13T10:49:08.155+0900] {logging_mixin.py:190} INFO - [2026-04-13T10:49:08.155+0900] {dag.py:4138} INFO - Setting next_dagrun for consume_1_and_2_with_dataset_expressions to None, run_after=None
[2026-04-13T10:49:08.156+0900] {logging_mixin.py:190} INFO - [2026-04-13T10:49:08.156+0900] {dag.py:4138} INFO - Setting next_dagrun for consume_1_or_2_with_dataset_expressions to None, run_after=None
[2026-04-13T10:49:08.157+0900] {logging_mixin.py:190} INFO - [2026-04-13T10:49:08.157+0900] {dag.py:4138} INFO - Setting next_dagrun for consume_1_or_both_2_and_3_with_dataset_expressions to None, run_after=None
[2026-04-13T10:49:08.159+0900] {logging_mixin.py:190} INFO - [2026-04-13T10:49:08.159+0900] {dag.py:4138} INFO - Setting next_dagrun for dataset_consumes_1 to None, run_after=None
[2026-04-13T10:49:08.160+0900] {logging_mixin.py:190} INFO - [2026-04-13T10:49:08.160+0900] {dag.py:4138} INFO - Setting next_dagrun for dataset_consumes_1_and_2 to None, run_after=None
[2026-04-13T10:49:08.161+0900] {logging_mixin.py:190} INFO - [2026-04-13T10:49:08.161+0900] {dag.py:4138} INFO - Setting next_dagrun for dataset_consumes_1_never_scheduled to None, run_after=None
[2026-04-13T10:49:08.162+0900] {logging_mixin.py:190} INFO - [2026-04-13T10:49:08.162+0900] {dag.py:4138} INFO - Setting next_dagrun for dataset_consumes_unknown_never_scheduled to None, run_after=None
[2026-04-13T10:49:08.164+0900] {logging_mixin.py:190} INFO - [2026-04-13T10:49:08.164+0900] {dag.py:4138} INFO - Setting next_dagrun for dataset_produces_1 to 2026-04-12 00:00:00+00:00, run_after=2026-04-13 00:00:00+00:00
[2026-04-13T10:49:08.166+0900] {logging_mixin.py:190} INFO - [2026-04-13T10:49:08.166+0900] {dag.py:4138} INFO - Setting next_dagrun for dataset_produces_2 to None, run_after=None
[2026-04-13T10:49:08.194+0900] {processor.py:208} INFO - Processing /home/airflow/.local/lib/python3.12/site-packages/airflow/example_dags/example_datasets.py took 0.411 seconds
[2026-04-13T10:49:38.231+0900] {processor.py:186} INFO - Started process (PID=15128) to work on /home/airflow/.local/lib/python3.12/site-packages/airflow/example_dags/example_datasets.py
[2026-04-13T10:49:38.232+0900] {processor.py:914} INFO - Processing file /home/airflow/.local/lib/python3.12/site-packages/airflow/example_dags/example_datasets.py for tasks to queue
[2026-04-13T10:49:38.233+0900] {logging_mixin.py:190} INFO - [2026-04-13T10:49:38.233+0900] {dagbag.py:587} INFO - Filling up the DagBag from /home/airflow/.local/lib/python3.12/site-packages/airflow/example_dags/example_datasets.py
[2026-04-13T10:49:38.489+0900] {processor.py:925} INFO - DAG(s) 'dataset_consumes_1', 'consume_1_or_both_2_and_3_with_dataset_expressions', 'dataset_produces_1', 'dataset_consumes_unknown_never_scheduled', 'dataset_produces_2', 'dataset_consumes_1_and_2', 'consume_1_or_2_with_dataset_expressions', 'dataset_consumes_1_never_scheduled', 'consume_1_and_2_with_dataset_expressions', 'conditional_dataset_and_time_based_timetable' retrieved from /home/airflow/.local/lib/python3.12/site-packages/airflow/example_dags/example_datasets.py
[2026-04-13T10:49:38.518+0900] {logging_mixin.py:190} INFO - [2026-04-13T10:49:38.518+0900] {dag.py:3211} INFO - Sync 10 DAGs
[2026-04-13T10:49:38.534+0900] {logging_mixin.py:190} INFO - [2026-04-13T10:49:38.533+0900] {dag.py:4138} INFO - Setting next_dagrun for conditional_dataset_and_time_based_timetable to 2026-04-08 01:00:00+00:00, run_after=2026-04-08 01:00:00+00:00
[2026-04-13T10:49:38.537+0900] {logging_mixin.py:190} INFO - [2026-04-13T10:49:38.537+0900] {dag.py:4138} INFO - Setting next_dagrun for consume_1_and_2_with_dataset_expressions to None, run_after=None
[2026-04-13T10:49:38.538+0900] {logging_mixin.py:190} INFO - [2026-04-13T10:49:38.538+0900] {dag.py:4138} INFO - Setting next_dagrun for consume_1_or_2_with_dataset_expressions to None, run_after=None
[2026-04-13T10:49:38.540+0900] {logging_mixin.py:190} INFO - [2026-04-13T10:49:38.540+0900] {dag.py:4138} INFO - Setting next_dagrun for consume_1_or_both_2_and_3_with_dataset_expressions to None, run_after=None
[2026-04-13T10:49:38.542+0900] {logging_mixin.py:190} INFO - [2026-04-13T10:49:38.542+0900] {dag.py:4138} INFO - Setting next_dagrun for dataset_consumes_1 to None, run_after=None
[2026-04-13T10:49:38.543+0900] {logging_mixin.py:190} INFO - [2026-04-13T10:49:38.543+0900] {dag.py:4138} INFO - Setting next_dagrun for dataset_consumes_1_and_2 to None, run_after=None
[2026-04-13T10:49:38.545+0900] {logging_mixin.py:190} INFO - [2026-04-13T10:49:38.545+0900] {dag.py:4138} INFO - Setting next_dagrun for dataset_consumes_1_never_scheduled to None, run_after=None
[2026-04-13T10:49:38.546+0900] {logging_mixin.py:190} INFO - [2026-04-13T10:49:38.546+0900] {dag.py:4138} INFO - Setting next_dagrun for dataset_consumes_unknown_never_scheduled to None, run_after=None
[2026-04-13T10:49:38.548+0900] {logging_mixin.py:190} INFO - [2026-04-13T10:49:38.548+0900] {dag.py:4138} INFO - Setting next_dagrun for dataset_produces_1 to 2026-04-12 00:00:00+00:00, run_after=2026-04-13 00:00:00+00:00
[2026-04-13T10:49:38.549+0900] {logging_mixin.py:190} INFO - [2026-04-13T10:49:38.549+0900] {dag.py:4138} INFO - Setting next_dagrun for dataset_produces_2 to None, run_after=None
[2026-04-13T10:49:38.570+0900] {processor.py:208} INFO - Processing /home/airflow/.local/lib/python3.12/site-packages/airflow/example_dags/example_datasets.py took 0.344 seconds
[2026-04-13T10:50:08.656+0900] {processor.py:186} INFO - Started process (PID=15198) to work on /home/airflow/.local/lib/python3.12/site-packages/airflow/example_dags/example_datasets.py
[2026-04-13T10:50:08.657+0900] {processor.py:914} INFO - Processing file /home/airflow/.local/lib/python3.12/site-packages/airflow/example_dags/example_datasets.py for tasks to queue
[2026-04-13T10:50:08.658+0900] {logging_mixin.py:190} INFO - [2026-04-13T10:50:08.657+0900] {dagbag.py:587} INFO - Filling up the DagBag from /home/airflow/.local/lib/python3.12/site-packages/airflow/example_dags/example_datasets.py
[2026-04-13T10:50:08.921+0900] {processor.py:925} INFO - DAG(s) 'dataset_produces_1', 'consume_1_and_2_with_dataset_expressions', 'consume_1_or_2_with_dataset_expressions', 'dataset_consumes_1_never_scheduled', 'consume_1_or_both_2_and_3_with_dataset_expressions', 'dataset_produces_2', 'dataset_consumes_1_and_2', 'conditional_dataset_and_time_based_timetable', 'dataset_consumes_unknown_never_scheduled', 'dataset_consumes_1' retrieved from /home/airflow/.local/lib/python3.12/site-packages/airflow/example_dags/example_datasets.py
[2026-04-13T10:50:08.947+0900] {logging_mixin.py:190} INFO - [2026-04-13T10:50:08.947+0900] {dag.py:3211} INFO - Sync 10 DAGs
[2026-04-13T10:50:08.962+0900] {logging_mixin.py:190} INFO - [2026-04-13T10:50:08.961+0900] {dag.py:4138} INFO - Setting next_dagrun for conditional_dataset_and_time_based_timetable to 2026-04-08 01:00:00+00:00, run_after=2026-04-08 01:00:00+00:00
[2026-04-13T10:50:08.964+0900] {logging_mixin.py:190} INFO - [2026-04-13T10:50:08.964+0900] {dag.py:4138} INFO - Setting next_dagrun for consume_1_and_2_with_dataset_expressions to None, run_after=None
[2026-04-13T10:50:08.966+0900] {logging_mixin.py:190} INFO - [2026-04-13T10:50:08.966+0900] {dag.py:4138} INFO - Setting next_dagrun for consume_1_or_2_with_dataset_expressions to None, run_after=None
[2026-04-13T10:50:08.967+0900] {logging_mixin.py:190} INFO - [2026-04-13T10:50:08.967+0900] {dag.py:4138} INFO - Setting next_dagrun for consume_1_or_both_2_and_3_with_dataset_expressions to None, run_after=None
[2026-04-13T10:50:08.968+0900] {logging_mixin.py:190} INFO - [2026-04-13T10:50:08.968+0900] {dag.py:4138} INFO - Setting next_dagrun for dataset_consumes_1 to None, run_after=None
[2026-04-13T10:50:08.969+0900] {logging_mixin.py:190} INFO - [2026-04-13T10:50:08.969+0900] {dag.py:4138} INFO - Setting next_dagrun for dataset_consumes_1_and_2 to None, run_after=None
[2026-04-13T10:50:08.970+0900] {logging_mixin.py:190} INFO - [2026-04-13T10:50:08.970+0900] {dag.py:4138} INFO - Setting next_dagrun for dataset_consumes_1_never_scheduled to None, run_after=None
[2026-04-13T10:50:08.971+0900] {logging_mixin.py:190} INFO - [2026-04-13T10:50:08.971+0900] {dag.py:4138} INFO - Setting next_dagrun for dataset_consumes_unknown_never_scheduled to None, run_after=None
[2026-04-13T10:50:08.973+0900] {logging_mixin.py:190} INFO - [2026-04-13T10:50:08.973+0900] {dag.py:4138} INFO - Setting next_dagrun for dataset_produces_1 to 2026-04-12 00:00:00+00:00, run_after=2026-04-13 00:00:00+00:00
[2026-04-13T10:50:08.974+0900] {logging_mixin.py:190} INFO - [2026-04-13T10:50:08.974+0900] {dag.py:4138} INFO - Setting next_dagrun for dataset_produces_2 to None, run_after=None
[2026-04-13T10:50:08.993+0900] {processor.py:208} INFO - Processing /home/airflow/.local/lib/python3.12/site-packages/airflow/example_dags/example_datasets.py took 0.342 seconds
