[2026-04-13T10:47:52.181+0900] {processor.py:186} INFO - Started process (PID=14893) to work on /home/airflow/.local/lib/python3.12/site-packages/airflow/example_dags/example_short_circuit_operator.py
[2026-04-13T10:47:52.182+0900] {processor.py:914} INFO - Processing file /home/airflow/.local/lib/python3.12/site-packages/airflow/example_dags/example_short_circuit_operator.py for tasks to queue
[2026-04-13T10:47:52.183+0900] {logging_mixin.py:190} INFO - [2026-04-13T10:47:52.182+0900] {dagbag.py:587} INFO - Filling up the DagBag from /home/airflow/.local/lib/python3.12/site-packages/airflow/example_dags/example_short_circuit_operator.py
[2026-04-13T10:47:52.191+0900] {processor.py:925} INFO - DAG(s) 'example_short_circuit_operator' retrieved from /home/airflow/.local/lib/python3.12/site-packages/airflow/example_dags/example_short_circuit_operator.py
[2026-04-13T10:47:52.210+0900] {logging_mixin.py:190} INFO - [2026-04-13T10:47:52.210+0900] {dag.py:3211} INFO - Sync 1 DAGs
[2026-04-13T10:47:52.227+0900] {logging_mixin.py:190} INFO - [2026-04-13T10:47:52.227+0900] {dag.py:4138} INFO - Setting next_dagrun for example_short_circuit_operator to 2026-04-12 00:00:00+00:00, run_after=2026-04-13 00:00:00+00:00
[2026-04-13T10:47:52.241+0900] {processor.py:208} INFO - Processing /home/airflow/.local/lib/python3.12/site-packages/airflow/example_dags/example_short_circuit_operator.py took 0.065 seconds
[2026-04-13T10:48:22.571+0900] {processor.py:186} INFO - Started process (PID=14963) to work on /home/airflow/.local/lib/python3.12/site-packages/airflow/example_dags/example_short_circuit_operator.py
[2026-04-13T10:48:22.572+0900] {processor.py:914} INFO - Processing file /home/airflow/.local/lib/python3.12/site-packages/airflow/example_dags/example_short_circuit_operator.py for tasks to queue
[2026-04-13T10:48:22.573+0900] {logging_mixin.py:190} INFO - [2026-04-13T10:48:22.572+0900] {dagbag.py:587} INFO - Filling up the DagBag from /home/airflow/.local/lib/python3.12/site-packages/airflow/example_dags/example_short_circuit_operator.py
[2026-04-13T10:48:22.580+0900] {processor.py:925} INFO - DAG(s) 'example_short_circuit_operator' retrieved from /home/airflow/.local/lib/python3.12/site-packages/airflow/example_dags/example_short_circuit_operator.py
[2026-04-13T10:48:22.597+0900] {logging_mixin.py:190} INFO - [2026-04-13T10:48:22.597+0900] {dag.py:3211} INFO - Sync 1 DAGs
[2026-04-13T10:48:22.612+0900] {logging_mixin.py:190} INFO - [2026-04-13T10:48:22.612+0900] {dag.py:4138} INFO - Setting next_dagrun for example_short_circuit_operator to 2026-04-12 00:00:00+00:00, run_after=2026-04-13 00:00:00+00:00
[2026-04-13T10:48:22.625+0900] {processor.py:208} INFO - Processing /home/airflow/.local/lib/python3.12/site-packages/airflow/example_dags/example_short_circuit_operator.py took 0.059 seconds
[2026-04-13T10:48:52.691+0900] {processor.py:186} INFO - Started process (PID=15034) to work on /home/airflow/.local/lib/python3.12/site-packages/airflow/example_dags/example_short_circuit_operator.py
[2026-04-13T10:48:52.692+0900] {processor.py:914} INFO - Processing file /home/airflow/.local/lib/python3.12/site-packages/airflow/example_dags/example_short_circuit_operator.py for tasks to queue
[2026-04-13T10:48:52.694+0900] {logging_mixin.py:190} INFO - [2026-04-13T10:48:52.693+0900] {dagbag.py:587} INFO - Filling up the DagBag from /home/airflow/.local/lib/python3.12/site-packages/airflow/example_dags/example_short_circuit_operator.py
[2026-04-13T10:48:52.702+0900] {processor.py:925} INFO - DAG(s) 'example_short_circuit_operator' retrieved from /home/airflow/.local/lib/python3.12/site-packages/airflow/example_dags/example_short_circuit_operator.py
[2026-04-13T10:48:52.718+0900] {logging_mixin.py:190} INFO - [2026-04-13T10:48:52.718+0900] {dag.py:3211} INFO - Sync 1 DAGs
[2026-04-13T10:48:52.735+0900] {logging_mixin.py:190} INFO - [2026-04-13T10:48:52.735+0900] {dag.py:4138} INFO - Setting next_dagrun for example_short_circuit_operator to 2026-04-12 00:00:00+00:00, run_after=2026-04-13 00:00:00+00:00
[2026-04-13T10:48:52.748+0900] {processor.py:208} INFO - Processing /home/airflow/.local/lib/python3.12/site-packages/airflow/example_dags/example_short_circuit_operator.py took 0.062 seconds
[2026-04-13T10:49:23.088+0900] {processor.py:186} INFO - Started process (PID=15104) to work on /home/airflow/.local/lib/python3.12/site-packages/airflow/example_dags/example_short_circuit_operator.py
[2026-04-13T10:49:23.089+0900] {processor.py:914} INFO - Processing file /home/airflow/.local/lib/python3.12/site-packages/airflow/example_dags/example_short_circuit_operator.py for tasks to queue
[2026-04-13T10:49:23.090+0900] {logging_mixin.py:190} INFO - [2026-04-13T10:49:23.090+0900] {dagbag.py:587} INFO - Filling up the DagBag from /home/airflow/.local/lib/python3.12/site-packages/airflow/example_dags/example_short_circuit_operator.py
[2026-04-13T10:49:23.099+0900] {processor.py:925} INFO - DAG(s) 'example_short_circuit_operator' retrieved from /home/airflow/.local/lib/python3.12/site-packages/airflow/example_dags/example_short_circuit_operator.py
[2026-04-13T10:49:23.115+0900] {logging_mixin.py:190} INFO - [2026-04-13T10:49:23.115+0900] {dag.py:3211} INFO - Sync 1 DAGs
[2026-04-13T10:49:23.131+0900] {logging_mixin.py:190} INFO - [2026-04-13T10:49:23.131+0900] {dag.py:4138} INFO - Setting next_dagrun for example_short_circuit_operator to 2026-04-12 00:00:00+00:00, run_after=2026-04-13 00:00:00+00:00
[2026-04-13T10:49:23.144+0900] {processor.py:208} INFO - Processing /home/airflow/.local/lib/python3.12/site-packages/airflow/example_dags/example_short_circuit_operator.py took 0.061 seconds
[2026-04-13T10:49:53.479+0900] {processor.py:186} INFO - Started process (PID=15174) to work on /home/airflow/.local/lib/python3.12/site-packages/airflow/example_dags/example_short_circuit_operator.py
[2026-04-13T10:49:53.480+0900] {processor.py:914} INFO - Processing file /home/airflow/.local/lib/python3.12/site-packages/airflow/example_dags/example_short_circuit_operator.py for tasks to queue
[2026-04-13T10:49:53.481+0900] {logging_mixin.py:190} INFO - [2026-04-13T10:49:53.481+0900] {dagbag.py:587} INFO - Filling up the DagBag from /home/airflow/.local/lib/python3.12/site-packages/airflow/example_dags/example_short_circuit_operator.py
[2026-04-13T10:49:53.489+0900] {processor.py:925} INFO - DAG(s) 'example_short_circuit_operator' retrieved from /home/airflow/.local/lib/python3.12/site-packages/airflow/example_dags/example_short_circuit_operator.py
[2026-04-13T10:49:53.505+0900] {logging_mixin.py:190} INFO - [2026-04-13T10:49:53.505+0900] {dag.py:3211} INFO - Sync 1 DAGs
[2026-04-13T10:49:53.521+0900] {logging_mixin.py:190} INFO - [2026-04-13T10:49:53.521+0900] {dag.py:4138} INFO - Setting next_dagrun for example_short_circuit_operator to 2026-04-12 00:00:00+00:00, run_after=2026-04-13 00:00:00+00:00
[2026-04-13T10:49:53.533+0900] {processor.py:208} INFO - Processing /home/airflow/.local/lib/python3.12/site-packages/airflow/example_dags/example_short_circuit_operator.py took 0.058 seconds
[2026-04-13T10:50:23.881+0900] {processor.py:186} INFO - Started process (PID=15244) to work on /home/airflow/.local/lib/python3.12/site-packages/airflow/example_dags/example_short_circuit_operator.py
[2026-04-13T10:50:23.881+0900] {processor.py:914} INFO - Processing file /home/airflow/.local/lib/python3.12/site-packages/airflow/example_dags/example_short_circuit_operator.py for tasks to queue
[2026-04-13T10:50:23.883+0900] {logging_mixin.py:190} INFO - [2026-04-13T10:50:23.883+0900] {dagbag.py:587} INFO - Filling up the DagBag from /home/airflow/.local/lib/python3.12/site-packages/airflow/example_dags/example_short_circuit_operator.py
[2026-04-13T10:50:23.891+0900] {processor.py:925} INFO - DAG(s) 'example_short_circuit_operator' retrieved from /home/airflow/.local/lib/python3.12/site-packages/airflow/example_dags/example_short_circuit_operator.py
[2026-04-13T10:50:23.908+0900] {logging_mixin.py:190} INFO - [2026-04-13T10:50:23.907+0900] {dag.py:3211} INFO - Sync 1 DAGs
[2026-04-13T10:50:23.925+0900] {logging_mixin.py:190} INFO - [2026-04-13T10:50:23.925+0900] {dag.py:4138} INFO - Setting next_dagrun for example_short_circuit_operator to 2026-04-12 00:00:00+00:00, run_after=2026-04-13 00:00:00+00:00
[2026-04-13T10:50:23.938+0900] {processor.py:208} INFO - Processing /home/airflow/.local/lib/python3.12/site-packages/airflow/example_dags/example_short_circuit_operator.py took 0.062 seconds
