[2026-04-13T10:47:51.452+0900] {processor.py:186} INFO - Started process (PID=14884) to work on /home/airflow/.local/lib/python3.12/site-packages/airflow/example_dags/example_nested_branch_dag.py
[2026-04-13T10:47:51.453+0900] {processor.py:914} INFO - Processing file /home/airflow/.local/lib/python3.12/site-packages/airflow/example_dags/example_nested_branch_dag.py for tasks to queue
[2026-04-13T10:47:51.454+0900] {logging_mixin.py:190} INFO - [2026-04-13T10:47:51.454+0900] {dagbag.py:587} INFO - Filling up the DagBag from /home/airflow/.local/lib/python3.12/site-packages/airflow/example_dags/example_nested_branch_dag.py
[2026-04-13T10:47:51.463+0900] {processor.py:925} INFO - DAG(s) 'example_nested_branch_dag' retrieved from /home/airflow/.local/lib/python3.12/site-packages/airflow/example_dags/example_nested_branch_dag.py
[2026-04-13T10:47:51.480+0900] {logging_mixin.py:190} INFO - [2026-04-13T10:47:51.480+0900] {dag.py:3211} INFO - Sync 1 DAGs
[2026-04-13T10:47:51.497+0900] {logging_mixin.py:190} INFO - [2026-04-13T10:47:51.497+0900] {dag.py:4138} INFO - Setting next_dagrun for example_nested_branch_dag to 2026-04-12 00:00:00+00:00, run_after=2026-04-13 00:00:00+00:00
[2026-04-13T10:47:51.510+0900] {processor.py:208} INFO - Processing /home/airflow/.local/lib/python3.12/site-packages/airflow/example_dags/example_nested_branch_dag.py took 0.063 seconds
[2026-04-13T10:48:21.893+0900] {processor.py:186} INFO - Started process (PID=14954) to work on /home/airflow/.local/lib/python3.12/site-packages/airflow/example_dags/example_nested_branch_dag.py
[2026-04-13T10:48:21.895+0900] {processor.py:914} INFO - Processing file /home/airflow/.local/lib/python3.12/site-packages/airflow/example_dags/example_nested_branch_dag.py for tasks to queue
[2026-04-13T10:48:21.896+0900] {logging_mixin.py:190} INFO - [2026-04-13T10:48:21.896+0900] {dagbag.py:587} INFO - Filling up the DagBag from /home/airflow/.local/lib/python3.12/site-packages/airflow/example_dags/example_nested_branch_dag.py
[2026-04-13T10:48:21.906+0900] {processor.py:925} INFO - DAG(s) 'example_nested_branch_dag' retrieved from /home/airflow/.local/lib/python3.12/site-packages/airflow/example_dags/example_nested_branch_dag.py
[2026-04-13T10:48:21.923+0900] {logging_mixin.py:190} INFO - [2026-04-13T10:48:21.923+0900] {dag.py:3211} INFO - Sync 1 DAGs
[2026-04-13T10:48:21.942+0900] {logging_mixin.py:190} INFO - [2026-04-13T10:48:21.942+0900] {dag.py:4138} INFO - Setting next_dagrun for example_nested_branch_dag to 2026-04-12 00:00:00+00:00, run_after=2026-04-13 00:00:00+00:00
[2026-04-13T10:48:21.960+0900] {processor.py:208} INFO - Processing /home/airflow/.local/lib/python3.12/site-packages/airflow/example_dags/example_nested_branch_dag.py took 0.071 seconds
[2026-04-13T10:48:52.128+0900] {processor.py:186} INFO - Started process (PID=15025) to work on /home/airflow/.local/lib/python3.12/site-packages/airflow/example_dags/example_nested_branch_dag.py
[2026-04-13T10:48:52.129+0900] {processor.py:914} INFO - Processing file /home/airflow/.local/lib/python3.12/site-packages/airflow/example_dags/example_nested_branch_dag.py for tasks to queue
[2026-04-13T10:48:52.130+0900] {logging_mixin.py:190} INFO - [2026-04-13T10:48:52.130+0900] {dagbag.py:587} INFO - Filling up the DagBag from /home/airflow/.local/lib/python3.12/site-packages/airflow/example_dags/example_nested_branch_dag.py
[2026-04-13T10:48:52.139+0900] {processor.py:925} INFO - DAG(s) 'example_nested_branch_dag' retrieved from /home/airflow/.local/lib/python3.12/site-packages/airflow/example_dags/example_nested_branch_dag.py
[2026-04-13T10:48:52.156+0900] {logging_mixin.py:190} INFO - [2026-04-13T10:48:52.156+0900] {dag.py:3211} INFO - Sync 1 DAGs
[2026-04-13T10:48:52.172+0900] {logging_mixin.py:190} INFO - [2026-04-13T10:48:52.172+0900] {dag.py:4138} INFO - Setting next_dagrun for example_nested_branch_dag to 2026-04-12 00:00:00+00:00, run_after=2026-04-13 00:00:00+00:00
[2026-04-13T10:48:52.185+0900] {processor.py:208} INFO - Processing /home/airflow/.local/lib/python3.12/site-packages/airflow/example_dags/example_nested_branch_dag.py took 0.061 seconds
[2026-04-13T10:49:22.663+0900] {processor.py:186} INFO - Started process (PID=15095) to work on /home/airflow/.local/lib/python3.12/site-packages/airflow/example_dags/example_nested_branch_dag.py
[2026-04-13T10:49:22.664+0900] {processor.py:914} INFO - Processing file /home/airflow/.local/lib/python3.12/site-packages/airflow/example_dags/example_nested_branch_dag.py for tasks to queue
[2026-04-13T10:49:22.665+0900] {logging_mixin.py:190} INFO - [2026-04-13T10:49:22.665+0900] {dagbag.py:587} INFO - Filling up the DagBag from /home/airflow/.local/lib/python3.12/site-packages/airflow/example_dags/example_nested_branch_dag.py
[2026-04-13T10:49:22.674+0900] {processor.py:925} INFO - DAG(s) 'example_nested_branch_dag' retrieved from /home/airflow/.local/lib/python3.12/site-packages/airflow/example_dags/example_nested_branch_dag.py
[2026-04-13T10:49:22.691+0900] {logging_mixin.py:190} INFO - [2026-04-13T10:49:22.691+0900] {dag.py:3211} INFO - Sync 1 DAGs
[2026-04-13T10:49:22.708+0900] {logging_mixin.py:190} INFO - [2026-04-13T10:49:22.708+0900] {dag.py:4138} INFO - Setting next_dagrun for example_nested_branch_dag to 2026-04-12 00:00:00+00:00, run_after=2026-04-13 00:00:00+00:00
[2026-04-13T10:49:22.722+0900] {processor.py:208} INFO - Processing /home/airflow/.local/lib/python3.12/site-packages/airflow/example_dags/example_nested_branch_dag.py took 0.063 seconds
[2026-04-13T10:49:52.947+0900] {processor.py:186} INFO - Started process (PID=15165) to work on /home/airflow/.local/lib/python3.12/site-packages/airflow/example_dags/example_nested_branch_dag.py
[2026-04-13T10:49:52.949+0900] {processor.py:914} INFO - Processing file /home/airflow/.local/lib/python3.12/site-packages/airflow/example_dags/example_nested_branch_dag.py for tasks to queue
[2026-04-13T10:49:52.950+0900] {logging_mixin.py:190} INFO - [2026-04-13T10:49:52.949+0900] {dagbag.py:587} INFO - Filling up the DagBag from /home/airflow/.local/lib/python3.12/site-packages/airflow/example_dags/example_nested_branch_dag.py
[2026-04-13T10:49:52.959+0900] {processor.py:925} INFO - DAG(s) 'example_nested_branch_dag' retrieved from /home/airflow/.local/lib/python3.12/site-packages/airflow/example_dags/example_nested_branch_dag.py
[2026-04-13T10:49:52.976+0900] {logging_mixin.py:190} INFO - [2026-04-13T10:49:52.975+0900] {dag.py:3211} INFO - Sync 1 DAGs
[2026-04-13T10:49:52.992+0900] {logging_mixin.py:190} INFO - [2026-04-13T10:49:52.992+0900] {dag.py:4138} INFO - Setting next_dagrun for example_nested_branch_dag to 2026-04-12 00:00:00+00:00, run_after=2026-04-13 00:00:00+00:00
[2026-04-13T10:49:53.005+0900] {processor.py:208} INFO - Processing /home/airflow/.local/lib/python3.12/site-packages/airflow/example_dags/example_nested_branch_dag.py took 0.063 seconds
[2026-04-13T10:50:23.419+0900] {processor.py:186} INFO - Started process (PID=15235) to work on /home/airflow/.local/lib/python3.12/site-packages/airflow/example_dags/example_nested_branch_dag.py
[2026-04-13T10:50:23.421+0900] {processor.py:914} INFO - Processing file /home/airflow/.local/lib/python3.12/site-packages/airflow/example_dags/example_nested_branch_dag.py for tasks to queue
[2026-04-13T10:50:23.422+0900] {logging_mixin.py:190} INFO - [2026-04-13T10:50:23.422+0900] {dagbag.py:587} INFO - Filling up the DagBag from /home/airflow/.local/lib/python3.12/site-packages/airflow/example_dags/example_nested_branch_dag.py
[2026-04-13T10:50:23.431+0900] {processor.py:925} INFO - DAG(s) 'example_nested_branch_dag' retrieved from /home/airflow/.local/lib/python3.12/site-packages/airflow/example_dags/example_nested_branch_dag.py
[2026-04-13T10:50:23.449+0900] {logging_mixin.py:190} INFO - [2026-04-13T10:50:23.448+0900] {dag.py:3211} INFO - Sync 1 DAGs
[2026-04-13T10:50:23.467+0900] {logging_mixin.py:190} INFO - [2026-04-13T10:50:23.467+0900] {dag.py:4138} INFO - Setting next_dagrun for example_nested_branch_dag to 2026-04-12 00:00:00+00:00, run_after=2026-04-13 00:00:00+00:00
[2026-04-13T10:50:23.481+0900] {processor.py:208} INFO - Processing /home/airflow/.local/lib/python3.12/site-packages/airflow/example_dags/example_nested_branch_dag.py took 0.067 seconds
