[2026-04-13T10:47:54.742+0900] {processor.py:186} INFO - Started process (PID=14903) to work on /home/airflow/.local/lib/python3.12/site-packages/airflow/example_dags/example_task_group.py
[2026-04-13T10:47:54.744+0900] {processor.py:914} INFO - Processing file /home/airflow/.local/lib/python3.12/site-packages/airflow/example_dags/example_task_group.py for tasks to queue
[2026-04-13T10:47:54.745+0900] {logging_mixin.py:190} INFO - [2026-04-13T10:47:54.745+0900] {dagbag.py:587} INFO - Filling up the DagBag from /home/airflow/.local/lib/python3.12/site-packages/airflow/example_dags/example_task_group.py
[2026-04-13T10:47:54.756+0900] {processor.py:925} INFO - DAG(s) 'example_task_group' retrieved from /home/airflow/.local/lib/python3.12/site-packages/airflow/example_dags/example_task_group.py
[2026-04-13T10:47:54.779+0900] {logging_mixin.py:190} INFO - [2026-04-13T10:47:54.779+0900] {dag.py:3211} INFO - Sync 1 DAGs
[2026-04-13T10:47:54.804+0900] {logging_mixin.py:190} INFO - [2026-04-13T10:47:54.804+0900] {dag.py:4138} INFO - Setting next_dagrun for example_task_group to 2026-04-12 00:00:00+00:00, run_after=2026-04-13 00:00:00+00:00
[2026-04-13T10:47:54.821+0900] {processor.py:208} INFO - Processing /home/airflow/.local/lib/python3.12/site-packages/airflow/example_dags/example_task_group.py took 0.084 seconds
[2026-04-13T10:48:25.003+0900] {processor.py:186} INFO - Started process (PID=14972) to work on /home/airflow/.local/lib/python3.12/site-packages/airflow/example_dags/example_task_group.py
[2026-04-13T10:48:25.003+0900] {processor.py:914} INFO - Processing file /home/airflow/.local/lib/python3.12/site-packages/airflow/example_dags/example_task_group.py for tasks to queue
[2026-04-13T10:48:25.004+0900] {logging_mixin.py:190} INFO - [2026-04-13T10:48:25.004+0900] {dagbag.py:587} INFO - Filling up the DagBag from /home/airflow/.local/lib/python3.12/site-packages/airflow/example_dags/example_task_group.py
[2026-04-13T10:48:25.012+0900] {processor.py:925} INFO - DAG(s) 'example_task_group' retrieved from /home/airflow/.local/lib/python3.12/site-packages/airflow/example_dags/example_task_group.py
[2026-04-13T10:48:25.027+0900] {logging_mixin.py:190} INFO - [2026-04-13T10:48:25.026+0900] {dag.py:3211} INFO - Sync 1 DAGs
[2026-04-13T10:48:25.042+0900] {logging_mixin.py:190} INFO - [2026-04-13T10:48:25.042+0900] {dag.py:4138} INFO - Setting next_dagrun for example_task_group to 2026-04-12 00:00:00+00:00, run_after=2026-04-13 00:00:00+00:00
[2026-04-13T10:48:25.054+0900] {processor.py:208} INFO - Processing /home/airflow/.local/lib/python3.12/site-packages/airflow/example_dags/example_task_group.py took 0.055 seconds
[2026-04-13T10:48:55.130+0900] {processor.py:186} INFO - Started process (PID=15043) to work on /home/airflow/.local/lib/python3.12/site-packages/airflow/example_dags/example_task_group.py
[2026-04-13T10:48:55.131+0900] {processor.py:914} INFO - Processing file /home/airflow/.local/lib/python3.12/site-packages/airflow/example_dags/example_task_group.py for tasks to queue
[2026-04-13T10:48:55.132+0900] {logging_mixin.py:190} INFO - [2026-04-13T10:48:55.132+0900] {dagbag.py:587} INFO - Filling up the DagBag from /home/airflow/.local/lib/python3.12/site-packages/airflow/example_dags/example_task_group.py
[2026-04-13T10:48:55.140+0900] {processor.py:925} INFO - DAG(s) 'example_task_group' retrieved from /home/airflow/.local/lib/python3.12/site-packages/airflow/example_dags/example_task_group.py
[2026-04-13T10:48:55.156+0900] {logging_mixin.py:190} INFO - [2026-04-13T10:48:55.156+0900] {dag.py:3211} INFO - Sync 1 DAGs
[2026-04-13T10:48:55.172+0900] {logging_mixin.py:190} INFO - [2026-04-13T10:48:55.171+0900] {dag.py:4138} INFO - Setting next_dagrun for example_task_group to 2026-04-12 00:00:00+00:00, run_after=2026-04-13 00:00:00+00:00
[2026-04-13T10:48:55.185+0900] {processor.py:208} INFO - Processing /home/airflow/.local/lib/python3.12/site-packages/airflow/example_dags/example_task_group.py took 0.059 seconds
[2026-04-13T10:49:25.429+0900] {processor.py:186} INFO - Started process (PID=15113) to work on /home/airflow/.local/lib/python3.12/site-packages/airflow/example_dags/example_task_group.py
[2026-04-13T10:49:25.430+0900] {processor.py:914} INFO - Processing file /home/airflow/.local/lib/python3.12/site-packages/airflow/example_dags/example_task_group.py for tasks to queue
[2026-04-13T10:49:25.431+0900] {logging_mixin.py:190} INFO - [2026-04-13T10:49:25.431+0900] {dagbag.py:587} INFO - Filling up the DagBag from /home/airflow/.local/lib/python3.12/site-packages/airflow/example_dags/example_task_group.py
[2026-04-13T10:49:25.439+0900] {processor.py:925} INFO - DAG(s) 'example_task_group' retrieved from /home/airflow/.local/lib/python3.12/site-packages/airflow/example_dags/example_task_group.py
[2026-04-13T10:49:25.454+0900] {logging_mixin.py:190} INFO - [2026-04-13T10:49:25.454+0900] {dag.py:3211} INFO - Sync 1 DAGs
[2026-04-13T10:49:25.470+0900] {logging_mixin.py:190} INFO - [2026-04-13T10:49:25.470+0900] {dag.py:4138} INFO - Setting next_dagrun for example_task_group to 2026-04-12 00:00:00+00:00, run_after=2026-04-13 00:00:00+00:00
[2026-04-13T10:49:25.488+0900] {processor.py:208} INFO - Processing /home/airflow/.local/lib/python3.12/site-packages/airflow/example_dags/example_task_group.py took 0.063 seconds
[2026-04-13T10:49:55.865+0900] {processor.py:186} INFO - Started process (PID=15183) to work on /home/airflow/.local/lib/python3.12/site-packages/airflow/example_dags/example_task_group.py
[2026-04-13T10:49:55.865+0900] {processor.py:914} INFO - Processing file /home/airflow/.local/lib/python3.12/site-packages/airflow/example_dags/example_task_group.py for tasks to queue
[2026-04-13T10:49:55.866+0900] {logging_mixin.py:190} INFO - [2026-04-13T10:49:55.866+0900] {dagbag.py:587} INFO - Filling up the DagBag from /home/airflow/.local/lib/python3.12/site-packages/airflow/example_dags/example_task_group.py
[2026-04-13T10:49:55.874+0900] {processor.py:925} INFO - DAG(s) 'example_task_group' retrieved from /home/airflow/.local/lib/python3.12/site-packages/airflow/example_dags/example_task_group.py
[2026-04-13T10:49:55.889+0900] {logging_mixin.py:190} INFO - [2026-04-13T10:49:55.889+0900] {dag.py:3211} INFO - Sync 1 DAGs
[2026-04-13T10:49:55.904+0900] {logging_mixin.py:190} INFO - [2026-04-13T10:49:55.903+0900] {dag.py:4138} INFO - Setting next_dagrun for example_task_group to 2026-04-12 00:00:00+00:00, run_after=2026-04-13 00:00:00+00:00
[2026-04-13T10:49:55.921+0900] {processor.py:208} INFO - Processing /home/airflow/.local/lib/python3.12/site-packages/airflow/example_dags/example_task_group.py took 0.061 seconds
[2026-04-13T10:50:26.279+0900] {processor.py:186} INFO - Started process (PID=15253) to work on /home/airflow/.local/lib/python3.12/site-packages/airflow/example_dags/example_task_group.py
[2026-04-13T10:50:26.279+0900] {processor.py:914} INFO - Processing file /home/airflow/.local/lib/python3.12/site-packages/airflow/example_dags/example_task_group.py for tasks to queue
[2026-04-13T10:50:26.281+0900] {logging_mixin.py:190} INFO - [2026-04-13T10:50:26.280+0900] {dagbag.py:587} INFO - Filling up the DagBag from /home/airflow/.local/lib/python3.12/site-packages/airflow/example_dags/example_task_group.py
[2026-04-13T10:50:26.288+0900] {processor.py:925} INFO - DAG(s) 'example_task_group' retrieved from /home/airflow/.local/lib/python3.12/site-packages/airflow/example_dags/example_task_group.py
[2026-04-13T10:50:26.303+0900] {logging_mixin.py:190} INFO - [2026-04-13T10:50:26.303+0900] {dag.py:3211} INFO - Sync 1 DAGs
[2026-04-13T10:50:26.319+0900] {logging_mixin.py:190} INFO - [2026-04-13T10:50:26.318+0900] {dag.py:4138} INFO - Setting next_dagrun for example_task_group to 2026-04-12 00:00:00+00:00, run_after=2026-04-13 00:00:00+00:00
[2026-04-13T10:50:26.332+0900] {processor.py:208} INFO - Processing /home/airflow/.local/lib/python3.12/site-packages/airflow/example_dags/example_task_group.py took 0.057 seconds
