[2026-04-13T10:47:51.432+0900] {processor.py:186} INFO - Started process (PID=14883) to work on /home/airflow/.local/lib/python3.12/site-packages/airflow/example_dags/example_workday_timetable.py
[2026-04-13T10:47:51.433+0900] {processor.py:914} INFO - Processing file /home/airflow/.local/lib/python3.12/site-packages/airflow/example_dags/example_workday_timetable.py for tasks to queue
[2026-04-13T10:47:51.434+0900] {logging_mixin.py:190} INFO - [2026-04-13T10:47:51.434+0900] {dagbag.py:587} INFO - Filling up the DagBag from /home/airflow/.local/lib/python3.12/site-packages/airflow/example_dags/example_workday_timetable.py
[2026-04-13T10:47:51.440+0900] {processor.py:925} INFO - DAG(s) 'example_workday_timetable' retrieved from /home/airflow/.local/lib/python3.12/site-packages/airflow/example_dags/example_workday_timetable.py
[2026-04-13T10:47:51.455+0900] {logging_mixin.py:190} INFO - [2026-04-13T10:47:51.455+0900] {dag.py:3211} INFO - Sync 1 DAGs
[2026-04-13T10:47:51.492+0900] {logging_mixin.py:190} INFO - [2026-04-13T10:47:51.492+0900] {dag.py:4138} INFO - Setting next_dagrun for example_workday_timetable to 2021-01-04 00:00:00+00:00, run_after=2021-01-05 00:00:00+00:00
[2026-04-13T10:47:51.507+0900] {processor.py:208} INFO - Processing /home/airflow/.local/lib/python3.12/site-packages/airflow/example_dags/example_workday_timetable.py took 0.080 seconds
[2026-04-13T10:48:21.869+0900] {processor.py:186} INFO - Started process (PID=14953) to work on /home/airflow/.local/lib/python3.12/site-packages/airflow/example_dags/example_workday_timetable.py
[2026-04-13T10:48:21.870+0900] {processor.py:914} INFO - Processing file /home/airflow/.local/lib/python3.12/site-packages/airflow/example_dags/example_workday_timetable.py for tasks to queue
[2026-04-13T10:48:21.871+0900] {logging_mixin.py:190} INFO - [2026-04-13T10:48:21.871+0900] {dagbag.py:587} INFO - Filling up the DagBag from /home/airflow/.local/lib/python3.12/site-packages/airflow/example_dags/example_workday_timetable.py
[2026-04-13T10:48:21.876+0900] {processor.py:925} INFO - DAG(s) 'example_workday_timetable' retrieved from /home/airflow/.local/lib/python3.12/site-packages/airflow/example_dags/example_workday_timetable.py
[2026-04-13T10:48:21.892+0900] {logging_mixin.py:190} INFO - [2026-04-13T10:48:21.891+0900] {dag.py:3211} INFO - Sync 1 DAGs
[2026-04-13T10:48:21.940+0900] {logging_mixin.py:190} INFO - [2026-04-13T10:48:21.940+0900] {dag.py:4138} INFO - Setting next_dagrun for example_workday_timetable to 2021-01-04 00:00:00+00:00, run_after=2021-01-05 00:00:00+00:00
[2026-04-13T10:48:21.959+0900] {processor.py:208} INFO - Processing /home/airflow/.local/lib/python3.12/site-packages/airflow/example_dags/example_workday_timetable.py took 0.095 seconds
[2026-04-13T10:48:52.114+0900] {processor.py:186} INFO - Started process (PID=15024) to work on /home/airflow/.local/lib/python3.12/site-packages/airflow/example_dags/example_workday_timetable.py
[2026-04-13T10:48:52.115+0900] {processor.py:914} INFO - Processing file /home/airflow/.local/lib/python3.12/site-packages/airflow/example_dags/example_workday_timetable.py for tasks to queue
[2026-04-13T10:48:52.116+0900] {logging_mixin.py:190} INFO - [2026-04-13T10:48:52.116+0900] {dagbag.py:587} INFO - Filling up the DagBag from /home/airflow/.local/lib/python3.12/site-packages/airflow/example_dags/example_workday_timetable.py
[2026-04-13T10:48:52.122+0900] {processor.py:925} INFO - DAG(s) 'example_workday_timetable' retrieved from /home/airflow/.local/lib/python3.12/site-packages/airflow/example_dags/example_workday_timetable.py
[2026-04-13T10:48:52.137+0900] {logging_mixin.py:190} INFO - [2026-04-13T10:48:52.137+0900] {dag.py:3211} INFO - Sync 1 DAGs
[2026-04-13T10:48:52.175+0900] {logging_mixin.py:190} INFO - [2026-04-13T10:48:52.174+0900] {dag.py:4138} INFO - Setting next_dagrun for example_workday_timetable to 2021-01-04 00:00:00+00:00, run_after=2021-01-05 00:00:00+00:00
[2026-04-13T10:48:52.188+0900] {processor.py:208} INFO - Processing /home/airflow/.local/lib/python3.12/site-packages/airflow/example_dags/example_workday_timetable.py took 0.079 seconds
[2026-04-13T10:49:22.663+0900] {processor.py:186} INFO - Started process (PID=15094) to work on /home/airflow/.local/lib/python3.12/site-packages/airflow/example_dags/example_workday_timetable.py
[2026-04-13T10:49:22.664+0900] {processor.py:914} INFO - Processing file /home/airflow/.local/lib/python3.12/site-packages/airflow/example_dags/example_workday_timetable.py for tasks to queue
[2026-04-13T10:49:22.665+0900] {logging_mixin.py:190} INFO - [2026-04-13T10:49:22.665+0900] {dagbag.py:587} INFO - Filling up the DagBag from /home/airflow/.local/lib/python3.12/site-packages/airflow/example_dags/example_workday_timetable.py
[2026-04-13T10:49:22.670+0900] {processor.py:925} INFO - DAG(s) 'example_workday_timetable' retrieved from /home/airflow/.local/lib/python3.12/site-packages/airflow/example_dags/example_workday_timetable.py
[2026-04-13T10:49:22.686+0900] {logging_mixin.py:190} INFO - [2026-04-13T10:49:22.686+0900] {dag.py:3211} INFO - Sync 1 DAGs
[2026-04-13T10:49:22.724+0900] {logging_mixin.py:190} INFO - [2026-04-13T10:49:22.724+0900] {dag.py:4138} INFO - Setting next_dagrun for example_workday_timetable to 2021-01-04 00:00:00+00:00, run_after=2021-01-05 00:00:00+00:00
[2026-04-13T10:49:22.738+0900] {processor.py:208} INFO - Processing /home/airflow/.local/lib/python3.12/site-packages/airflow/example_dags/example_workday_timetable.py took 0.079 seconds
[2026-04-13T10:49:52.843+0900] {processor.py:186} INFO - Started process (PID=15164) to work on /home/airflow/.local/lib/python3.12/site-packages/airflow/example_dags/example_workday_timetable.py
[2026-04-13T10:49:52.844+0900] {processor.py:914} INFO - Processing file /home/airflow/.local/lib/python3.12/site-packages/airflow/example_dags/example_workday_timetable.py for tasks to queue
[2026-04-13T10:49:52.845+0900] {logging_mixin.py:190} INFO - [2026-04-13T10:49:52.845+0900] {dagbag.py:587} INFO - Filling up the DagBag from /home/airflow/.local/lib/python3.12/site-packages/airflow/example_dags/example_workday_timetable.py
[2026-04-13T10:49:52.850+0900] {processor.py:925} INFO - DAG(s) 'example_workday_timetable' retrieved from /home/airflow/.local/lib/python3.12/site-packages/airflow/example_dags/example_workday_timetable.py
[2026-04-13T10:49:52.865+0900] {logging_mixin.py:190} INFO - [2026-04-13T10:49:52.865+0900] {dag.py:3211} INFO - Sync 1 DAGs
[2026-04-13T10:49:52.904+0900] {logging_mixin.py:190} INFO - [2026-04-13T10:49:52.903+0900] {dag.py:4138} INFO - Setting next_dagrun for example_workday_timetable to 2021-01-04 00:00:00+00:00, run_after=2021-01-05 00:00:00+00:00
[2026-04-13T10:49:52.916+0900] {processor.py:208} INFO - Processing /home/airflow/.local/lib/python3.12/site-packages/airflow/example_dags/example_workday_timetable.py took 0.078 seconds
[2026-04-13T10:50:23.394+0900] {processor.py:186} INFO - Started process (PID=15234) to work on /home/airflow/.local/lib/python3.12/site-packages/airflow/example_dags/example_workday_timetable.py
[2026-04-13T10:50:23.395+0900] {processor.py:914} INFO - Processing file /home/airflow/.local/lib/python3.12/site-packages/airflow/example_dags/example_workday_timetable.py for tasks to queue
[2026-04-13T10:50:23.396+0900] {logging_mixin.py:190} INFO - [2026-04-13T10:50:23.396+0900] {dagbag.py:587} INFO - Filling up the DagBag from /home/airflow/.local/lib/python3.12/site-packages/airflow/example_dags/example_workday_timetable.py
[2026-04-13T10:50:23.401+0900] {processor.py:925} INFO - DAG(s) 'example_workday_timetable' retrieved from /home/airflow/.local/lib/python3.12/site-packages/airflow/example_dags/example_workday_timetable.py
[2026-04-13T10:50:23.417+0900] {logging_mixin.py:190} INFO - [2026-04-13T10:50:23.417+0900] {dag.py:3211} INFO - Sync 1 DAGs
[2026-04-13T10:50:23.457+0900] {logging_mixin.py:190} INFO - [2026-04-13T10:50:23.457+0900] {dag.py:4138} INFO - Setting next_dagrun for example_workday_timetable to 2021-01-04 00:00:00+00:00, run_after=2021-01-05 00:00:00+00:00
[2026-04-13T10:50:23.472+0900] {processor.py:208} INFO - Processing /home/airflow/.local/lib/python3.12/site-packages/airflow/example_dags/example_workday_timetable.py took 0.083 seconds
