[2026-04-13T10:47:46.977+0900] {processor.py:186} INFO - Started process (PID=14858) to work on /home/airflow/.local/lib/python3.12/site-packages/airflow/example_dags/example_short_circuit_decorator.py
[2026-04-13T10:47:46.979+0900] {processor.py:914} INFO - Processing file /home/airflow/.local/lib/python3.12/site-packages/airflow/example_dags/example_short_circuit_decorator.py for tasks to queue
[2026-04-13T10:47:46.980+0900] {logging_mixin.py:190} INFO - [2026-04-13T10:47:46.979+0900] {dagbag.py:587} INFO - Filling up the DagBag from /home/airflow/.local/lib/python3.12/site-packages/airflow/example_dags/example_short_circuit_decorator.py
[2026-04-13T10:47:46.989+0900] {processor.py:925} INFO - DAG(s) 'example_short_circuit_decorator' retrieved from /home/airflow/.local/lib/python3.12/site-packages/airflow/example_dags/example_short_circuit_decorator.py
[2026-04-13T10:47:47.006+0900] {logging_mixin.py:190} INFO - [2026-04-13T10:47:47.006+0900] {dag.py:3211} INFO - Sync 1 DAGs
[2026-04-13T10:47:47.024+0900] {logging_mixin.py:190} INFO - [2026-04-13T10:47:47.024+0900] {dag.py:4138} INFO - Setting next_dagrun for example_short_circuit_decorator to 2026-04-12 00:00:00+00:00, run_after=2026-04-13 00:00:00+00:00
[2026-04-13T10:47:47.036+0900] {processor.py:208} INFO - Processing /home/airflow/.local/lib/python3.12/site-packages/airflow/example_dags/example_short_circuit_decorator.py took 0.064 seconds
[2026-04-13T10:48:17.207+0900] {processor.py:186} INFO - Started process (PID=14928) to work on /home/airflow/.local/lib/python3.12/site-packages/airflow/example_dags/example_short_circuit_decorator.py
[2026-04-13T10:48:17.208+0900] {processor.py:914} INFO - Processing file /home/airflow/.local/lib/python3.12/site-packages/airflow/example_dags/example_short_circuit_decorator.py for tasks to queue
[2026-04-13T10:48:17.209+0900] {logging_mixin.py:190} INFO - [2026-04-13T10:48:17.208+0900] {dagbag.py:587} INFO - Filling up the DagBag from /home/airflow/.local/lib/python3.12/site-packages/airflow/example_dags/example_short_circuit_decorator.py
[2026-04-13T10:48:17.217+0900] {processor.py:925} INFO - DAG(s) 'example_short_circuit_decorator' retrieved from /home/airflow/.local/lib/python3.12/site-packages/airflow/example_dags/example_short_circuit_decorator.py
[2026-04-13T10:48:17.233+0900] {logging_mixin.py:190} INFO - [2026-04-13T10:48:17.232+0900] {dag.py:3211} INFO - Sync 1 DAGs
[2026-04-13T10:48:17.249+0900] {logging_mixin.py:190} INFO - [2026-04-13T10:48:17.249+0900] {dag.py:4138} INFO - Setting next_dagrun for example_short_circuit_decorator to 2026-04-12 00:00:00+00:00, run_after=2026-04-13 00:00:00+00:00
[2026-04-13T10:48:17.267+0900] {processor.py:208} INFO - Processing /home/airflow/.local/lib/python3.12/site-packages/airflow/example_dags/example_short_circuit_decorator.py took 0.065 seconds
[2026-04-13T10:48:47.418+0900] {processor.py:186} INFO - Started process (PID=14999) to work on /home/airflow/.local/lib/python3.12/site-packages/airflow/example_dags/example_short_circuit_decorator.py
[2026-04-13T10:48:47.419+0900] {processor.py:914} INFO - Processing file /home/airflow/.local/lib/python3.12/site-packages/airflow/example_dags/example_short_circuit_decorator.py for tasks to queue
[2026-04-13T10:48:47.421+0900] {logging_mixin.py:190} INFO - [2026-04-13T10:48:47.420+0900] {dagbag.py:587} INFO - Filling up the DagBag from /home/airflow/.local/lib/python3.12/site-packages/airflow/example_dags/example_short_circuit_decorator.py
[2026-04-13T10:48:47.431+0900] {processor.py:925} INFO - DAG(s) 'example_short_circuit_decorator' retrieved from /home/airflow/.local/lib/python3.12/site-packages/airflow/example_dags/example_short_circuit_decorator.py
[2026-04-13T10:48:47.450+0900] {logging_mixin.py:190} INFO - [2026-04-13T10:48:47.450+0900] {dag.py:3211} INFO - Sync 1 DAGs
[2026-04-13T10:48:47.470+0900] {logging_mixin.py:190} INFO - [2026-04-13T10:48:47.470+0900] {dag.py:4138} INFO - Setting next_dagrun for example_short_circuit_decorator to 2026-04-12 00:00:00+00:00, run_after=2026-04-13 00:00:00+00:00
[2026-04-13T10:48:47.485+0900] {processor.py:208} INFO - Processing /home/airflow/.local/lib/python3.12/site-packages/airflow/example_dags/example_short_circuit_decorator.py took 0.072 seconds
[2026-04-13T10:49:17.730+0900] {processor.py:186} INFO - Started process (PID=15069) to work on /home/airflow/.local/lib/python3.12/site-packages/airflow/example_dags/example_short_circuit_decorator.py
[2026-04-13T10:49:17.731+0900] {processor.py:914} INFO - Processing file /home/airflow/.local/lib/python3.12/site-packages/airflow/example_dags/example_short_circuit_decorator.py for tasks to queue
[2026-04-13T10:49:17.733+0900] {logging_mixin.py:190} INFO - [2026-04-13T10:49:17.733+0900] {dagbag.py:587} INFO - Filling up the DagBag from /home/airflow/.local/lib/python3.12/site-packages/airflow/example_dags/example_short_circuit_decorator.py
[2026-04-13T10:49:17.742+0900] {processor.py:925} INFO - DAG(s) 'example_short_circuit_decorator' retrieved from /home/airflow/.local/lib/python3.12/site-packages/airflow/example_dags/example_short_circuit_decorator.py
[2026-04-13T10:49:17.758+0900] {logging_mixin.py:190} INFO - [2026-04-13T10:49:17.758+0900] {dag.py:3211} INFO - Sync 1 DAGs
[2026-04-13T10:49:17.775+0900] {logging_mixin.py:190} INFO - [2026-04-13T10:49:17.775+0900] {dag.py:4138} INFO - Setting next_dagrun for example_short_circuit_decorator to 2026-04-12 00:00:00+00:00, run_after=2026-04-13 00:00:00+00:00
[2026-04-13T10:49:17.790+0900] {processor.py:208} INFO - Processing /home/airflow/.local/lib/python3.12/site-packages/airflow/example_dags/example_short_circuit_decorator.py took 0.064 seconds
[2026-04-13T10:49:48.043+0900] {processor.py:186} INFO - Started process (PID=15139) to work on /home/airflow/.local/lib/python3.12/site-packages/airflow/example_dags/example_short_circuit_decorator.py
[2026-04-13T10:49:48.044+0900] {processor.py:914} INFO - Processing file /home/airflow/.local/lib/python3.12/site-packages/airflow/example_dags/example_short_circuit_decorator.py for tasks to queue
[2026-04-13T10:49:48.045+0900] {logging_mixin.py:190} INFO - [2026-04-13T10:49:48.045+0900] {dagbag.py:587} INFO - Filling up the DagBag from /home/airflow/.local/lib/python3.12/site-packages/airflow/example_dags/example_short_circuit_decorator.py
[2026-04-13T10:49:48.055+0900] {processor.py:925} INFO - DAG(s) 'example_short_circuit_decorator' retrieved from /home/airflow/.local/lib/python3.12/site-packages/airflow/example_dags/example_short_circuit_decorator.py
[2026-04-13T10:49:48.071+0900] {logging_mixin.py:190} INFO - [2026-04-13T10:49:48.071+0900] {dag.py:3211} INFO - Sync 1 DAGs
[2026-04-13T10:49:48.091+0900] {logging_mixin.py:190} INFO - [2026-04-13T10:49:48.091+0900] {dag.py:4138} INFO - Setting next_dagrun for example_short_circuit_decorator to 2026-04-12 00:00:00+00:00, run_after=2026-04-13 00:00:00+00:00
[2026-04-13T10:49:48.105+0900] {processor.py:208} INFO - Processing /home/airflow/.local/lib/python3.12/site-packages/airflow/example_dags/example_short_circuit_decorator.py took 0.066 seconds
[2026-04-13T10:50:18.549+0900] {processor.py:186} INFO - Started process (PID=15209) to work on /home/airflow/.local/lib/python3.12/site-packages/airflow/example_dags/example_short_circuit_decorator.py
[2026-04-13T10:50:18.550+0900] {processor.py:914} INFO - Processing file /home/airflow/.local/lib/python3.12/site-packages/airflow/example_dags/example_short_circuit_decorator.py for tasks to queue
[2026-04-13T10:50:18.551+0900] {logging_mixin.py:190} INFO - [2026-04-13T10:50:18.550+0900] {dagbag.py:587} INFO - Filling up the DagBag from /home/airflow/.local/lib/python3.12/site-packages/airflow/example_dags/example_short_circuit_decorator.py
[2026-04-13T10:50:18.562+0900] {processor.py:925} INFO - DAG(s) 'example_short_circuit_decorator' retrieved from /home/airflow/.local/lib/python3.12/site-packages/airflow/example_dags/example_short_circuit_decorator.py
[2026-04-13T10:50:18.581+0900] {logging_mixin.py:190} INFO - [2026-04-13T10:50:18.580+0900] {dag.py:3211} INFO - Sync 1 DAGs
[2026-04-13T10:50:18.596+0900] {logging_mixin.py:190} INFO - [2026-04-13T10:50:18.596+0900] {dag.py:4138} INFO - Setting next_dagrun for example_short_circuit_decorator to 2026-04-12 00:00:00+00:00, run_after=2026-04-13 00:00:00+00:00
[2026-04-13T10:50:18.616+0900] {processor.py:208} INFO - Processing /home/airflow/.local/lib/python3.12/site-packages/airflow/example_dags/example_short_circuit_decorator.py took 0.073 seconds
