[2026-04-13T10:47:51.980+0900] {processor.py:186} INFO - Started process (PID=14891) to work on /home/airflow/.local/lib/python3.12/site-packages/airflow/example_dags/example_branch_operator.py
[2026-04-13T10:47:51.982+0900] {processor.py:914} INFO - Processing file /home/airflow/.local/lib/python3.12/site-packages/airflow/example_dags/example_branch_operator.py for tasks to queue
[2026-04-13T10:47:51.983+0900] {logging_mixin.py:190} INFO - [2026-04-13T10:47:51.983+0900] {dagbag.py:587} INFO - Filling up the DagBag from /home/airflow/.local/lib/python3.12/site-packages/airflow/example_dags/example_branch_operator.py
[2026-04-13T10:47:51.998+0900] {processor.py:925} INFO - DAG(s) 'example_branch_operator' retrieved from /home/airflow/.local/lib/python3.12/site-packages/airflow/example_dags/example_branch_operator.py
[2026-04-13T10:47:52.018+0900] {logging_mixin.py:190} INFO - [2026-04-13T10:47:52.018+0900] {dag.py:3211} INFO - Sync 1 DAGs
[2026-04-13T10:47:52.035+0900] {logging_mixin.py:190} INFO - [2026-04-13T10:47:52.035+0900] {dag.py:4138} INFO - Setting next_dagrun for example_branch_operator to 2026-04-12 00:00:00+00:00, run_after=2026-04-13 00:00:00+00:00
[2026-04-13T10:47:52.048+0900] {processor.py:208} INFO - Processing /home/airflow/.local/lib/python3.12/site-packages/airflow/example_dags/example_branch_operator.py took 0.073 seconds
[2026-04-13T10:48:22.370+0900] {processor.py:186} INFO - Started process (PID=14961) to work on /home/airflow/.local/lib/python3.12/site-packages/airflow/example_dags/example_branch_operator.py
[2026-04-13T10:48:22.372+0900] {processor.py:914} INFO - Processing file /home/airflow/.local/lib/python3.12/site-packages/airflow/example_dags/example_branch_operator.py for tasks to queue
[2026-04-13T10:48:22.373+0900] {logging_mixin.py:190} INFO - [2026-04-13T10:48:22.373+0900] {dagbag.py:587} INFO - Filling up the DagBag from /home/airflow/.local/lib/python3.12/site-packages/airflow/example_dags/example_branch_operator.py
[2026-04-13T10:48:22.388+0900] {processor.py:925} INFO - DAG(s) 'example_branch_operator' retrieved from /home/airflow/.local/lib/python3.12/site-packages/airflow/example_dags/example_branch_operator.py
[2026-04-13T10:48:22.410+0900] {logging_mixin.py:190} INFO - [2026-04-13T10:48:22.409+0900] {dag.py:3211} INFO - Sync 1 DAGs
[2026-04-13T10:48:22.427+0900] {logging_mixin.py:190} INFO - [2026-04-13T10:48:22.427+0900] {dag.py:4138} INFO - Setting next_dagrun for example_branch_operator to 2026-04-12 00:00:00+00:00, run_after=2026-04-13 00:00:00+00:00
[2026-04-13T10:48:22.440+0900] {processor.py:208} INFO - Processing /home/airflow/.local/lib/python3.12/site-packages/airflow/example_dags/example_branch_operator.py took 0.075 seconds
[2026-04-13T10:48:52.584+0900] {processor.py:186} INFO - Started process (PID=15032) to work on /home/airflow/.local/lib/python3.12/site-packages/airflow/example_dags/example_branch_operator.py
[2026-04-13T10:48:52.585+0900] {processor.py:914} INFO - Processing file /home/airflow/.local/lib/python3.12/site-packages/airflow/example_dags/example_branch_operator.py for tasks to queue
[2026-04-13T10:48:52.586+0900] {logging_mixin.py:190} INFO - [2026-04-13T10:48:52.586+0900] {dagbag.py:587} INFO - Filling up the DagBag from /home/airflow/.local/lib/python3.12/site-packages/airflow/example_dags/example_branch_operator.py
[2026-04-13T10:48:52.599+0900] {processor.py:925} INFO - DAG(s) 'example_branch_operator' retrieved from /home/airflow/.local/lib/python3.12/site-packages/airflow/example_dags/example_branch_operator.py
[2026-04-13T10:48:52.621+0900] {logging_mixin.py:190} INFO - [2026-04-13T10:48:52.620+0900] {dag.py:3211} INFO - Sync 1 DAGs
[2026-04-13T10:48:52.637+0900] {logging_mixin.py:190} INFO - [2026-04-13T10:48:52.637+0900] {dag.py:4138} INFO - Setting next_dagrun for example_branch_operator to 2026-04-12 00:00:00+00:00, run_after=2026-04-13 00:00:00+00:00
[2026-04-13T10:48:52.651+0900] {processor.py:208} INFO - Processing /home/airflow/.local/lib/python3.12/site-packages/airflow/example_dags/example_branch_operator.py took 0.072 seconds
[2026-04-13T10:49:22.993+0900] {processor.py:186} INFO - Started process (PID=15102) to work on /home/airflow/.local/lib/python3.12/site-packages/airflow/example_dags/example_branch_operator.py
[2026-04-13T10:49:22.994+0900] {processor.py:914} INFO - Processing file /home/airflow/.local/lib/python3.12/site-packages/airflow/example_dags/example_branch_operator.py for tasks to queue
[2026-04-13T10:49:22.995+0900] {logging_mixin.py:190} INFO - [2026-04-13T10:49:22.995+0900] {dagbag.py:587} INFO - Filling up the DagBag from /home/airflow/.local/lib/python3.12/site-packages/airflow/example_dags/example_branch_operator.py
[2026-04-13T10:49:23.009+0900] {processor.py:925} INFO - DAG(s) 'example_branch_operator' retrieved from /home/airflow/.local/lib/python3.12/site-packages/airflow/example_dags/example_branch_operator.py
[2026-04-13T10:49:23.029+0900] {logging_mixin.py:190} INFO - [2026-04-13T10:49:23.029+0900] {dag.py:3211} INFO - Sync 1 DAGs
[2026-04-13T10:49:23.046+0900] {logging_mixin.py:190} INFO - [2026-04-13T10:49:23.046+0900] {dag.py:4138} INFO - Setting next_dagrun for example_branch_operator to 2026-04-12 00:00:00+00:00, run_after=2026-04-13 00:00:00+00:00
[2026-04-13T10:49:23.059+0900] {processor.py:208} INFO - Processing /home/airflow/.local/lib/python3.12/site-packages/airflow/example_dags/example_branch_operator.py took 0.070 seconds
[2026-04-13T10:49:53.402+0900] {processor.py:186} INFO - Started process (PID=15172) to work on /home/airflow/.local/lib/python3.12/site-packages/airflow/example_dags/example_branch_operator.py
[2026-04-13T10:49:53.403+0900] {processor.py:914} INFO - Processing file /home/airflow/.local/lib/python3.12/site-packages/airflow/example_dags/example_branch_operator.py for tasks to queue
[2026-04-13T10:49:53.404+0900] {logging_mixin.py:190} INFO - [2026-04-13T10:49:53.404+0900] {dagbag.py:587} INFO - Filling up the DagBag from /home/airflow/.local/lib/python3.12/site-packages/airflow/example_dags/example_branch_operator.py
[2026-04-13T10:49:53.418+0900] {processor.py:925} INFO - DAG(s) 'example_branch_operator' retrieved from /home/airflow/.local/lib/python3.12/site-packages/airflow/example_dags/example_branch_operator.py
[2026-04-13T10:49:53.438+0900] {logging_mixin.py:190} INFO - [2026-04-13T10:49:53.438+0900] {dag.py:3211} INFO - Sync 1 DAGs
[2026-04-13T10:49:53.455+0900] {logging_mixin.py:190} INFO - [2026-04-13T10:49:53.455+0900] {dag.py:4138} INFO - Setting next_dagrun for example_branch_operator to 2026-04-12 00:00:00+00:00, run_after=2026-04-13 00:00:00+00:00
[2026-04-13T10:49:53.469+0900] {processor.py:208} INFO - Processing /home/airflow/.local/lib/python3.12/site-packages/airflow/example_dags/example_branch_operator.py took 0.072 seconds
[2026-04-13T10:50:23.776+0900] {processor.py:186} INFO - Started process (PID=15242) to work on /home/airflow/.local/lib/python3.12/site-packages/airflow/example_dags/example_branch_operator.py
[2026-04-13T10:50:23.777+0900] {processor.py:914} INFO - Processing file /home/airflow/.local/lib/python3.12/site-packages/airflow/example_dags/example_branch_operator.py for tasks to queue
[2026-04-13T10:50:23.779+0900] {logging_mixin.py:190} INFO - [2026-04-13T10:50:23.779+0900] {dagbag.py:587} INFO - Filling up the DagBag from /home/airflow/.local/lib/python3.12/site-packages/airflow/example_dags/example_branch_operator.py
[2026-04-13T10:50:23.795+0900] {processor.py:925} INFO - DAG(s) 'example_branch_operator' retrieved from /home/airflow/.local/lib/python3.12/site-packages/airflow/example_dags/example_branch_operator.py
[2026-04-13T10:50:23.815+0900] {logging_mixin.py:190} INFO - [2026-04-13T10:50:23.815+0900] {dag.py:3211} INFO - Sync 1 DAGs
[2026-04-13T10:50:23.832+0900] {logging_mixin.py:190} INFO - [2026-04-13T10:50:23.832+0900] {dag.py:4138} INFO - Setting next_dagrun for example_branch_operator to 2026-04-12 00:00:00+00:00, run_after=2026-04-13 00:00:00+00:00
[2026-04-13T10:50:23.846+0900] {processor.py:208} INFO - Processing /home/airflow/.local/lib/python3.12/site-packages/airflow/example_dags/example_branch_operator.py took 0.076 seconds
