[2026-04-13T10:47:47.065+0900] {processor.py:186} INFO - Started process (PID=14860) to work on /home/airflow/.local/lib/python3.12/site-packages/airflow/example_dags/example_skip_dag.py
[2026-04-13T10:47:47.066+0900] {processor.py:914} INFO - Processing file /home/airflow/.local/lib/python3.12/site-packages/airflow/example_dags/example_skip_dag.py for tasks to queue
[2026-04-13T10:47:47.067+0900] {logging_mixin.py:190} INFO - [2026-04-13T10:47:47.067+0900] {dagbag.py:587} INFO - Filling up the DagBag from /home/airflow/.local/lib/python3.12/site-packages/airflow/example_dags/example_skip_dag.py
[2026-04-13T10:47:47.074+0900] {processor.py:925} INFO - DAG(s) 'example_skip_dag' retrieved from /home/airflow/.local/lib/python3.12/site-packages/airflow/example_dags/example_skip_dag.py
[2026-04-13T10:47:47.090+0900] {logging_mixin.py:190} INFO - [2026-04-13T10:47:47.090+0900] {dag.py:3211} INFO - Sync 1 DAGs
[2026-04-13T10:47:47.108+0900] {logging_mixin.py:190} INFO - [2026-04-13T10:47:47.108+0900] {dag.py:4138} INFO - Setting next_dagrun for example_skip_dag to 2026-04-12 00:00:00+00:00, run_after=2026-04-13 00:00:00+00:00
[2026-04-13T10:47:47.121+0900] {processor.py:208} INFO - Processing /home/airflow/.local/lib/python3.12/site-packages/airflow/example_dags/example_skip_dag.py took 0.061 seconds
[2026-04-13T10:48:17.304+0900] {processor.py:186} INFO - Started process (PID=14930) to work on /home/airflow/.local/lib/python3.12/site-packages/airflow/example_dags/example_skip_dag.py
[2026-04-13T10:48:17.306+0900] {processor.py:914} INFO - Processing file /home/airflow/.local/lib/python3.12/site-packages/airflow/example_dags/example_skip_dag.py for tasks to queue
[2026-04-13T10:48:17.307+0900] {logging_mixin.py:190} INFO - [2026-04-13T10:48:17.306+0900] {dagbag.py:587} INFO - Filling up the DagBag from /home/airflow/.local/lib/python3.12/site-packages/airflow/example_dags/example_skip_dag.py
[2026-04-13T10:48:17.314+0900] {processor.py:925} INFO - DAG(s) 'example_skip_dag' retrieved from /home/airflow/.local/lib/python3.12/site-packages/airflow/example_dags/example_skip_dag.py
[2026-04-13T10:48:17.329+0900] {logging_mixin.py:190} INFO - [2026-04-13T10:48:17.329+0900] {dag.py:3211} INFO - Sync 1 DAGs
[2026-04-13T10:48:17.345+0900] {logging_mixin.py:190} INFO - [2026-04-13T10:48:17.345+0900] {dag.py:4138} INFO - Setting next_dagrun for example_skip_dag to 2026-04-12 00:00:00+00:00, run_after=2026-04-13 00:00:00+00:00
[2026-04-13T10:48:17.358+0900] {processor.py:208} INFO - Processing /home/airflow/.local/lib/python3.12/site-packages/airflow/example_dags/example_skip_dag.py took 0.058 seconds
[2026-04-13T10:48:47.511+0900] {processor.py:186} INFO - Started process (PID=15001) to work on /home/airflow/.local/lib/python3.12/site-packages/airflow/example_dags/example_skip_dag.py
[2026-04-13T10:48:47.513+0900] {processor.py:914} INFO - Processing file /home/airflow/.local/lib/python3.12/site-packages/airflow/example_dags/example_skip_dag.py for tasks to queue
[2026-04-13T10:48:47.514+0900] {logging_mixin.py:190} INFO - [2026-04-13T10:48:47.514+0900] {dagbag.py:587} INFO - Filling up the DagBag from /home/airflow/.local/lib/python3.12/site-packages/airflow/example_dags/example_skip_dag.py
[2026-04-13T10:48:47.521+0900] {processor.py:925} INFO - DAG(s) 'example_skip_dag' retrieved from /home/airflow/.local/lib/python3.12/site-packages/airflow/example_dags/example_skip_dag.py
[2026-04-13T10:48:47.536+0900] {logging_mixin.py:190} INFO - [2026-04-13T10:48:47.536+0900] {dag.py:3211} INFO - Sync 1 DAGs
[2026-04-13T10:48:47.552+0900] {logging_mixin.py:190} INFO - [2026-04-13T10:48:47.552+0900] {dag.py:4138} INFO - Setting next_dagrun for example_skip_dag to 2026-04-12 00:00:00+00:00, run_after=2026-04-13 00:00:00+00:00
[2026-04-13T10:48:47.565+0900] {processor.py:208} INFO - Processing /home/airflow/.local/lib/python3.12/site-packages/airflow/example_dags/example_skip_dag.py took 0.058 seconds
[2026-04-13T10:49:17.821+0900] {processor.py:186} INFO - Started process (PID=15071) to work on /home/airflow/.local/lib/python3.12/site-packages/airflow/example_dags/example_skip_dag.py
[2026-04-13T10:49:17.823+0900] {processor.py:914} INFO - Processing file /home/airflow/.local/lib/python3.12/site-packages/airflow/example_dags/example_skip_dag.py for tasks to queue
[2026-04-13T10:49:17.824+0900] {logging_mixin.py:190} INFO - [2026-04-13T10:49:17.824+0900] {dagbag.py:587} INFO - Filling up the DagBag from /home/airflow/.local/lib/python3.12/site-packages/airflow/example_dags/example_skip_dag.py
[2026-04-13T10:49:17.832+0900] {processor.py:925} INFO - DAG(s) 'example_skip_dag' retrieved from /home/airflow/.local/lib/python3.12/site-packages/airflow/example_dags/example_skip_dag.py
[2026-04-13T10:49:17.848+0900] {logging_mixin.py:190} INFO - [2026-04-13T10:49:17.848+0900] {dag.py:3211} INFO - Sync 1 DAGs
[2026-04-13T10:49:17.864+0900] {logging_mixin.py:190} INFO - [2026-04-13T10:49:17.864+0900] {dag.py:4138} INFO - Setting next_dagrun for example_skip_dag to 2026-04-12 00:00:00+00:00, run_after=2026-04-13 00:00:00+00:00
[2026-04-13T10:49:17.877+0900] {processor.py:208} INFO - Processing /home/airflow/.local/lib/python3.12/site-packages/airflow/example_dags/example_skip_dag.py took 0.060 seconds
[2026-04-13T10:49:48.135+0900] {processor.py:186} INFO - Started process (PID=15141) to work on /home/airflow/.local/lib/python3.12/site-packages/airflow/example_dags/example_skip_dag.py
[2026-04-13T10:49:48.136+0900] {processor.py:914} INFO - Processing file /home/airflow/.local/lib/python3.12/site-packages/airflow/example_dags/example_skip_dag.py for tasks to queue
[2026-04-13T10:49:48.137+0900] {logging_mixin.py:190} INFO - [2026-04-13T10:49:48.137+0900] {dagbag.py:587} INFO - Filling up the DagBag from /home/airflow/.local/lib/python3.12/site-packages/airflow/example_dags/example_skip_dag.py
[2026-04-13T10:49:48.144+0900] {processor.py:925} INFO - DAG(s) 'example_skip_dag' retrieved from /home/airflow/.local/lib/python3.12/site-packages/airflow/example_dags/example_skip_dag.py
[2026-04-13T10:49:48.159+0900] {logging_mixin.py:190} INFO - [2026-04-13T10:49:48.159+0900] {dag.py:3211} INFO - Sync 1 DAGs
[2026-04-13T10:49:48.176+0900] {logging_mixin.py:190} INFO - [2026-04-13T10:49:48.176+0900] {dag.py:4138} INFO - Setting next_dagrun for example_skip_dag to 2026-04-12 00:00:00+00:00, run_after=2026-04-13 00:00:00+00:00
[2026-04-13T10:49:48.190+0900] {processor.py:208} INFO - Processing /home/airflow/.local/lib/python3.12/site-packages/airflow/example_dags/example_skip_dag.py took 0.060 seconds
[2026-04-13T10:50:18.654+0900] {processor.py:186} INFO - Started process (PID=15211) to work on /home/airflow/.local/lib/python3.12/site-packages/airflow/example_dags/example_skip_dag.py
[2026-04-13T10:50:18.656+0900] {processor.py:914} INFO - Processing file /home/airflow/.local/lib/python3.12/site-packages/airflow/example_dags/example_skip_dag.py for tasks to queue
[2026-04-13T10:50:18.657+0900] {logging_mixin.py:190} INFO - [2026-04-13T10:50:18.657+0900] {dagbag.py:587} INFO - Filling up the DagBag from /home/airflow/.local/lib/python3.12/site-packages/airflow/example_dags/example_skip_dag.py
[2026-04-13T10:50:18.663+0900] {processor.py:925} INFO - DAG(s) 'example_skip_dag' retrieved from /home/airflow/.local/lib/python3.12/site-packages/airflow/example_dags/example_skip_dag.py
[2026-04-13T10:50:18.680+0900] {logging_mixin.py:190} INFO - [2026-04-13T10:50:18.680+0900] {dag.py:3211} INFO - Sync 1 DAGs
[2026-04-13T10:50:18.697+0900] {logging_mixin.py:190} INFO - [2026-04-13T10:50:18.697+0900] {dag.py:4138} INFO - Setting next_dagrun for example_skip_dag to 2026-04-12 00:00:00+00:00, run_after=2026-04-13 00:00:00+00:00
[2026-04-13T10:50:18.713+0900] {processor.py:208} INFO - Processing /home/airflow/.local/lib/python3.12/site-packages/airflow/example_dags/example_skip_dag.py took 0.062 seconds
