[2026-04-13T10:47:51.239+0900] {processor.py:186} INFO - Started process (PID=14880) to work on /home/airflow/.local/lib/python3.12/site-packages/airflow/example_dags/tutorial_objectstorage.py
[2026-04-13T10:47:51.241+0900] {processor.py:914} INFO - Processing file /home/airflow/.local/lib/python3.12/site-packages/airflow/example_dags/tutorial_objectstorage.py for tasks to queue
[2026-04-13T10:47:51.242+0900] {logging_mixin.py:190} INFO - [2026-04-13T10:47:51.242+0900] {dagbag.py:587} INFO - Filling up the DagBag from /home/airflow/.local/lib/python3.12/site-packages/airflow/example_dags/tutorial_objectstorage.py
[2026-04-13T10:47:51.253+0900] {processor.py:925} INFO - DAG(s) 'tutorial_objectstorage' retrieved from /home/airflow/.local/lib/python3.12/site-packages/airflow/example_dags/tutorial_objectstorage.py
[2026-04-13T10:47:51.273+0900] {logging_mixin.py:190} INFO - [2026-04-13T10:47:51.273+0900] {dag.py:3211} INFO - Sync 1 DAGs
[2026-04-13T10:47:51.287+0900] {logging_mixin.py:190} INFO - [2026-04-13T10:47:51.287+0900] {dag.py:4138} INFO - Setting next_dagrun for tutorial_objectstorage to None, run_after=None
[2026-04-13T10:47:51.304+0900] {processor.py:208} INFO - Processing /home/airflow/.local/lib/python3.12/site-packages/airflow/example_dags/tutorial_objectstorage.py took 0.070 seconds
[2026-04-13T10:48:21.698+0900] {processor.py:186} INFO - Started process (PID=14950) to work on /home/airflow/.local/lib/python3.12/site-packages/airflow/example_dags/tutorial_objectstorage.py
[2026-04-13T10:48:21.700+0900] {processor.py:914} INFO - Processing file /home/airflow/.local/lib/python3.12/site-packages/airflow/example_dags/tutorial_objectstorage.py for tasks to queue
[2026-04-13T10:48:21.701+0900] {logging_mixin.py:190} INFO - [2026-04-13T10:48:21.700+0900] {dagbag.py:587} INFO - Filling up the DagBag from /home/airflow/.local/lib/python3.12/site-packages/airflow/example_dags/tutorial_objectstorage.py
[2026-04-13T10:48:21.712+0900] {processor.py:925} INFO - DAG(s) 'tutorial_objectstorage' retrieved from /home/airflow/.local/lib/python3.12/site-packages/airflow/example_dags/tutorial_objectstorage.py
[2026-04-13T10:48:21.727+0900] {logging_mixin.py:190} INFO - [2026-04-13T10:48:21.727+0900] {dag.py:3211} INFO - Sync 1 DAGs
[2026-04-13T10:48:21.738+0900] {logging_mixin.py:190} INFO - [2026-04-13T10:48:21.738+0900] {dag.py:4138} INFO - Setting next_dagrun for tutorial_objectstorage to None, run_after=None
[2026-04-13T10:48:21.750+0900] {processor.py:208} INFO - Processing /home/airflow/.local/lib/python3.12/site-packages/airflow/example_dags/tutorial_objectstorage.py took 0.057 seconds
[2026-04-13T10:48:51.920+0900] {processor.py:186} INFO - Started process (PID=15021) to work on /home/airflow/.local/lib/python3.12/site-packages/airflow/example_dags/tutorial_objectstorage.py
[2026-04-13T10:48:51.921+0900] {processor.py:914} INFO - Processing file /home/airflow/.local/lib/python3.12/site-packages/airflow/example_dags/tutorial_objectstorage.py for tasks to queue
[2026-04-13T10:48:51.923+0900] {logging_mixin.py:190} INFO - [2026-04-13T10:48:51.923+0900] {dagbag.py:587} INFO - Filling up the DagBag from /home/airflow/.local/lib/python3.12/site-packages/airflow/example_dags/tutorial_objectstorage.py
[2026-04-13T10:48:51.933+0900] {processor.py:925} INFO - DAG(s) 'tutorial_objectstorage' retrieved from /home/airflow/.local/lib/python3.12/site-packages/airflow/example_dags/tutorial_objectstorage.py
[2026-04-13T10:48:51.951+0900] {logging_mixin.py:190} INFO - [2026-04-13T10:48:51.951+0900] {dag.py:3211} INFO - Sync 1 DAGs
[2026-04-13T10:48:51.964+0900] {logging_mixin.py:190} INFO - [2026-04-13T10:48:51.964+0900] {dag.py:4138} INFO - Setting next_dagrun for tutorial_objectstorage to None, run_after=None
[2026-04-13T10:48:51.978+0900] {processor.py:208} INFO - Processing /home/airflow/.local/lib/python3.12/site-packages/airflow/example_dags/tutorial_objectstorage.py took 0.064 seconds
[2026-04-13T10:49:22.387+0900] {processor.py:186} INFO - Started process (PID=15091) to work on /home/airflow/.local/lib/python3.12/site-packages/airflow/example_dags/tutorial_objectstorage.py
[2026-04-13T10:49:22.388+0900] {processor.py:914} INFO - Processing file /home/airflow/.local/lib/python3.12/site-packages/airflow/example_dags/tutorial_objectstorage.py for tasks to queue
[2026-04-13T10:49:22.389+0900] {logging_mixin.py:190} INFO - [2026-04-13T10:49:22.389+0900] {dagbag.py:587} INFO - Filling up the DagBag from /home/airflow/.local/lib/python3.12/site-packages/airflow/example_dags/tutorial_objectstorage.py
[2026-04-13T10:49:22.399+0900] {processor.py:925} INFO - DAG(s) 'tutorial_objectstorage' retrieved from /home/airflow/.local/lib/python3.12/site-packages/airflow/example_dags/tutorial_objectstorage.py
[2026-04-13T10:49:22.413+0900] {logging_mixin.py:190} INFO - [2026-04-13T10:49:22.413+0900] {dag.py:3211} INFO - Sync 1 DAGs
[2026-04-13T10:49:22.423+0900] {logging_mixin.py:190} INFO - [2026-04-13T10:49:22.423+0900] {dag.py:4138} INFO - Setting next_dagrun for tutorial_objectstorage to None, run_after=None
[2026-04-13T10:49:22.437+0900] {processor.py:208} INFO - Processing /home/airflow/.local/lib/python3.12/site-packages/airflow/example_dags/tutorial_objectstorage.py took 0.056 seconds
[2026-04-13T10:49:52.631+0900] {processor.py:186} INFO - Started process (PID=15161) to work on /home/airflow/.local/lib/python3.12/site-packages/airflow/example_dags/tutorial_objectstorage.py
[2026-04-13T10:49:52.632+0900] {processor.py:914} INFO - Processing file /home/airflow/.local/lib/python3.12/site-packages/airflow/example_dags/tutorial_objectstorage.py for tasks to queue
[2026-04-13T10:49:52.633+0900] {logging_mixin.py:190} INFO - [2026-04-13T10:49:52.633+0900] {dagbag.py:587} INFO - Filling up the DagBag from /home/airflow/.local/lib/python3.12/site-packages/airflow/example_dags/tutorial_objectstorage.py
[2026-04-13T10:49:52.643+0900] {processor.py:925} INFO - DAG(s) 'tutorial_objectstorage' retrieved from /home/airflow/.local/lib/python3.12/site-packages/airflow/example_dags/tutorial_objectstorage.py
[2026-04-13T10:49:52.661+0900] {logging_mixin.py:190} INFO - [2026-04-13T10:49:52.661+0900] {dag.py:3211} INFO - Sync 1 DAGs
[2026-04-13T10:49:52.673+0900] {logging_mixin.py:190} INFO - [2026-04-13T10:49:52.673+0900] {dag.py:4138} INFO - Setting next_dagrun for tutorial_objectstorage to None, run_after=None
[2026-04-13T10:49:52.690+0900] {processor.py:208} INFO - Processing /home/airflow/.local/lib/python3.12/site-packages/airflow/example_dags/tutorial_objectstorage.py took 0.065 seconds
[2026-04-13T10:50:23.235+0900] {processor.py:186} INFO - Started process (PID=15231) to work on /home/airflow/.local/lib/python3.12/site-packages/airflow/example_dags/tutorial_objectstorage.py
[2026-04-13T10:50:23.236+0900] {processor.py:914} INFO - Processing file /home/airflow/.local/lib/python3.12/site-packages/airflow/example_dags/tutorial_objectstorage.py for tasks to queue
[2026-04-13T10:50:23.237+0900] {logging_mixin.py:190} INFO - [2026-04-13T10:50:23.237+0900] {dagbag.py:587} INFO - Filling up the DagBag from /home/airflow/.local/lib/python3.12/site-packages/airflow/example_dags/tutorial_objectstorage.py
[2026-04-13T10:50:23.245+0900] {processor.py:925} INFO - DAG(s) 'tutorial_objectstorage' retrieved from /home/airflow/.local/lib/python3.12/site-packages/airflow/example_dags/tutorial_objectstorage.py
[2026-04-13T10:50:23.261+0900] {logging_mixin.py:190} INFO - [2026-04-13T10:50:23.261+0900] {dag.py:3211} INFO - Sync 1 DAGs
[2026-04-13T10:50:23.272+0900] {logging_mixin.py:190} INFO - [2026-04-13T10:50:23.271+0900] {dag.py:4138} INFO - Setting next_dagrun for tutorial_objectstorage to None, run_after=None
[2026-04-13T10:50:23.285+0900] {processor.py:208} INFO - Processing /home/airflow/.local/lib/python3.12/site-packages/airflow/example_dags/tutorial_objectstorage.py took 0.055 seconds
