[2026-04-13T10:47:48.703+0900] {processor.py:186} INFO - Started process (PID=14868) to work on /home/airflow/.local/lib/python3.12/site-packages/airflow/example_dags/tutorial_taskflow_api_virtualenv.py
[2026-04-13T10:47:48.704+0900] {processor.py:914} INFO - Processing file /home/airflow/.local/lib/python3.12/site-packages/airflow/example_dags/tutorial_taskflow_api_virtualenv.py for tasks to queue
[2026-04-13T10:47:48.705+0900] {logging_mixin.py:190} INFO - [2026-04-13T10:47:48.705+0900] {dagbag.py:587} INFO - Filling up the DagBag from /home/airflow/.local/lib/python3.12/site-packages/airflow/example_dags/tutorial_taskflow_api_virtualenv.py
[2026-04-13T10:47:48.718+0900] {processor.py:925} INFO - DAG(s) 'tutorial_taskflow_api_virtualenv' retrieved from /home/airflow/.local/lib/python3.12/site-packages/airflow/example_dags/tutorial_taskflow_api_virtualenv.py
[2026-04-13T10:47:48.736+0900] {logging_mixin.py:190} INFO - [2026-04-13T10:47:48.736+0900] {dag.py:3211} INFO - Sync 1 DAGs
[2026-04-13T10:47:48.748+0900] {logging_mixin.py:190} INFO - [2026-04-13T10:47:48.748+0900] {dag.py:4138} INFO - Setting next_dagrun for tutorial_taskflow_api_virtualenv to None, run_after=None
[2026-04-13T10:47:48.761+0900] {processor.py:208} INFO - Processing /home/airflow/.local/lib/python3.12/site-packages/airflow/example_dags/tutorial_taskflow_api_virtualenv.py took 0.063 seconds
[2026-04-13T10:48:19.080+0900] {processor.py:186} INFO - Started process (PID=14938) to work on /home/airflow/.local/lib/python3.12/site-packages/airflow/example_dags/tutorial_taskflow_api_virtualenv.py
[2026-04-13T10:48:19.082+0900] {processor.py:914} INFO - Processing file /home/airflow/.local/lib/python3.12/site-packages/airflow/example_dags/tutorial_taskflow_api_virtualenv.py for tasks to queue
[2026-04-13T10:48:19.083+0900] {logging_mixin.py:190} INFO - [2026-04-13T10:48:19.083+0900] {dagbag.py:587} INFO - Filling up the DagBag from /home/airflow/.local/lib/python3.12/site-packages/airflow/example_dags/tutorial_taskflow_api_virtualenv.py
[2026-04-13T10:48:19.093+0900] {processor.py:925} INFO - DAG(s) 'tutorial_taskflow_api_virtualenv' retrieved from /home/airflow/.local/lib/python3.12/site-packages/airflow/example_dags/tutorial_taskflow_api_virtualenv.py
[2026-04-13T10:48:19.109+0900] {logging_mixin.py:190} INFO - [2026-04-13T10:48:19.109+0900] {dag.py:3211} INFO - Sync 1 DAGs
[2026-04-13T10:48:19.119+0900] {logging_mixin.py:190} INFO - [2026-04-13T10:48:19.118+0900] {dag.py:4138} INFO - Setting next_dagrun for tutorial_taskflow_api_virtualenv to None, run_after=None
[2026-04-13T10:48:19.131+0900] {processor.py:208} INFO - Processing /home/airflow/.local/lib/python3.12/site-packages/airflow/example_dags/tutorial_taskflow_api_virtualenv.py took 0.056 seconds
[2026-04-13T10:48:50.159+0900] {processor.py:186} INFO - Started process (PID=15009) to work on /home/airflow/.local/lib/python3.12/site-packages/airflow/example_dags/tutorial_taskflow_api_virtualenv.py
[2026-04-13T10:48:50.160+0900] {processor.py:914} INFO - Processing file /home/airflow/.local/lib/python3.12/site-packages/airflow/example_dags/tutorial_taskflow_api_virtualenv.py for tasks to queue
[2026-04-13T10:48:50.162+0900] {logging_mixin.py:190} INFO - [2026-04-13T10:48:50.161+0900] {dagbag.py:587} INFO - Filling up the DagBag from /home/airflow/.local/lib/python3.12/site-packages/airflow/example_dags/tutorial_taskflow_api_virtualenv.py
[2026-04-13T10:48:50.171+0900] {processor.py:925} INFO - DAG(s) 'tutorial_taskflow_api_virtualenv' retrieved from /home/airflow/.local/lib/python3.12/site-packages/airflow/example_dags/tutorial_taskflow_api_virtualenv.py
[2026-04-13T10:48:50.188+0900] {logging_mixin.py:190} INFO - [2026-04-13T10:48:50.188+0900] {dag.py:3211} INFO - Sync 1 DAGs
[2026-04-13T10:48:50.199+0900] {logging_mixin.py:190} INFO - [2026-04-13T10:48:50.199+0900] {dag.py:4138} INFO - Setting next_dagrun for tutorial_taskflow_api_virtualenv to None, run_after=None
[2026-04-13T10:48:50.213+0900] {processor.py:208} INFO - Processing /home/airflow/.local/lib/python3.12/site-packages/airflow/example_dags/tutorial_taskflow_api_virtualenv.py took 0.059 seconds
[2026-04-13T10:49:20.679+0900] {processor.py:186} INFO - Started process (PID=15079) to work on /home/airflow/.local/lib/python3.12/site-packages/airflow/example_dags/tutorial_taskflow_api_virtualenv.py
[2026-04-13T10:49:20.680+0900] {processor.py:914} INFO - Processing file /home/airflow/.local/lib/python3.12/site-packages/airflow/example_dags/tutorial_taskflow_api_virtualenv.py for tasks to queue
[2026-04-13T10:49:20.681+0900] {logging_mixin.py:190} INFO - [2026-04-13T10:49:20.681+0900] {dagbag.py:587} INFO - Filling up the DagBag from /home/airflow/.local/lib/python3.12/site-packages/airflow/example_dags/tutorial_taskflow_api_virtualenv.py
[2026-04-13T10:49:20.691+0900] {processor.py:925} INFO - DAG(s) 'tutorial_taskflow_api_virtualenv' retrieved from /home/airflow/.local/lib/python3.12/site-packages/airflow/example_dags/tutorial_taskflow_api_virtualenv.py
[2026-04-13T10:49:20.707+0900] {logging_mixin.py:190} INFO - [2026-04-13T10:49:20.706+0900] {dag.py:3211} INFO - Sync 1 DAGs
[2026-04-13T10:49:20.716+0900] {logging_mixin.py:190} INFO - [2026-04-13T10:49:20.716+0900] {dag.py:4138} INFO - Setting next_dagrun for tutorial_taskflow_api_virtualenv to None, run_after=None
[2026-04-13T10:49:20.731+0900] {processor.py:208} INFO - Processing /home/airflow/.local/lib/python3.12/site-packages/airflow/example_dags/tutorial_taskflow_api_virtualenv.py took 0.056 seconds
[2026-04-13T10:49:51.815+0900] {processor.py:186} INFO - Started process (PID=15149) to work on /home/airflow/.local/lib/python3.12/site-packages/airflow/example_dags/tutorial_taskflow_api_virtualenv.py
[2026-04-13T10:49:51.816+0900] {processor.py:914} INFO - Processing file /home/airflow/.local/lib/python3.12/site-packages/airflow/example_dags/tutorial_taskflow_api_virtualenv.py for tasks to queue
[2026-04-13T10:49:51.818+0900] {logging_mixin.py:190} INFO - [2026-04-13T10:49:51.817+0900] {dagbag.py:587} INFO - Filling up the DagBag from /home/airflow/.local/lib/python3.12/site-packages/airflow/example_dags/tutorial_taskflow_api_virtualenv.py
[2026-04-13T10:49:51.827+0900] {processor.py:925} INFO - DAG(s) 'tutorial_taskflow_api_virtualenv' retrieved from /home/airflow/.local/lib/python3.12/site-packages/airflow/example_dags/tutorial_taskflow_api_virtualenv.py
[2026-04-13T10:49:51.845+0900] {logging_mixin.py:190} INFO - [2026-04-13T10:49:51.845+0900] {dag.py:3211} INFO - Sync 1 DAGs
[2026-04-13T10:49:51.855+0900] {logging_mixin.py:190} INFO - [2026-04-13T10:49:51.855+0900] {dag.py:4138} INFO - Setting next_dagrun for tutorial_taskflow_api_virtualenv to None, run_after=None
[2026-04-13T10:49:51.870+0900] {processor.py:208} INFO - Processing /home/airflow/.local/lib/python3.12/site-packages/airflow/example_dags/tutorial_taskflow_api_virtualenv.py took 0.059 seconds
[2026-04-13T10:50:22.384+0900] {processor.py:186} INFO - Started process (PID=15219) to work on /home/airflow/.local/lib/python3.12/site-packages/airflow/example_dags/tutorial_taskflow_api_virtualenv.py
[2026-04-13T10:50:22.386+0900] {processor.py:914} INFO - Processing file /home/airflow/.local/lib/python3.12/site-packages/airflow/example_dags/tutorial_taskflow_api_virtualenv.py for tasks to queue
[2026-04-13T10:50:22.387+0900] {logging_mixin.py:190} INFO - [2026-04-13T10:50:22.386+0900] {dagbag.py:587} INFO - Filling up the DagBag from /home/airflow/.local/lib/python3.12/site-packages/airflow/example_dags/tutorial_taskflow_api_virtualenv.py
[2026-04-13T10:50:22.396+0900] {processor.py:925} INFO - DAG(s) 'tutorial_taskflow_api_virtualenv' retrieved from /home/airflow/.local/lib/python3.12/site-packages/airflow/example_dags/tutorial_taskflow_api_virtualenv.py
[2026-04-13T10:50:22.415+0900] {logging_mixin.py:190} INFO - [2026-04-13T10:50:22.415+0900] {dag.py:3211} INFO - Sync 1 DAGs
[2026-04-13T10:50:22.427+0900] {logging_mixin.py:190} INFO - [2026-04-13T10:50:22.427+0900] {dag.py:4138} INFO - Setting next_dagrun for tutorial_taskflow_api_virtualenv to None, run_after=None
[2026-04-13T10:50:22.442+0900] {processor.py:208} INFO - Processing /home/airflow/.local/lib/python3.12/site-packages/airflow/example_dags/tutorial_taskflow_api_virtualenv.py took 0.061 seconds
