[2026-04-13T10:47:51.133+0900] {processor.py:186} INFO - Started process (PID=14878) to work on /home/airflow/.local/lib/python3.12/site-packages/airflow/example_dags/tutorial_dag.py
[2026-04-13T10:47:51.135+0900] {processor.py:914} INFO - Processing file /home/airflow/.local/lib/python3.12/site-packages/airflow/example_dags/tutorial_dag.py for tasks to queue
[2026-04-13T10:47:51.137+0900] {logging_mixin.py:190} INFO - [2026-04-13T10:47:51.136+0900] {dagbag.py:587} INFO - Filling up the DagBag from /home/airflow/.local/lib/python3.12/site-packages/airflow/example_dags/tutorial_dag.py
[2026-04-13T10:47:51.145+0900] {processor.py:925} INFO - DAG(s) 'tutorial_dag' retrieved from /home/airflow/.local/lib/python3.12/site-packages/airflow/example_dags/tutorial_dag.py
[2026-04-13T10:47:51.163+0900] {logging_mixin.py:190} INFO - [2026-04-13T10:47:51.162+0900] {dag.py:3211} INFO - Sync 1 DAGs
[2026-04-13T10:47:51.173+0900] {logging_mixin.py:190} INFO - [2026-04-13T10:47:51.173+0900] {dag.py:4138} INFO - Setting next_dagrun for tutorial_dag to None, run_after=None
[2026-04-13T10:47:51.189+0900] {processor.py:208} INFO - Processing /home/airflow/.local/lib/python3.12/site-packages/airflow/example_dags/tutorial_dag.py took 0.062 seconds
[2026-04-13T10:48:21.606+0900] {processor.py:186} INFO - Started process (PID=14948) to work on /home/airflow/.local/lib/python3.12/site-packages/airflow/example_dags/tutorial_dag.py
[2026-04-13T10:48:21.608+0900] {processor.py:914} INFO - Processing file /home/airflow/.local/lib/python3.12/site-packages/airflow/example_dags/tutorial_dag.py for tasks to queue
[2026-04-13T10:48:21.609+0900] {logging_mixin.py:190} INFO - [2026-04-13T10:48:21.609+0900] {dagbag.py:587} INFO - Filling up the DagBag from /home/airflow/.local/lib/python3.12/site-packages/airflow/example_dags/tutorial_dag.py
[2026-04-13T10:48:21.616+0900] {processor.py:925} INFO - DAG(s) 'tutorial_dag' retrieved from /home/airflow/.local/lib/python3.12/site-packages/airflow/example_dags/tutorial_dag.py
[2026-04-13T10:48:21.635+0900] {logging_mixin.py:190} INFO - [2026-04-13T10:48:21.635+0900] {dag.py:3211} INFO - Sync 1 DAGs
[2026-04-13T10:48:21.646+0900] {logging_mixin.py:190} INFO - [2026-04-13T10:48:21.646+0900] {dag.py:4138} INFO - Setting next_dagrun for tutorial_dag to None, run_after=None
[2026-04-13T10:48:21.659+0900] {processor.py:208} INFO - Processing /home/airflow/.local/lib/python3.12/site-packages/airflow/example_dags/tutorial_dag.py took 0.058 seconds
[2026-04-13T10:48:51.808+0900] {processor.py:186} INFO - Started process (PID=15019) to work on /home/airflow/.local/lib/python3.12/site-packages/airflow/example_dags/tutorial_dag.py
[2026-04-13T10:48:51.809+0900] {processor.py:914} INFO - Processing file /home/airflow/.local/lib/python3.12/site-packages/airflow/example_dags/tutorial_dag.py for tasks to queue
[2026-04-13T10:48:51.811+0900] {logging_mixin.py:190} INFO - [2026-04-13T10:48:51.811+0900] {dagbag.py:587} INFO - Filling up the DagBag from /home/airflow/.local/lib/python3.12/site-packages/airflow/example_dags/tutorial_dag.py
[2026-04-13T10:48:51.817+0900] {processor.py:925} INFO - DAG(s) 'tutorial_dag' retrieved from /home/airflow/.local/lib/python3.12/site-packages/airflow/example_dags/tutorial_dag.py
[2026-04-13T10:48:51.832+0900] {logging_mixin.py:190} INFO - [2026-04-13T10:48:51.832+0900] {dag.py:3211} INFO - Sync 1 DAGs
[2026-04-13T10:48:51.843+0900] {logging_mixin.py:190} INFO - [2026-04-13T10:48:51.843+0900] {dag.py:4138} INFO - Setting next_dagrun for tutorial_dag to None, run_after=None
[2026-04-13T10:48:51.862+0900] {processor.py:208} INFO - Processing /home/airflow/.local/lib/python3.12/site-packages/airflow/example_dags/tutorial_dag.py took 0.058 seconds
[2026-04-13T10:49:22.291+0900] {processor.py:186} INFO - Started process (PID=15089) to work on /home/airflow/.local/lib/python3.12/site-packages/airflow/example_dags/tutorial_dag.py
[2026-04-13T10:49:22.292+0900] {processor.py:914} INFO - Processing file /home/airflow/.local/lib/python3.12/site-packages/airflow/example_dags/tutorial_dag.py for tasks to queue
[2026-04-13T10:49:22.294+0900] {logging_mixin.py:190} INFO - [2026-04-13T10:49:22.294+0900] {dagbag.py:587} INFO - Filling up the DagBag from /home/airflow/.local/lib/python3.12/site-packages/airflow/example_dags/tutorial_dag.py
[2026-04-13T10:49:22.301+0900] {processor.py:925} INFO - DAG(s) 'tutorial_dag' retrieved from /home/airflow/.local/lib/python3.12/site-packages/airflow/example_dags/tutorial_dag.py
[2026-04-13T10:49:22.319+0900] {logging_mixin.py:190} INFO - [2026-04-13T10:49:22.318+0900] {dag.py:3211} INFO - Sync 1 DAGs
[2026-04-13T10:49:22.329+0900] {logging_mixin.py:190} INFO - [2026-04-13T10:49:22.329+0900] {dag.py:4138} INFO - Setting next_dagrun for tutorial_dag to None, run_after=None
[2026-04-13T10:49:22.343+0900] {processor.py:208} INFO - Processing /home/airflow/.local/lib/python3.12/site-packages/airflow/example_dags/tutorial_dag.py took 0.058 seconds
[2026-04-13T10:49:52.514+0900] {processor.py:186} INFO - Started process (PID=15159) to work on /home/airflow/.local/lib/python3.12/site-packages/airflow/example_dags/tutorial_dag.py
[2026-04-13T10:49:52.515+0900] {processor.py:914} INFO - Processing file /home/airflow/.local/lib/python3.12/site-packages/airflow/example_dags/tutorial_dag.py for tasks to queue
[2026-04-13T10:49:52.516+0900] {logging_mixin.py:190} INFO - [2026-04-13T10:49:52.516+0900] {dagbag.py:587} INFO - Filling up the DagBag from /home/airflow/.local/lib/python3.12/site-packages/airflow/example_dags/tutorial_dag.py
[2026-04-13T10:49:52.528+0900] {processor.py:925} INFO - DAG(s) 'tutorial_dag' retrieved from /home/airflow/.local/lib/python3.12/site-packages/airflow/example_dags/tutorial_dag.py
[2026-04-13T10:49:52.554+0900] {logging_mixin.py:190} INFO - [2026-04-13T10:49:52.554+0900] {dag.py:3211} INFO - Sync 1 DAGs
[2026-04-13T10:49:52.568+0900] {logging_mixin.py:190} INFO - [2026-04-13T10:49:52.568+0900] {dag.py:4138} INFO - Setting next_dagrun for tutorial_dag to None, run_after=None
[2026-04-13T10:49:52.586+0900] {processor.py:208} INFO - Processing /home/airflow/.local/lib/python3.12/site-packages/airflow/example_dags/tutorial_dag.py took 0.076 seconds
[2026-04-13T10:50:23.152+0900] {processor.py:186} INFO - Started process (PID=15229) to work on /home/airflow/.local/lib/python3.12/site-packages/airflow/example_dags/tutorial_dag.py
[2026-04-13T10:50:23.154+0900] {processor.py:914} INFO - Processing file /home/airflow/.local/lib/python3.12/site-packages/airflow/example_dags/tutorial_dag.py for tasks to queue
[2026-04-13T10:50:23.155+0900] {logging_mixin.py:190} INFO - [2026-04-13T10:50:23.155+0900] {dagbag.py:587} INFO - Filling up the DagBag from /home/airflow/.local/lib/python3.12/site-packages/airflow/example_dags/tutorial_dag.py
[2026-04-13T10:50:23.162+0900] {processor.py:925} INFO - DAG(s) 'tutorial_dag' retrieved from /home/airflow/.local/lib/python3.12/site-packages/airflow/example_dags/tutorial_dag.py
[2026-04-13T10:50:23.179+0900] {logging_mixin.py:190} INFO - [2026-04-13T10:50:23.179+0900] {dag.py:3211} INFO - Sync 1 DAGs
[2026-04-13T10:50:23.190+0900] {logging_mixin.py:190} INFO - [2026-04-13T10:50:23.190+0900] {dag.py:4138} INFO - Setting next_dagrun for tutorial_dag to None, run_after=None
[2026-04-13T10:50:23.204+0900] {processor.py:208} INFO - Processing /home/airflow/.local/lib/python3.12/site-packages/airflow/example_dags/tutorial_dag.py took 0.056 seconds
