[2026-04-08T06:21:00.244+0000] {local_task_job_runner.py:123} INFO - ::group::Pre task execution logs
[2026-04-08T06:21:00.273+0000] {taskinstance.py:2603} INFO - Dependencies all met for dep_context=non-requeueable deps ti=<TaskInstance: random_multiply_dag.generate_num_2 manual__2026-04-08T06:20:56.982964+00:00 [queued]>
[2026-04-08T06:21:00.288+0000] {taskinstance.py:2603} INFO - Dependencies all met for dep_context=requeueable deps ti=<TaskInstance: random_multiply_dag.generate_num_2 manual__2026-04-08T06:20:56.982964+00:00 [queued]>
[2026-04-08T06:21:00.290+0000] {taskinstance.py:2856} INFO - Starting attempt 1 of 1
[2026-04-08T06:21:00.318+0000] {taskinstance.py:2879} INFO - Executing <Task(PythonOperator): generate_num_2> on 2026-04-08 06:20:56.982964+00:00
[2026-04-08T06:21:00.330+0000] {warnings.py:112} WARNING - /home/***/.local/lib/python3.12/site-packages/***/task/task_runner/standard_task_runner.py:70: DeprecationWarning: This process (pid=3166) is multi-threaded, use of fork() may lead to deadlocks in the child.
  pid = os.fork()

[2026-04-08T06:21:00.334+0000] {standard_task_runner.py:72} INFO - Started process 3169 to run task
[2026-04-08T06:21:00.336+0000] {standard_task_runner.py:104} INFO - Running: ['***', 'tasks', 'run', 'random_multiply_dag', 'generate_num_2', 'manual__2026-04-08T06:20:56.982964+00:00', '--job-id', '9', '--raw', '--subdir', 'DAGS_FOLDER/1_***_test.py', '--cfg-path', '/tmp/tmpu7r4vh29']
[2026-04-08T06:21:00.338+0000] {standard_task_runner.py:105} INFO - Job 9: Subtask generate_num_2
[2026-04-08T06:21:00.426+0000] {task_command.py:467} INFO - Running <TaskInstance: random_multiply_dag.generate_num_2 manual__2026-04-08T06:20:56.982964+00:00 [running]> on host 30220cc5b78a
[2026-04-08T06:21:00.579+0000] {taskinstance.py:3122} INFO - Exporting env vars: AIRFLOW_CTX_DAG_OWNER='***' AIRFLOW_CTX_DAG_ID='random_multiply_dag' AIRFLOW_CTX_TASK_ID='generate_num_2' AIRFLOW_CTX_EXECUTION_DATE='2026-04-08T06:20:56.982964+00:00' AIRFLOW_CTX_TRY_NUMBER='1' AIRFLOW_CTX_DAG_RUN_ID='manual__2026-04-08T06:20:56.982964+00:00'
[2026-04-08T06:21:00.582+0000] {logging_mixin.py:190} INFO - Task instance is in running state
[2026-04-08T06:21:00.583+0000] {logging_mixin.py:190} INFO -  Previous state of the Task instance: queued
[2026-04-08T06:21:00.584+0000] {logging_mixin.py:190} INFO - Current task name:generate_num_2 state:running start_date:2026-04-08 06:21:00.274721+00:00
[2026-04-08T06:21:00.585+0000] {logging_mixin.py:190} INFO - Dag name:random_multiply_dag and current dag run status:running
[2026-04-08T06:21:00.586+0000] {taskinstance.py:731} INFO - ::endgroup::
[2026-04-08T06:21:00.587+0000] {logging_mixin.py:190} INFO - Generated Number 2: 37
[2026-04-08T06:21:00.588+0000] {python.py:240} INFO - Done. Returned value was: 37
[2026-04-08T06:21:00.615+0000] {taskinstance.py:340} INFO - ::group::Post task execution logs
[2026-04-08T06:21:00.616+0000] {taskinstance.py:352} INFO - Marking task as SUCCESS. dag_id=random_multiply_dag, task_id=generate_num_2, run_id=manual__2026-04-08T06:20:56.982964+00:00, execution_date=20260408T062056, start_date=20260408T062100, end_date=20260408T062100
[2026-04-08T06:21:00.626+0000] {logging_mixin.py:190} INFO - Task instance in success state
[2026-04-08T06:21:00.627+0000] {logging_mixin.py:190} INFO -  Previous state of the Task instance: running
[2026-04-08T06:21:00.628+0000] {logging_mixin.py:190} INFO - Dag name:random_multiply_dag queued_at:2026-04-08 06:20:57.089457+00:00
[2026-04-08T06:21:00.629+0000] {logging_mixin.py:190} INFO - Task hostname:30220cc5b78a operator:PythonOperator
[2026-04-08T06:21:00.674+0000] {local_task_job_runner.py:261} INFO - Task exited with return code 0
[2026-04-08T06:21:00.705+0000] {taskinstance.py:3891} INFO - 1 downstream tasks scheduled from follow-on schedule check
[2026-04-08T06:21:00.709+0000] {local_task_job_runner.py:240} INFO - ::endgroup::
