[2026-04-08T05:52:45.268+0000] {local_task_job_runner.py:123} INFO - ::group::Pre task execution logs
[2026-04-08T05:52:45.297+0000] {taskinstance.py:2603} INFO - Dependencies all met for dep_context=non-requeueable deps ti=<TaskInstance: random_multiply_dag.generate_num_2 scheduled__2026-04-06T12:00:00+00:00 [queued]>
[2026-04-08T05:52:45.314+0000] {taskinstance.py:2603} INFO - Dependencies all met for dep_context=requeueable deps ti=<TaskInstance: random_multiply_dag.generate_num_2 scheduled__2026-04-06T12:00:00+00:00 [queued]>
[2026-04-08T05:52:45.316+0000] {taskinstance.py:2856} INFO - Starting attempt 1 of 1
[2026-04-08T05:52:45.348+0000] {taskinstance.py:2879} INFO - Executing <Task(PythonOperator): generate_num_2> on 2026-04-06 12:00:00+00:00
[2026-04-08T05:52:45.379+0000] {warnings.py:112} WARNING - /home/***/.local/lib/python3.12/site-packages/***/task/task_runner/standard_task_runner.py:70: DeprecationWarning: This process (pid=2786) is multi-threaded, use of fork() may lead to deadlocks in the child.
  pid = os.fork()

[2026-04-08T05:52:45.382+0000] {standard_task_runner.py:72} INFO - Started process 2797 to run task
[2026-04-08T05:52:45.387+0000] {standard_task_runner.py:104} INFO - Running: ['***', 'tasks', 'run', 'random_multiply_dag', 'generate_num_2', 'scheduled__2026-04-06T12:00:00+00:00', '--job-id', '6', '--raw', '--subdir', 'DAGS_FOLDER/1_***_test.py', '--cfg-path', '/tmp/tmplczdhh15']
[2026-04-08T05:52:45.394+0000] {standard_task_runner.py:105} INFO - Job 6: Subtask generate_num_2
[2026-04-08T05:52:45.787+0000] {task_command.py:467} INFO - Running <TaskInstance: random_multiply_dag.generate_num_2 scheduled__2026-04-06T12:00:00+00:00 [running]> on host 30220cc5b78a
[2026-04-08T05:52:46.160+0000] {taskinstance.py:3122} INFO - Exporting env vars: AIRFLOW_CTX_DAG_OWNER='***' AIRFLOW_CTX_DAG_ID='random_multiply_dag' AIRFLOW_CTX_TASK_ID='generate_num_2' AIRFLOW_CTX_EXECUTION_DATE='2026-04-06T12:00:00+00:00' AIRFLOW_CTX_TRY_NUMBER='1' AIRFLOW_CTX_DAG_RUN_ID='scheduled__2026-04-06T12:00:00+00:00'
[2026-04-08T05:52:46.165+0000] {logging_mixin.py:190} INFO - Task instance is in running state
[2026-04-08T05:52:46.166+0000] {logging_mixin.py:190} INFO -  Previous state of the Task instance: queued
[2026-04-08T05:52:46.167+0000] {logging_mixin.py:190} INFO - Current task name:generate_num_2 state:running start_date:2026-04-08 05:52:45.298642+00:00
[2026-04-08T05:52:46.168+0000] {logging_mixin.py:190} INFO - Dag name:random_multiply_dag and current dag run status:running
[2026-04-08T05:52:46.169+0000] {taskinstance.py:731} INFO - ::endgroup::
[2026-04-08T05:52:46.172+0000] {logging_mixin.py:190} INFO - Generated Number 2: 65
[2026-04-08T05:52:46.174+0000] {python.py:240} INFO - Done. Returned value was: 65
[2026-04-08T05:52:46.263+0000] {taskinstance.py:340} INFO - ::group::Post task execution logs
[2026-04-08T05:52:46.265+0000] {taskinstance.py:352} INFO - Marking task as SUCCESS. dag_id=random_multiply_dag, task_id=generate_num_2, run_id=scheduled__2026-04-06T12:00:00+00:00, execution_date=20260406T120000, start_date=20260408T055245, end_date=20260408T055246
[2026-04-08T05:52:46.294+0000] {logging_mixin.py:190} INFO - Task instance in success state
[2026-04-08T05:52:46.295+0000] {logging_mixin.py:190} INFO -  Previous state of the Task instance: running
[2026-04-08T05:52:46.296+0000] {logging_mixin.py:190} INFO - Dag name:random_multiply_dag queued_at:2026-04-08 05:52:41.149731+00:00
[2026-04-08T05:52:46.298+0000] {logging_mixin.py:190} INFO - Task hostname:30220cc5b78a operator:PythonOperator
[2026-04-08T05:52:46.328+0000] {local_task_job_runner.py:261} INFO - Task exited with return code 0
[2026-04-08T05:52:46.378+0000] {taskinstance.py:3891} INFO - 1 downstream tasks scheduled from follow-on schedule check
[2026-04-08T05:52:46.382+0000] {local_task_job_runner.py:240} INFO - ::endgroup::
