[2026-04-13T09:00:34.609+0900] {local_task_job_runner.py:123} INFO - ::group::Pre task execution logs
[2026-04-13T09:00:34.619+0900] {taskinstance.py:2603} INFO - Dependencies all met for dep_context=non-requeueable deps ti=<TaskInstance: 03_basics_macro_jinja.jinja_used_bash scheduled__2026-04-11T09:00:00+00:00 [queued]>
[2026-04-13T09:00:34.624+0900] {taskinstance.py:2603} INFO - Dependencies all met for dep_context=requeueable deps ti=<TaskInstance: 03_basics_macro_jinja.jinja_used_bash scheduled__2026-04-11T09:00:00+00:00 [queued]>
[2026-04-13T09:00:34.624+0900] {taskinstance.py:2856} INFO - Starting attempt 1 of 2
[2026-04-13T09:00:34.631+0900] {taskinstance.py:2879} INFO - Executing <Task(BashOperator): jinja_used_bash> on 2026-04-11 09:00:00+00:00
[2026-04-13T09:00:34.636+0900] {warnings.py:112} WARNING - /home/***/.local/lib/python3.12/site-packages/***/task/task_runner/standard_task_runner.py:70: DeprecationWarning: This process (pid=188) is multi-threaded, use of fork() may lead to deadlocks in the child.
  pid = os.fork()

[2026-04-13T09:00:34.638+0900] {standard_task_runner.py:72} INFO - Started process 190 to run task
[2026-04-13T09:00:34.638+0900] {standard_task_runner.py:104} INFO - Running: ['***', 'tasks', 'run', '03_basics_macro_jinja', 'jinja_used_bash', 'scheduled__2026-04-11T09:00:00+00:00', '--job-id', '30', '--raw', '--subdir', 'DAGS_FOLDER/03_basics_context_jinja.py', '--cfg-path', '/tmp/tmpfmoo2fmx']
[2026-04-13T09:00:34.639+0900] {standard_task_runner.py:105} INFO - Job 30: Subtask jinja_used_bash
[2026-04-13T09:00:34.676+0900] {task_command.py:467} INFO - Running <TaskInstance: 03_basics_macro_jinja.jinja_used_bash scheduled__2026-04-11T09:00:00+00:00 [running]> on host 52b82e78b0f3
[2026-04-13T09:00:34.729+0900] {taskinstance.py:3122} INFO - Exporting env vars: AIRFLOW_CTX_DAG_OWNER='de_2team_manager' AIRFLOW_CTX_DAG_ID='03_basics_macro_jinja' AIRFLOW_CTX_TASK_ID='jinja_used_bash' AIRFLOW_CTX_EXECUTION_DATE='2026-04-11T09:00:00+00:00' AIRFLOW_CTX_TRY_NUMBER='1' AIRFLOW_CTX_DAG_RUN_ID='scheduled__2026-04-11T09:00:00+00:00'
[2026-04-13T09:00:34.731+0900] {logging_mixin.py:190} INFO - Task instance is in running state
[2026-04-13T09:00:34.731+0900] {logging_mixin.py:190} INFO -  Previous state of the Task instance: queued
[2026-04-13T09:00:34.732+0900] {logging_mixin.py:190} INFO - Current task name:jinja_used_bash state:running start_date:2026-04-13 00:00:34.620197+00:00
[2026-04-13T09:00:34.732+0900] {logging_mixin.py:190} INFO - Dag name:03_basics_macro_jinja and current dag run status:running
[2026-04-13T09:00:34.732+0900] {taskinstance.py:731} INFO - ::endgroup::
[2026-04-13T09:00:34.733+0900] {subprocess.py:63} INFO - Tmp dir root location: /tmp
[2026-04-13T09:00:34.734+0900] {subprocess.py:75} INFO - Running command: ['/usr/bin/bash', '-c', "echo 'DAG의 t1 task 수행시간 2026-04-11, 20260411' "]
[2026-04-13T09:00:34.742+0900] {subprocess.py:86} INFO - Output:
[2026-04-13T09:00:34.743+0900] {subprocess.py:93} INFO - DAG의 t1 task 수행시간 2026-04-11, 20260411
[2026-04-13T09:00:34.743+0900] {subprocess.py:97} INFO - Command exited with return code 0
[2026-04-13T09:00:34.761+0900] {taskinstance.py:340} INFO - ::group::Post task execution logs
[2026-04-13T09:00:34.762+0900] {taskinstance.py:352} INFO - Marking task as SUCCESS. dag_id=03_basics_macro_jinja, task_id=jinja_used_bash, run_id=scheduled__2026-04-11T09:00:00+00:00, execution_date=20260411T090000, start_date=20260413T000034, end_date=20260413T000034
[2026-04-13T09:00:34.768+0900] {logging_mixin.py:190} INFO - Task instance in success state
[2026-04-13T09:00:34.769+0900] {logging_mixin.py:190} INFO -  Previous state of the Task instance: running
[2026-04-13T09:00:34.769+0900] {logging_mixin.py:190} INFO - Dag name:03_basics_macro_jinja queued_at:2026-04-13 00:00:33.726866+00:00
[2026-04-13T09:00:34.770+0900] {logging_mixin.py:190} INFO - Task hostname:52b82e78b0f3 operator:BashOperator
[2026-04-13T09:00:34.812+0900] {local_task_job_runner.py:261} INFO - Task exited with return code 0
[2026-04-13T09:00:34.829+0900] {taskinstance.py:3891} INFO - 1 downstream tasks scheduled from follow-on schedule check
[2026-04-13T09:00:34.831+0900] {local_task_job_runner.py:240} INFO - ::endgroup::
