[2026-04-14T11:35:16.745+0900] {local_task_job_runner.py:123} INFO - ::group::Pre task execution logs
[2026-04-14T11:35:16.759+0900] {taskinstance.py:2603} INFO - Dependencies all met for dep_context=non-requeueable deps ti=<TaskInstance: 07_msa_api_server_used_adv.task_create_dummy_data manual__2026-04-14T02:35:15.478111+00:00 [queued]>
[2026-04-14T11:35:16.766+0900] {taskinstance.py:2603} INFO - Dependencies all met for dep_context=requeueable deps ti=<TaskInstance: 07_msa_api_server_used_adv.task_create_dummy_data manual__2026-04-14T02:35:15.478111+00:00 [queued]>
[2026-04-14T11:35:16.767+0900] {taskinstance.py:2856} INFO - Starting attempt 1 of 2
[2026-04-14T11:35:16.777+0900] {taskinstance.py:2879} INFO - Executing <Task(PythonOperator): task_create_dummy_data> on 2026-04-14 02:35:15.478111+00:00
[2026-04-14T11:35:16.783+0900] {warnings.py:112} WARNING - /home/***/.local/lib/python3.12/site-packages/***/task/task_runner/standard_task_runner.py:70: DeprecationWarning: This process (pid=16171) is multi-threaded, use of fork() may lead to deadlocks in the child.
  pid = os.fork()

[2026-04-14T11:35:16.785+0900] {standard_task_runner.py:104} INFO - Running: ['***', 'tasks', 'run', '07_msa_api_server_used_adv', 'task_create_dummy_data', 'manual__2026-04-14T02:35:15.478111+00:00', '--job-id', '118', '--raw', '--subdir', 'DAGS_FOLDER/07_msa_api_server_used_adv.py', '--cfg-path', '/tmp/tmp7v_karvo']
[2026-04-14T11:35:16.785+0900] {standard_task_runner.py:72} INFO - Started process 16175 to run task
[2026-04-14T11:35:16.786+0900] {standard_task_runner.py:105} INFO - Job 118: Subtask task_create_dummy_data
[2026-04-14T11:35:16.825+0900] {task_command.py:467} INFO - Running <TaskInstance: 07_msa_api_server_used_adv.task_create_dummy_data manual__2026-04-14T02:35:15.478111+00:00 [running]> on host ad48662a813c
[2026-04-14T11:35:16.897+0900] {taskinstance.py:3122} INFO - Exporting env vars: AIRFLOW_CTX_DAG_OWNER='YONG' AIRFLOW_CTX_DAG_ID='07_msa_api_server_used_adv' AIRFLOW_CTX_TASK_ID='task_create_dummy_data' AIRFLOW_CTX_EXECUTION_DATE='2026-04-14T02:35:15.478111+00:00' AIRFLOW_CTX_TRY_NUMBER='1' AIRFLOW_CTX_DAG_RUN_ID='manual__2026-04-14T02:35:15.478111+00:00'
[2026-04-14T11:35:16.898+0900] {taskinstance.py:731} INFO - ::endgroup::
[2026-04-14T11:35:16.919+0900] {base.py:84} INFO - Retrieving connection 'mysql_default'
[2026-04-14T11:35:16.977+0900] {python.py:240} INFO - Done. Returned value was: None
[2026-04-14T11:35:16.985+0900] {taskinstance.py:340} INFO - ::group::Post task execution logs
[2026-04-14T11:35:16.986+0900] {taskinstance.py:352} INFO - Marking task as SUCCESS. dag_id=07_msa_api_server_used_adv, task_id=task_create_dummy_data, run_id=manual__2026-04-14T02:35:15.478111+00:00, execution_date=20260414T023515, start_date=20260414T023516, end_date=20260414T023516
[2026-04-14T11:35:17.000+0900] {local_task_job_runner.py:261} INFO - Task exited with return code 0
[2026-04-14T11:35:17.012+0900] {taskinstance.py:3891} INFO - 0 downstream tasks scheduled from follow-on schedule check
[2026-04-14T11:35:17.014+0900] {local_task_job_runner.py:240} INFO - ::endgroup::
