[2026-04-14T09:00:08.149+0900] {local_task_job_runner.py:123} INFO - ::group::Pre task execution logs
[2026-04-14T09:00:08.160+0900] {taskinstance.py:2603} INFO - Dependencies all met for dep_context=non-requeueable deps ti=<TaskInstance: 01_basics_bash.echo-print scheduled__2026-04-13T00:00:00+00:00 [queued]>
[2026-04-14T09:00:08.165+0900] {taskinstance.py:2603} INFO - Dependencies all met for dep_context=requeueable deps ti=<TaskInstance: 01_basics_bash.echo-print scheduled__2026-04-13T00:00:00+00:00 [queued]>
[2026-04-14T09:00:08.166+0900] {taskinstance.py:2856} INFO - Starting attempt 1 of 2
[2026-04-14T09:00:08.175+0900] {taskinstance.py:2879} INFO - Executing <Task(BashOperator): echo-print> on 2026-04-13 00:00:00+00:00
[2026-04-14T09:00:08.180+0900] {warnings.py:112} WARNING - /home/***/.local/lib/python3.12/site-packages/***/task/task_runner/standard_task_runner.py:70: DeprecationWarning: This process (pid=14007) is multi-threaded, use of fork() may lead to deadlocks in the child.
  pid = os.fork()

[2026-04-14T09:00:08.181+0900] {standard_task_runner.py:72} INFO - Started process 14008 to run task
[2026-04-14T09:00:08.181+0900] {standard_task_runner.py:104} INFO - Running: ['***', 'tasks', 'run', '01_basics_bash', 'echo-print', 'scheduled__2026-04-13T00:00:00+00:00', '--job-id', '78', '--raw', '--subdir', 'DAGS_FOLDER/01_basics_bash.py', '--cfg-path', '/tmp/tmphoz51i7i']
[2026-04-14T09:00:08.182+0900] {standard_task_runner.py:105} INFO - Job 78: Subtask echo-print
[2026-04-14T09:00:08.214+0900] {task_command.py:467} INFO - Running <TaskInstance: 01_basics_bash.echo-print scheduled__2026-04-13T00:00:00+00:00 [running]> on host ad48662a813c
[2026-04-14T09:00:08.269+0900] {taskinstance.py:3122} INFO - Exporting env vars: AIRFLOW_CTX_DAG_OWNER='de_2team_manager' AIRFLOW_CTX_DAG_ID='01_basics_bash' AIRFLOW_CTX_TASK_ID='echo-print' AIRFLOW_CTX_EXECUTION_DATE='2026-04-13T00:00:00+00:00' AIRFLOW_CTX_TRY_NUMBER='1' AIRFLOW_CTX_DAG_RUN_ID='scheduled__2026-04-13T00:00:00+00:00'
[2026-04-14T09:00:08.270+0900] {taskinstance.py:731} INFO - ::endgroup::
[2026-04-14T09:00:08.282+0900] {subprocess.py:63} INFO - Tmp dir root location: /tmp
[2026-04-14T09:00:08.283+0900] {subprocess.py:75} INFO - Running command: ['/usr/bin/bash', '-c', 'echo "hello *** task"']
[2026-04-14T09:00:08.290+0900] {subprocess.py:86} INFO - Output:
[2026-04-14T09:00:08.291+0900] {subprocess.py:93} INFO - hello *** task
[2026-04-14T09:00:08.292+0900] {subprocess.py:97} INFO - Command exited with return code 0
[2026-04-14T09:00:08.310+0900] {taskinstance.py:340} INFO - ::group::Post task execution logs
[2026-04-14T09:00:08.311+0900] {taskinstance.py:352} INFO - Marking task as SUCCESS. dag_id=01_basics_bash, task_id=echo-print, run_id=scheduled__2026-04-13T00:00:00+00:00, execution_date=20260413T000000, start_date=20260414T000008, end_date=20260414T000008
[2026-04-14T09:00:08.355+0900] {local_task_job_runner.py:261} INFO - Task exited with return code 0
[2026-04-14T09:00:08.369+0900] {taskinstance.py:3891} INFO - 0 downstream tasks scheduled from follow-on schedule check
[2026-04-14T09:00:08.371+0900] {local_task_job_runner.py:240} INFO - ::endgroup::
