[2026-04-08T06:25:20.576+0000] {local_task_job_runner.py:123} INFO - ::group::Pre task execution logs
[2026-04-08T06:25:20.588+0000] {taskinstance.py:2603} INFO - Dependencies all met for dep_context=non-requeueable deps ti=<TaskInstance: random_multiply_dag_v3.generate_num_1 manual__2026-04-08T06:25:19.185549+00:00 [queued]>
[2026-04-08T06:25:20.595+0000] {taskinstance.py:2603} INFO - Dependencies all met for dep_context=requeueable deps ti=<TaskInstance: random_multiply_dag_v3.generate_num_1 manual__2026-04-08T06:25:19.185549+00:00 [queued]>
[2026-04-08T06:25:20.596+0000] {taskinstance.py:2856} INFO - Starting attempt 1 of 2
[2026-04-08T06:25:20.608+0000] {taskinstance.py:2879} INFO - Executing <Task(PythonOperator): generate_num_1> on 2026-04-08 06:25:19.185549+00:00
[2026-04-08T06:25:20.615+0000] {warnings.py:112} WARNING - /home/***/.local/lib/python3.12/site-packages/***/task/task_runner/standard_task_runner.py:70: DeprecationWarning: This process (pid=102) is multi-threaded, use of fork() may lead to deadlocks in the child.
  pid = os.fork()

[2026-04-08T06:25:20.617+0000] {standard_task_runner.py:104} INFO - Running: ['***', 'tasks', 'run', 'random_multiply_dag_v3', 'generate_num_1', 'manual__2026-04-08T06:25:19.185549+00:00', '--job-id', '7', '--raw', '--subdir', 'DAGS_FOLDER/1_***_test.py', '--cfg-path', '/tmp/tmp_z856if4']
[2026-04-08T06:25:20.618+0000] {standard_task_runner.py:72} INFO - Started process 106 to run task
[2026-04-08T06:25:20.619+0000] {standard_task_runner.py:105} INFO - Job 7: Subtask generate_num_1
[2026-04-08T06:25:20.664+0000] {task_command.py:467} INFO - Running <TaskInstance: random_multiply_dag_v3.generate_num_1 manual__2026-04-08T06:25:19.185549+00:00 [running]> on host 4dc8e8656e8f
[2026-04-08T06:25:20.736+0000] {taskinstance.py:3122} INFO - Exporting env vars: AIRFLOW_CTX_DAG_OWNER='YONG' AIRFLOW_CTX_DAG_ID='random_multiply_dag_v3' AIRFLOW_CTX_TASK_ID='generate_num_1' AIRFLOW_CTX_EXECUTION_DATE='2026-04-08T06:25:19.185549+00:00' AIRFLOW_CTX_TRY_NUMBER='1' AIRFLOW_CTX_DAG_RUN_ID='manual__2026-04-08T06:25:19.185549+00:00'
[2026-04-08T06:25:20.737+0000] {logging_mixin.py:190} INFO - Task instance is in running state
[2026-04-08T06:25:20.740+0000] {logging_mixin.py:190} INFO -  Previous state of the Task instance: queued
[2026-04-08T06:25:20.740+0000] {logging_mixin.py:190} INFO - Current task name:generate_num_1 state:running start_date:2026-04-08 06:25:20.589747+00:00
[2026-04-08T06:25:20.741+0000] {logging_mixin.py:190} INFO - Dag name:random_multiply_dag_v3 and current dag run status:running
[2026-04-08T06:25:20.741+0000] {taskinstance.py:731} INFO - ::endgroup::
[2026-04-08T06:25:20.742+0000] {logging_mixin.py:190} INFO - Generated Number 1: 42
[2026-04-08T06:25:20.743+0000] {python.py:240} INFO - Done. Returned value was: 42
[2026-04-08T06:25:20.767+0000] {taskinstance.py:340} INFO - ::group::Post task execution logs
[2026-04-08T06:25:20.768+0000] {taskinstance.py:352} INFO - Marking task as SUCCESS. dag_id=random_multiply_dag_v3, task_id=generate_num_1, run_id=manual__2026-04-08T06:25:19.185549+00:00, execution_date=20260408T062519, start_date=20260408T062520, end_date=20260408T062520
[2026-04-08T06:25:20.776+0000] {logging_mixin.py:190} INFO - Task instance in success state
[2026-04-08T06:25:20.777+0000] {logging_mixin.py:190} INFO -  Previous state of the Task instance: running
[2026-04-08T06:25:20.778+0000] {logging_mixin.py:190} INFO - Dag name:random_multiply_dag_v3 queued_at:2026-04-08 06:25:19.197871+00:00
[2026-04-08T06:25:20.778+0000] {logging_mixin.py:190} INFO - Task hostname:4dc8e8656e8f operator:PythonOperator
[2026-04-08T06:25:20.794+0000] {local_task_job_runner.py:261} INFO - Task exited with return code 0
[2026-04-08T06:25:20.810+0000] {taskinstance.py:3891} INFO - 1 downstream tasks scheduled from follow-on schedule check
[2026-04-08T06:25:20.812+0000] {local_task_job_runner.py:240} INFO - ::endgroup::
