[2026-04-13T09:00:03.283+0900] {local_task_job_runner.py:123} INFO - ::group::Pre task execution logs
[2026-04-13T09:00:03.294+0900] {taskinstance.py:2603} INFO - Dependencies all met for dep_context=non-requeueable deps ti=<TaskInstance: 01_basics_bash.sleep scheduled__2026-04-12T00:00:00+00:00 [queued]>
[2026-04-13T09:00:03.300+0900] {taskinstance.py:2603} INFO - Dependencies all met for dep_context=requeueable deps ti=<TaskInstance: 01_basics_bash.sleep scheduled__2026-04-12T00:00:00+00:00 [queued]>
[2026-04-13T09:00:03.301+0900] {taskinstance.py:2856} INFO - Starting attempt 1 of 2
[2026-04-13T09:00:03.310+0900] {taskinstance.py:2879} INFO - Executing <Task(BashOperator): sleep> on 2026-04-12 00:00:00+00:00
[2026-04-13T09:00:03.315+0900] {warnings.py:112} WARNING - /home/***/.local/lib/python3.12/site-packages/***/task/task_runner/standard_task_runner.py:70: DeprecationWarning: This process (pid=163) is multi-threaded, use of fork() may lead to deadlocks in the child.
  pid = os.fork()

[2026-04-13T09:00:03.317+0900] {standard_task_runner.py:72} INFO - Started process 165 to run task
[2026-04-13T09:00:03.317+0900] {standard_task_runner.py:104} INFO - Running: ['***', 'tasks', 'run', '01_basics_bash', 'sleep', 'scheduled__2026-04-12T00:00:00+00:00', '--job-id', '26', '--raw', '--subdir', 'DAGS_FOLDER/01_basics_bash.py', '--cfg-path', '/tmp/tmpc4zxjou7']
[2026-04-13T09:00:03.317+0900] {standard_task_runner.py:105} INFO - Job 26: Subtask sleep
[2026-04-13T09:00:03.356+0900] {task_command.py:467} INFO - Running <TaskInstance: 01_basics_bash.sleep scheduled__2026-04-12T00:00:00+00:00 [running]> on host 52b82e78b0f3
[2026-04-13T09:00:03.409+0900] {taskinstance.py:3122} INFO - Exporting env vars: AIRFLOW_CTX_DAG_OWNER='de_2team_manager' AIRFLOW_CTX_DAG_ID='01_basics_bash' AIRFLOW_CTX_TASK_ID='sleep' AIRFLOW_CTX_EXECUTION_DATE='2026-04-12T00:00:00+00:00' AIRFLOW_CTX_TRY_NUMBER='1' AIRFLOW_CTX_DAG_RUN_ID='scheduled__2026-04-12T00:00:00+00:00'
[2026-04-13T09:00:03.411+0900] {logging_mixin.py:190} INFO - Task instance is in running state
[2026-04-13T09:00:03.411+0900] {logging_mixin.py:190} INFO -  Previous state of the Task instance: queued
[2026-04-13T09:00:03.412+0900] {logging_mixin.py:190} INFO - Current task name:sleep state:running start_date:2026-04-13 00:00:03.295585+00:00
[2026-04-13T09:00:03.412+0900] {logging_mixin.py:190} INFO - Dag name:01_basics_bash and current dag run status:running
[2026-04-13T09:00:03.413+0900] {taskinstance.py:731} INFO - ::endgroup::
[2026-04-13T09:00:03.414+0900] {subprocess.py:63} INFO - Tmp dir root location: /tmp
[2026-04-13T09:00:03.415+0900] {subprocess.py:75} INFO - Running command: ['/usr/bin/bash', '-c', 'sleep 5']
[2026-04-13T09:00:03.422+0900] {subprocess.py:86} INFO - Output:
[2026-04-13T09:00:08.425+0900] {subprocess.py:97} INFO - Command exited with return code 0
[2026-04-13T09:00:08.443+0900] {taskinstance.py:340} INFO - ::group::Post task execution logs
[2026-04-13T09:00:08.444+0900] {taskinstance.py:352} INFO - Marking task as SUCCESS. dag_id=01_basics_bash, task_id=sleep, run_id=scheduled__2026-04-12T00:00:00+00:00, execution_date=20260412T000000, start_date=20260413T000003, end_date=20260413T000008
[2026-04-13T09:00:08.451+0900] {logging_mixin.py:190} INFO - Task instance in success state
[2026-04-13T09:00:08.453+0900] {logging_mixin.py:190} INFO -  Previous state of the Task instance: running
[2026-04-13T09:00:08.453+0900] {logging_mixin.py:190} INFO - Dag name:01_basics_bash queued_at:2026-04-13 00:00:00.605206+00:00
[2026-04-13T09:00:08.454+0900] {logging_mixin.py:190} INFO - Task hostname:52b82e78b0f3 operator:BashOperator
[2026-04-13T09:00:08.469+0900] {local_task_job_runner.py:261} INFO - Task exited with return code 0
[2026-04-13T09:00:08.483+0900] {taskinstance.py:3891} INFO - 1 downstream tasks scheduled from follow-on schedule check
[2026-04-13T09:00:08.485+0900] {local_task_job_runner.py:240} INFO - ::endgroup::
