[2026-04-13T08:59:52.236+0900] {local_task_job_runner.py:123} INFO - ::group::Pre task execution logs
[2026-04-13T08:59:52.246+0900] {taskinstance.py:2603} INFO - Dependencies all met for dep_context=non-requeueable deps ti=<TaskInstance: 01_basics_bash.sleep scheduled__2026-04-11T00:00:00+00:00 [queued]>
[2026-04-13T08:59:52.252+0900] {taskinstance.py:2603} INFO - Dependencies all met for dep_context=requeueable deps ti=<TaskInstance: 01_basics_bash.sleep scheduled__2026-04-11T00:00:00+00:00 [queued]>
[2026-04-13T08:59:52.252+0900] {taskinstance.py:2856} INFO - Starting attempt 1 of 2
[2026-04-13T08:59:52.260+0900] {taskinstance.py:2879} INFO - Executing <Task(BashOperator): sleep> on 2026-04-11 00:00:00+00:00
[2026-04-13T08:59:52.265+0900] {warnings.py:112} WARNING - /home/***/.local/lib/python3.12/site-packages/***/task/task_runner/standard_task_runner.py:70: DeprecationWarning: This process (pid=139) is multi-threaded, use of fork() may lead to deadlocks in the child.
  pid = os.fork()

[2026-04-13T08:59:52.267+0900] {standard_task_runner.py:72} INFO - Started process 142 to run task
[2026-04-13T08:59:52.267+0900] {standard_task_runner.py:104} INFO - Running: ['***', 'tasks', 'run', '01_basics_bash', 'sleep', 'scheduled__2026-04-11T00:00:00+00:00', '--job-id', '22', '--raw', '--subdir', 'DAGS_FOLDER/01_basics_bash.py', '--cfg-path', '/tmp/tmptvowj_9z']
[2026-04-13T08:59:52.268+0900] {standard_task_runner.py:105} INFO - Job 22: Subtask sleep
[2026-04-13T08:59:52.304+0900] {task_command.py:467} INFO - Running <TaskInstance: 01_basics_bash.sleep scheduled__2026-04-11T00:00:00+00:00 [running]> on host 52b82e78b0f3
[2026-04-13T08:59:52.353+0900] {taskinstance.py:3122} INFO - Exporting env vars: AIRFLOW_CTX_DAG_OWNER='de_2team_manager' AIRFLOW_CTX_DAG_ID='01_basics_bash' AIRFLOW_CTX_TASK_ID='sleep' AIRFLOW_CTX_EXECUTION_DATE='2026-04-11T00:00:00+00:00' AIRFLOW_CTX_TRY_NUMBER='1' AIRFLOW_CTX_DAG_RUN_ID='scheduled__2026-04-11T00:00:00+00:00'
[2026-04-13T08:59:52.354+0900] {logging_mixin.py:190} INFO - Task instance is in running state
[2026-04-13T08:59:52.355+0900] {logging_mixin.py:190} INFO -  Previous state of the Task instance: queued
[2026-04-13T08:59:52.355+0900] {logging_mixin.py:190} INFO - Current task name:sleep state:running start_date:2026-04-12 23:59:52.247439+00:00
[2026-04-13T08:59:52.356+0900] {logging_mixin.py:190} INFO - Dag name:01_basics_bash and current dag run status:running
[2026-04-13T08:59:52.356+0900] {taskinstance.py:731} INFO - ::endgroup::
[2026-04-13T08:59:52.357+0900] {subprocess.py:63} INFO - Tmp dir root location: /tmp
[2026-04-13T08:59:52.357+0900] {subprocess.py:75} INFO - Running command: ['/usr/bin/bash', '-c', 'sleep 5']
[2026-04-13T08:59:52.365+0900] {subprocess.py:86} INFO - Output:
[2026-04-13T08:59:57.369+0900] {subprocess.py:97} INFO - Command exited with return code 0
[2026-04-13T08:59:57.388+0900] {taskinstance.py:340} INFO - ::group::Post task execution logs
[2026-04-13T08:59:57.389+0900] {taskinstance.py:352} INFO - Marking task as SUCCESS. dag_id=01_basics_bash, task_id=sleep, run_id=scheduled__2026-04-11T00:00:00+00:00, execution_date=20260411T000000, start_date=20260412T235952, end_date=20260412T235957
[2026-04-13T08:59:57.397+0900] {logging_mixin.py:190} INFO - Task instance in success state
[2026-04-13T08:59:57.398+0900] {logging_mixin.py:190} INFO -  Previous state of the Task instance: running
[2026-04-13T08:59:57.399+0900] {logging_mixin.py:190} INFO - Dag name:01_basics_bash queued_at:2026-04-12 23:59:48.278791+00:00
[2026-04-13T08:59:57.399+0900] {logging_mixin.py:190} INFO - Task hostname:52b82e78b0f3 operator:BashOperator
[2026-04-13T08:59:57.416+0900] {local_task_job_runner.py:261} INFO - Task exited with return code 0
[2026-04-13T08:59:57.429+0900] {taskinstance.py:3891} INFO - 1 downstream tasks scheduled from follow-on schedule check
[2026-04-13T08:59:57.431+0900] {local_task_job_runner.py:240} INFO - ::endgroup::
