[2026-04-08T05:47:39.433+0000] {local_task_job_runner.py:123} INFO - ::group::Pre task execution logs
[2026-04-08T05:47:39.445+0000] {taskinstance.py:2603} INFO - Dependencies all met for dep_context=non-requeueable deps ti=<TaskInstance: random_multiply_dag.generate_num_1 manual__2026-04-08T05:47:34.231403+00:00 [queued]>
[2026-04-08T05:47:39.450+0000] {taskinstance.py:2603} INFO - Dependencies all met for dep_context=requeueable deps ti=<TaskInstance: random_multiply_dag.generate_num_1 manual__2026-04-08T05:47:34.231403+00:00 [queued]>
[2026-04-08T05:47:39.451+0000] {taskinstance.py:2856} INFO - Starting attempt 1 of 2
[2026-04-08T05:47:39.460+0000] {taskinstance.py:2879} INFO - Executing <Task(PythonOperator): generate_num_1> on 2026-04-08 05:47:34.231403+00:00
[2026-04-08T05:47:39.465+0000] {warnings.py:112} WARNING - /home/***/.local/lib/python3.12/site-packages/***/task/task_runner/standard_task_runner.py:70: DeprecationWarning: This process (pid=2711) is multi-threaded, use of fork() may lead to deadlocks in the child.
  pid = os.fork()

[2026-04-08T05:47:39.466+0000] {standard_task_runner.py:104} INFO - Running: ['***', 'tasks', 'run', 'random_multiply_dag', 'generate_num_1', 'manual__2026-04-08T05:47:34.231403+00:00', '--job-id', '4', '--raw', '--subdir', 'DAGS_FOLDER/1_***_test.py', '--cfg-path', '/tmp/tmpkyc9pvbn']
[2026-04-08T05:47:39.467+0000] {standard_task_runner.py:72} INFO - Started process 2715 to run task
[2026-04-08T05:47:39.467+0000] {standard_task_runner.py:105} INFO - Job 4: Subtask generate_num_1
[2026-04-08T05:47:39.566+0000] {task_command.py:467} INFO - Running <TaskInstance: random_multiply_dag.generate_num_1 manual__2026-04-08T05:47:34.231403+00:00 [running]> on host 30220cc5b78a
[2026-04-08T05:47:39.674+0000] {taskinstance.py:3122} INFO - Exporting env vars: AIRFLOW_CTX_DAG_OWNER='YONG' AIRFLOW_CTX_DAG_ID='random_multiply_dag' AIRFLOW_CTX_TASK_ID='generate_num_1' AIRFLOW_CTX_EXECUTION_DATE='2026-04-08T05:47:34.231403+00:00' AIRFLOW_CTX_TRY_NUMBER='1' AIRFLOW_CTX_DAG_RUN_ID='manual__2026-04-08T05:47:34.231403+00:00'
[2026-04-08T05:47:39.679+0000] {logging_mixin.py:190} INFO - Task instance is in running state
[2026-04-08T05:47:39.680+0000] {logging_mixin.py:190} INFO -  Previous state of the Task instance: queued
[2026-04-08T05:47:39.680+0000] {logging_mixin.py:190} INFO - Current task name:generate_num_1 state:running start_date:2026-04-08 05:47:39.445655+00:00
[2026-04-08T05:47:39.681+0000] {logging_mixin.py:190} INFO - Dag name:random_multiply_dag and current dag run status:running
[2026-04-08T05:47:39.682+0000] {taskinstance.py:731} INFO - ::endgroup::
[2026-04-08T05:47:39.683+0000] {logging_mixin.py:190} INFO - Generated Number 1: 60
[2026-04-08T05:47:39.683+0000] {python.py:240} INFO - Done. Returned value was: 60
[2026-04-08T05:47:39.709+0000] {taskinstance.py:340} INFO - ::group::Post task execution logs
[2026-04-08T05:47:39.710+0000] {taskinstance.py:352} INFO - Marking task as SUCCESS. dag_id=random_multiply_dag, task_id=generate_num_1, run_id=manual__2026-04-08T05:47:34.231403+00:00, execution_date=20260408T054734, start_date=20260408T054739, end_date=20260408T054739
[2026-04-08T05:47:39.719+0000] {logging_mixin.py:190} INFO - Task instance in success state
[2026-04-08T05:47:39.720+0000] {logging_mixin.py:190} INFO -  Previous state of the Task instance: running
[2026-04-08T05:47:39.721+0000] {logging_mixin.py:190} INFO - Dag name:random_multiply_dag queued_at:2026-04-08 05:47:34.249238+00:00
[2026-04-08T05:47:39.721+0000] {logging_mixin.py:190} INFO - Task hostname:30220cc5b78a operator:PythonOperator
[2026-04-08T05:47:39.763+0000] {local_task_job_runner.py:261} INFO - Task exited with return code 0
[2026-04-08T05:47:39.781+0000] {taskinstance.py:3891} INFO - 1 downstream tasks scheduled from follow-on schedule check
[2026-04-08T05:47:39.783+0000] {local_task_job_runner.py:240} INFO - ::endgroup::
