[2026-04-13T09:57:09.609+0900] {local_task_job_runner.py:123} INFO - ::group::Pre task execution logs
[2026-04-13T09:57:09.619+0900] {taskinstance.py:2603} INFO - Dependencies all met for dep_context=non-requeueable deps ti=<TaskInstance: 05_mysql_etl.extract manual__2026-04-13T00:57:05.801292+00:00 [queued]>
[2026-04-13T09:57:09.624+0900] {taskinstance.py:2603} INFO - Dependencies all met for dep_context=requeueable deps ti=<TaskInstance: 05_mysql_etl.extract manual__2026-04-13T00:57:05.801292+00:00 [queued]>
[2026-04-13T09:57:09.625+0900] {taskinstance.py:2856} INFO - Starting attempt 1 of 2
[2026-04-13T09:57:09.635+0900] {taskinstance.py:2879} INFO - Executing <Task(PythonOperator): extract> on 2026-04-13 00:57:05.801292+00:00
[2026-04-13T09:57:09.640+0900] {warnings.py:112} WARNING - /home/***/.local/lib/python3.12/site-packages/***/task/task_runner/standard_task_runner.py:70: DeprecationWarning: This process (pid=977) is multi-threaded, use of fork() may lead to deadlocks in the child.
  pid = os.fork()

[2026-04-13T09:57:09.642+0900] {standard_task_runner.py:72} INFO - Started process 979 to run task
[2026-04-13T09:57:09.642+0900] {standard_task_runner.py:104} INFO - Running: ['***', 'tasks', 'run', '05_mysql_etl', 'extract', 'manual__2026-04-13T00:57:05.801292+00:00', '--job-id', '39', '--raw', '--subdir', 'DAGS_FOLDER/05_mysql_etl.py', '--cfg-path', '/tmp/tmpfcna9nvh']
[2026-04-13T09:57:09.643+0900] {standard_task_runner.py:105} INFO - Job 39: Subtask extract
[2026-04-13T09:57:09.674+0900] {task_command.py:467} INFO - Running <TaskInstance: 05_mysql_etl.extract manual__2026-04-13T00:57:05.801292+00:00 [running]> on host 52b82e78b0f3
[2026-04-13T09:57:09.722+0900] {taskinstance.py:3122} INFO - Exporting env vars: AIRFLOW_CTX_DAG_OWNER='de_2team_manager' AIRFLOW_CTX_DAG_ID='05_mysql_etl' AIRFLOW_CTX_TASK_ID='extract' AIRFLOW_CTX_EXECUTION_DATE='2026-04-13T00:57:05.801292+00:00' AIRFLOW_CTX_TRY_NUMBER='1' AIRFLOW_CTX_DAG_RUN_ID='manual__2026-04-13T00:57:05.801292+00:00'
[2026-04-13T09:57:09.724+0900] {logging_mixin.py:190} INFO - Task instance is in running state
[2026-04-13T09:57:09.724+0900] {logging_mixin.py:190} INFO -  Previous state of the Task instance: queued
[2026-04-13T09:57:09.725+0900] {logging_mixin.py:190} INFO - Current task name:extract state:running start_date:2026-04-13 00:57:09.619821+00:00
[2026-04-13T09:57:09.726+0900] {logging_mixin.py:190} INFO - Dag name:05_mysql_etl and current dag run status:running
[2026-04-13T09:57:09.726+0900] {taskinstance.py:731} INFO - ::endgroup::
[2026-04-13T09:57:09.732+0900] {05_mysql_etl.py:53} INFO - extract 한 로그 데이터 /opt/***/dags/data/sensor_data_20260413.json 
[2026-04-13T09:57:09.733+0900] {python.py:240} INFO - Done. Returned value was: /opt/***/dags/data/sensor_data_20260413.json
[2026-04-13T09:57:09.746+0900] {taskinstance.py:340} INFO - ::group::Post task execution logs
[2026-04-13T09:57:09.747+0900] {taskinstance.py:352} INFO - Marking task as SUCCESS. dag_id=05_mysql_etl, task_id=extract, run_id=manual__2026-04-13T00:57:05.801292+00:00, execution_date=20260413T005705, start_date=20260413T005709, end_date=20260413T005709
[2026-04-13T09:57:09.754+0900] {logging_mixin.py:190} INFO - Task instance in success state
[2026-04-13T09:57:09.754+0900] {logging_mixin.py:190} INFO -  Previous state of the Task instance: running
[2026-04-13T09:57:09.755+0900] {logging_mixin.py:190} INFO - Dag name:05_mysql_etl queued_at:2026-04-13 00:57:05.826090+00:00
[2026-04-13T09:57:09.755+0900] {logging_mixin.py:190} INFO - Task hostname:52b82e78b0f3 operator:PythonOperator
[2026-04-13T09:57:09.776+0900] {local_task_job_runner.py:261} INFO - Task exited with return code 0
[2026-04-13T09:57:09.793+0900] {taskinstance.py:3891} INFO - 1 downstream tasks scheduled from follow-on schedule check
[2026-04-13T09:57:09.794+0900] {local_task_job_runner.py:240} INFO - ::endgroup::
