[2026-04-13T18:00:02.030+0900] {local_task_job_runner.py:123} INFO - ::group::Pre task execution logs
[2026-04-13T18:00:02.042+0900] {taskinstance.py:2603} INFO - Dependencies all met for dep_context=non-requeueable deps ti=<TaskInstance: 03_basics_macro_jinja.jinja_macro_bash scheduled__2026-04-12T09:00:00+00:00 [queued]>
[2026-04-13T18:00:02.051+0900] {taskinstance.py:2603} INFO - Dependencies all met for dep_context=requeueable deps ti=<TaskInstance: 03_basics_macro_jinja.jinja_macro_bash scheduled__2026-04-12T09:00:00+00:00 [queued]>
[2026-04-13T18:00:02.052+0900] {taskinstance.py:2856} INFO - Starting attempt 1 of 2
[2026-04-13T18:00:02.064+0900] {taskinstance.py:2879} INFO - Executing <Task(BashOperator): jinja_macro_bash> on 2026-04-12 09:00:00+00:00
[2026-04-13T18:00:02.068+0900] {warnings.py:112} WARNING - /home/***/.local/lib/python3.12/site-packages/***/task/task_runner/standard_task_runner.py:70: DeprecationWarning: This process (pid=2062) is multi-threaded, use of fork() may lead to deadlocks in the child.
  pid = os.fork()

[2026-04-13T18:00:02.070+0900] {standard_task_runner.py:72} INFO - Started process 2063 to run task
[2026-04-13T18:00:02.070+0900] {standard_task_runner.py:104} INFO - Running: ['***', 'tasks', 'run', '03_basics_macro_jinja', 'jinja_macro_bash', 'scheduled__2026-04-12T09:00:00+00:00', '--job-id', '65', '--raw', '--subdir', 'DAGS_FOLDER/03_basics_context_jinja.py', '--cfg-path', '/tmp/tmpj1ubv0zf']
[2026-04-13T18:00:02.071+0900] {standard_task_runner.py:105} INFO - Job 65: Subtask jinja_macro_bash
[2026-04-13T18:00:02.108+0900] {task_command.py:467} INFO - Running <TaskInstance: 03_basics_macro_jinja.jinja_macro_bash scheduled__2026-04-12T09:00:00+00:00 [running]> on host ad48662a813c
[2026-04-13T18:00:02.173+0900] {taskinstance.py:3122} INFO - Exporting env vars: AIRFLOW_CTX_DAG_OWNER='de_2team_manager' AIRFLOW_CTX_DAG_ID='03_basics_macro_jinja' AIRFLOW_CTX_TASK_ID='jinja_macro_bash' AIRFLOW_CTX_EXECUTION_DATE='2026-04-12T09:00:00+00:00' AIRFLOW_CTX_TRY_NUMBER='1' AIRFLOW_CTX_DAG_RUN_ID='scheduled__2026-04-12T09:00:00+00:00'
[2026-04-13T18:00:02.174+0900] {taskinstance.py:731} INFO - ::endgroup::
[2026-04-13T18:00:02.185+0900] {subprocess.py:63} INFO - Tmp dir root location: /tmp
[2026-04-13T18:00:02.186+0900] {subprocess.py:75} INFO - Running command: ['/usr/bin/bash', '-c', "echo '일주일전 수행 시간 계산 2026-04-05, 랜덤 0.7625392166585268' "]
[2026-04-13T18:00:02.193+0900] {subprocess.py:86} INFO - Output:
[2026-04-13T18:00:02.194+0900] {subprocess.py:93} INFO - 일주일전 수행 시간 계산 2026-04-05, 랜덤 0.7625392166585268
[2026-04-13T18:00:02.194+0900] {subprocess.py:97} INFO - Command exited with return code 0
[2026-04-13T18:00:02.212+0900] {taskinstance.py:340} INFO - ::group::Post task execution logs
[2026-04-13T18:00:02.212+0900] {taskinstance.py:352} INFO - Marking task as SUCCESS. dag_id=03_basics_macro_jinja, task_id=jinja_macro_bash, run_id=scheduled__2026-04-12T09:00:00+00:00, execution_date=20260412T090000, start_date=20260413T090002, end_date=20260413T090002
[2026-04-13T18:00:02.243+0900] {local_task_job_runner.py:261} INFO - Task exited with return code 0
[2026-04-13T18:00:02.258+0900] {taskinstance.py:3891} INFO - 1 downstream tasks scheduled from follow-on schedule check
[2026-04-13T18:00:02.260+0900] {local_task_job_runner.py:240} INFO - ::endgroup::
