[2026-04-14T11:37:54.543+0900] {local_task_job_runner.py:123} INFO - ::group::Pre task execution logs
[2026-04-14T11:37:54.556+0900] {taskinstance.py:2603} INFO - Dependencies all met for dep_context=non-requeueable deps ti=<TaskInstance: 07_msa_api_server_used_adv.task_extract_data manual__2026-04-14T02:37:51.650981+00:00 [queued]>
[2026-04-14T11:37:54.562+0900] {taskinstance.py:2603} INFO - Dependencies all met for dep_context=requeueable deps ti=<TaskInstance: 07_msa_api_server_used_adv.task_extract_data manual__2026-04-14T02:37:51.650981+00:00 [queued]>
[2026-04-14T11:37:54.563+0900] {taskinstance.py:2856} INFO - Starting attempt 1 of 2
[2026-04-14T11:37:54.572+0900] {taskinstance.py:2879} INFO - Executing <Task(PythonOperator): task_extract_data> on 2026-04-14 02:37:51.650981+00:00
[2026-04-14T11:37:54.576+0900] {warnings.py:112} WARNING - /home/***/.local/lib/python3.12/site-packages/***/task/task_runner/standard_task_runner.py:70: DeprecationWarning: This process (pid=16223) is multi-threaded, use of fork() may lead to deadlocks in the child.
  pid = os.fork()

[2026-04-14T11:37:54.578+0900] {standard_task_runner.py:72} INFO - Started process 16224 to run task
[2026-04-14T11:37:54.578+0900] {standard_task_runner.py:104} INFO - Running: ['***', 'tasks', 'run', '07_msa_api_server_used_adv', 'task_extract_data', 'manual__2026-04-14T02:37:51.650981+00:00', '--job-id', '124', '--raw', '--subdir', 'DAGS_FOLDER/07_msa_api_server_used_adv.py', '--cfg-path', '/tmp/tmpdtvpn3dg']
[2026-04-14T11:37:54.579+0900] {standard_task_runner.py:105} INFO - Job 124: Subtask task_extract_data
[2026-04-14T11:37:54.616+0900] {task_command.py:467} INFO - Running <TaskInstance: 07_msa_api_server_used_adv.task_extract_data manual__2026-04-14T02:37:51.650981+00:00 [running]> on host ad48662a813c
[2026-04-14T11:37:54.670+0900] {taskinstance.py:3122} INFO - Exporting env vars: AIRFLOW_CTX_DAG_OWNER='YONG' AIRFLOW_CTX_DAG_ID='07_msa_api_server_used_adv' AIRFLOW_CTX_TASK_ID='task_extract_data' AIRFLOW_CTX_EXECUTION_DATE='2026-04-14T02:37:51.650981+00:00' AIRFLOW_CTX_TRY_NUMBER='1' AIRFLOW_CTX_DAG_RUN_ID='manual__2026-04-14T02:37:51.650981+00:00'
[2026-04-14T11:37:54.672+0900] {taskinstance.py:731} INFO - ::endgroup::
[2026-04-14T11:37:55.038+0900] {base.py:84} INFO - Retrieving connection 'mysql_default'
[2026-04-14T11:37:55.078+0900] {warnings.py:112} WARNING - /home/***/.local/lib/python3.12/site-packages/***/providers/common/sql/hooks/sql.py:283: UserWarning: pandas only supports SQLAlchemy connectable (engine/connection) or database string URI or sqlite3 DBAPI2 connection. Other DBAPI2 objects are not tested. Please consider using SQLAlchemy.
  return psql.read_sql(sql, con=conn, params=parameters, **kwargs)

[2026-04-14T11:37:55.081+0900] {python.py:240} INFO - Done. Returned value was: [{'user_id': 'C001', 'income': 7752, 'loan_amt': 1388}, {'user_id': 'C002', 'income': 6306, 'loan_amt': 2100}, {'user_id': 'C003', 'income': 5947, 'loan_amt': 1565}, {'user_id': 'C004', 'income': 3405, 'loan_amt': 2554}, {'user_id': 'C005', 'income': 3788, 'loan_amt': 3910}, {'user_id': 'C006', 'income': 7140, 'loan_amt': 1838}, {'user_id': 'C007', 'income': 5925, 'loan_amt': 3602}, {'user_id': 'C008', 'income': 6633, 'loan_amt': 4970}, {'user_id': 'C009', 'income': 6390, 'loan_amt': 1783}, {'user_id': 'C010', 'income': 3848, 'loan_amt': 4336}, {'user_id': 'C011', 'income': 5882, 'loan_amt': 1597}, {'user_id': 'C012', 'income': 9521, 'loan_amt': 4545}, {'user_id': 'C013', 'income': 6643, 'loan_amt': 3659}, {'user_id': 'C014', 'income': 3652, 'loan_amt': 1275}, {'user_id': 'C015', 'income': 3323, 'loan_amt': 2878}, {'user_id': 'C016', 'income': 3664, 'loan_amt': 4235}, {'user_id': 'C017', 'income': 6620, 'loan_amt': 1262}, {'user_id': 'C018', 'income': 8797, 'loan_amt': 4522}, {'user_id': 'C019', 'income': 6974, 'loan_amt': 3463}, {'user_id': 'C020', 'income': 5004, 'loan_amt': 2645}, {'user_id': 'C021', 'income': 8806, 'loan_amt': 2122}, {'user_id': 'C022', 'income': 3277, 'loan_amt': 4440}, {'user_id': 'C023', 'income': 4059, 'loan_amt': 3128}, {'user_id': 'C024', 'income': 7598, 'loan_amt': 4370}, {'user_id': 'C025', 'income': 3505, 'loan_amt': 2503}, {'user_id': 'C026', 'income': 8842, 'loan_amt': 2418}, {'user_id': 'C027', 'income': 6327, 'loan_amt': 2699}, {'user_id': 'C028', 'income': 9439, 'loan_amt': 1772}, {'user_id': 'C029', 'income': 3362, 'loan_amt': 2487}, {'user_id': 'C030', 'income': 7149, 'loan_amt': 1761}, {'user_id': 'C031', 'income': 4282, 'loan_amt': 2117}, {'user_id': 'C032', 'income': 5358, 'loan_amt': 2933}, {'user_id': 'C033', 'income': 5380, 'loan_amt': 2606}, {'user_id': 'C034', 'income': 6790, 'loan_amt': 3735}, {'user_id': 'C035', 'income': 5005, 'loan_amt': 1366}, {'user_id': 'C036', 'income': 4501, 'loan_amt': 4505}, {'user_id': 'C037', 'income': 3864, 'loan_amt': 2542}, {'user_id': 'C038', 'income': 3451, 'loan_amt': 3849}, {'user_id': 'C039', 'income': 6313, 'loan_amt': 2852}, {'user_id': 'C040', 'income': 5125, 'loan_amt': 2694}, {'user_id': 'C041', 'income': 6298, 'loan_amt': 3701}, {'user_id': 'C042', 'income': 4347, 'loan_amt': 2322}, {'user_id': 'C043', 'income': 4377, 'loan_amt': 4600}, {'user_id': 'C044', 'income': 5681, 'loan_amt': 3654}, {'user_id': 'C045', 'income': 9200, 'loan_amt': 1708}, {'user_id': 'C046', 'income': 3130, 'loan_amt': 1936}, {'user_id': 'C047', 'income': 5383, 'loan_amt': 4727}, {'user_id': 'C048', 'income': 6535, 'loan_amt': 1639}, {'user_id': 'C049', 'income': 6390, 'loan_amt': 4187}, {'user_id': 'C050', 'income': 6577, 'loan_amt': 2874}]
[2026-04-14T11:37:55.102+0900] {taskinstance.py:340} INFO - ::group::Post task execution logs
[2026-04-14T11:37:55.103+0900] {taskinstance.py:352} INFO - Marking task as SUCCESS. dag_id=07_msa_api_server_used_adv, task_id=task_extract_data, run_id=manual__2026-04-14T02:37:51.650981+00:00, execution_date=20260414T023751, start_date=20260414T023754, end_date=20260414T023755
[2026-04-14T11:37:55.154+0900] {local_task_job_runner.py:261} INFO - Task exited with return code 0
[2026-04-14T11:37:55.184+0900] {taskinstance.py:3891} INFO - 1 downstream tasks scheduled from follow-on schedule check
[2026-04-14T11:37:55.187+0900] {local_task_job_runner.py:240} INFO - ::endgroup::
