[2026-04-14T11:37:56.754+0900] {local_task_job_runner.py:123} INFO - ::group::Pre task execution logs
[2026-04-14T11:37:56.767+0900] {taskinstance.py:2603} INFO - Dependencies all met for dep_context=non-requeueable deps ti=<TaskInstance: 07_msa_api_server_used_adv.task_load_users_credit manual__2026-04-14T02:37:51.650981+00:00 [queued]>
[2026-04-14T11:37:56.773+0900] {taskinstance.py:2603} INFO - Dependencies all met for dep_context=requeueable deps ti=<TaskInstance: 07_msa_api_server_used_adv.task_load_users_credit manual__2026-04-14T02:37:51.650981+00:00 [queued]>
[2026-04-14T11:37:56.775+0900] {taskinstance.py:2856} INFO - Starting attempt 1 of 2
[2026-04-14T11:37:56.785+0900] {taskinstance.py:2879} INFO - Executing <Task(PythonOperator): task_load_users_credit> on 2026-04-14 02:37:51.650981+00:00
[2026-04-14T11:37:56.790+0900] {warnings.py:112} WARNING - /home/***/.local/lib/python3.12/site-packages/***/task/task_runner/standard_task_runner.py:70: DeprecationWarning: This process (pid=16230) is multi-threaded, use of fork() may lead to deadlocks in the child.
  pid = os.fork()

[2026-04-14T11:37:56.791+0900] {standard_task_runner.py:72} INFO - Started process 16231 to run task
[2026-04-14T11:37:56.793+0900] {standard_task_runner.py:104} INFO - Running: ['***', 'tasks', 'run', '07_msa_api_server_used_adv', 'task_load_users_credit', 'manual__2026-04-14T02:37:51.650981+00:00', '--job-id', '126', '--raw', '--subdir', 'DAGS_FOLDER/07_msa_api_server_used_adv.py', '--cfg-path', '/tmp/tmp4ifbsj8u']
[2026-04-14T11:37:56.794+0900] {standard_task_runner.py:105} INFO - Job 126: Subtask task_load_users_credit
[2026-04-14T11:37:56.835+0900] {task_command.py:467} INFO - Running <TaskInstance: 07_msa_api_server_used_adv.task_load_users_credit manual__2026-04-14T02:37:51.650981+00:00 [running]> on host ad48662a813c
[2026-04-14T11:37:56.888+0900] {taskinstance.py:3122} INFO - Exporting env vars: AIRFLOW_CTX_DAG_OWNER='YONG' AIRFLOW_CTX_DAG_ID='07_msa_api_server_used_adv' AIRFLOW_CTX_TASK_ID='task_load_users_credit' AIRFLOW_CTX_EXECUTION_DATE='2026-04-14T02:37:51.650981+00:00' AIRFLOW_CTX_TRY_NUMBER='1' AIRFLOW_CTX_DAG_RUN_ID='manual__2026-04-14T02:37:51.650981+00:00'
[2026-04-14T11:37:56.889+0900] {taskinstance.py:731} INFO - ::endgroup::
[2026-04-14T11:37:56.911+0900] {base.py:84} INFO - Retrieving connection 'mysql_default'
[2026-04-14T11:37:56.930+0900] {python.py:240} INFO - Done. Returned value was: None
[2026-04-14T11:37:56.938+0900] {taskinstance.py:340} INFO - ::group::Post task execution logs
[2026-04-14T11:37:56.939+0900] {taskinstance.py:352} INFO - Marking task as SUCCESS. dag_id=07_msa_api_server_used_adv, task_id=task_load_users_credit, run_id=manual__2026-04-14T02:37:51.650981+00:00, execution_date=20260414T023751, start_date=20260414T023756, end_date=20260414T023756
[2026-04-14T11:37:56.967+0900] {local_task_job_runner.py:261} INFO - Task exited with return code 0
[2026-04-14T11:37:56.978+0900] {taskinstance.py:3891} INFO - 0 downstream tasks scheduled from follow-on schedule check
[2026-04-14T11:37:56.980+0900] {local_task_job_runner.py:240} INFO - ::endgroup::
