[2026-04-08T05:47:39.437+0000] {local_task_job_runner.py:123} INFO - ::group::Pre task execution logs
[2026-04-08T05:47:39.448+0000] {taskinstance.py:2603} INFO - Dependencies all met for dep_context=non-requeueable deps ti=<TaskInstance: random_multiply_dag.generate_num_2 manual__2026-04-08T05:47:34.231403+00:00 [queued]>
[2026-04-08T05:47:39.455+0000] {taskinstance.py:2603} INFO - Dependencies all met for dep_context=requeueable deps ti=<TaskInstance: random_multiply_dag.generate_num_2 manual__2026-04-08T05:47:34.231403+00:00 [queued]>
[2026-04-08T05:47:39.456+0000] {taskinstance.py:2856} INFO - Starting attempt 1 of 2
[2026-04-08T05:47:39.465+0000] {taskinstance.py:2879} INFO - Executing <Task(PythonOperator): generate_num_2> on 2026-04-08 05:47:34.231403+00:00
[2026-04-08T05:47:39.473+0000] {warnings.py:112} WARNING - /home/***/.local/lib/python3.12/site-packages/***/task/task_runner/standard_task_runner.py:70: DeprecationWarning: This process (pid=2712) is multi-threaded, use of fork() may lead to deadlocks in the child.
  pid = os.fork()

[2026-04-08T05:47:39.474+0000] {standard_task_runner.py:104} INFO - Running: ['***', 'tasks', 'run', 'random_multiply_dag', 'generate_num_2', 'manual__2026-04-08T05:47:34.231403+00:00', '--job-id', '3', '--raw', '--subdir', 'DAGS_FOLDER/1_***_test.py', '--cfg-path', '/tmp/tmpq5quw32d']
[2026-04-08T05:47:39.475+0000] {standard_task_runner.py:72} INFO - Started process 2717 to run task
[2026-04-08T05:47:39.475+0000] {standard_task_runner.py:105} INFO - Job 3: Subtask generate_num_2
[2026-04-08T05:47:39.584+0000] {task_command.py:467} INFO - Running <TaskInstance: random_multiply_dag.generate_num_2 manual__2026-04-08T05:47:34.231403+00:00 [running]> on host 30220cc5b78a
[2026-04-08T05:47:39.710+0000] {taskinstance.py:3122} INFO - Exporting env vars: AIRFLOW_CTX_DAG_OWNER='YONG' AIRFLOW_CTX_DAG_ID='random_multiply_dag' AIRFLOW_CTX_TASK_ID='generate_num_2' AIRFLOW_CTX_EXECUTION_DATE='2026-04-08T05:47:34.231403+00:00' AIRFLOW_CTX_TRY_NUMBER='1' AIRFLOW_CTX_DAG_RUN_ID='manual__2026-04-08T05:47:34.231403+00:00'
[2026-04-08T05:47:39.712+0000] {logging_mixin.py:190} INFO - Task instance is in running state
[2026-04-08T05:47:39.713+0000] {logging_mixin.py:190} INFO -  Previous state of the Task instance: queued
[2026-04-08T05:47:39.713+0000] {logging_mixin.py:190} INFO - Current task name:generate_num_2 state:running start_date:2026-04-08 05:47:39.449704+00:00
[2026-04-08T05:47:39.714+0000] {logging_mixin.py:190} INFO - Dag name:random_multiply_dag and current dag run status:running
[2026-04-08T05:47:39.714+0000] {taskinstance.py:731} INFO - ::endgroup::
[2026-04-08T05:47:39.715+0000] {logging_mixin.py:190} INFO - Generated Number 2: 52
[2026-04-08T05:47:39.716+0000] {python.py:240} INFO - Done. Returned value was: 52
[2026-04-08T05:47:39.734+0000] {taskinstance.py:340} INFO - ::group::Post task execution logs
[2026-04-08T05:47:39.735+0000] {taskinstance.py:352} INFO - Marking task as SUCCESS. dag_id=random_multiply_dag, task_id=generate_num_2, run_id=manual__2026-04-08T05:47:34.231403+00:00, execution_date=20260408T054734, start_date=20260408T054739, end_date=20260408T054739
[2026-04-08T05:47:39.742+0000] {logging_mixin.py:190} INFO - Task instance in success state
[2026-04-08T05:47:39.743+0000] {logging_mixin.py:190} INFO -  Previous state of the Task instance: running
[2026-04-08T05:47:39.743+0000] {logging_mixin.py:190} INFO - Dag name:random_multiply_dag queued_at:2026-04-08 05:47:34.249238+00:00
[2026-04-08T05:47:39.744+0000] {logging_mixin.py:190} INFO - Task hostname:30220cc5b78a operator:PythonOperator
[2026-04-08T05:47:39.771+0000] {local_task_job_runner.py:261} INFO - Task exited with return code 0
[2026-04-08T05:47:39.778+0000] {local_task_job_runner.py:240} INFO - ::endgroup::
