[2026-04-14T11:22:52.976+0900] {local_task_job_runner.py:123} INFO - ::group::Pre task execution logs
[2026-04-14T11:22:52.990+0900] {taskinstance.py:2603} INFO - Dependencies all met for dep_context=non-requeueable deps ti=<TaskInstance: 07_msa_api_server_used_adv.task_create_dummy_data scheduled__2026-04-13T00:00:00+00:00 [queued]>
[2026-04-14T11:22:52.998+0900] {taskinstance.py:2603} INFO - Dependencies all met for dep_context=requeueable deps ti=<TaskInstance: 07_msa_api_server_used_adv.task_create_dummy_data scheduled__2026-04-13T00:00:00+00:00 [queued]>
[2026-04-14T11:22:53.000+0900] {taskinstance.py:2856} INFO - Starting attempt 1 of 2
[2026-04-14T11:22:53.013+0900] {taskinstance.py:2879} INFO - Executing <Task(PythonOperator): task_create_dummy_data> on 2026-04-13 00:00:00+00:00
[2026-04-14T11:22:53.018+0900] {warnings.py:112} WARNING - /home/***/.local/lib/python3.12/site-packages/***/task/task_runner/standard_task_runner.py:70: DeprecationWarning: This process (pid=15988) is multi-threaded, use of fork() may lead to deadlocks in the child.
  pid = os.fork()

[2026-04-14T11:22:53.021+0900] {standard_task_runner.py:72} INFO - Started process 15993 to run task
[2026-04-14T11:22:53.021+0900] {standard_task_runner.py:104} INFO - Running: ['***', 'tasks', 'run', '07_msa_api_server_used_adv', 'task_create_dummy_data', 'scheduled__2026-04-13T00:00:00+00:00', '--job-id', '114', '--raw', '--subdir', 'DAGS_FOLDER/07_msa_api_server_used_adv.py', '--cfg-path', '/tmp/tmpt8z5rh5j']
[2026-04-14T11:22:53.023+0900] {standard_task_runner.py:105} INFO - Job 114: Subtask task_create_dummy_data
[2026-04-14T11:22:53.069+0900] {task_command.py:467} INFO - Running <TaskInstance: 07_msa_api_server_used_adv.task_create_dummy_data scheduled__2026-04-13T00:00:00+00:00 [running]> on host ad48662a813c
[2026-04-14T11:22:53.138+0900] {taskinstance.py:3122} INFO - Exporting env vars: AIRFLOW_CTX_DAG_OWNER='YONG' AIRFLOW_CTX_DAG_ID='07_msa_api_server_used_adv' AIRFLOW_CTX_TASK_ID='task_create_dummy_data' AIRFLOW_CTX_EXECUTION_DATE='2026-04-13T00:00:00+00:00' AIRFLOW_CTX_TRY_NUMBER='1' AIRFLOW_CTX_DAG_RUN_ID='scheduled__2026-04-13T00:00:00+00:00'
[2026-04-14T11:22:53.140+0900] {taskinstance.py:731} INFO - ::endgroup::
[2026-04-14T11:22:53.163+0900] {base.py:84} INFO - Retrieving connection 'mysql_default'
[2026-04-14T11:22:53.251+0900] {python.py:240} INFO - Done. Returned value was: None
[2026-04-14T11:22:53.261+0900] {taskinstance.py:340} INFO - ::group::Post task execution logs
[2026-04-14T11:22:53.262+0900] {taskinstance.py:352} INFO - Marking task as SUCCESS. dag_id=07_msa_api_server_used_adv, task_id=task_create_dummy_data, run_id=scheduled__2026-04-13T00:00:00+00:00, execution_date=20260413T000000, start_date=20260414T022252, end_date=20260414T022253
[2026-04-14T11:22:53.278+0900] {local_task_job_runner.py:261} INFO - Task exited with return code 0
[2026-04-14T11:22:53.291+0900] {taskinstance.py:3891} INFO - 0 downstream tasks scheduled from follow-on schedule check
[2026-04-14T11:22:53.293+0900] {local_task_job_runner.py:240} INFO - ::endgroup::
[2026-04-14T13:48:56.555+0900] {local_task_job_runner.py:123} INFO - ::group::Pre task execution logs
[2026-04-14T13:48:56.568+0900] {taskinstance.py:2603} INFO - Dependencies all met for dep_context=non-requeueable deps ti=<TaskInstance: 07_msa_api_server_used_adv.task_create_dummy_data scheduled__2026-04-13T00:00:00+00:00 [queued]>
[2026-04-14T13:48:56.578+0900] {taskinstance.py:2603} INFO - Dependencies all met for dep_context=requeueable deps ti=<TaskInstance: 07_msa_api_server_used_adv.task_create_dummy_data scheduled__2026-04-13T00:00:00+00:00 [queued]>
[2026-04-14T13:48:56.579+0900] {taskinstance.py:2856} INFO - Starting attempt 1 of 2
[2026-04-14T13:48:56.590+0900] {taskinstance.py:2879} INFO - Executing <Task(PythonOperator): task_create_dummy_data> on 2026-04-13 00:00:00+00:00
[2026-04-14T13:48:56.595+0900] {warnings.py:112} WARNING - /home/***/.local/lib/python3.12/site-packages/***/task/task_runner/standard_task_runner.py:70: DeprecationWarning: This process (pid=100) is multi-threaded, use of fork() may lead to deadlocks in the child.
  pid = os.fork()

[2026-04-14T13:48:56.597+0900] {standard_task_runner.py:104} INFO - Running: ['***', 'tasks', 'run', '07_msa_api_server_used_adv', 'task_create_dummy_data', 'scheduled__2026-04-13T00:00:00+00:00', '--job-id', '129', '--raw', '--subdir', 'DAGS_FOLDER/07_msa_api_server_used_adv.py', '--cfg-path', '/tmp/tmpruecku4n']
[2026-04-14T13:48:56.598+0900] {standard_task_runner.py:72} INFO - Started process 101 to run task
[2026-04-14T13:48:56.598+0900] {standard_task_runner.py:105} INFO - Job 129: Subtask task_create_dummy_data
[2026-04-14T13:48:56.639+0900] {task_command.py:467} INFO - Running <TaskInstance: 07_msa_api_server_used_adv.task_create_dummy_data scheduled__2026-04-13T00:00:00+00:00 [running]> on host 543b6a1bbad4
[2026-04-14T13:48:56.698+0900] {taskinstance.py:3122} INFO - Exporting env vars: AIRFLOW_CTX_DAG_OWNER='YONG' AIRFLOW_CTX_DAG_ID='07_msa_api_server_used_adv' AIRFLOW_CTX_TASK_ID='task_create_dummy_data' AIRFLOW_CTX_EXECUTION_DATE='2026-04-13T00:00:00+00:00' AIRFLOW_CTX_TRY_NUMBER='1' AIRFLOW_CTX_DAG_RUN_ID='scheduled__2026-04-13T00:00:00+00:00'
[2026-04-14T13:48:56.700+0900] {taskinstance.py:731} INFO - ::endgroup::
[2026-04-14T13:48:56.730+0900] {base.py:84} INFO - Retrieving connection 'mysql_default'
[2026-04-14T13:48:56.795+0900] {python.py:240} INFO - Done. Returned value was: None
[2026-04-14T13:48:56.804+0900] {taskinstance.py:340} INFO - ::group::Post task execution logs
[2026-04-14T13:48:56.805+0900] {taskinstance.py:352} INFO - Marking task as SUCCESS. dag_id=07_msa_api_server_used_adv, task_id=task_create_dummy_data, run_id=scheduled__2026-04-13T00:00:00+00:00, execution_date=20260413T000000, start_date=20260414T044856, end_date=20260414T044856
[2026-04-14T13:48:56.852+0900] {local_task_job_runner.py:261} INFO - Task exited with return code 0
[2026-04-14T13:48:56.872+0900] {taskinstance.py:3891} INFO - 1 downstream tasks scheduled from follow-on schedule check
[2026-04-14T13:48:56.873+0900] {local_task_job_runner.py:240} INFO - ::endgroup::
