[2026-04-13T10:33:29.340+0900] {local_task_job_runner.py:123} INFO - ::group::Pre task execution logs
[2026-04-13T10:33:29.352+0900] {taskinstance.py:2603} INFO - Dependencies all met for dep_context=non-requeueable deps ti=<TaskInstance: 06_multi_transform.transform_task dataset_triggered__2026-04-13T01:33:27.979903+00:00 [queued]>
[2026-04-13T10:33:29.358+0900] {taskinstance.py:2603} INFO - Dependencies all met for dep_context=requeueable deps ti=<TaskInstance: 06_multi_transform.transform_task dataset_triggered__2026-04-13T01:33:27.979903+00:00 [queued]>
[2026-04-13T10:33:29.359+0900] {taskinstance.py:2856} INFO - Starting attempt 1 of 1
[2026-04-13T10:33:29.368+0900] {taskinstance.py:2879} INFO - Executing <Task(PythonOperator): transform_task> on 2026-04-13 01:33:27.979903+00:00
[2026-04-13T10:33:29.373+0900] {warnings.py:112} WARNING - /home/***/.local/lib/python3.12/site-packages/***/task/task_runner/standard_task_runner.py:70: DeprecationWarning: This process (pid=1497) is multi-threaded, use of fork() may lead to deadlocks in the child.
  pid = os.fork()

[2026-04-13T10:33:29.374+0900] {standard_task_runner.py:72} INFO - Started process 1499 to run task
[2026-04-13T10:33:29.375+0900] {standard_task_runner.py:104} INFO - Running: ['***', 'tasks', 'run', '06_multi_transform', 'transform_task', 'dataset_triggered__2026-04-13T01:33:27.979903+00:00', '--job-id', '49', '--raw', '--subdir', 'DAGS_FOLDER/06_mysql_transform.py', '--cfg-path', '/tmp/tmpdefxj149']
[2026-04-13T10:33:29.376+0900] {standard_task_runner.py:105} INFO - Job 49: Subtask transform_task
[2026-04-13T10:33:29.414+0900] {task_command.py:467} INFO - Running <TaskInstance: 06_multi_transform.transform_task dataset_triggered__2026-04-13T01:33:27.979903+00:00 [running]> on host 52b82e78b0f3
[2026-04-13T10:33:29.472+0900] {taskinstance.py:3122} INFO - Exporting env vars: AIRFLOW_CTX_DAG_OWNER='***' AIRFLOW_CTX_DAG_ID='06_multi_transform' AIRFLOW_CTX_TASK_ID='transform_task' AIRFLOW_CTX_EXECUTION_DATE='2026-04-13T01:33:27.979903+00:00' AIRFLOW_CTX_TRY_NUMBER='1' AIRFLOW_CTX_DAG_RUN_ID='dataset_triggered__2026-04-13T01:33:27.979903+00:00'
[2026-04-13T10:33:29.474+0900] {logging_mixin.py:190} INFO - Task instance is in running state
[2026-04-13T10:33:29.475+0900] {logging_mixin.py:190} INFO -  Previous state of the Task instance: queued
[2026-04-13T10:33:29.475+0900] {logging_mixin.py:190} INFO - Current task name:transform_task state:running start_date:2026-04-13 01:33:29.353430+00:00
[2026-04-13T10:33:29.475+0900] {logging_mixin.py:190} INFO - Dag name:06_multi_transform and current dag run status:running
[2026-04-13T10:33:29.476+0900] {taskinstance.py:731} INFO - ::endgroup::
[2026-04-13T10:33:29.494+0900] {logging_mixin.py:190} INFO - Transformed data to /opt/***/dags/data/preprocessing_data.csv
[2026-04-13T10:33:29.494+0900] {python.py:240} INFO - Done. Returned value was: None
[2026-04-13T10:33:29.510+0900] {taskinstance.py:340} INFO - ::group::Post task execution logs
[2026-04-13T10:33:29.511+0900] {taskinstance.py:352} INFO - Marking task as SUCCESS. dag_id=06_multi_transform, task_id=transform_task, run_id=dataset_triggered__2026-04-13T01:33:27.979903+00:00, execution_date=20260413T013327, start_date=20260413T013329, end_date=20260413T013329
[2026-04-13T10:33:29.528+0900] {logging_mixin.py:190} INFO - Task instance in success state
[2026-04-13T10:33:29.529+0900] {logging_mixin.py:190} INFO -  Previous state of the Task instance: running
[2026-04-13T10:33:29.530+0900] {logging_mixin.py:190} INFO - Dag name:06_multi_transform queued_at:2026-04-13 01:33:28.494752+00:00
[2026-04-13T10:33:29.530+0900] {logging_mixin.py:190} INFO - Task hostname:52b82e78b0f3 operator:PythonOperator
[2026-04-13T10:33:29.549+0900] {local_task_job_runner.py:261} INFO - Task exited with return code 0
[2026-04-13T10:33:29.561+0900] {taskinstance.py:3891} INFO - 0 downstream tasks scheduled from follow-on schedule check
[2026-04-13T10:33:29.563+0900] {local_task_job_runner.py:240} INFO - ::endgroup::
