[2026-04-08T06:32:18.099+0000] {local_task_job_runner.py:123} INFO - ::group::Pre task execution logs
[2026-04-08T06:32:18.127+0000] {taskinstance.py:2603} INFO - Dependencies all met for dep_context=non-requeueable deps ti=<TaskInstance: random_multiply_json_v4.generate_num_2 scheduled__2026-04-06T12:00:00+00:00 [queued]>
[2026-04-08T06:32:18.141+0000] {taskinstance.py:2603} INFO - Dependencies all met for dep_context=requeueable deps ti=<TaskInstance: random_multiply_json_v4.generate_num_2 scheduled__2026-04-06T12:00:00+00:00 [queued]>
[2026-04-08T06:32:18.142+0000] {taskinstance.py:2856} INFO - Starting attempt 1 of 2
[2026-04-08T06:32:18.166+0000] {taskinstance.py:2879} INFO - Executing <Task(PythonOperator): generate_num_2> on 2026-04-06 12:00:00+00:00
[2026-04-08T06:32:18.187+0000] {warnings.py:112} WARNING - /home/***/.local/lib/python3.12/site-packages/***/task/task_runner/standard_task_runner.py:70: DeprecationWarning: This process (pid=216) is multi-threaded, use of fork() may lead to deadlocks in the child.
  pid = os.fork()

[2026-04-08T06:32:18.191+0000] {standard_task_runner.py:72} INFO - Started process 225 to run task
[2026-04-08T06:32:18.190+0000] {standard_task_runner.py:104} INFO - Running: ['***', 'tasks', 'run', 'random_multiply_json_v4', 'generate_num_2', 'scheduled__2026-04-06T12:00:00+00:00', '--job-id', '12', '--raw', '--subdir', 'DAGS_FOLDER/1_***_test.py', '--cfg-path', '/tmp/tmp7289v4n4']
[2026-04-08T06:32:18.192+0000] {standard_task_runner.py:105} INFO - Job 12: Subtask generate_num_2
[2026-04-08T06:32:18.306+0000] {task_command.py:467} INFO - Running <TaskInstance: random_multiply_json_v4.generate_num_2 scheduled__2026-04-06T12:00:00+00:00 [running]> on host 4dc8e8656e8f
[2026-04-08T06:32:18.485+0000] {taskinstance.py:3122} INFO - Exporting env vars: AIRFLOW_CTX_DAG_OWNER='YONG' AIRFLOW_CTX_DAG_ID='random_multiply_json_v4' AIRFLOW_CTX_TASK_ID='generate_num_2' AIRFLOW_CTX_EXECUTION_DATE='2026-04-06T12:00:00+00:00' AIRFLOW_CTX_TRY_NUMBER='1' AIRFLOW_CTX_DAG_RUN_ID='scheduled__2026-04-06T12:00:00+00:00'
[2026-04-08T06:32:18.488+0000] {logging_mixin.py:190} INFO - Task instance is in running state
[2026-04-08T06:32:18.489+0000] {logging_mixin.py:190} INFO -  Previous state of the Task instance: queued
[2026-04-08T06:32:18.490+0000] {logging_mixin.py:190} INFO - Current task name:generate_num_2 state:running start_date:2026-04-08 06:32:18.128665+00:00
[2026-04-08T06:32:18.491+0000] {logging_mixin.py:190} INFO - Dag name:random_multiply_json_v4 and current dag run status:running
[2026-04-08T06:32:18.492+0000] {taskinstance.py:731} INFO - ::endgroup::
[2026-04-08T06:32:18.494+0000] {logging_mixin.py:190} INFO - Generated Number 2: 49
[2026-04-08T06:32:18.495+0000] {python.py:240} INFO - Done. Returned value was: {'value': 49}
[2026-04-08T06:32:18.537+0000] {taskinstance.py:340} INFO - ::group::Post task execution logs
[2026-04-08T06:32:18.539+0000] {taskinstance.py:352} INFO - Marking task as SUCCESS. dag_id=random_multiply_json_v4, task_id=generate_num_2, run_id=scheduled__2026-04-06T12:00:00+00:00, execution_date=20260406T120000, start_date=20260408T063218, end_date=20260408T063218
[2026-04-08T06:32:18.558+0000] {logging_mixin.py:190} INFO - Task instance in success state
[2026-04-08T06:32:18.559+0000] {logging_mixin.py:190} INFO -  Previous state of the Task instance: running
[2026-04-08T06:32:18.561+0000] {logging_mixin.py:190} INFO - Dag name:random_multiply_json_v4 queued_at:2026-04-08 06:32:12.595146+00:00
[2026-04-08T06:32:18.561+0000] {logging_mixin.py:190} INFO - Task hostname:4dc8e8656e8f operator:PythonOperator
[2026-04-08T06:32:18.612+0000] {local_task_job_runner.py:261} INFO - Task exited with return code 0
[2026-04-08T06:32:18.642+0000] {taskinstance.py:3891} INFO - 1 downstream tasks scheduled from follow-on schedule check
[2026-04-08T06:32:18.645+0000] {local_task_job_runner.py:240} INFO - ::endgroup::
