[2026-04-13T09:58:22.574+0900] {local_task_job_runner.py:123} INFO - ::group::Pre task execution logs
[2026-04-13T09:58:22.587+0900] {taskinstance.py:2603} INFO - Dependencies all met for dep_context=non-requeueable deps ti=<TaskInstance: 05_mysql_etl.trasform manual__2026-04-13T00:58:18.110421+00:00 [queued]>
[2026-04-13T09:58:22.593+0900] {taskinstance.py:2603} INFO - Dependencies all met for dep_context=requeueable deps ti=<TaskInstance: 05_mysql_etl.trasform manual__2026-04-13T00:58:18.110421+00:00 [queued]>
[2026-04-13T09:58:22.594+0900] {taskinstance.py:2856} INFO - Starting attempt 1 of 2
[2026-04-13T09:58:22.608+0900] {taskinstance.py:2879} INFO - Executing <Task(PythonOperator): trasform> on 2026-04-13 00:58:18.110421+00:00
[2026-04-13T09:58:22.613+0900] {warnings.py:112} WARNING - /home/***/.local/lib/python3.12/site-packages/***/task/task_runner/standard_task_runner.py:70: DeprecationWarning: This process (pid=1011) is multi-threaded, use of fork() may lead to deadlocks in the child.
  pid = os.fork()

[2026-04-13T09:58:22.615+0900] {standard_task_runner.py:72} INFO - Started process 1013 to run task
[2026-04-13T09:58:22.616+0900] {standard_task_runner.py:104} INFO - Running: ['***', 'tasks', 'run', '05_mysql_etl', 'trasform', 'manual__2026-04-13T00:58:18.110421+00:00', '--job-id', '44', '--raw', '--subdir', 'DAGS_FOLDER/05_mysql_etl.py', '--cfg-path', '/tmp/tmpq28re8gf']
[2026-04-13T09:58:22.617+0900] {standard_task_runner.py:105} INFO - Job 44: Subtask trasform
[2026-04-13T09:58:22.656+0900] {task_command.py:467} INFO - Running <TaskInstance: 05_mysql_etl.trasform manual__2026-04-13T00:58:18.110421+00:00 [running]> on host 52b82e78b0f3
[2026-04-13T09:58:22.712+0900] {taskinstance.py:3122} INFO - Exporting env vars: AIRFLOW_CTX_DAG_OWNER='de_2team_manager' AIRFLOW_CTX_DAG_ID='05_mysql_etl' AIRFLOW_CTX_TASK_ID='trasform' AIRFLOW_CTX_EXECUTION_DATE='2026-04-13T00:58:18.110421+00:00' AIRFLOW_CTX_TRY_NUMBER='1' AIRFLOW_CTX_DAG_RUN_ID='manual__2026-04-13T00:58:18.110421+00:00'
[2026-04-13T09:58:22.714+0900] {logging_mixin.py:190} INFO - Task instance is in running state
[2026-04-13T09:58:22.715+0900] {logging_mixin.py:190} INFO -  Previous state of the Task instance: queued
[2026-04-13T09:58:22.716+0900] {logging_mixin.py:190} INFO - Current task name:trasform state:running start_date:2026-04-13 00:58:22.587722+00:00
[2026-04-13T09:58:22.716+0900] {logging_mixin.py:190} INFO - Dag name:05_mysql_etl and current dag run status:running
[2026-04-13T09:58:22.717+0900] {taskinstance.py:731} INFO - ::endgroup::
[2026-04-13T09:58:22.725+0900] {05_mysql_etl.py:62} INFO - 전달받은 데이터 /opt/***/dags/data/sensor_data_20260413.json
[2026-04-13T09:58:22.753+0900] {05_mysql_etl.py:80} INFO - 전처리후 csv 저장 완료 /opt/***/dags/data/preprocessing_data_20260413.csv
[2026-04-13T09:58:22.754+0900] {python.py:240} INFO - Done. Returned value was: /opt/***/dags/data/preprocessing_data_20260413.csv
[2026-04-13T09:58:22.769+0900] {taskinstance.py:340} INFO - ::group::Post task execution logs
[2026-04-13T09:58:22.770+0900] {taskinstance.py:352} INFO - Marking task as SUCCESS. dag_id=05_mysql_etl, task_id=trasform, run_id=manual__2026-04-13T00:58:18.110421+00:00, execution_date=20260413T005818, start_date=20260413T005822, end_date=20260413T005822
[2026-04-13T09:58:22.777+0900] {logging_mixin.py:190} INFO - Task instance in success state
[2026-04-13T09:58:22.777+0900] {logging_mixin.py:190} INFO -  Previous state of the Task instance: running
[2026-04-13T09:58:22.778+0900] {logging_mixin.py:190} INFO - Dag name:05_mysql_etl queued_at:2026-04-13 00:58:18.127645+00:00
[2026-04-13T09:58:22.778+0900] {logging_mixin.py:190} INFO - Task hostname:52b82e78b0f3 operator:PythonOperator
[2026-04-13T09:58:22.791+0900] {local_task_job_runner.py:261} INFO - Task exited with return code 0
[2026-04-13T09:58:22.805+0900] {taskinstance.py:3891} INFO - 1 downstream tasks scheduled from follow-on schedule check
[2026-04-13T09:58:22.806+0900] {local_task_job_runner.py:240} INFO - ::endgroup::
