[2026-04-13T10:30:41.091+0900] {local_task_job_runner.py:123} INFO - ::group::Pre task execution logs
[2026-04-13T10:30:41.102+0900] {taskinstance.py:2603} INFO - Dependencies all met for dep_context=non-requeueable deps ti=<TaskInstance: 06_multi_extract.extract_task manual__2026-04-13T01:30:39.973642+00:00 [queued]>
[2026-04-13T10:30:41.108+0900] {taskinstance.py:2603} INFO - Dependencies all met for dep_context=requeueable deps ti=<TaskInstance: 06_multi_extract.extract_task manual__2026-04-13T01:30:39.973642+00:00 [queued]>
[2026-04-13T10:30:41.109+0900] {taskinstance.py:2856} INFO - Starting attempt 1 of 1
[2026-04-13T10:30:41.117+0900] {taskinstance.py:2879} INFO - Executing <Task(PythonOperator): extract_task> on 2026-04-13 01:30:39.973642+00:00
[2026-04-13T10:30:41.122+0900] {warnings.py:112} WARNING - /home/***/.local/lib/python3.12/site-packages/***/task/task_runner/standard_task_runner.py:70: DeprecationWarning: This process (pid=1445) is multi-threaded, use of fork() may lead to deadlocks in the child.
  pid = os.fork()

[2026-04-13T10:30:41.123+0900] {standard_task_runner.py:72} INFO - Started process 1448 to run task
[2026-04-13T10:30:41.124+0900] {standard_task_runner.py:104} INFO - Running: ['***', 'tasks', 'run', '06_multi_extract', 'extract_task', 'manual__2026-04-13T01:30:39.973642+00:00', '--job-id', '46', '--raw', '--subdir', 'DAGS_FOLDER/06_mysql_extract.py', '--cfg-path', '/tmp/tmpfcxf0bw5']
[2026-04-13T10:30:41.125+0900] {standard_task_runner.py:105} INFO - Job 46: Subtask extract_task
[2026-04-13T10:30:41.163+0900] {task_command.py:467} INFO - Running <TaskInstance: 06_multi_extract.extract_task manual__2026-04-13T01:30:39.973642+00:00 [running]> on host 52b82e78b0f3
[2026-04-13T10:30:41.217+0900] {taskinstance.py:3122} INFO - Exporting env vars: AIRFLOW_CTX_DAG_OWNER='***' AIRFLOW_CTX_DAG_ID='06_multi_extract' AIRFLOW_CTX_TASK_ID='extract_task' AIRFLOW_CTX_EXECUTION_DATE='2026-04-13T01:30:39.973642+00:00' AIRFLOW_CTX_TRY_NUMBER='1' AIRFLOW_CTX_DAG_RUN_ID='manual__2026-04-13T01:30:39.973642+00:00'
[2026-04-13T10:30:41.219+0900] {logging_mixin.py:190} INFO - Task instance is in running state
[2026-04-13T10:30:41.219+0900] {logging_mixin.py:190} INFO -  Previous state of the Task instance: queued
[2026-04-13T10:30:41.220+0900] {logging_mixin.py:190} INFO - Current task name:extract_task state:running start_date:2026-04-13 01:30:41.103482+00:00
[2026-04-13T10:30:41.220+0900] {logging_mixin.py:190} INFO - Dag name:06_multi_extract and current dag run status:running
[2026-04-13T10:30:41.221+0900] {taskinstance.py:731} INFO - ::endgroup::
[2026-04-13T10:30:41.224+0900] {logging_mixin.py:190} INFO - Extracted data to /opt/***/dags/data/sensor_data.json
[2026-04-13T10:30:41.224+0900] {python.py:240} INFO - Done. Returned value was: None
[2026-04-13T10:30:41.240+0900] {taskinstance.py:340} INFO - ::group::Post task execution logs
[2026-04-13T10:30:41.241+0900] {taskinstance.py:352} INFO - Marking task as SUCCESS. dag_id=06_multi_extract, task_id=extract_task, run_id=manual__2026-04-13T01:30:39.973642+00:00, execution_date=20260413T013039, start_date=20260413T013041, end_date=20260413T013041
[2026-04-13T10:30:41.259+0900] {logging_mixin.py:190} INFO - Task instance in success state
[2026-04-13T10:30:41.259+0900] {logging_mixin.py:190} INFO -  Previous state of the Task instance: running
[2026-04-13T10:30:41.261+0900] {logging_mixin.py:190} INFO - Dag name:06_multi_extract queued_at:2026-04-13 01:30:39.985447+00:00
[2026-04-13T10:30:41.261+0900] {logging_mixin.py:190} INFO - Task hostname:52b82e78b0f3 operator:PythonOperator
[2026-04-13T10:30:41.298+0900] {local_task_job_runner.py:261} INFO - Task exited with return code 0
[2026-04-13T10:30:41.310+0900] {taskinstance.py:3891} INFO - 0 downstream tasks scheduled from follow-on schedule check
[2026-04-13T10:30:41.312+0900] {local_task_job_runner.py:240} INFO - ::endgroup::
