[2026-04-13T18:00:03.137+0900] {local_task_job_runner.py:123} INFO - ::group::Pre task execution logs
[2026-04-13T18:00:03.149+0900] {taskinstance.py:2603} INFO - Dependencies all met for dep_context=non-requeueable deps ti=<TaskInstance: 03_basics_macro_jinja.jinja_used_python scheduled__2026-04-12T09:00:00+00:00 [queued]>
[2026-04-13T18:00:03.155+0900] {taskinstance.py:2603} INFO - Dependencies all met for dep_context=requeueable deps ti=<TaskInstance: 03_basics_macro_jinja.jinja_used_python scheduled__2026-04-12T09:00:00+00:00 [queued]>
[2026-04-13T18:00:03.156+0900] {taskinstance.py:2856} INFO - Starting attempt 1 of 2
[2026-04-13T18:00:03.166+0900] {taskinstance.py:2879} INFO - Executing <Task(PythonOperator): jinja_used_python> on 2026-04-12 09:00:00+00:00
[2026-04-13T18:00:03.171+0900] {warnings.py:112} WARNING - /home/***/.local/lib/python3.12/site-packages/***/task/task_runner/standard_task_runner.py:70: DeprecationWarning: This process (pid=2066) is multi-threaded, use of fork() may lead to deadlocks in the child.
  pid = os.fork()

[2026-04-13T18:00:03.172+0900] {standard_task_runner.py:104} INFO - Running: ['***', 'tasks', 'run', '03_basics_macro_jinja', 'jinja_used_python', 'scheduled__2026-04-12T09:00:00+00:00', '--job-id', '66', '--raw', '--subdir', 'DAGS_FOLDER/03_basics_context_jinja.py', '--cfg-path', '/tmp/tmpoqttc2gs']
[2026-04-13T18:00:03.173+0900] {standard_task_runner.py:72} INFO - Started process 2067 to run task
[2026-04-13T18:00:03.173+0900] {standard_task_runner.py:105} INFO - Job 66: Subtask jinja_used_python
[2026-04-13T18:00:03.212+0900] {task_command.py:467} INFO - Running <TaskInstance: 03_basics_macro_jinja.jinja_used_python scheduled__2026-04-12T09:00:00+00:00 [running]> on host ad48662a813c
[2026-04-13T18:00:03.271+0900] {taskinstance.py:3122} INFO - Exporting env vars: AIRFLOW_CTX_DAG_OWNER='de_2team_manager' AIRFLOW_CTX_DAG_ID='03_basics_macro_jinja' AIRFLOW_CTX_TASK_ID='jinja_used_python' AIRFLOW_CTX_EXECUTION_DATE='2026-04-12T09:00:00+00:00' AIRFLOW_CTX_TRY_NUMBER='1' AIRFLOW_CTX_DAG_RUN_ID='scheduled__2026-04-12T09:00:00+00:00'
[2026-04-13T18:00:03.272+0900] {taskinstance.py:731} INFO - ::endgroup::
[2026-04-13T18:00:03.283+0900] {03_basics_context_jinja.py:13} INFO - ds 출력 2026-04-12 
[2026-04-13T18:00:03.283+0900] {03_basics_context_jinja.py:14} INFO - ds_nodash 출력 20260412 
[2026-04-13T18:00:03.283+0900] {python.py:240} INFO - Done. Returned value was: None
[2026-04-13T18:00:03.293+0900] {taskinstance.py:340} INFO - ::group::Post task execution logs
[2026-04-13T18:00:03.293+0900] {taskinstance.py:352} INFO - Marking task as SUCCESS. dag_id=03_basics_macro_jinja, task_id=jinja_used_python, run_id=scheduled__2026-04-12T09:00:00+00:00, execution_date=20260412T090000, start_date=20260413T090003, end_date=20260413T090003
[2026-04-13T18:00:03.309+0900] {local_task_job_runner.py:261} INFO - Task exited with return code 0
[2026-04-13T18:00:03.320+0900] {taskinstance.py:3891} INFO - 0 downstream tasks scheduled from follow-on schedule check
[2026-04-13T18:00:03.322+0900] {local_task_job_runner.py:240} INFO - ::endgroup::
