[2026-04-13T08:56:53.166+0900] {processor.py:186} INFO - Started process (PID=92) to work on /home/airflow/.local/lib/python3.12/site-packages/airflow/example_dags/example_inlet_event_extra.py
[2026-04-13T08:56:53.167+0900] {processor.py:914} INFO - Processing file /home/airflow/.local/lib/python3.12/site-packages/airflow/example_dags/example_inlet_event_extra.py for tasks to queue
[2026-04-13T08:56:53.169+0900] {logging_mixin.py:190} INFO - [2026-04-13T08:56:53.169+0900] {dagbag.py:587} INFO - Filling up the DagBag from /home/airflow/.local/lib/python3.12/site-packages/airflow/example_dags/example_inlet_event_extra.py
[2026-04-13T08:56:53.370+0900] {processor.py:925} INFO - DAG(s) 'read_dataset_event', 'read_dataset_event_from_classic' retrieved from /home/airflow/.local/lib/python3.12/site-packages/airflow/example_dags/example_inlet_event_extra.py
[2026-04-13T08:56:53.393+0900] {logging_mixin.py:190} INFO - [2026-04-13T08:56:53.393+0900] {dag.py:3211} INFO - Sync 2 DAGs
[2026-04-13T08:56:53.419+0900] {logging_mixin.py:190} INFO - [2026-04-13T08:56:53.418+0900] {dag.py:4138} INFO - Setting next_dagrun for read_dataset_event to 2026-04-11 00:00:00+00:00, run_after=2026-04-12 00:00:00+00:00
[2026-04-13T08:56:53.423+0900] {logging_mixin.py:190} INFO - [2026-04-13T08:56:53.423+0900] {dag.py:4138} INFO - Setting next_dagrun for read_dataset_event_from_classic to 2026-04-11 00:00:00+00:00, run_after=2026-04-12 00:00:00+00:00
[2026-04-13T08:56:53.439+0900] {processor.py:208} INFO - Processing /home/airflow/.local/lib/python3.12/site-packages/airflow/example_dags/example_inlet_event_extra.py took 0.278 seconds
[2026-04-13T08:57:23.640+0900] {processor.py:186} INFO - Started process (PID=166) to work on /home/airflow/.local/lib/python3.12/site-packages/airflow/example_dags/example_inlet_event_extra.py
[2026-04-13T08:57:23.641+0900] {processor.py:914} INFO - Processing file /home/airflow/.local/lib/python3.12/site-packages/airflow/example_dags/example_inlet_event_extra.py for tasks to queue
[2026-04-13T08:57:23.643+0900] {logging_mixin.py:190} INFO - [2026-04-13T08:57:23.642+0900] {dagbag.py:587} INFO - Filling up the DagBag from /home/airflow/.local/lib/python3.12/site-packages/airflow/example_dags/example_inlet_event_extra.py
[2026-04-13T08:57:23.743+0900] {processor.py:925} INFO - DAG(s) 'read_dataset_event_from_classic', 'read_dataset_event' retrieved from /home/airflow/.local/lib/python3.12/site-packages/airflow/example_dags/example_inlet_event_extra.py
[2026-04-13T08:57:23.759+0900] {logging_mixin.py:190} INFO - [2026-04-13T08:57:23.758+0900] {dag.py:3211} INFO - Sync 2 DAGs
[2026-04-13T08:57:23.774+0900] {logging_mixin.py:190} INFO - [2026-04-13T08:57:23.774+0900] {dag.py:4138} INFO - Setting next_dagrun for read_dataset_event to 2026-04-11 00:00:00+00:00, run_after=2026-04-12 00:00:00+00:00
[2026-04-13T08:57:23.778+0900] {logging_mixin.py:190} INFO - [2026-04-13T08:57:23.778+0900] {dag.py:4138} INFO - Setting next_dagrun for read_dataset_event_from_classic to 2026-04-11 00:00:00+00:00, run_after=2026-04-12 00:00:00+00:00
[2026-04-13T08:57:23.791+0900] {processor.py:208} INFO - Processing /home/airflow/.local/lib/python3.12/site-packages/airflow/example_dags/example_inlet_event_extra.py took 0.155 seconds
[2026-04-13T08:57:53.934+0900] {processor.py:186} INFO - Started process (PID=232) to work on /home/airflow/.local/lib/python3.12/site-packages/airflow/example_dags/example_inlet_event_extra.py
[2026-04-13T08:57:53.935+0900] {processor.py:914} INFO - Processing file /home/airflow/.local/lib/python3.12/site-packages/airflow/example_dags/example_inlet_event_extra.py for tasks to queue
[2026-04-13T08:57:53.937+0900] {logging_mixin.py:190} INFO - [2026-04-13T08:57:53.937+0900] {dagbag.py:587} INFO - Filling up the DagBag from /home/airflow/.local/lib/python3.12/site-packages/airflow/example_dags/example_inlet_event_extra.py
[2026-04-13T08:57:54.044+0900] {processor.py:925} INFO - DAG(s) 'read_dataset_event', 'read_dataset_event_from_classic' retrieved from /home/airflow/.local/lib/python3.12/site-packages/airflow/example_dags/example_inlet_event_extra.py
[2026-04-13T08:57:54.063+0900] {logging_mixin.py:190} INFO - [2026-04-13T08:57:54.062+0900] {dag.py:3211} INFO - Sync 2 DAGs
[2026-04-13T08:57:54.082+0900] {logging_mixin.py:190} INFO - [2026-04-13T08:57:54.081+0900] {dag.py:4138} INFO - Setting next_dagrun for read_dataset_event to 2026-04-11 00:00:00+00:00, run_after=2026-04-12 00:00:00+00:00
[2026-04-13T08:57:54.087+0900] {logging_mixin.py:190} INFO - [2026-04-13T08:57:54.087+0900] {dag.py:4138} INFO - Setting next_dagrun for read_dataset_event_from_classic to 2026-04-11 00:00:00+00:00, run_after=2026-04-12 00:00:00+00:00
[2026-04-13T08:57:54.103+0900] {processor.py:208} INFO - Processing /home/airflow/.local/lib/python3.12/site-packages/airflow/example_dags/example_inlet_event_extra.py took 0.174 seconds
[2026-04-13T08:58:24.535+0900] {processor.py:186} INFO - Started process (PID=299) to work on /home/airflow/.local/lib/python3.12/site-packages/airflow/example_dags/example_inlet_event_extra.py
[2026-04-13T08:58:24.536+0900] {processor.py:914} INFO - Processing file /home/airflow/.local/lib/python3.12/site-packages/airflow/example_dags/example_inlet_event_extra.py for tasks to queue
[2026-04-13T08:58:24.538+0900] {logging_mixin.py:190} INFO - [2026-04-13T08:58:24.538+0900] {dagbag.py:587} INFO - Filling up the DagBag from /home/airflow/.local/lib/python3.12/site-packages/airflow/example_dags/example_inlet_event_extra.py
[2026-04-13T08:58:24.641+0900] {processor.py:925} INFO - DAG(s) 'read_dataset_event_from_classic', 'read_dataset_event' retrieved from /home/airflow/.local/lib/python3.12/site-packages/airflow/example_dags/example_inlet_event_extra.py
[2026-04-13T08:58:24.660+0900] {logging_mixin.py:190} INFO - [2026-04-13T08:58:24.660+0900] {dag.py:3211} INFO - Sync 2 DAGs
[2026-04-13T08:58:24.680+0900] {logging_mixin.py:190} INFO - [2026-04-13T08:58:24.680+0900] {dag.py:4138} INFO - Setting next_dagrun for read_dataset_event to 2026-04-11 00:00:00+00:00, run_after=2026-04-12 00:00:00+00:00
[2026-04-13T08:58:24.684+0900] {logging_mixin.py:190} INFO - [2026-04-13T08:58:24.683+0900] {dag.py:4138} INFO - Setting next_dagrun for read_dataset_event_from_classic to 2026-04-11 00:00:00+00:00, run_after=2026-04-12 00:00:00+00:00
[2026-04-13T08:58:24.697+0900] {processor.py:208} INFO - Processing /home/airflow/.local/lib/python3.12/site-packages/airflow/example_dags/example_inlet_event_extra.py took 0.166 seconds
[2026-04-13T08:58:55.164+0900] {processor.py:186} INFO - Started process (PID=366) to work on /home/airflow/.local/lib/python3.12/site-packages/airflow/example_dags/example_inlet_event_extra.py
[2026-04-13T08:58:55.165+0900] {processor.py:914} INFO - Processing file /home/airflow/.local/lib/python3.12/site-packages/airflow/example_dags/example_inlet_event_extra.py for tasks to queue
[2026-04-13T08:58:55.167+0900] {logging_mixin.py:190} INFO - [2026-04-13T08:58:55.167+0900] {dagbag.py:587} INFO - Filling up the DagBag from /home/airflow/.local/lib/python3.12/site-packages/airflow/example_dags/example_inlet_event_extra.py
[2026-04-13T08:58:55.267+0900] {processor.py:925} INFO - DAG(s) 'read_dataset_event_from_classic', 'read_dataset_event' retrieved from /home/airflow/.local/lib/python3.12/site-packages/airflow/example_dags/example_inlet_event_extra.py
[2026-04-13T08:58:55.287+0900] {logging_mixin.py:190} INFO - [2026-04-13T08:58:55.287+0900] {dag.py:3211} INFO - Sync 2 DAGs
[2026-04-13T08:58:55.304+0900] {logging_mixin.py:190} INFO - [2026-04-13T08:58:55.304+0900] {dag.py:4138} INFO - Setting next_dagrun for read_dataset_event to 2026-04-11 00:00:00+00:00, run_after=2026-04-12 00:00:00+00:00
[2026-04-13T08:58:55.307+0900] {logging_mixin.py:190} INFO - [2026-04-13T08:58:55.307+0900] {dag.py:4138} INFO - Setting next_dagrun for read_dataset_event_from_classic to 2026-04-11 00:00:00+00:00, run_after=2026-04-12 00:00:00+00:00
[2026-04-13T08:58:55.320+0900] {processor.py:208} INFO - Processing /home/airflow/.local/lib/python3.12/site-packages/airflow/example_dags/example_inlet_event_extra.py took 0.160 seconds
[2026-04-13T08:59:25.790+0900] {processor.py:186} INFO - Started process (PID=433) to work on /home/airflow/.local/lib/python3.12/site-packages/airflow/example_dags/example_inlet_event_extra.py
[2026-04-13T08:59:25.791+0900] {processor.py:914} INFO - Processing file /home/airflow/.local/lib/python3.12/site-packages/airflow/example_dags/example_inlet_event_extra.py for tasks to queue
[2026-04-13T08:59:25.793+0900] {logging_mixin.py:190} INFO - [2026-04-13T08:59:25.793+0900] {dagbag.py:587} INFO - Filling up the DagBag from /home/airflow/.local/lib/python3.12/site-packages/airflow/example_dags/example_inlet_event_extra.py
[2026-04-13T08:59:25.893+0900] {processor.py:925} INFO - DAG(s) 'read_dataset_event_from_classic', 'read_dataset_event' retrieved from /home/airflow/.local/lib/python3.12/site-packages/airflow/example_dags/example_inlet_event_extra.py
[2026-04-13T08:59:25.910+0900] {logging_mixin.py:190} INFO - [2026-04-13T08:59:25.909+0900] {dag.py:3211} INFO - Sync 2 DAGs
[2026-04-13T08:59:25.935+0900] {logging_mixin.py:190} INFO - [2026-04-13T08:59:25.935+0900] {dag.py:4138} INFO - Setting next_dagrun for read_dataset_event to 2026-04-11 00:00:00+00:00, run_after=2026-04-12 00:00:00+00:00
[2026-04-13T08:59:25.939+0900] {logging_mixin.py:190} INFO - [2026-04-13T08:59:25.938+0900] {dag.py:4138} INFO - Setting next_dagrun for read_dataset_event_from_classic to 2026-04-11 00:00:00+00:00, run_after=2026-04-12 00:00:00+00:00
[2026-04-13T08:59:25.953+0900] {processor.py:208} INFO - Processing /home/airflow/.local/lib/python3.12/site-packages/airflow/example_dags/example_inlet_event_extra.py took 0.168 seconds
[2026-04-13T08:59:56.344+0900] {processor.py:186} INFO - Started process (PID=508) to work on /home/airflow/.local/lib/python3.12/site-packages/airflow/example_dags/example_inlet_event_extra.py
[2026-04-13T08:59:56.346+0900] {processor.py:914} INFO - Processing file /home/airflow/.local/lib/python3.12/site-packages/airflow/example_dags/example_inlet_event_extra.py for tasks to queue
[2026-04-13T08:59:56.348+0900] {logging_mixin.py:190} INFO - [2026-04-13T08:59:56.348+0900] {dagbag.py:587} INFO - Filling up the DagBag from /home/airflow/.local/lib/python3.12/site-packages/airflow/example_dags/example_inlet_event_extra.py
[2026-04-13T08:59:56.440+0900] {processor.py:925} INFO - DAG(s) 'read_dataset_event_from_classic', 'read_dataset_event' retrieved from /home/airflow/.local/lib/python3.12/site-packages/airflow/example_dags/example_inlet_event_extra.py
[2026-04-13T08:59:56.455+0900] {logging_mixin.py:190} INFO - [2026-04-13T08:59:56.455+0900] {dag.py:3211} INFO - Sync 2 DAGs
[2026-04-13T08:59:56.473+0900] {logging_mixin.py:190} INFO - [2026-04-13T08:59:56.473+0900] {dag.py:4138} INFO - Setting next_dagrun for read_dataset_event to 2026-04-11 00:00:00+00:00, run_after=2026-04-12 00:00:00+00:00
[2026-04-13T08:59:56.477+0900] {logging_mixin.py:190} INFO - [2026-04-13T08:59:56.477+0900] {dag.py:4138} INFO - Setting next_dagrun for read_dataset_event_from_classic to 2026-04-11 00:00:00+00:00, run_after=2026-04-12 00:00:00+00:00
[2026-04-13T08:59:56.487+0900] {processor.py:208} INFO - Processing /home/airflow/.local/lib/python3.12/site-packages/airflow/example_dags/example_inlet_event_extra.py took 0.147 seconds
