[2026-04-13T08:56:54.762+0900] {processor.py:186} INFO - Started process (PID=117) to work on /home/airflow/.local/lib/python3.12/site-packages/airflow/example_dags/example_workday_timetable.py
[2026-04-13T08:56:54.763+0900] {processor.py:914} INFO - Processing file /home/airflow/.local/lib/python3.12/site-packages/airflow/example_dags/example_workday_timetable.py for tasks to queue
[2026-04-13T08:56:54.766+0900] {logging_mixin.py:190} INFO - [2026-04-13T08:56:54.766+0900] {dagbag.py:587} INFO - Filling up the DagBag from /home/airflow/.local/lib/python3.12/site-packages/airflow/example_dags/example_workday_timetable.py
[2026-04-13T08:56:54.772+0900] {processor.py:925} INFO - DAG(s) 'example_workday_timetable' retrieved from /home/airflow/.local/lib/python3.12/site-packages/airflow/example_dags/example_workday_timetable.py
[2026-04-13T08:56:54.794+0900] {logging_mixin.py:190} INFO - [2026-04-13T08:56:54.793+0900] {dag.py:3211} INFO - Sync 1 DAGs
[2026-04-13T08:56:54.843+0900] {logging_mixin.py:190} INFO - [2026-04-13T08:56:54.843+0900] {dag.py:4138} INFO - Setting next_dagrun for example_workday_timetable to 2021-01-04 00:00:00+00:00, run_after=2021-01-05 00:00:00+00:00
[2026-04-13T08:56:54.856+0900] {processor.py:208} INFO - Processing /home/airflow/.local/lib/python3.12/site-packages/airflow/example_dags/example_workday_timetable.py took 0.100 seconds
[2026-04-13T08:57:25.046+0900] {processor.py:186} INFO - Started process (PID=184) to work on /home/airflow/.local/lib/python3.12/site-packages/airflow/example_dags/example_workday_timetable.py
[2026-04-13T08:57:25.048+0900] {processor.py:914} INFO - Processing file /home/airflow/.local/lib/python3.12/site-packages/airflow/example_dags/example_workday_timetable.py for tasks to queue
[2026-04-13T08:57:25.050+0900] {logging_mixin.py:190} INFO - [2026-04-13T08:57:25.050+0900] {dagbag.py:587} INFO - Filling up the DagBag from /home/airflow/.local/lib/python3.12/site-packages/airflow/example_dags/example_workday_timetable.py
[2026-04-13T08:57:25.056+0900] {processor.py:925} INFO - DAG(s) 'example_workday_timetable' retrieved from /home/airflow/.local/lib/python3.12/site-packages/airflow/example_dags/example_workday_timetable.py
[2026-04-13T08:57:25.074+0900] {logging_mixin.py:190} INFO - [2026-04-13T08:57:25.074+0900] {dag.py:3211} INFO - Sync 1 DAGs
[2026-04-13T08:57:25.114+0900] {logging_mixin.py:190} INFO - [2026-04-13T08:57:25.114+0900] {dag.py:4138} INFO - Setting next_dagrun for example_workday_timetable to 2021-01-04 00:00:00+00:00, run_after=2021-01-05 00:00:00+00:00
[2026-04-13T08:57:25.129+0900] {processor.py:208} INFO - Processing /home/airflow/.local/lib/python3.12/site-packages/airflow/example_dags/example_workday_timetable.py took 0.089 seconds
[2026-04-13T08:57:55.174+0900] {processor.py:186} INFO - Started process (PID=251) to work on /home/airflow/.local/lib/python3.12/site-packages/airflow/example_dags/example_workday_timetable.py
[2026-04-13T08:57:55.176+0900] {processor.py:914} INFO - Processing file /home/airflow/.local/lib/python3.12/site-packages/airflow/example_dags/example_workday_timetable.py for tasks to queue
[2026-04-13T08:57:55.178+0900] {logging_mixin.py:190} INFO - [2026-04-13T08:57:55.178+0900] {dagbag.py:587} INFO - Filling up the DagBag from /home/airflow/.local/lib/python3.12/site-packages/airflow/example_dags/example_workday_timetable.py
[2026-04-13T08:57:55.182+0900] {processor.py:925} INFO - DAG(s) 'example_workday_timetable' retrieved from /home/airflow/.local/lib/python3.12/site-packages/airflow/example_dags/example_workday_timetable.py
[2026-04-13T08:57:55.199+0900] {logging_mixin.py:190} INFO - [2026-04-13T08:57:55.199+0900] {dag.py:3211} INFO - Sync 1 DAGs
[2026-04-13T08:57:55.239+0900] {logging_mixin.py:190} INFO - [2026-04-13T08:57:55.239+0900] {dag.py:4138} INFO - Setting next_dagrun for example_workday_timetable to 2021-01-04 00:00:00+00:00, run_after=2021-01-05 00:00:00+00:00
[2026-04-13T08:57:55.254+0900] {processor.py:208} INFO - Processing /home/airflow/.local/lib/python3.12/site-packages/airflow/example_dags/example_workday_timetable.py took 0.085 seconds
[2026-04-13T08:58:25.601+0900] {processor.py:186} INFO - Started process (PID=318) to work on /home/airflow/.local/lib/python3.12/site-packages/airflow/example_dags/example_workday_timetable.py
[2026-04-13T08:58:25.602+0900] {processor.py:914} INFO - Processing file /home/airflow/.local/lib/python3.12/site-packages/airflow/example_dags/example_workday_timetable.py for tasks to queue
[2026-04-13T08:58:25.605+0900] {logging_mixin.py:190} INFO - [2026-04-13T08:58:25.605+0900] {dagbag.py:587} INFO - Filling up the DagBag from /home/airflow/.local/lib/python3.12/site-packages/airflow/example_dags/example_workday_timetable.py
[2026-04-13T08:58:25.610+0900] {processor.py:925} INFO - DAG(s) 'example_workday_timetable' retrieved from /home/airflow/.local/lib/python3.12/site-packages/airflow/example_dags/example_workday_timetable.py
[2026-04-13T08:58:25.626+0900] {logging_mixin.py:190} INFO - [2026-04-13T08:58:25.625+0900] {dag.py:3211} INFO - Sync 1 DAGs
[2026-04-13T08:58:25.666+0900] {logging_mixin.py:190} INFO - [2026-04-13T08:58:25.666+0900] {dag.py:4138} INFO - Setting next_dagrun for example_workday_timetable to 2021-01-04 00:00:00+00:00, run_after=2021-01-05 00:00:00+00:00
[2026-04-13T08:58:25.680+0900] {processor.py:208} INFO - Processing /home/airflow/.local/lib/python3.12/site-packages/airflow/example_dags/example_workday_timetable.py took 0.083 seconds
[2026-04-13T08:58:56.333+0900] {processor.py:186} INFO - Started process (PID=385) to work on /home/airflow/.local/lib/python3.12/site-packages/airflow/example_dags/example_workday_timetable.py
[2026-04-13T08:58:56.335+0900] {processor.py:914} INFO - Processing file /home/airflow/.local/lib/python3.12/site-packages/airflow/example_dags/example_workday_timetable.py for tasks to queue
[2026-04-13T08:58:56.337+0900] {logging_mixin.py:190} INFO - [2026-04-13T08:58:56.337+0900] {dagbag.py:587} INFO - Filling up the DagBag from /home/airflow/.local/lib/python3.12/site-packages/airflow/example_dags/example_workday_timetable.py
[2026-04-13T08:58:56.343+0900] {processor.py:925} INFO - DAG(s) 'example_workday_timetable' retrieved from /home/airflow/.local/lib/python3.12/site-packages/airflow/example_dags/example_workday_timetable.py
[2026-04-13T08:58:56.359+0900] {logging_mixin.py:190} INFO - [2026-04-13T08:58:56.359+0900] {dag.py:3211} INFO - Sync 1 DAGs
[2026-04-13T08:58:56.397+0900] {logging_mixin.py:190} INFO - [2026-04-13T08:58:56.397+0900] {dag.py:4138} INFO - Setting next_dagrun for example_workday_timetable to 2021-01-04 00:00:00+00:00, run_after=2021-01-05 00:00:00+00:00
[2026-04-13T08:58:56.410+0900] {processor.py:208} INFO - Processing /home/airflow/.local/lib/python3.12/site-packages/airflow/example_dags/example_workday_timetable.py took 0.081 seconds
[2026-04-13T08:59:26.810+0900] {processor.py:186} INFO - Started process (PID=452) to work on /home/airflow/.local/lib/python3.12/site-packages/airflow/example_dags/example_workday_timetable.py
[2026-04-13T08:59:26.811+0900] {processor.py:914} INFO - Processing file /home/airflow/.local/lib/python3.12/site-packages/airflow/example_dags/example_workday_timetable.py for tasks to queue
[2026-04-13T08:59:26.813+0900] {logging_mixin.py:190} INFO - [2026-04-13T08:59:26.813+0900] {dagbag.py:587} INFO - Filling up the DagBag from /home/airflow/.local/lib/python3.12/site-packages/airflow/example_dags/example_workday_timetable.py
[2026-04-13T08:59:26.818+0900] {processor.py:925} INFO - DAG(s) 'example_workday_timetable' retrieved from /home/airflow/.local/lib/python3.12/site-packages/airflow/example_dags/example_workday_timetable.py
[2026-04-13T08:59:26.833+0900] {logging_mixin.py:190} INFO - [2026-04-13T08:59:26.833+0900] {dag.py:3211} INFO - Sync 1 DAGs
[2026-04-13T08:59:26.877+0900] {logging_mixin.py:190} INFO - [2026-04-13T08:59:26.877+0900] {dag.py:4138} INFO - Setting next_dagrun for example_workday_timetable to 2021-01-04 00:00:00+00:00, run_after=2021-01-05 00:00:00+00:00
[2026-04-13T08:59:26.891+0900] {processor.py:208} INFO - Processing /home/airflow/.local/lib/python3.12/site-packages/airflow/example_dags/example_workday_timetable.py took 0.085 seconds
[2026-04-13T08:59:57.397+0900] {processor.py:186} INFO - Started process (PID=527) to work on /home/airflow/.local/lib/python3.12/site-packages/airflow/example_dags/example_workday_timetable.py
[2026-04-13T08:59:57.399+0900] {processor.py:914} INFO - Processing file /home/airflow/.local/lib/python3.12/site-packages/airflow/example_dags/example_workday_timetable.py for tasks to queue
[2026-04-13T08:59:57.401+0900] {logging_mixin.py:190} INFO - [2026-04-13T08:59:57.401+0900] {dagbag.py:587} INFO - Filling up the DagBag from /home/airflow/.local/lib/python3.12/site-packages/airflow/example_dags/example_workday_timetable.py
[2026-04-13T08:59:57.406+0900] {processor.py:925} INFO - DAG(s) 'example_workday_timetable' retrieved from /home/airflow/.local/lib/python3.12/site-packages/airflow/example_dags/example_workday_timetable.py
[2026-04-13T08:59:57.420+0900] {logging_mixin.py:190} INFO - [2026-04-13T08:59:57.420+0900] {dag.py:3211} INFO - Sync 1 DAGs
[2026-04-13T08:59:57.461+0900] {logging_mixin.py:190} INFO - [2026-04-13T08:59:57.461+0900] {dag.py:4138} INFO - Setting next_dagrun for example_workday_timetable to 2021-01-04 00:00:00+00:00, run_after=2021-01-05 00:00:00+00:00
[2026-04-13T08:59:57.474+0900] {processor.py:208} INFO - Processing /home/airflow/.local/lib/python3.12/site-packages/airflow/example_dags/example_workday_timetable.py took 0.081 seconds
