[2026-04-13T08:56:55.460+0900] {processor.py:186} INFO - Started process (PID=127) to work on /home/airflow/.local/lib/python3.12/site-packages/airflow/example_dags/example_trigger_controller_dag.py
[2026-04-13T08:56:55.462+0900] {processor.py:914} INFO - Processing file /home/airflow/.local/lib/python3.12/site-packages/airflow/example_dags/example_trigger_controller_dag.py for tasks to queue
[2026-04-13T08:56:55.464+0900] {logging_mixin.py:190} INFO - [2026-04-13T08:56:55.464+0900] {dagbag.py:587} INFO - Filling up the DagBag from /home/airflow/.local/lib/python3.12/site-packages/airflow/example_dags/example_trigger_controller_dag.py
[2026-04-13T08:56:55.472+0900] {processor.py:925} INFO - DAG(s) 'example_trigger_controller_dag' retrieved from /home/airflow/.local/lib/python3.12/site-packages/airflow/example_dags/example_trigger_controller_dag.py
[2026-04-13T08:56:55.490+0900] {logging_mixin.py:190} INFO - [2026-04-13T08:56:55.490+0900] {dag.py:3211} INFO - Sync 1 DAGs
[2026-04-13T08:56:55.507+0900] {logging_mixin.py:190} INFO - [2026-04-13T08:56:55.507+0900] {dag.py:4138} INFO - Setting next_dagrun for example_trigger_controller_dag to 2021-01-01 00:00:00+00:00, run_after=2021-01-01 00:00:00+00:00
[2026-04-13T08:56:55.521+0900] {processor.py:208} INFO - Processing /home/airflow/.local/lib/python3.12/site-packages/airflow/example_dags/example_trigger_controller_dag.py took 0.068 seconds
[2026-04-13T08:57:25.804+0900] {processor.py:186} INFO - Started process (PID=194) to work on /home/airflow/.local/lib/python3.12/site-packages/airflow/example_dags/example_trigger_controller_dag.py
[2026-04-13T08:57:25.805+0900] {processor.py:914} INFO - Processing file /home/airflow/.local/lib/python3.12/site-packages/airflow/example_dags/example_trigger_controller_dag.py for tasks to queue
[2026-04-13T08:57:25.807+0900] {logging_mixin.py:190} INFO - [2026-04-13T08:57:25.807+0900] {dagbag.py:587} INFO - Filling up the DagBag from /home/airflow/.local/lib/python3.12/site-packages/airflow/example_dags/example_trigger_controller_dag.py
[2026-04-13T08:57:25.813+0900] {processor.py:925} INFO - DAG(s) 'example_trigger_controller_dag' retrieved from /home/airflow/.local/lib/python3.12/site-packages/airflow/example_dags/example_trigger_controller_dag.py
[2026-04-13T08:57:25.830+0900] {logging_mixin.py:190} INFO - [2026-04-13T08:57:25.829+0900] {dag.py:3211} INFO - Sync 1 DAGs
[2026-04-13T08:57:25.847+0900] {logging_mixin.py:190} INFO - [2026-04-13T08:57:25.847+0900] {dag.py:4138} INFO - Setting next_dagrun for example_trigger_controller_dag to 2021-01-01 00:00:00+00:00, run_after=2021-01-01 00:00:00+00:00
[2026-04-13T08:57:25.862+0900] {processor.py:208} INFO - Processing /home/airflow/.local/lib/python3.12/site-packages/airflow/example_dags/example_trigger_controller_dag.py took 0.062 seconds
[2026-04-13T08:57:56.687+0900] {processor.py:186} INFO - Started process (PID=261) to work on /home/airflow/.local/lib/python3.12/site-packages/airflow/example_dags/example_trigger_controller_dag.py
[2026-04-13T08:57:56.688+0900] {processor.py:914} INFO - Processing file /home/airflow/.local/lib/python3.12/site-packages/airflow/example_dags/example_trigger_controller_dag.py for tasks to queue
[2026-04-13T08:57:56.690+0900] {logging_mixin.py:190} INFO - [2026-04-13T08:57:56.690+0900] {dagbag.py:587} INFO - Filling up the DagBag from /home/airflow/.local/lib/python3.12/site-packages/airflow/example_dags/example_trigger_controller_dag.py
[2026-04-13T08:57:56.696+0900] {processor.py:925} INFO - DAG(s) 'example_trigger_controller_dag' retrieved from /home/airflow/.local/lib/python3.12/site-packages/airflow/example_dags/example_trigger_controller_dag.py
[2026-04-13T08:57:56.711+0900] {logging_mixin.py:190} INFO - [2026-04-13T08:57:56.711+0900] {dag.py:3211} INFO - Sync 1 DAGs
[2026-04-13T08:57:56.727+0900] {logging_mixin.py:190} INFO - [2026-04-13T08:57:56.727+0900] {dag.py:4138} INFO - Setting next_dagrun for example_trigger_controller_dag to 2021-01-01 00:00:00+00:00, run_after=2021-01-01 00:00:00+00:00
[2026-04-13T08:57:56.740+0900] {processor.py:208} INFO - Processing /home/airflow/.local/lib/python3.12/site-packages/airflow/example_dags/example_trigger_controller_dag.py took 0.057 seconds
[2026-04-13T08:58:27.233+0900] {processor.py:186} INFO - Started process (PID=328) to work on /home/airflow/.local/lib/python3.12/site-packages/airflow/example_dags/example_trigger_controller_dag.py
[2026-04-13T08:58:27.234+0900] {processor.py:914} INFO - Processing file /home/airflow/.local/lib/python3.12/site-packages/airflow/example_dags/example_trigger_controller_dag.py for tasks to queue
[2026-04-13T08:58:27.236+0900] {logging_mixin.py:190} INFO - [2026-04-13T08:58:27.236+0900] {dagbag.py:587} INFO - Filling up the DagBag from /home/airflow/.local/lib/python3.12/site-packages/airflow/example_dags/example_trigger_controller_dag.py
[2026-04-13T08:58:27.242+0900] {processor.py:925} INFO - DAG(s) 'example_trigger_controller_dag' retrieved from /home/airflow/.local/lib/python3.12/site-packages/airflow/example_dags/example_trigger_controller_dag.py
[2026-04-13T08:58:27.256+0900] {logging_mixin.py:190} INFO - [2026-04-13T08:58:27.256+0900] {dag.py:3211} INFO - Sync 1 DAGs
[2026-04-13T08:58:27.270+0900] {logging_mixin.py:190} INFO - [2026-04-13T08:58:27.270+0900] {dag.py:4138} INFO - Setting next_dagrun for example_trigger_controller_dag to 2021-01-01 00:00:00+00:00, run_after=2021-01-01 00:00:00+00:00
[2026-04-13T08:58:27.284+0900] {processor.py:208} INFO - Processing /home/airflow/.local/lib/python3.12/site-packages/airflow/example_dags/example_trigger_controller_dag.py took 0.056 seconds
[2026-04-13T08:58:57.835+0900] {processor.py:186} INFO - Started process (PID=395) to work on /home/airflow/.local/lib/python3.12/site-packages/airflow/example_dags/example_trigger_controller_dag.py
[2026-04-13T08:58:57.836+0900] {processor.py:914} INFO - Processing file /home/airflow/.local/lib/python3.12/site-packages/airflow/example_dags/example_trigger_controller_dag.py for tasks to queue
[2026-04-13T08:58:57.838+0900] {logging_mixin.py:190} INFO - [2026-04-13T08:58:57.838+0900] {dagbag.py:587} INFO - Filling up the DagBag from /home/airflow/.local/lib/python3.12/site-packages/airflow/example_dags/example_trigger_controller_dag.py
[2026-04-13T08:58:57.844+0900] {processor.py:925} INFO - DAG(s) 'example_trigger_controller_dag' retrieved from /home/airflow/.local/lib/python3.12/site-packages/airflow/example_dags/example_trigger_controller_dag.py
[2026-04-13T08:58:57.860+0900] {logging_mixin.py:190} INFO - [2026-04-13T08:58:57.859+0900] {dag.py:3211} INFO - Sync 1 DAGs
[2026-04-13T08:58:57.876+0900] {logging_mixin.py:190} INFO - [2026-04-13T08:58:57.876+0900] {dag.py:4138} INFO - Setting next_dagrun for example_trigger_controller_dag to 2021-01-01 00:00:00+00:00, run_after=2021-01-01 00:00:00+00:00
[2026-04-13T08:58:57.888+0900] {processor.py:208} INFO - Processing /home/airflow/.local/lib/python3.12/site-packages/airflow/example_dags/example_trigger_controller_dag.py took 0.058 seconds
[2026-04-13T08:59:28.397+0900] {processor.py:186} INFO - Started process (PID=462) to work on /home/airflow/.local/lib/python3.12/site-packages/airflow/example_dags/example_trigger_controller_dag.py
[2026-04-13T08:59:28.398+0900] {processor.py:914} INFO - Processing file /home/airflow/.local/lib/python3.12/site-packages/airflow/example_dags/example_trigger_controller_dag.py for tasks to queue
[2026-04-13T08:59:28.400+0900] {logging_mixin.py:190} INFO - [2026-04-13T08:59:28.400+0900] {dagbag.py:587} INFO - Filling up the DagBag from /home/airflow/.local/lib/python3.12/site-packages/airflow/example_dags/example_trigger_controller_dag.py
[2026-04-13T08:59:28.406+0900] {processor.py:925} INFO - DAG(s) 'example_trigger_controller_dag' retrieved from /home/airflow/.local/lib/python3.12/site-packages/airflow/example_dags/example_trigger_controller_dag.py
[2026-04-13T08:59:28.422+0900] {logging_mixin.py:190} INFO - [2026-04-13T08:59:28.422+0900] {dag.py:3211} INFO - Sync 1 DAGs
[2026-04-13T08:59:28.439+0900] {logging_mixin.py:190} INFO - [2026-04-13T08:59:28.438+0900] {dag.py:4138} INFO - Setting next_dagrun for example_trigger_controller_dag to 2021-01-01 00:00:00+00:00, run_after=2021-01-01 00:00:00+00:00
[2026-04-13T08:59:28.453+0900] {processor.py:208} INFO - Processing /home/airflow/.local/lib/python3.12/site-packages/airflow/example_dags/example_trigger_controller_dag.py took 0.060 seconds
[2026-04-13T08:59:59.257+0900] {processor.py:186} INFO - Started process (PID=541) to work on /home/airflow/.local/lib/python3.12/site-packages/airflow/example_dags/example_trigger_controller_dag.py
[2026-04-13T08:59:59.258+0900] {processor.py:914} INFO - Processing file /home/airflow/.local/lib/python3.12/site-packages/airflow/example_dags/example_trigger_controller_dag.py for tasks to queue
[2026-04-13T08:59:59.261+0900] {logging_mixin.py:190} INFO - [2026-04-13T08:59:59.260+0900] {dagbag.py:587} INFO - Filling up the DagBag from /home/airflow/.local/lib/python3.12/site-packages/airflow/example_dags/example_trigger_controller_dag.py
[2026-04-13T08:59:59.266+0900] {processor.py:925} INFO - DAG(s) 'example_trigger_controller_dag' retrieved from /home/airflow/.local/lib/python3.12/site-packages/airflow/example_dags/example_trigger_controller_dag.py
[2026-04-13T08:59:59.284+0900] {logging_mixin.py:190} INFO - [2026-04-13T08:59:59.284+0900] {dag.py:3211} INFO - Sync 1 DAGs
[2026-04-13T08:59:59.302+0900] {logging_mixin.py:190} INFO - [2026-04-13T08:59:59.302+0900] {dag.py:4138} INFO - Setting next_dagrun for example_trigger_controller_dag to 2021-01-01 00:00:00+00:00, run_after=2021-01-01 00:00:00+00:00
[2026-04-13T08:59:59.317+0900] {processor.py:208} INFO - Processing /home/airflow/.local/lib/python3.12/site-packages/airflow/example_dags/example_trigger_controller_dag.py took 0.064 seconds
