[2026-04-13T08:56:52.996+0900] {processor.py:186} INFO - Started process (PID=90) to work on /home/airflow/.local/lib/python3.12/site-packages/airflow/example_dags/example_params_ui_tutorial.py
[2026-04-13T08:56:52.997+0900] {processor.py:914} INFO - Processing file /home/airflow/.local/lib/python3.12/site-packages/airflow/example_dags/example_params_ui_tutorial.py for tasks to queue
[2026-04-13T08:56:52.999+0900] {logging_mixin.py:190} INFO - [2026-04-13T08:56:52.999+0900] {dagbag.py:587} INFO - Filling up the DagBag from /home/airflow/.local/lib/python3.12/site-packages/airflow/example_dags/example_params_ui_tutorial.py
[2026-04-13T08:56:53.008+0900] {processor.py:925} INFO - DAG(s) 'example_params_ui_tutorial' retrieved from /home/airflow/.local/lib/python3.12/site-packages/airflow/example_dags/example_params_ui_tutorial.py
[2026-04-13T08:56:53.110+0900] {logging_mixin.py:190} INFO - [2026-04-13T08:56:53.110+0900] {dag.py:3211} INFO - Sync 1 DAGs
[2026-04-13T08:56:53.120+0900] {logging_mixin.py:190} INFO - [2026-04-13T08:56:53.120+0900] {dag.py:4138} INFO - Setting next_dagrun for example_params_ui_tutorial to None, run_after=None
[2026-04-13T08:56:53.136+0900] {processor.py:208} INFO - Processing /home/airflow/.local/lib/python3.12/site-packages/airflow/example_dags/example_params_ui_tutorial.py took 0.145 seconds
[2026-04-13T08:57:23.532+0900] {processor.py:186} INFO - Started process (PID=163) to work on /home/airflow/.local/lib/python3.12/site-packages/airflow/example_dags/example_params_ui_tutorial.py
[2026-04-13T08:57:23.534+0900] {processor.py:914} INFO - Processing file /home/airflow/.local/lib/python3.12/site-packages/airflow/example_dags/example_params_ui_tutorial.py for tasks to queue
[2026-04-13T08:57:23.536+0900] {logging_mixin.py:190} INFO - [2026-04-13T08:57:23.536+0900] {dagbag.py:587} INFO - Filling up the DagBag from /home/airflow/.local/lib/python3.12/site-packages/airflow/example_dags/example_params_ui_tutorial.py
[2026-04-13T08:57:23.543+0900] {processor.py:925} INFO - DAG(s) 'example_params_ui_tutorial' retrieved from /home/airflow/.local/lib/python3.12/site-packages/airflow/example_dags/example_params_ui_tutorial.py
[2026-04-13T08:57:23.567+0900] {logging_mixin.py:190} INFO - [2026-04-13T08:57:23.567+0900] {dag.py:3211} INFO - Sync 1 DAGs
[2026-04-13T08:57:23.579+0900] {logging_mixin.py:190} INFO - [2026-04-13T08:57:23.578+0900] {dag.py:4138} INFO - Setting next_dagrun for example_params_ui_tutorial to None, run_after=None
[2026-04-13T08:57:23.592+0900] {processor.py:208} INFO - Processing /home/airflow/.local/lib/python3.12/site-packages/airflow/example_dags/example_params_ui_tutorial.py took 0.064 seconds
[2026-04-13T08:57:53.833+0900] {processor.py:186} INFO - Started process (PID=230) to work on /home/airflow/.local/lib/python3.12/site-packages/airflow/example_dags/example_params_ui_tutorial.py
[2026-04-13T08:57:53.834+0900] {processor.py:914} INFO - Processing file /home/airflow/.local/lib/python3.12/site-packages/airflow/example_dags/example_params_ui_tutorial.py for tasks to queue
[2026-04-13T08:57:53.836+0900] {logging_mixin.py:190} INFO - [2026-04-13T08:57:53.836+0900] {dagbag.py:587} INFO - Filling up the DagBag from /home/airflow/.local/lib/python3.12/site-packages/airflow/example_dags/example_params_ui_tutorial.py
[2026-04-13T08:57:53.843+0900] {processor.py:925} INFO - DAG(s) 'example_params_ui_tutorial' retrieved from /home/airflow/.local/lib/python3.12/site-packages/airflow/example_dags/example_params_ui_tutorial.py
[2026-04-13T08:57:53.871+0900] {logging_mixin.py:190} INFO - [2026-04-13T08:57:53.871+0900] {dag.py:3211} INFO - Sync 1 DAGs
[2026-04-13T08:57:53.881+0900] {logging_mixin.py:190} INFO - [2026-04-13T08:57:53.881+0900] {dag.py:4138} INFO - Setting next_dagrun for example_params_ui_tutorial to None, run_after=None
[2026-04-13T08:57:53.897+0900] {processor.py:208} INFO - Processing /home/airflow/.local/lib/python3.12/site-packages/airflow/example_dags/example_params_ui_tutorial.py took 0.068 seconds
[2026-04-13T08:58:24.428+0900] {processor.py:186} INFO - Started process (PID=297) to work on /home/airflow/.local/lib/python3.12/site-packages/airflow/example_dags/example_params_ui_tutorial.py
[2026-04-13T08:58:24.429+0900] {processor.py:914} INFO - Processing file /home/airflow/.local/lib/python3.12/site-packages/airflow/example_dags/example_params_ui_tutorial.py for tasks to queue
[2026-04-13T08:58:24.431+0900] {logging_mixin.py:190} INFO - [2026-04-13T08:58:24.431+0900] {dagbag.py:587} INFO - Filling up the DagBag from /home/airflow/.local/lib/python3.12/site-packages/airflow/example_dags/example_params_ui_tutorial.py
[2026-04-13T08:58:24.441+0900] {processor.py:925} INFO - DAG(s) 'example_params_ui_tutorial' retrieved from /home/airflow/.local/lib/python3.12/site-packages/airflow/example_dags/example_params_ui_tutorial.py
[2026-04-13T08:58:24.475+0900] {logging_mixin.py:190} INFO - [2026-04-13T08:58:24.475+0900] {dag.py:3211} INFO - Sync 1 DAGs
[2026-04-13T08:58:24.485+0900] {logging_mixin.py:190} INFO - [2026-04-13T08:58:24.485+0900] {dag.py:4138} INFO - Setting next_dagrun for example_params_ui_tutorial to None, run_after=None
[2026-04-13T08:58:24.500+0900] {processor.py:208} INFO - Processing /home/airflow/.local/lib/python3.12/site-packages/airflow/example_dags/example_params_ui_tutorial.py took 0.079 seconds
[2026-04-13T08:58:54.993+0900] {processor.py:186} INFO - Started process (PID=364) to work on /home/airflow/.local/lib/python3.12/site-packages/airflow/example_dags/example_params_ui_tutorial.py
[2026-04-13T08:58:54.994+0900] {processor.py:914} INFO - Processing file /home/airflow/.local/lib/python3.12/site-packages/airflow/example_dags/example_params_ui_tutorial.py for tasks to queue
[2026-04-13T08:58:54.995+0900] {logging_mixin.py:190} INFO - [2026-04-13T08:58:54.995+0900] {dagbag.py:587} INFO - Filling up the DagBag from /home/airflow/.local/lib/python3.12/site-packages/airflow/example_dags/example_params_ui_tutorial.py
[2026-04-13T08:58:55.002+0900] {processor.py:925} INFO - DAG(s) 'example_params_ui_tutorial' retrieved from /home/airflow/.local/lib/python3.12/site-packages/airflow/example_dags/example_params_ui_tutorial.py
[2026-04-13T08:58:55.030+0900] {logging_mixin.py:190} INFO - [2026-04-13T08:58:55.030+0900] {dag.py:3211} INFO - Sync 1 DAGs
[2026-04-13T08:58:55.039+0900] {logging_mixin.py:190} INFO - [2026-04-13T08:58:55.039+0900] {dag.py:4138} INFO - Setting next_dagrun for example_params_ui_tutorial to None, run_after=None
[2026-04-13T08:58:55.052+0900] {processor.py:208} INFO - Processing /home/airflow/.local/lib/python3.12/site-packages/airflow/example_dags/example_params_ui_tutorial.py took 0.063 seconds
[2026-04-13T08:59:25.702+0900] {processor.py:186} INFO - Started process (PID=431) to work on /home/airflow/.local/lib/python3.12/site-packages/airflow/example_dags/example_params_ui_tutorial.py
[2026-04-13T08:59:25.703+0900] {processor.py:914} INFO - Processing file /home/airflow/.local/lib/python3.12/site-packages/airflow/example_dags/example_params_ui_tutorial.py for tasks to queue
[2026-04-13T08:59:25.705+0900] {logging_mixin.py:190} INFO - [2026-04-13T08:59:25.705+0900] {dagbag.py:587} INFO - Filling up the DagBag from /home/airflow/.local/lib/python3.12/site-packages/airflow/example_dags/example_params_ui_tutorial.py
[2026-04-13T08:59:25.713+0900] {processor.py:925} INFO - DAG(s) 'example_params_ui_tutorial' retrieved from /home/airflow/.local/lib/python3.12/site-packages/airflow/example_dags/example_params_ui_tutorial.py
[2026-04-13T08:59:25.739+0900] {logging_mixin.py:190} INFO - [2026-04-13T08:59:25.739+0900] {dag.py:3211} INFO - Sync 1 DAGs
[2026-04-13T08:59:25.749+0900] {logging_mixin.py:190} INFO - [2026-04-13T08:59:25.749+0900] {dag.py:4138} INFO - Setting next_dagrun for example_params_ui_tutorial to None, run_after=None
[2026-04-13T08:59:25.761+0900] {processor.py:208} INFO - Processing /home/airflow/.local/lib/python3.12/site-packages/airflow/example_dags/example_params_ui_tutorial.py took 0.063 seconds
[2026-04-13T08:59:56.242+0900] {processor.py:186} INFO - Started process (PID=506) to work on /home/airflow/.local/lib/python3.12/site-packages/airflow/example_dags/example_params_ui_tutorial.py
[2026-04-13T08:59:56.243+0900] {processor.py:914} INFO - Processing file /home/airflow/.local/lib/python3.12/site-packages/airflow/example_dags/example_params_ui_tutorial.py for tasks to queue
[2026-04-13T08:59:56.245+0900] {logging_mixin.py:190} INFO - [2026-04-13T08:59:56.245+0900] {dagbag.py:587} INFO - Filling up the DagBag from /home/airflow/.local/lib/python3.12/site-packages/airflow/example_dags/example_params_ui_tutorial.py
[2026-04-13T08:59:56.253+0900] {processor.py:925} INFO - DAG(s) 'example_params_ui_tutorial' retrieved from /home/airflow/.local/lib/python3.12/site-packages/airflow/example_dags/example_params_ui_tutorial.py
[2026-04-13T08:59:56.288+0900] {logging_mixin.py:190} INFO - [2026-04-13T08:59:56.287+0900] {dag.py:3211} INFO - Sync 1 DAGs
[2026-04-13T08:59:56.297+0900] {logging_mixin.py:190} INFO - [2026-04-13T08:59:56.297+0900] {dag.py:4138} INFO - Setting next_dagrun for example_params_ui_tutorial to None, run_after=None
[2026-04-13T08:59:56.309+0900] {processor.py:208} INFO - Processing /home/airflow/.local/lib/python3.12/site-packages/airflow/example_dags/example_params_ui_tutorial.py took 0.072 seconds
