[2026-04-13T08:56:54.824+0900] {processor.py:186} INFO - Started process (PID=118) to work on /home/airflow/.local/lib/python3.12/site-packages/airflow/example_dags/example_nested_branch_dag.py
[2026-04-13T08:56:54.826+0900] {processor.py:914} INFO - Processing file /home/airflow/.local/lib/python3.12/site-packages/airflow/example_dags/example_nested_branch_dag.py for tasks to queue
[2026-04-13T08:56:54.828+0900] {logging_mixin.py:190} INFO - [2026-04-13T08:56:54.828+0900] {dagbag.py:587} INFO - Filling up the DagBag from /home/airflow/.local/lib/python3.12/site-packages/airflow/example_dags/example_nested_branch_dag.py
[2026-04-13T08:56:54.838+0900] {processor.py:925} INFO - DAG(s) 'example_nested_branch_dag' retrieved from /home/airflow/.local/lib/python3.12/site-packages/airflow/example_dags/example_nested_branch_dag.py
[2026-04-13T08:56:54.860+0900] {logging_mixin.py:190} INFO - [2026-04-13T08:56:54.859+0900] {dag.py:3211} INFO - Sync 1 DAGs
[2026-04-13T08:56:54.877+0900] {logging_mixin.py:190} INFO - [2026-04-13T08:56:54.877+0900] {dag.py:4138} INFO - Setting next_dagrun for example_nested_branch_dag to 2026-04-11 00:00:00+00:00, run_after=2026-04-12 00:00:00+00:00
[2026-04-13T08:56:54.889+0900] {processor.py:208} INFO - Processing /home/airflow/.local/lib/python3.12/site-packages/airflow/example_dags/example_nested_branch_dag.py took 0.069 seconds
[2026-04-13T08:57:25.179+0900] {processor.py:186} INFO - Started process (PID=185) to work on /home/airflow/.local/lib/python3.12/site-packages/airflow/example_dags/example_nested_branch_dag.py
[2026-04-13T08:57:25.180+0900] {processor.py:914} INFO - Processing file /home/airflow/.local/lib/python3.12/site-packages/airflow/example_dags/example_nested_branch_dag.py for tasks to queue
[2026-04-13T08:57:25.182+0900] {logging_mixin.py:190} INFO - [2026-04-13T08:57:25.182+0900] {dagbag.py:587} INFO - Filling up the DagBag from /home/airflow/.local/lib/python3.12/site-packages/airflow/example_dags/example_nested_branch_dag.py
[2026-04-13T08:57:25.192+0900] {processor.py:925} INFO - DAG(s) 'example_nested_branch_dag' retrieved from /home/airflow/.local/lib/python3.12/site-packages/airflow/example_dags/example_nested_branch_dag.py
[2026-04-13T08:57:25.213+0900] {logging_mixin.py:190} INFO - [2026-04-13T08:57:25.213+0900] {dag.py:3211} INFO - Sync 1 DAGs
[2026-04-13T08:57:25.233+0900] {logging_mixin.py:190} INFO - [2026-04-13T08:57:25.233+0900] {dag.py:4138} INFO - Setting next_dagrun for example_nested_branch_dag to 2026-04-11 00:00:00+00:00, run_after=2026-04-12 00:00:00+00:00
[2026-04-13T08:57:25.249+0900] {processor.py:208} INFO - Processing /home/airflow/.local/lib/python3.12/site-packages/airflow/example_dags/example_nested_branch_dag.py took 0.075 seconds
[2026-04-13T08:57:56.206+0900] {processor.py:186} INFO - Started process (PID=252) to work on /home/airflow/.local/lib/python3.12/site-packages/airflow/example_dags/example_nested_branch_dag.py
[2026-04-13T08:57:56.207+0900] {processor.py:914} INFO - Processing file /home/airflow/.local/lib/python3.12/site-packages/airflow/example_dags/example_nested_branch_dag.py for tasks to queue
[2026-04-13T08:57:56.209+0900] {logging_mixin.py:190} INFO - [2026-04-13T08:57:56.209+0900] {dagbag.py:587} INFO - Filling up the DagBag from /home/airflow/.local/lib/python3.12/site-packages/airflow/example_dags/example_nested_branch_dag.py
[2026-04-13T08:57:56.220+0900] {processor.py:925} INFO - DAG(s) 'example_nested_branch_dag' retrieved from /home/airflow/.local/lib/python3.12/site-packages/airflow/example_dags/example_nested_branch_dag.py
[2026-04-13T08:57:56.237+0900] {logging_mixin.py:190} INFO - [2026-04-13T08:57:56.237+0900] {dag.py:3211} INFO - Sync 1 DAGs
[2026-04-13T08:57:56.254+0900] {logging_mixin.py:190} INFO - [2026-04-13T08:57:56.254+0900] {dag.py:4138} INFO - Setting next_dagrun for example_nested_branch_dag to 2026-04-11 00:00:00+00:00, run_after=2026-04-12 00:00:00+00:00
[2026-04-13T08:57:56.268+0900] {processor.py:208} INFO - Processing /home/airflow/.local/lib/python3.12/site-packages/airflow/example_dags/example_nested_branch_dag.py took 0.067 seconds
[2026-04-13T08:58:26.682+0900] {processor.py:186} INFO - Started process (PID=319) to work on /home/airflow/.local/lib/python3.12/site-packages/airflow/example_dags/example_nested_branch_dag.py
[2026-04-13T08:58:26.683+0900] {processor.py:914} INFO - Processing file /home/airflow/.local/lib/python3.12/site-packages/airflow/example_dags/example_nested_branch_dag.py for tasks to queue
[2026-04-13T08:58:26.685+0900] {logging_mixin.py:190} INFO - [2026-04-13T08:58:26.685+0900] {dagbag.py:587} INFO - Filling up the DagBag from /home/airflow/.local/lib/python3.12/site-packages/airflow/example_dags/example_nested_branch_dag.py
[2026-04-13T08:58:26.694+0900] {processor.py:925} INFO - DAG(s) 'example_nested_branch_dag' retrieved from /home/airflow/.local/lib/python3.12/site-packages/airflow/example_dags/example_nested_branch_dag.py
[2026-04-13T08:58:26.711+0900] {logging_mixin.py:190} INFO - [2026-04-13T08:58:26.711+0900] {dag.py:3211} INFO - Sync 1 DAGs
[2026-04-13T08:58:26.728+0900] {logging_mixin.py:190} INFO - [2026-04-13T08:58:26.728+0900] {dag.py:4138} INFO - Setting next_dagrun for example_nested_branch_dag to 2026-04-11 00:00:00+00:00, run_after=2026-04-12 00:00:00+00:00
[2026-04-13T08:58:26.742+0900] {processor.py:208} INFO - Processing /home/airflow/.local/lib/python3.12/site-packages/airflow/example_dags/example_nested_branch_dag.py took 0.064 seconds
[2026-04-13T08:58:57.388+0900] {processor.py:186} INFO - Started process (PID=386) to work on /home/airflow/.local/lib/python3.12/site-packages/airflow/example_dags/example_nested_branch_dag.py
[2026-04-13T08:58:57.390+0900] {processor.py:914} INFO - Processing file /home/airflow/.local/lib/python3.12/site-packages/airflow/example_dags/example_nested_branch_dag.py for tasks to queue
[2026-04-13T08:58:57.392+0900] {logging_mixin.py:190} INFO - [2026-04-13T08:58:57.392+0900] {dagbag.py:587} INFO - Filling up the DagBag from /home/airflow/.local/lib/python3.12/site-packages/airflow/example_dags/example_nested_branch_dag.py
[2026-04-13T08:58:57.403+0900] {processor.py:925} INFO - DAG(s) 'example_nested_branch_dag' retrieved from /home/airflow/.local/lib/python3.12/site-packages/airflow/example_dags/example_nested_branch_dag.py
[2026-04-13T08:58:57.418+0900] {logging_mixin.py:190} INFO - [2026-04-13T08:58:57.418+0900] {dag.py:3211} INFO - Sync 1 DAGs
[2026-04-13T08:58:57.434+0900] {logging_mixin.py:190} INFO - [2026-04-13T08:58:57.434+0900] {dag.py:4138} INFO - Setting next_dagrun for example_nested_branch_dag to 2026-04-11 00:00:00+00:00, run_after=2026-04-12 00:00:00+00:00
[2026-04-13T08:58:57.448+0900] {processor.py:208} INFO - Processing /home/airflow/.local/lib/python3.12/site-packages/airflow/example_dags/example_nested_branch_dag.py took 0.064 seconds
[2026-04-13T08:59:27.889+0900] {processor.py:186} INFO - Started process (PID=453) to work on /home/airflow/.local/lib/python3.12/site-packages/airflow/example_dags/example_nested_branch_dag.py
[2026-04-13T08:59:27.891+0900] {processor.py:914} INFO - Processing file /home/airflow/.local/lib/python3.12/site-packages/airflow/example_dags/example_nested_branch_dag.py for tasks to queue
[2026-04-13T08:59:27.893+0900] {logging_mixin.py:190} INFO - [2026-04-13T08:59:27.892+0900] {dagbag.py:587} INFO - Filling up the DagBag from /home/airflow/.local/lib/python3.12/site-packages/airflow/example_dags/example_nested_branch_dag.py
[2026-04-13T08:59:27.902+0900] {processor.py:925} INFO - DAG(s) 'example_nested_branch_dag' retrieved from /home/airflow/.local/lib/python3.12/site-packages/airflow/example_dags/example_nested_branch_dag.py
[2026-04-13T08:59:27.919+0900] {logging_mixin.py:190} INFO - [2026-04-13T08:59:27.919+0900] {dag.py:3211} INFO - Sync 1 DAGs
[2026-04-13T08:59:27.938+0900] {logging_mixin.py:190} INFO - [2026-04-13T08:59:27.938+0900] {dag.py:4138} INFO - Setting next_dagrun for example_nested_branch_dag to 2026-04-11 00:00:00+00:00, run_after=2026-04-12 00:00:00+00:00
[2026-04-13T08:59:27.953+0900] {processor.py:208} INFO - Processing /home/airflow/.local/lib/python3.12/site-packages/airflow/example_dags/example_nested_branch_dag.py took 0.068 seconds
[2026-04-13T08:59:58.451+0900] {processor.py:186} INFO - Started process (PID=532) to work on /home/airflow/.local/lib/python3.12/site-packages/airflow/example_dags/example_nested_branch_dag.py
[2026-04-13T08:59:58.452+0900] {processor.py:914} INFO - Processing file /home/airflow/.local/lib/python3.12/site-packages/airflow/example_dags/example_nested_branch_dag.py for tasks to queue
[2026-04-13T08:59:58.455+0900] {logging_mixin.py:190} INFO - [2026-04-13T08:59:58.454+0900] {dagbag.py:587} INFO - Filling up the DagBag from /home/airflow/.local/lib/python3.12/site-packages/airflow/example_dags/example_nested_branch_dag.py
[2026-04-13T08:59:58.464+0900] {processor.py:925} INFO - DAG(s) 'example_nested_branch_dag' retrieved from /home/airflow/.local/lib/python3.12/site-packages/airflow/example_dags/example_nested_branch_dag.py
[2026-04-13T08:59:58.480+0900] {logging_mixin.py:190} INFO - [2026-04-13T08:59:58.480+0900] {dag.py:3211} INFO - Sync 1 DAGs
[2026-04-13T08:59:58.499+0900] {logging_mixin.py:190} INFO - [2026-04-13T08:59:58.499+0900] {dag.py:4138} INFO - Setting next_dagrun for example_nested_branch_dag to 2026-04-11 00:00:00+00:00, run_after=2026-04-12 00:00:00+00:00
[2026-04-13T08:59:58.514+0900] {processor.py:208} INFO - Processing /home/airflow/.local/lib/python3.12/site-packages/airflow/example_dags/example_nested_branch_dag.py took 0.067 seconds
