[2026-04-13T08:56:55.782+0900] {processor.py:186} INFO - Started process (PID=133) to work on /home/airflow/.local/lib/python3.12/site-packages/airflow/example_dags/example_sla_dag.py
[2026-04-13T08:56:55.783+0900] {processor.py:914} INFO - Processing file /home/airflow/.local/lib/python3.12/site-packages/airflow/example_dags/example_sla_dag.py for tasks to queue
[2026-04-13T08:56:55.786+0900] {logging_mixin.py:190} INFO - [2026-04-13T08:56:55.785+0900] {dagbag.py:587} INFO - Filling up the DagBag from /home/airflow/.local/lib/python3.12/site-packages/airflow/example_dags/example_sla_dag.py
[2026-04-13T08:56:55.798+0900] {processor.py:925} INFO - DAG(s) 'example_sla_dag' retrieved from /home/airflow/.local/lib/python3.12/site-packages/airflow/example_dags/example_sla_dag.py
[2026-04-13T08:56:55.822+0900] {logging_mixin.py:190} INFO - [2026-04-13T08:56:55.822+0900] {dag.py:3211} INFO - Sync 1 DAGs
[2026-04-13T08:56:55.842+0900] {logging_mixin.py:190} INFO - [2026-04-13T08:56:55.841+0900] {dag.py:4138} INFO - Setting next_dagrun for example_sla_dag to 2026-04-12 23:54:00+00:00, run_after=2026-04-12 23:56:00+00:00
[2026-04-13T08:56:55.856+0900] {processor.py:208} INFO - Processing /home/airflow/.local/lib/python3.12/site-packages/airflow/example_dags/example_sla_dag.py took 0.080 seconds
[2026-04-13T08:57:26.141+0900] {processor.py:186} INFO - Started process (PID=200) to work on /home/airflow/.local/lib/python3.12/site-packages/airflow/example_dags/example_sla_dag.py
[2026-04-13T08:57:26.143+0900] {processor.py:914} INFO - Processing file /home/airflow/.local/lib/python3.12/site-packages/airflow/example_dags/example_sla_dag.py for tasks to queue
[2026-04-13T08:57:26.145+0900] {logging_mixin.py:190} INFO - [2026-04-13T08:57:26.145+0900] {dagbag.py:587} INFO - Filling up the DagBag from /home/airflow/.local/lib/python3.12/site-packages/airflow/example_dags/example_sla_dag.py
[2026-04-13T08:57:26.157+0900] {processor.py:925} INFO - DAG(s) 'example_sla_dag' retrieved from /home/airflow/.local/lib/python3.12/site-packages/airflow/example_dags/example_sla_dag.py
[2026-04-13T08:57:26.174+0900] {logging_mixin.py:190} INFO - [2026-04-13T08:57:26.174+0900] {dag.py:3211} INFO - Sync 1 DAGs
[2026-04-13T08:57:26.194+0900] {logging_mixin.py:190} INFO - [2026-04-13T08:57:26.194+0900] {dag.py:4138} INFO - Setting next_dagrun for example_sla_dag to 2026-04-12 23:54:00+00:00, run_after=2026-04-12 23:56:00+00:00
[2026-04-13T08:57:26.208+0900] {processor.py:208} INFO - Processing /home/airflow/.local/lib/python3.12/site-packages/airflow/example_dags/example_sla_dag.py took 0.074 seconds
[2026-04-13T08:57:57.048+0900] {processor.py:186} INFO - Started process (PID=267) to work on /home/airflow/.local/lib/python3.12/site-packages/airflow/example_dags/example_sla_dag.py
[2026-04-13T08:57:57.050+0900] {processor.py:914} INFO - Processing file /home/airflow/.local/lib/python3.12/site-packages/airflow/example_dags/example_sla_dag.py for tasks to queue
[2026-04-13T08:57:57.052+0900] {logging_mixin.py:190} INFO - [2026-04-13T08:57:57.052+0900] {dagbag.py:587} INFO - Filling up the DagBag from /home/airflow/.local/lib/python3.12/site-packages/airflow/example_dags/example_sla_dag.py
[2026-04-13T08:57:57.060+0900] {processor.py:925} INFO - DAG(s) 'example_sla_dag' retrieved from /home/airflow/.local/lib/python3.12/site-packages/airflow/example_dags/example_sla_dag.py
[2026-04-13T08:57:57.074+0900] {logging_mixin.py:190} INFO - [2026-04-13T08:57:57.074+0900] {dag.py:3211} INFO - Sync 1 DAGs
[2026-04-13T08:57:57.093+0900] {logging_mixin.py:190} INFO - [2026-04-13T08:57:57.092+0900] {dag.py:4138} INFO - Setting next_dagrun for example_sla_dag to 2026-04-12 23:54:00+00:00, run_after=2026-04-12 23:56:00+00:00
[2026-04-13T08:57:57.107+0900] {processor.py:208} INFO - Processing /home/airflow/.local/lib/python3.12/site-packages/airflow/example_dags/example_sla_dag.py took 0.063 seconds
[2026-04-13T08:58:27.540+0900] {processor.py:186} INFO - Started process (PID=334) to work on /home/airflow/.local/lib/python3.12/site-packages/airflow/example_dags/example_sla_dag.py
[2026-04-13T08:58:27.542+0900] {processor.py:914} INFO - Processing file /home/airflow/.local/lib/python3.12/site-packages/airflow/example_dags/example_sla_dag.py for tasks to queue
[2026-04-13T08:58:27.545+0900] {logging_mixin.py:190} INFO - [2026-04-13T08:58:27.545+0900] {dagbag.py:587} INFO - Filling up the DagBag from /home/airflow/.local/lib/python3.12/site-packages/airflow/example_dags/example_sla_dag.py
[2026-04-13T08:58:27.553+0900] {processor.py:925} INFO - DAG(s) 'example_sla_dag' retrieved from /home/airflow/.local/lib/python3.12/site-packages/airflow/example_dags/example_sla_dag.py
[2026-04-13T08:58:27.573+0900] {logging_mixin.py:190} INFO - [2026-04-13T08:58:27.573+0900] {dag.py:3211} INFO - Sync 1 DAGs
[2026-04-13T08:58:27.595+0900] {logging_mixin.py:190} INFO - [2026-04-13T08:58:27.595+0900] {dag.py:4138} INFO - Setting next_dagrun for example_sla_dag to 2026-04-12 23:56:00+00:00, run_after=2026-04-12 23:58:00+00:00
[2026-04-13T08:58:27.615+0900] {processor.py:208} INFO - Processing /home/airflow/.local/lib/python3.12/site-packages/airflow/example_dags/example_sla_dag.py took 0.080 seconds
[2026-04-13T08:58:58.214+0900] {processor.py:186} INFO - Started process (PID=401) to work on /home/airflow/.local/lib/python3.12/site-packages/airflow/example_dags/example_sla_dag.py
[2026-04-13T08:58:58.215+0900] {processor.py:914} INFO - Processing file /home/airflow/.local/lib/python3.12/site-packages/airflow/example_dags/example_sla_dag.py for tasks to queue
[2026-04-13T08:58:58.217+0900] {logging_mixin.py:190} INFO - [2026-04-13T08:58:58.217+0900] {dagbag.py:587} INFO - Filling up the DagBag from /home/airflow/.local/lib/python3.12/site-packages/airflow/example_dags/example_sla_dag.py
[2026-04-13T08:58:58.225+0900] {processor.py:925} INFO - DAG(s) 'example_sla_dag' retrieved from /home/airflow/.local/lib/python3.12/site-packages/airflow/example_dags/example_sla_dag.py
[2026-04-13T08:58:58.239+0900] {logging_mixin.py:190} INFO - [2026-04-13T08:58:58.239+0900] {dag.py:3211} INFO - Sync 1 DAGs
[2026-04-13T08:58:58.255+0900] {logging_mixin.py:190} INFO - [2026-04-13T08:58:58.255+0900] {dag.py:4138} INFO - Setting next_dagrun for example_sla_dag to 2026-04-12 23:56:00+00:00, run_after=2026-04-12 23:58:00+00:00
[2026-04-13T08:58:58.267+0900] {processor.py:208} INFO - Processing /home/airflow/.local/lib/python3.12/site-packages/airflow/example_dags/example_sla_dag.py took 0.058 seconds
[2026-04-13T08:59:28.737+0900] {processor.py:186} INFO - Started process (PID=468) to work on /home/airflow/.local/lib/python3.12/site-packages/airflow/example_dags/example_sla_dag.py
[2026-04-13T08:59:28.738+0900] {processor.py:914} INFO - Processing file /home/airflow/.local/lib/python3.12/site-packages/airflow/example_dags/example_sla_dag.py for tasks to queue
[2026-04-13T08:59:28.740+0900] {logging_mixin.py:190} INFO - [2026-04-13T08:59:28.740+0900] {dagbag.py:587} INFO - Filling up the DagBag from /home/airflow/.local/lib/python3.12/site-packages/airflow/example_dags/example_sla_dag.py
[2026-04-13T08:59:28.748+0900] {processor.py:925} INFO - DAG(s) 'example_sla_dag' retrieved from /home/airflow/.local/lib/python3.12/site-packages/airflow/example_dags/example_sla_dag.py
[2026-04-13T08:59:28.764+0900] {logging_mixin.py:190} INFO - [2026-04-13T08:59:28.764+0900] {dag.py:3211} INFO - Sync 1 DAGs
[2026-04-13T08:59:28.783+0900] {logging_mixin.py:190} INFO - [2026-04-13T08:59:28.783+0900] {dag.py:4138} INFO - Setting next_dagrun for example_sla_dag to 2026-04-12 23:56:00+00:00, run_after=2026-04-12 23:58:00+00:00
[2026-04-13T08:59:28.796+0900] {processor.py:208} INFO - Processing /home/airflow/.local/lib/python3.12/site-packages/airflow/example_dags/example_sla_dag.py took 0.063 seconds
[2026-04-13T08:59:59.680+0900] {processor.py:186} INFO - Started process (PID=547) to work on /home/airflow/.local/lib/python3.12/site-packages/airflow/example_dags/example_sla_dag.py
[2026-04-13T08:59:59.681+0900] {processor.py:914} INFO - Processing file /home/airflow/.local/lib/python3.12/site-packages/airflow/example_dags/example_sla_dag.py for tasks to queue
[2026-04-13T08:59:59.684+0900] {logging_mixin.py:190} INFO - [2026-04-13T08:59:59.683+0900] {dagbag.py:587} INFO - Filling up the DagBag from /home/airflow/.local/lib/python3.12/site-packages/airflow/example_dags/example_sla_dag.py
[2026-04-13T08:59:59.691+0900] {processor.py:925} INFO - DAG(s) 'example_sla_dag' retrieved from /home/airflow/.local/lib/python3.12/site-packages/airflow/example_dags/example_sla_dag.py
[2026-04-13T08:59:59.708+0900] {logging_mixin.py:190} INFO - [2026-04-13T08:59:59.708+0900] {dag.py:3211} INFO - Sync 1 DAGs
[2026-04-13T08:59:59.726+0900] {logging_mixin.py:190} INFO - [2026-04-13T08:59:59.726+0900] {dag.py:4138} INFO - Setting next_dagrun for example_sla_dag to 2026-04-12 23:56:00+00:00, run_after=2026-04-12 23:58:00+00:00
[2026-04-13T08:59:59.741+0900] {processor.py:208} INFO - Processing /home/airflow/.local/lib/python3.12/site-packages/airflow/example_dags/example_sla_dag.py took 0.066 seconds
