[2026-04-13T08:56:52.737+0900] {processor.py:186} INFO - Started process (PID=86) to work on /home/airflow/.local/lib/python3.12/site-packages/airflow/example_dags/example_short_circuit_decorator.py
[2026-04-13T08:56:52.739+0900] {processor.py:914} INFO - Processing file /home/airflow/.local/lib/python3.12/site-packages/airflow/example_dags/example_short_circuit_decorator.py for tasks to queue
[2026-04-13T08:56:52.741+0900] {logging_mixin.py:190} INFO - [2026-04-13T08:56:52.741+0900] {dagbag.py:587} INFO - Filling up the DagBag from /home/airflow/.local/lib/python3.12/site-packages/airflow/example_dags/example_short_circuit_decorator.py
[2026-04-13T08:56:52.753+0900] {processor.py:925} INFO - DAG(s) 'example_short_circuit_decorator' retrieved from /home/airflow/.local/lib/python3.12/site-packages/airflow/example_dags/example_short_circuit_decorator.py
[2026-04-13T08:56:52.781+0900] {logging_mixin.py:190} INFO - [2026-04-13T08:56:52.781+0900] {dag.py:3211} INFO - Sync 1 DAGs
[2026-04-13T08:56:52.804+0900] {logging_mixin.py:190} INFO - [2026-04-13T08:56:52.803+0900] {dag.py:4138} INFO - Setting next_dagrun for example_short_circuit_decorator to 2026-04-11 00:00:00+00:00, run_after=2026-04-12 00:00:00+00:00
[2026-04-13T08:56:52.821+0900] {processor.py:208} INFO - Processing /home/airflow/.local/lib/python3.12/site-packages/airflow/example_dags/example_short_circuit_decorator.py took 0.089 seconds
[2026-04-13T08:57:23.345+0900] {processor.py:186} INFO - Started process (PID=153) to work on /home/airflow/.local/lib/python3.12/site-packages/airflow/example_dags/example_short_circuit_decorator.py
[2026-04-13T08:57:23.346+0900] {processor.py:914} INFO - Processing file /home/airflow/.local/lib/python3.12/site-packages/airflow/example_dags/example_short_circuit_decorator.py for tasks to queue
[2026-04-13T08:57:23.348+0900] {logging_mixin.py:190} INFO - [2026-04-13T08:57:23.348+0900] {dagbag.py:587} INFO - Filling up the DagBag from /home/airflow/.local/lib/python3.12/site-packages/airflow/example_dags/example_short_circuit_decorator.py
[2026-04-13T08:57:23.356+0900] {processor.py:925} INFO - DAG(s) 'example_short_circuit_decorator' retrieved from /home/airflow/.local/lib/python3.12/site-packages/airflow/example_dags/example_short_circuit_decorator.py
[2026-04-13T08:57:23.374+0900] {logging_mixin.py:190} INFO - [2026-04-13T08:57:23.374+0900] {dag.py:3211} INFO - Sync 1 DAGs
[2026-04-13T08:57:23.391+0900] {logging_mixin.py:190} INFO - [2026-04-13T08:57:23.391+0900] {dag.py:4138} INFO - Setting next_dagrun for example_short_circuit_decorator to 2026-04-11 00:00:00+00:00, run_after=2026-04-12 00:00:00+00:00
[2026-04-13T08:57:23.406+0900] {processor.py:208} INFO - Processing /home/airflow/.local/lib/python3.12/site-packages/airflow/example_dags/example_short_circuit_decorator.py took 0.065 seconds
[2026-04-13T08:57:53.668+0900] {processor.py:186} INFO - Started process (PID=226) to work on /home/airflow/.local/lib/python3.12/site-packages/airflow/example_dags/example_short_circuit_decorator.py
[2026-04-13T08:57:53.669+0900] {processor.py:914} INFO - Processing file /home/airflow/.local/lib/python3.12/site-packages/airflow/example_dags/example_short_circuit_decorator.py for tasks to queue
[2026-04-13T08:57:53.671+0900] {logging_mixin.py:190} INFO - [2026-04-13T08:57:53.671+0900] {dagbag.py:587} INFO - Filling up the DagBag from /home/airflow/.local/lib/python3.12/site-packages/airflow/example_dags/example_short_circuit_decorator.py
[2026-04-13T08:57:53.678+0900] {processor.py:925} INFO - DAG(s) 'example_short_circuit_decorator' retrieved from /home/airflow/.local/lib/python3.12/site-packages/airflow/example_dags/example_short_circuit_decorator.py
[2026-04-13T08:57:53.695+0900] {logging_mixin.py:190} INFO - [2026-04-13T08:57:53.695+0900] {dag.py:3211} INFO - Sync 1 DAGs
[2026-04-13T08:57:53.709+0900] {logging_mixin.py:190} INFO - [2026-04-13T08:57:53.709+0900] {dag.py:4138} INFO - Setting next_dagrun for example_short_circuit_decorator to 2026-04-11 00:00:00+00:00, run_after=2026-04-12 00:00:00+00:00
[2026-04-13T08:57:53.722+0900] {processor.py:208} INFO - Processing /home/airflow/.local/lib/python3.12/site-packages/airflow/example_dags/example_short_circuit_decorator.py took 0.059 seconds
[2026-04-13T08:58:24.229+0900] {processor.py:186} INFO - Started process (PID=293) to work on /home/airflow/.local/lib/python3.12/site-packages/airflow/example_dags/example_short_circuit_decorator.py
[2026-04-13T08:58:24.230+0900] {processor.py:914} INFO - Processing file /home/airflow/.local/lib/python3.12/site-packages/airflow/example_dags/example_short_circuit_decorator.py for tasks to queue
[2026-04-13T08:58:24.232+0900] {logging_mixin.py:190} INFO - [2026-04-13T08:58:24.232+0900] {dagbag.py:587} INFO - Filling up the DagBag from /home/airflow/.local/lib/python3.12/site-packages/airflow/example_dags/example_short_circuit_decorator.py
[2026-04-13T08:58:24.240+0900] {processor.py:925} INFO - DAG(s) 'example_short_circuit_decorator' retrieved from /home/airflow/.local/lib/python3.12/site-packages/airflow/example_dags/example_short_circuit_decorator.py
[2026-04-13T08:58:24.259+0900] {logging_mixin.py:190} INFO - [2026-04-13T08:58:24.259+0900] {dag.py:3211} INFO - Sync 1 DAGs
[2026-04-13T08:58:24.278+0900] {logging_mixin.py:190} INFO - [2026-04-13T08:58:24.278+0900] {dag.py:4138} INFO - Setting next_dagrun for example_short_circuit_decorator to 2026-04-11 00:00:00+00:00, run_after=2026-04-12 00:00:00+00:00
[2026-04-13T08:58:24.292+0900] {processor.py:208} INFO - Processing /home/airflow/.local/lib/python3.12/site-packages/airflow/example_dags/example_short_circuit_decorator.py took 0.069 seconds
[2026-04-13T08:58:54.791+0900] {processor.py:186} INFO - Started process (PID=360) to work on /home/airflow/.local/lib/python3.12/site-packages/airflow/example_dags/example_short_circuit_decorator.py
[2026-04-13T08:58:54.792+0900] {processor.py:914} INFO - Processing file /home/airflow/.local/lib/python3.12/site-packages/airflow/example_dags/example_short_circuit_decorator.py for tasks to queue
[2026-04-13T08:58:54.794+0900] {logging_mixin.py:190} INFO - [2026-04-13T08:58:54.794+0900] {dagbag.py:587} INFO - Filling up the DagBag from /home/airflow/.local/lib/python3.12/site-packages/airflow/example_dags/example_short_circuit_decorator.py
[2026-04-13T08:58:54.802+0900] {processor.py:925} INFO - DAG(s) 'example_short_circuit_decorator' retrieved from /home/airflow/.local/lib/python3.12/site-packages/airflow/example_dags/example_short_circuit_decorator.py
[2026-04-13T08:58:54.818+0900] {logging_mixin.py:190} INFO - [2026-04-13T08:58:54.818+0900] {dag.py:3211} INFO - Sync 1 DAGs
[2026-04-13T08:58:54.834+0900] {logging_mixin.py:190} INFO - [2026-04-13T08:58:54.834+0900] {dag.py:4138} INFO - Setting next_dagrun for example_short_circuit_decorator to 2026-04-11 00:00:00+00:00, run_after=2026-04-12 00:00:00+00:00
[2026-04-13T08:58:54.847+0900] {processor.py:208} INFO - Processing /home/airflow/.local/lib/python3.12/site-packages/airflow/example_dags/example_short_circuit_decorator.py took 0.061 seconds
[2026-04-13T08:59:25.522+0900] {processor.py:186} INFO - Started process (PID=427) to work on /home/airflow/.local/lib/python3.12/site-packages/airflow/example_dags/example_short_circuit_decorator.py
[2026-04-13T08:59:25.523+0900] {processor.py:914} INFO - Processing file /home/airflow/.local/lib/python3.12/site-packages/airflow/example_dags/example_short_circuit_decorator.py for tasks to queue
[2026-04-13T08:59:25.525+0900] {logging_mixin.py:190} INFO - [2026-04-13T08:59:25.525+0900] {dagbag.py:587} INFO - Filling up the DagBag from /home/airflow/.local/lib/python3.12/site-packages/airflow/example_dags/example_short_circuit_decorator.py
[2026-04-13T08:59:25.533+0900] {processor.py:925} INFO - DAG(s) 'example_short_circuit_decorator' retrieved from /home/airflow/.local/lib/python3.12/site-packages/airflow/example_dags/example_short_circuit_decorator.py
[2026-04-13T08:59:25.548+0900] {logging_mixin.py:190} INFO - [2026-04-13T08:59:25.548+0900] {dag.py:3211} INFO - Sync 1 DAGs
[2026-04-13T08:59:25.564+0900] {logging_mixin.py:190} INFO - [2026-04-13T08:59:25.564+0900] {dag.py:4138} INFO - Setting next_dagrun for example_short_circuit_decorator to 2026-04-11 00:00:00+00:00, run_after=2026-04-12 00:00:00+00:00
[2026-04-13T08:59:25.575+0900] {processor.py:208} INFO - Processing /home/airflow/.local/lib/python3.12/site-packages/airflow/example_dags/example_short_circuit_decorator.py took 0.057 seconds
[2026-04-13T08:59:56.045+0900] {processor.py:186} INFO - Started process (PID=502) to work on /home/airflow/.local/lib/python3.12/site-packages/airflow/example_dags/example_short_circuit_decorator.py
[2026-04-13T08:59:56.046+0900] {processor.py:914} INFO - Processing file /home/airflow/.local/lib/python3.12/site-packages/airflow/example_dags/example_short_circuit_decorator.py for tasks to queue
[2026-04-13T08:59:56.048+0900] {logging_mixin.py:190} INFO - [2026-04-13T08:59:56.048+0900] {dagbag.py:587} INFO - Filling up the DagBag from /home/airflow/.local/lib/python3.12/site-packages/airflow/example_dags/example_short_circuit_decorator.py
[2026-04-13T08:59:56.056+0900] {processor.py:925} INFO - DAG(s) 'example_short_circuit_decorator' retrieved from /home/airflow/.local/lib/python3.12/site-packages/airflow/example_dags/example_short_circuit_decorator.py
[2026-04-13T08:59:56.071+0900] {logging_mixin.py:190} INFO - [2026-04-13T08:59:56.071+0900] {dag.py:3211} INFO - Sync 1 DAGs
[2026-04-13T08:59:56.086+0900] {logging_mixin.py:190} INFO - [2026-04-13T08:59:56.086+0900] {dag.py:4138} INFO - Setting next_dagrun for example_short_circuit_decorator to 2026-04-11 00:00:00+00:00, run_after=2026-04-12 00:00:00+00:00
[2026-04-13T08:59:56.098+0900] {processor.py:208} INFO - Processing /home/airflow/.local/lib/python3.12/site-packages/airflow/example_dags/example_short_circuit_decorator.py took 0.057 seconds
