[2026-04-13T08:56:54.925+0900] {processor.py:186} INFO - Started process (PID=120) to work on /home/airflow/.local/lib/python3.12/site-packages/airflow/example_dags/example_dynamic_task_mapping.py
[2026-04-13T08:56:54.927+0900] {processor.py:914} INFO - Processing file /home/airflow/.local/lib/python3.12/site-packages/airflow/example_dags/example_dynamic_task_mapping.py for tasks to queue
[2026-04-13T08:56:54.929+0900] {logging_mixin.py:190} INFO - [2026-04-13T08:56:54.929+0900] {dagbag.py:587} INFO - Filling up the DagBag from /home/airflow/.local/lib/python3.12/site-packages/airflow/example_dags/example_dynamic_task_mapping.py
[2026-04-13T08:56:54.936+0900] {processor.py:925} INFO - DAG(s) 'example_dynamic_task_mapping' retrieved from /home/airflow/.local/lib/python3.12/site-packages/airflow/example_dags/example_dynamic_task_mapping.py
[2026-04-13T08:56:54.957+0900] {logging_mixin.py:190} INFO - [2026-04-13T08:56:54.957+0900] {dag.py:3211} INFO - Sync 1 DAGs
[2026-04-13T08:56:54.973+0900] {logging_mixin.py:190} INFO - [2026-04-13T08:56:54.973+0900] {dag.py:4138} INFO - Setting next_dagrun for example_dynamic_task_mapping to 2022-03-04 00:00:00+00:00, run_after=2022-03-05 00:00:00+00:00
[2026-04-13T08:56:54.986+0900] {processor.py:208} INFO - Processing /home/airflow/.local/lib/python3.12/site-packages/airflow/example_dags/example_dynamic_task_mapping.py took 0.065 seconds
[2026-04-13T08:57:25.289+0900] {processor.py:186} INFO - Started process (PID=187) to work on /home/airflow/.local/lib/python3.12/site-packages/airflow/example_dags/example_dynamic_task_mapping.py
[2026-04-13T08:57:25.291+0900] {processor.py:914} INFO - Processing file /home/airflow/.local/lib/python3.12/site-packages/airflow/example_dags/example_dynamic_task_mapping.py for tasks to queue
[2026-04-13T08:57:25.293+0900] {logging_mixin.py:190} INFO - [2026-04-13T08:57:25.292+0900] {dagbag.py:587} INFO - Filling up the DagBag from /home/airflow/.local/lib/python3.12/site-packages/airflow/example_dags/example_dynamic_task_mapping.py
[2026-04-13T08:57:25.299+0900] {processor.py:925} INFO - DAG(s) 'example_dynamic_task_mapping' retrieved from /home/airflow/.local/lib/python3.12/site-packages/airflow/example_dags/example_dynamic_task_mapping.py
[2026-04-13T08:57:25.315+0900] {logging_mixin.py:190} INFO - [2026-04-13T08:57:25.315+0900] {dag.py:3211} INFO - Sync 1 DAGs
[2026-04-13T08:57:25.335+0900] {logging_mixin.py:190} INFO - [2026-04-13T08:57:25.335+0900] {dag.py:4138} INFO - Setting next_dagrun for example_dynamic_task_mapping to 2022-03-04 00:00:00+00:00, run_after=2022-03-05 00:00:00+00:00
[2026-04-13T08:57:25.349+0900] {processor.py:208} INFO - Processing /home/airflow/.local/lib/python3.12/site-packages/airflow/example_dags/example_dynamic_task_mapping.py took 0.065 seconds
[2026-04-13T08:57:56.309+0900] {processor.py:186} INFO - Started process (PID=254) to work on /home/airflow/.local/lib/python3.12/site-packages/airflow/example_dags/example_dynamic_task_mapping.py
[2026-04-13T08:57:56.311+0900] {processor.py:914} INFO - Processing file /home/airflow/.local/lib/python3.12/site-packages/airflow/example_dags/example_dynamic_task_mapping.py for tasks to queue
[2026-04-13T08:57:56.313+0900] {logging_mixin.py:190} INFO - [2026-04-13T08:57:56.312+0900] {dagbag.py:587} INFO - Filling up the DagBag from /home/airflow/.local/lib/python3.12/site-packages/airflow/example_dags/example_dynamic_task_mapping.py
[2026-04-13T08:57:56.319+0900] {processor.py:925} INFO - DAG(s) 'example_dynamic_task_mapping' retrieved from /home/airflow/.local/lib/python3.12/site-packages/airflow/example_dags/example_dynamic_task_mapping.py
[2026-04-13T08:57:56.335+0900] {logging_mixin.py:190} INFO - [2026-04-13T08:57:56.334+0900] {dag.py:3211} INFO - Sync 1 DAGs
[2026-04-13T08:57:56.355+0900] {logging_mixin.py:190} INFO - [2026-04-13T08:57:56.355+0900] {dag.py:4138} INFO - Setting next_dagrun for example_dynamic_task_mapping to 2022-03-04 00:00:00+00:00, run_after=2022-03-05 00:00:00+00:00
[2026-04-13T08:57:56.372+0900] {processor.py:208} INFO - Processing /home/airflow/.local/lib/python3.12/site-packages/airflow/example_dags/example_dynamic_task_mapping.py took 0.066 seconds
[2026-04-13T08:58:26.775+0900] {processor.py:186} INFO - Started process (PID=321) to work on /home/airflow/.local/lib/python3.12/site-packages/airflow/example_dags/example_dynamic_task_mapping.py
[2026-04-13T08:58:26.776+0900] {processor.py:914} INFO - Processing file /home/airflow/.local/lib/python3.12/site-packages/airflow/example_dags/example_dynamic_task_mapping.py for tasks to queue
[2026-04-13T08:58:26.779+0900] {logging_mixin.py:190} INFO - [2026-04-13T08:58:26.778+0900] {dagbag.py:587} INFO - Filling up the DagBag from /home/airflow/.local/lib/python3.12/site-packages/airflow/example_dags/example_dynamic_task_mapping.py
[2026-04-13T08:58:26.786+0900] {processor.py:925} INFO - DAG(s) 'example_dynamic_task_mapping' retrieved from /home/airflow/.local/lib/python3.12/site-packages/airflow/example_dags/example_dynamic_task_mapping.py
[2026-04-13T08:58:26.802+0900] {logging_mixin.py:190} INFO - [2026-04-13T08:58:26.801+0900] {dag.py:3211} INFO - Sync 1 DAGs
[2026-04-13T08:58:26.819+0900] {logging_mixin.py:190} INFO - [2026-04-13T08:58:26.819+0900] {dag.py:4138} INFO - Setting next_dagrun for example_dynamic_task_mapping to 2022-03-04 00:00:00+00:00, run_after=2022-03-05 00:00:00+00:00
[2026-04-13T08:58:26.831+0900] {processor.py:208} INFO - Processing /home/airflow/.local/lib/python3.12/site-packages/airflow/example_dags/example_dynamic_task_mapping.py took 0.062 seconds
[2026-04-13T08:58:57.468+0900] {processor.py:186} INFO - Started process (PID=388) to work on /home/airflow/.local/lib/python3.12/site-packages/airflow/example_dags/example_dynamic_task_mapping.py
[2026-04-13T08:58:57.469+0900] {processor.py:914} INFO - Processing file /home/airflow/.local/lib/python3.12/site-packages/airflow/example_dags/example_dynamic_task_mapping.py for tasks to queue
[2026-04-13T08:58:57.471+0900] {logging_mixin.py:190} INFO - [2026-04-13T08:58:57.471+0900] {dagbag.py:587} INFO - Filling up the DagBag from /home/airflow/.local/lib/python3.12/site-packages/airflow/example_dags/example_dynamic_task_mapping.py
[2026-04-13T08:58:57.478+0900] {processor.py:925} INFO - DAG(s) 'example_dynamic_task_mapping' retrieved from /home/airflow/.local/lib/python3.12/site-packages/airflow/example_dags/example_dynamic_task_mapping.py
[2026-04-13T08:58:57.491+0900] {logging_mixin.py:190} INFO - [2026-04-13T08:58:57.491+0900] {dag.py:3211} INFO - Sync 1 DAGs
[2026-04-13T08:58:57.506+0900] {logging_mixin.py:190} INFO - [2026-04-13T08:58:57.506+0900] {dag.py:4138} INFO - Setting next_dagrun for example_dynamic_task_mapping to 2022-03-04 00:00:00+00:00, run_after=2022-03-05 00:00:00+00:00
[2026-04-13T08:58:57.517+0900] {processor.py:208} INFO - Processing /home/airflow/.local/lib/python3.12/site-packages/airflow/example_dags/example_dynamic_task_mapping.py took 0.053 seconds
[2026-04-13T08:59:27.976+0900] {processor.py:186} INFO - Started process (PID=455) to work on /home/airflow/.local/lib/python3.12/site-packages/airflow/example_dags/example_dynamic_task_mapping.py
[2026-04-13T08:59:27.977+0900] {processor.py:914} INFO - Processing file /home/airflow/.local/lib/python3.12/site-packages/airflow/example_dags/example_dynamic_task_mapping.py for tasks to queue
[2026-04-13T08:59:27.979+0900] {logging_mixin.py:190} INFO - [2026-04-13T08:59:27.979+0900] {dagbag.py:587} INFO - Filling up the DagBag from /home/airflow/.local/lib/python3.12/site-packages/airflow/example_dags/example_dynamic_task_mapping.py
[2026-04-13T08:59:27.986+0900] {processor.py:925} INFO - DAG(s) 'example_dynamic_task_mapping' retrieved from /home/airflow/.local/lib/python3.12/site-packages/airflow/example_dags/example_dynamic_task_mapping.py
[2026-04-13T08:59:28.000+0900] {logging_mixin.py:190} INFO - [2026-04-13T08:59:28.000+0900] {dag.py:3211} INFO - Sync 1 DAGs
[2026-04-13T08:59:28.026+0900] {logging_mixin.py:190} INFO - [2026-04-13T08:59:28.026+0900] {dag.py:4138} INFO - Setting next_dagrun for example_dynamic_task_mapping to 2022-03-04 00:00:00+00:00, run_after=2022-03-05 00:00:00+00:00
[2026-04-13T08:59:28.049+0900] {processor.py:208} INFO - Processing /home/airflow/.local/lib/python3.12/site-packages/airflow/example_dags/example_dynamic_task_mapping.py took 0.077 seconds
[2026-04-13T08:59:58.550+0900] {processor.py:186} INFO - Started process (PID=534) to work on /home/airflow/.local/lib/python3.12/site-packages/airflow/example_dags/example_dynamic_task_mapping.py
[2026-04-13T08:59:58.551+0900] {processor.py:914} INFO - Processing file /home/airflow/.local/lib/python3.12/site-packages/airflow/example_dags/example_dynamic_task_mapping.py for tasks to queue
[2026-04-13T08:59:58.553+0900] {logging_mixin.py:190} INFO - [2026-04-13T08:59:58.553+0900] {dagbag.py:587} INFO - Filling up the DagBag from /home/airflow/.local/lib/python3.12/site-packages/airflow/example_dags/example_dynamic_task_mapping.py
[2026-04-13T08:59:58.561+0900] {processor.py:925} INFO - DAG(s) 'example_dynamic_task_mapping' retrieved from /home/airflow/.local/lib/python3.12/site-packages/airflow/example_dags/example_dynamic_task_mapping.py
[2026-04-13T08:59:58.578+0900] {logging_mixin.py:190} INFO - [2026-04-13T08:59:58.577+0900] {dag.py:3211} INFO - Sync 1 DAGs
[2026-04-13T08:59:58.594+0900] {logging_mixin.py:190} INFO - [2026-04-13T08:59:58.594+0900] {dag.py:4138} INFO - Setting next_dagrun for example_dynamic_task_mapping to 2022-03-04 00:00:00+00:00, run_after=2022-03-05 00:00:00+00:00
[2026-04-13T08:59:58.609+0900] {processor.py:208} INFO - Processing /home/airflow/.local/lib/python3.12/site-packages/airflow/example_dags/example_dynamic_task_mapping.py took 0.063 seconds
