[2026-04-13T08:56:54.563+0900] {processor.py:186} INFO - Started process (PID=113) to work on /home/airflow/.local/lib/python3.12/site-packages/airflow/example_dags/example_trigger_target_dag.py
[2026-04-13T08:56:54.565+0900] {processor.py:914} INFO - Processing file /home/airflow/.local/lib/python3.12/site-packages/airflow/example_dags/example_trigger_target_dag.py for tasks to queue
[2026-04-13T08:56:54.567+0900] {logging_mixin.py:190} INFO - [2026-04-13T08:56:54.567+0900] {dagbag.py:587} INFO - Filling up the DagBag from /home/airflow/.local/lib/python3.12/site-packages/airflow/example_dags/example_trigger_target_dag.py
[2026-04-13T08:56:54.576+0900] {processor.py:925} INFO - DAG(s) 'example_trigger_target_dag' retrieved from /home/airflow/.local/lib/python3.12/site-packages/airflow/example_dags/example_trigger_target_dag.py
[2026-04-13T08:56:54.599+0900] {logging_mixin.py:190} INFO - [2026-04-13T08:56:54.599+0900] {dag.py:3211} INFO - Sync 1 DAGs
[2026-04-13T08:56:54.611+0900] {logging_mixin.py:190} INFO - [2026-04-13T08:56:54.611+0900] {dag.py:4138} INFO - Setting next_dagrun for example_trigger_target_dag to None, run_after=None
[2026-04-13T08:56:54.628+0900] {processor.py:208} INFO - Processing /home/airflow/.local/lib/python3.12/site-packages/airflow/example_dags/example_trigger_target_dag.py took 0.069 seconds
[2026-04-13T08:57:24.763+0900] {processor.py:186} INFO - Started process (PID=180) to work on /home/airflow/.local/lib/python3.12/site-packages/airflow/example_dags/example_trigger_target_dag.py
[2026-04-13T08:57:24.764+0900] {processor.py:914} INFO - Processing file /home/airflow/.local/lib/python3.12/site-packages/airflow/example_dags/example_trigger_target_dag.py for tasks to queue
[2026-04-13T08:57:24.766+0900] {logging_mixin.py:190} INFO - [2026-04-13T08:57:24.766+0900] {dagbag.py:587} INFO - Filling up the DagBag from /home/airflow/.local/lib/python3.12/site-packages/airflow/example_dags/example_trigger_target_dag.py
[2026-04-13T08:57:24.773+0900] {processor.py:925} INFO - DAG(s) 'example_trigger_target_dag' retrieved from /home/airflow/.local/lib/python3.12/site-packages/airflow/example_dags/example_trigger_target_dag.py
[2026-04-13T08:57:24.788+0900] {logging_mixin.py:190} INFO - [2026-04-13T08:57:24.788+0900] {dag.py:3211} INFO - Sync 1 DAGs
[2026-04-13T08:57:24.798+0900] {logging_mixin.py:190} INFO - [2026-04-13T08:57:24.798+0900] {dag.py:4138} INFO - Setting next_dagrun for example_trigger_target_dag to None, run_after=None
[2026-04-13T08:57:24.811+0900] {processor.py:208} INFO - Processing /home/airflow/.local/lib/python3.12/site-packages/airflow/example_dags/example_trigger_target_dag.py took 0.053 seconds
[2026-04-13T08:57:54.900+0900] {processor.py:186} INFO - Started process (PID=247) to work on /home/airflow/.local/lib/python3.12/site-packages/airflow/example_dags/example_trigger_target_dag.py
[2026-04-13T08:57:54.901+0900] {processor.py:914} INFO - Processing file /home/airflow/.local/lib/python3.12/site-packages/airflow/example_dags/example_trigger_target_dag.py for tasks to queue
[2026-04-13T08:57:54.903+0900] {logging_mixin.py:190} INFO - [2026-04-13T08:57:54.902+0900] {dagbag.py:587} INFO - Filling up the DagBag from /home/airflow/.local/lib/python3.12/site-packages/airflow/example_dags/example_trigger_target_dag.py
[2026-04-13T08:57:54.909+0900] {processor.py:925} INFO - DAG(s) 'example_trigger_target_dag' retrieved from /home/airflow/.local/lib/python3.12/site-packages/airflow/example_dags/example_trigger_target_dag.py
[2026-04-13T08:57:54.924+0900] {logging_mixin.py:190} INFO - [2026-04-13T08:57:54.924+0900] {dag.py:3211} INFO - Sync 1 DAGs
[2026-04-13T08:57:54.935+0900] {logging_mixin.py:190} INFO - [2026-04-13T08:57:54.935+0900] {dag.py:4138} INFO - Setting next_dagrun for example_trigger_target_dag to None, run_after=None
[2026-04-13T08:57:54.948+0900] {processor.py:208} INFO - Processing /home/airflow/.local/lib/python3.12/site-packages/airflow/example_dags/example_trigger_target_dag.py took 0.053 seconds
[2026-04-13T08:58:25.431+0900] {processor.py:186} INFO - Started process (PID=314) to work on /home/airflow/.local/lib/python3.12/site-packages/airflow/example_dags/example_trigger_target_dag.py
[2026-04-13T08:58:25.433+0900] {processor.py:914} INFO - Processing file /home/airflow/.local/lib/python3.12/site-packages/airflow/example_dags/example_trigger_target_dag.py for tasks to queue
[2026-04-13T08:58:25.435+0900] {logging_mixin.py:190} INFO - [2026-04-13T08:58:25.435+0900] {dagbag.py:587} INFO - Filling up the DagBag from /home/airflow/.local/lib/python3.12/site-packages/airflow/example_dags/example_trigger_target_dag.py
[2026-04-13T08:58:25.442+0900] {processor.py:925} INFO - DAG(s) 'example_trigger_target_dag' retrieved from /home/airflow/.local/lib/python3.12/site-packages/airflow/example_dags/example_trigger_target_dag.py
[2026-04-13T08:58:25.457+0900] {logging_mixin.py:190} INFO - [2026-04-13T08:58:25.457+0900] {dag.py:3211} INFO - Sync 1 DAGs
[2026-04-13T08:58:25.467+0900] {logging_mixin.py:190} INFO - [2026-04-13T08:58:25.467+0900] {dag.py:4138} INFO - Setting next_dagrun for example_trigger_target_dag to None, run_after=None
[2026-04-13T08:58:25.487+0900] {processor.py:208} INFO - Processing /home/airflow/.local/lib/python3.12/site-packages/airflow/example_dags/example_trigger_target_dag.py took 0.060 seconds
[2026-04-13T08:58:56.162+0900] {processor.py:186} INFO - Started process (PID=381) to work on /home/airflow/.local/lib/python3.12/site-packages/airflow/example_dags/example_trigger_target_dag.py
[2026-04-13T08:58:56.163+0900] {processor.py:914} INFO - Processing file /home/airflow/.local/lib/python3.12/site-packages/airflow/example_dags/example_trigger_target_dag.py for tasks to queue
[2026-04-13T08:58:56.166+0900] {logging_mixin.py:190} INFO - [2026-04-13T08:58:56.165+0900] {dagbag.py:587} INFO - Filling up the DagBag from /home/airflow/.local/lib/python3.12/site-packages/airflow/example_dags/example_trigger_target_dag.py
[2026-04-13T08:58:56.172+0900] {processor.py:925} INFO - DAG(s) 'example_trigger_target_dag' retrieved from /home/airflow/.local/lib/python3.12/site-packages/airflow/example_dags/example_trigger_target_dag.py
[2026-04-13T08:58:56.185+0900] {logging_mixin.py:190} INFO - [2026-04-13T08:58:56.185+0900] {dag.py:3211} INFO - Sync 1 DAGs
[2026-04-13T08:58:56.196+0900] {logging_mixin.py:190} INFO - [2026-04-13T08:58:56.196+0900] {dag.py:4138} INFO - Setting next_dagrun for example_trigger_target_dag to None, run_after=None
[2026-04-13T08:58:56.211+0900] {processor.py:208} INFO - Processing /home/airflow/.local/lib/python3.12/site-packages/airflow/example_dags/example_trigger_target_dag.py took 0.053 seconds
[2026-04-13T08:59:26.651+0900] {processor.py:186} INFO - Started process (PID=448) to work on /home/airflow/.local/lib/python3.12/site-packages/airflow/example_dags/example_trigger_target_dag.py
[2026-04-13T08:59:26.652+0900] {processor.py:914} INFO - Processing file /home/airflow/.local/lib/python3.12/site-packages/airflow/example_dags/example_trigger_target_dag.py for tasks to queue
[2026-04-13T08:59:26.654+0900] {logging_mixin.py:190} INFO - [2026-04-13T08:59:26.654+0900] {dagbag.py:587} INFO - Filling up the DagBag from /home/airflow/.local/lib/python3.12/site-packages/airflow/example_dags/example_trigger_target_dag.py
[2026-04-13T08:59:26.660+0900] {processor.py:925} INFO - DAG(s) 'example_trigger_target_dag' retrieved from /home/airflow/.local/lib/python3.12/site-packages/airflow/example_dags/example_trigger_target_dag.py
[2026-04-13T08:59:26.676+0900] {logging_mixin.py:190} INFO - [2026-04-13T08:59:26.676+0900] {dag.py:3211} INFO - Sync 1 DAGs
[2026-04-13T08:59:26.686+0900] {logging_mixin.py:190} INFO - [2026-04-13T08:59:26.686+0900] {dag.py:4138} INFO - Setting next_dagrun for example_trigger_target_dag to None, run_after=None
[2026-04-13T08:59:26.700+0900] {processor.py:208} INFO - Processing /home/airflow/.local/lib/python3.12/site-packages/airflow/example_dags/example_trigger_target_dag.py took 0.054 seconds
[2026-04-13T08:59:57.148+0900] {processor.py:186} INFO - Started process (PID=523) to work on /home/airflow/.local/lib/python3.12/site-packages/airflow/example_dags/example_trigger_target_dag.py
[2026-04-13T08:59:57.150+0900] {processor.py:914} INFO - Processing file /home/airflow/.local/lib/python3.12/site-packages/airflow/example_dags/example_trigger_target_dag.py for tasks to queue
[2026-04-13T08:59:57.152+0900] {logging_mixin.py:190} INFO - [2026-04-13T08:59:57.152+0900] {dagbag.py:587} INFO - Filling up the DagBag from /home/airflow/.local/lib/python3.12/site-packages/airflow/example_dags/example_trigger_target_dag.py
[2026-04-13T08:59:57.158+0900] {processor.py:925} INFO - DAG(s) 'example_trigger_target_dag' retrieved from /home/airflow/.local/lib/python3.12/site-packages/airflow/example_dags/example_trigger_target_dag.py
[2026-04-13T08:59:57.172+0900] {logging_mixin.py:190} INFO - [2026-04-13T08:59:57.172+0900] {dag.py:3211} INFO - Sync 1 DAGs
[2026-04-13T08:59:57.182+0900] {logging_mixin.py:190} INFO - [2026-04-13T08:59:57.182+0900] {dag.py:4138} INFO - Setting next_dagrun for example_trigger_target_dag to None, run_after=None
[2026-04-13T08:59:57.196+0900] {processor.py:208} INFO - Processing /home/airflow/.local/lib/python3.12/site-packages/airflow/example_dags/example_trigger_target_dag.py took 0.052 seconds
