[2026-04-13T08:56:52.864+0900] {processor.py:186} INFO - Started process (PID=88) to work on /home/airflow/.local/lib/python3.12/site-packages/airflow/example_dags/example_skip_dag.py
[2026-04-13T08:56:52.865+0900] {processor.py:914} INFO - Processing file /home/airflow/.local/lib/python3.12/site-packages/airflow/example_dags/example_skip_dag.py for tasks to queue
[2026-04-13T08:56:52.868+0900] {logging_mixin.py:190} INFO - [2026-04-13T08:56:52.868+0900] {dagbag.py:587} INFO - Filling up the DagBag from /home/airflow/.local/lib/python3.12/site-packages/airflow/example_dags/example_skip_dag.py
[2026-04-13T08:56:52.876+0900] {processor.py:925} INFO - DAG(s) 'example_skip_dag' retrieved from /home/airflow/.local/lib/python3.12/site-packages/airflow/example_dags/example_skip_dag.py
[2026-04-13T08:56:52.902+0900] {logging_mixin.py:190} INFO - [2026-04-13T08:56:52.902+0900] {dag.py:3211} INFO - Sync 1 DAGs
[2026-04-13T08:56:52.924+0900] {logging_mixin.py:190} INFO - [2026-04-13T08:56:52.924+0900] {dag.py:4138} INFO - Setting next_dagrun for example_skip_dag to 2026-04-11 00:00:00+00:00, run_after=2026-04-12 00:00:00+00:00
[2026-04-13T08:56:52.940+0900] {processor.py:208} INFO - Processing /home/airflow/.local/lib/python3.12/site-packages/airflow/example_dags/example_skip_dag.py took 0.080 seconds
[2026-04-13T08:57:23.436+0900] {processor.py:186} INFO - Started process (PID=155) to work on /home/airflow/.local/lib/python3.12/site-packages/airflow/example_dags/example_skip_dag.py
[2026-04-13T08:57:23.438+0900] {processor.py:914} INFO - Processing file /home/airflow/.local/lib/python3.12/site-packages/airflow/example_dags/example_skip_dag.py for tasks to queue
[2026-04-13T08:57:23.440+0900] {logging_mixin.py:190} INFO - [2026-04-13T08:57:23.439+0900] {dagbag.py:587} INFO - Filling up the DagBag from /home/airflow/.local/lib/python3.12/site-packages/airflow/example_dags/example_skip_dag.py
[2026-04-13T08:57:23.446+0900] {processor.py:925} INFO - DAG(s) 'example_skip_dag' retrieved from /home/airflow/.local/lib/python3.12/site-packages/airflow/example_dags/example_skip_dag.py
[2026-04-13T08:57:23.461+0900] {logging_mixin.py:190} INFO - [2026-04-13T08:57:23.461+0900] {dag.py:3211} INFO - Sync 1 DAGs
[2026-04-13T08:57:23.477+0900] {logging_mixin.py:190} INFO - [2026-04-13T08:57:23.477+0900] {dag.py:4138} INFO - Setting next_dagrun for example_skip_dag to 2026-04-11 00:00:00+00:00, run_after=2026-04-12 00:00:00+00:00
[2026-04-13T08:57:23.497+0900] {processor.py:208} INFO - Processing /home/airflow/.local/lib/python3.12/site-packages/airflow/example_dags/example_skip_dag.py took 0.065 seconds
[2026-04-13T08:57:53.752+0900] {processor.py:186} INFO - Started process (PID=228) to work on /home/airflow/.local/lib/python3.12/site-packages/airflow/example_dags/example_skip_dag.py
[2026-04-13T08:57:53.753+0900] {processor.py:914} INFO - Processing file /home/airflow/.local/lib/python3.12/site-packages/airflow/example_dags/example_skip_dag.py for tasks to queue
[2026-04-13T08:57:53.755+0900] {logging_mixin.py:190} INFO - [2026-04-13T08:57:53.755+0900] {dagbag.py:587} INFO - Filling up the DagBag from /home/airflow/.local/lib/python3.12/site-packages/airflow/example_dags/example_skip_dag.py
[2026-04-13T08:57:53.761+0900] {processor.py:925} INFO - DAG(s) 'example_skip_dag' retrieved from /home/airflow/.local/lib/python3.12/site-packages/airflow/example_dags/example_skip_dag.py
[2026-04-13T08:57:53.776+0900] {logging_mixin.py:190} INFO - [2026-04-13T08:57:53.776+0900] {dag.py:3211} INFO - Sync 1 DAGs
[2026-04-13T08:57:53.791+0900] {logging_mixin.py:190} INFO - [2026-04-13T08:57:53.791+0900] {dag.py:4138} INFO - Setting next_dagrun for example_skip_dag to 2026-04-11 00:00:00+00:00, run_after=2026-04-12 00:00:00+00:00
[2026-04-13T08:57:53.804+0900] {processor.py:208} INFO - Processing /home/airflow/.local/lib/python3.12/site-packages/airflow/example_dags/example_skip_dag.py took 0.056 seconds
[2026-04-13T08:58:24.328+0900] {processor.py:186} INFO - Started process (PID=295) to work on /home/airflow/.local/lib/python3.12/site-packages/airflow/example_dags/example_skip_dag.py
[2026-04-13T08:58:24.329+0900] {processor.py:914} INFO - Processing file /home/airflow/.local/lib/python3.12/site-packages/airflow/example_dags/example_skip_dag.py for tasks to queue
[2026-04-13T08:58:24.332+0900] {logging_mixin.py:190} INFO - [2026-04-13T08:58:24.331+0900] {dagbag.py:587} INFO - Filling up the DagBag from /home/airflow/.local/lib/python3.12/site-packages/airflow/example_dags/example_skip_dag.py
[2026-04-13T08:58:24.338+0900] {processor.py:925} INFO - DAG(s) 'example_skip_dag' retrieved from /home/airflow/.local/lib/python3.12/site-packages/airflow/example_dags/example_skip_dag.py
[2026-04-13T08:58:24.353+0900] {logging_mixin.py:190} INFO - [2026-04-13T08:58:24.353+0900] {dag.py:3211} INFO - Sync 1 DAGs
[2026-04-13T08:58:24.370+0900] {logging_mixin.py:190} INFO - [2026-04-13T08:58:24.370+0900] {dag.py:4138} INFO - Setting next_dagrun for example_skip_dag to 2026-04-11 00:00:00+00:00, run_after=2026-04-12 00:00:00+00:00
[2026-04-13T08:58:24.384+0900] {processor.py:208} INFO - Processing /home/airflow/.local/lib/python3.12/site-packages/airflow/example_dags/example_skip_dag.py took 0.061 seconds
[2026-04-13T08:58:54.901+0900] {processor.py:186} INFO - Started process (PID=362) to work on /home/airflow/.local/lib/python3.12/site-packages/airflow/example_dags/example_skip_dag.py
[2026-04-13T08:58:54.902+0900] {processor.py:914} INFO - Processing file /home/airflow/.local/lib/python3.12/site-packages/airflow/example_dags/example_skip_dag.py for tasks to queue
[2026-04-13T08:58:54.904+0900] {logging_mixin.py:190} INFO - [2026-04-13T08:58:54.904+0900] {dagbag.py:587} INFO - Filling up the DagBag from /home/airflow/.local/lib/python3.12/site-packages/airflow/example_dags/example_skip_dag.py
[2026-04-13T08:58:54.910+0900] {processor.py:925} INFO - DAG(s) 'example_skip_dag' retrieved from /home/airflow/.local/lib/python3.12/site-packages/airflow/example_dags/example_skip_dag.py
[2026-04-13T08:58:54.928+0900] {logging_mixin.py:190} INFO - [2026-04-13T08:58:54.927+0900] {dag.py:3211} INFO - Sync 1 DAGs
[2026-04-13T08:58:54.946+0900] {logging_mixin.py:190} INFO - [2026-04-13T08:58:54.946+0900] {dag.py:4138} INFO - Setting next_dagrun for example_skip_dag to 2026-04-11 00:00:00+00:00, run_after=2026-04-12 00:00:00+00:00
[2026-04-13T08:58:54.960+0900] {processor.py:208} INFO - Processing /home/airflow/.local/lib/python3.12/site-packages/airflow/example_dags/example_skip_dag.py took 0.064 seconds
[2026-04-13T08:59:25.603+0900] {processor.py:186} INFO - Started process (PID=429) to work on /home/airflow/.local/lib/python3.12/site-packages/airflow/example_dags/example_skip_dag.py
[2026-04-13T08:59:25.604+0900] {processor.py:914} INFO - Processing file /home/airflow/.local/lib/python3.12/site-packages/airflow/example_dags/example_skip_dag.py for tasks to queue
[2026-04-13T08:59:25.606+0900] {logging_mixin.py:190} INFO - [2026-04-13T08:59:25.606+0900] {dagbag.py:587} INFO - Filling up the DagBag from /home/airflow/.local/lib/python3.12/site-packages/airflow/example_dags/example_skip_dag.py
[2026-04-13T08:59:25.612+0900] {processor.py:925} INFO - DAG(s) 'example_skip_dag' retrieved from /home/airflow/.local/lib/python3.12/site-packages/airflow/example_dags/example_skip_dag.py
[2026-04-13T08:59:25.628+0900] {logging_mixin.py:190} INFO - [2026-04-13T08:59:25.628+0900] {dag.py:3211} INFO - Sync 1 DAGs
[2026-04-13T08:59:25.643+0900] {logging_mixin.py:190} INFO - [2026-04-13T08:59:25.643+0900] {dag.py:4138} INFO - Setting next_dagrun for example_skip_dag to 2026-04-11 00:00:00+00:00, run_after=2026-04-12 00:00:00+00:00
[2026-04-13T08:59:25.657+0900] {processor.py:208} INFO - Processing /home/airflow/.local/lib/python3.12/site-packages/airflow/example_dags/example_skip_dag.py took 0.058 seconds
[2026-04-13T08:59:56.140+0900] {processor.py:186} INFO - Started process (PID=504) to work on /home/airflow/.local/lib/python3.12/site-packages/airflow/example_dags/example_skip_dag.py
[2026-04-13T08:59:56.141+0900] {processor.py:914} INFO - Processing file /home/airflow/.local/lib/python3.12/site-packages/airflow/example_dags/example_skip_dag.py for tasks to queue
[2026-04-13T08:59:56.143+0900] {logging_mixin.py:190} INFO - [2026-04-13T08:59:56.143+0900] {dagbag.py:587} INFO - Filling up the DagBag from /home/airflow/.local/lib/python3.12/site-packages/airflow/example_dags/example_skip_dag.py
[2026-04-13T08:59:56.149+0900] {processor.py:925} INFO - DAG(s) 'example_skip_dag' retrieved from /home/airflow/.local/lib/python3.12/site-packages/airflow/example_dags/example_skip_dag.py
[2026-04-13T08:59:56.165+0900] {logging_mixin.py:190} INFO - [2026-04-13T08:59:56.165+0900] {dag.py:3211} INFO - Sync 1 DAGs
[2026-04-13T08:59:56.181+0900] {logging_mixin.py:190} INFO - [2026-04-13T08:59:56.181+0900] {dag.py:4138} INFO - Setting next_dagrun for example_skip_dag to 2026-04-11 00:00:00+00:00, run_after=2026-04-12 00:00:00+00:00
[2026-04-13T08:59:56.193+0900] {processor.py:208} INFO - Processing /home/airflow/.local/lib/python3.12/site-packages/airflow/example_dags/example_skip_dag.py took 0.058 seconds
