[2026-04-13T08:56:54.022+0900] {processor.py:186} INFO - Started process (PID=106) to work on /home/airflow/.local/lib/python3.12/site-packages/airflow/example_dags/example_branch_datetime_operator.py
[2026-04-13T08:56:54.024+0900] {processor.py:914} INFO - Processing file /home/airflow/.local/lib/python3.12/site-packages/airflow/example_dags/example_branch_datetime_operator.py for tasks to queue
[2026-04-13T08:56:54.028+0900] {logging_mixin.py:190} INFO - [2026-04-13T08:56:54.027+0900] {dagbag.py:587} INFO - Filling up the DagBag from /home/airflow/.local/lib/python3.12/site-packages/airflow/example_dags/example_branch_datetime_operator.py
[2026-04-13T08:56:54.041+0900] {processor.py:925} INFO - DAG(s) 'example_branch_datetime_operator_2', 'example_branch_datetime_operator', 'example_branch_datetime_operator_3' retrieved from /home/airflow/.local/lib/python3.12/site-packages/airflow/example_dags/example_branch_datetime_operator.py
[2026-04-13T08:56:54.077+0900] {logging_mixin.py:190} INFO - [2026-04-13T08:56:54.077+0900] {dag.py:3211} INFO - Sync 3 DAGs
[2026-04-13T08:56:54.100+0900] {logging_mixin.py:190} INFO - [2026-04-13T08:56:54.100+0900] {dag.py:4138} INFO - Setting next_dagrun for example_branch_datetime_operator to 2026-04-11 00:00:00+00:00, run_after=2026-04-12 00:00:00+00:00
[2026-04-13T08:56:54.105+0900] {logging_mixin.py:190} INFO - [2026-04-13T08:56:54.105+0900] {dag.py:4138} INFO - Setting next_dagrun for example_branch_datetime_operator_2 to 2026-04-11 00:00:00+00:00, run_after=2026-04-12 00:00:00+00:00
[2026-04-13T08:56:54.108+0900] {logging_mixin.py:190} INFO - [2026-04-13T08:56:54.108+0900] {dag.py:4138} INFO - Setting next_dagrun for example_branch_datetime_operator_3 to 2026-04-11 00:00:00+00:00, run_after=2026-04-12 00:00:00+00:00
[2026-04-13T08:56:54.131+0900] {processor.py:208} INFO - Processing /home/airflow/.local/lib/python3.12/site-packages/airflow/example_dags/example_branch_datetime_operator.py took 0.114 seconds
[2026-04-13T08:57:24.379+0900] {processor.py:186} INFO - Started process (PID=173) to work on /home/airflow/.local/lib/python3.12/site-packages/airflow/example_dags/example_branch_datetime_operator.py
[2026-04-13T08:57:24.380+0900] {processor.py:914} INFO - Processing file /home/airflow/.local/lib/python3.12/site-packages/airflow/example_dags/example_branch_datetime_operator.py for tasks to queue
[2026-04-13T08:57:24.382+0900] {logging_mixin.py:190} INFO - [2026-04-13T08:57:24.381+0900] {dagbag.py:587} INFO - Filling up the DagBag from /home/airflow/.local/lib/python3.12/site-packages/airflow/example_dags/example_branch_datetime_operator.py
[2026-04-13T08:57:24.391+0900] {processor.py:925} INFO - DAG(s) 'example_branch_datetime_operator_3', 'example_branch_datetime_operator_2', 'example_branch_datetime_operator' retrieved from /home/airflow/.local/lib/python3.12/site-packages/airflow/example_dags/example_branch_datetime_operator.py
[2026-04-13T08:57:24.410+0900] {logging_mixin.py:190} INFO - [2026-04-13T08:57:24.410+0900] {dag.py:3211} INFO - Sync 3 DAGs
[2026-04-13T08:57:24.427+0900] {logging_mixin.py:190} INFO - [2026-04-13T08:57:24.427+0900] {dag.py:4138} INFO - Setting next_dagrun for example_branch_datetime_operator to 2026-04-11 00:00:00+00:00, run_after=2026-04-12 00:00:00+00:00
[2026-04-13T08:57:24.431+0900] {logging_mixin.py:190} INFO - [2026-04-13T08:57:24.431+0900] {dag.py:4138} INFO - Setting next_dagrun for example_branch_datetime_operator_2 to 2026-04-11 00:00:00+00:00, run_after=2026-04-12 00:00:00+00:00
[2026-04-13T08:57:24.433+0900] {logging_mixin.py:190} INFO - [2026-04-13T08:57:24.433+0900] {dag.py:4138} INFO - Setting next_dagrun for example_branch_datetime_operator_3 to 2026-04-11 00:00:00+00:00, run_after=2026-04-12 00:00:00+00:00
[2026-04-13T08:57:24.445+0900] {processor.py:208} INFO - Processing /home/airflow/.local/lib/python3.12/site-packages/airflow/example_dags/example_branch_datetime_operator.py took 0.070 seconds
[2026-04-13T08:57:54.513+0900] {processor.py:186} INFO - Started process (PID=240) to work on /home/airflow/.local/lib/python3.12/site-packages/airflow/example_dags/example_branch_datetime_operator.py
[2026-04-13T08:57:54.514+0900] {processor.py:914} INFO - Processing file /home/airflow/.local/lib/python3.12/site-packages/airflow/example_dags/example_branch_datetime_operator.py for tasks to queue
[2026-04-13T08:57:54.516+0900] {logging_mixin.py:190} INFO - [2026-04-13T08:57:54.516+0900] {dagbag.py:587} INFO - Filling up the DagBag from /home/airflow/.local/lib/python3.12/site-packages/airflow/example_dags/example_branch_datetime_operator.py
[2026-04-13T08:57:54.524+0900] {processor.py:925} INFO - DAG(s) 'example_branch_datetime_operator', 'example_branch_datetime_operator_3', 'example_branch_datetime_operator_2' retrieved from /home/airflow/.local/lib/python3.12/site-packages/airflow/example_dags/example_branch_datetime_operator.py
[2026-04-13T08:57:54.543+0900] {logging_mixin.py:190} INFO - [2026-04-13T08:57:54.543+0900] {dag.py:3211} INFO - Sync 3 DAGs
[2026-04-13T08:57:54.561+0900] {logging_mixin.py:190} INFO - [2026-04-13T08:57:54.561+0900] {dag.py:4138} INFO - Setting next_dagrun for example_branch_datetime_operator to 2026-04-11 00:00:00+00:00, run_after=2026-04-12 00:00:00+00:00
[2026-04-13T08:57:54.565+0900] {logging_mixin.py:190} INFO - [2026-04-13T08:57:54.565+0900] {dag.py:4138} INFO - Setting next_dagrun for example_branch_datetime_operator_2 to 2026-04-11 00:00:00+00:00, run_after=2026-04-12 00:00:00+00:00
[2026-04-13T08:57:54.567+0900] {logging_mixin.py:190} INFO - [2026-04-13T08:57:54.567+0900] {dag.py:4138} INFO - Setting next_dagrun for example_branch_datetime_operator_3 to 2026-04-11 00:00:00+00:00, run_after=2026-04-12 00:00:00+00:00
[2026-04-13T08:57:54.579+0900] {processor.py:208} INFO - Processing /home/airflow/.local/lib/python3.12/site-packages/airflow/example_dags/example_branch_datetime_operator.py took 0.071 seconds
[2026-04-13T08:58:25.082+0900] {processor.py:186} INFO - Started process (PID=307) to work on /home/airflow/.local/lib/python3.12/site-packages/airflow/example_dags/example_branch_datetime_operator.py
[2026-04-13T08:58:25.083+0900] {processor.py:914} INFO - Processing file /home/airflow/.local/lib/python3.12/site-packages/airflow/example_dags/example_branch_datetime_operator.py for tasks to queue
[2026-04-13T08:58:25.085+0900] {logging_mixin.py:190} INFO - [2026-04-13T08:58:25.085+0900] {dagbag.py:587} INFO - Filling up the DagBag from /home/airflow/.local/lib/python3.12/site-packages/airflow/example_dags/example_branch_datetime_operator.py
[2026-04-13T08:58:25.095+0900] {processor.py:925} INFO - DAG(s) 'example_branch_datetime_operator_3', 'example_branch_datetime_operator', 'example_branch_datetime_operator_2' retrieved from /home/airflow/.local/lib/python3.12/site-packages/airflow/example_dags/example_branch_datetime_operator.py
[2026-04-13T08:58:25.117+0900] {logging_mixin.py:190} INFO - [2026-04-13T08:58:25.117+0900] {dag.py:3211} INFO - Sync 3 DAGs
[2026-04-13T08:58:25.134+0900] {logging_mixin.py:190} INFO - [2026-04-13T08:58:25.134+0900] {dag.py:4138} INFO - Setting next_dagrun for example_branch_datetime_operator to 2026-04-11 00:00:00+00:00, run_after=2026-04-12 00:00:00+00:00
[2026-04-13T08:58:25.138+0900] {logging_mixin.py:190} INFO - [2026-04-13T08:58:25.138+0900] {dag.py:4138} INFO - Setting next_dagrun for example_branch_datetime_operator_2 to 2026-04-11 00:00:00+00:00, run_after=2026-04-12 00:00:00+00:00
[2026-04-13T08:58:25.139+0900] {logging_mixin.py:190} INFO - [2026-04-13T08:58:25.139+0900] {dag.py:4138} INFO - Setting next_dagrun for example_branch_datetime_operator_3 to 2026-04-11 00:00:00+00:00, run_after=2026-04-12 00:00:00+00:00
[2026-04-13T08:58:25.152+0900] {processor.py:208} INFO - Processing /home/airflow/.local/lib/python3.12/site-packages/airflow/example_dags/example_branch_datetime_operator.py took 0.075 seconds
[2026-04-13T08:58:55.803+0900] {processor.py:186} INFO - Started process (PID=374) to work on /home/airflow/.local/lib/python3.12/site-packages/airflow/example_dags/example_branch_datetime_operator.py
[2026-04-13T08:58:55.804+0900] {processor.py:914} INFO - Processing file /home/airflow/.local/lib/python3.12/site-packages/airflow/example_dags/example_branch_datetime_operator.py for tasks to queue
[2026-04-13T08:58:55.807+0900] {logging_mixin.py:190} INFO - [2026-04-13T08:58:55.806+0900] {dagbag.py:587} INFO - Filling up the DagBag from /home/airflow/.local/lib/python3.12/site-packages/airflow/example_dags/example_branch_datetime_operator.py
[2026-04-13T08:58:55.815+0900] {processor.py:925} INFO - DAG(s) 'example_branch_datetime_operator', 'example_branch_datetime_operator_2', 'example_branch_datetime_operator_3' retrieved from /home/airflow/.local/lib/python3.12/site-packages/airflow/example_dags/example_branch_datetime_operator.py
[2026-04-13T08:58:55.835+0900] {logging_mixin.py:190} INFO - [2026-04-13T08:58:55.835+0900] {dag.py:3211} INFO - Sync 3 DAGs
[2026-04-13T08:58:55.851+0900] {logging_mixin.py:190} INFO - [2026-04-13T08:58:55.851+0900] {dag.py:4138} INFO - Setting next_dagrun for example_branch_datetime_operator to 2026-04-11 00:00:00+00:00, run_after=2026-04-12 00:00:00+00:00
[2026-04-13T08:58:55.855+0900] {logging_mixin.py:190} INFO - [2026-04-13T08:58:55.855+0900] {dag.py:4138} INFO - Setting next_dagrun for example_branch_datetime_operator_2 to 2026-04-11 00:00:00+00:00, run_after=2026-04-12 00:00:00+00:00
[2026-04-13T08:58:55.857+0900] {logging_mixin.py:190} INFO - [2026-04-13T08:58:55.857+0900] {dag.py:4138} INFO - Setting next_dagrun for example_branch_datetime_operator_3 to 2026-04-11 00:00:00+00:00, run_after=2026-04-12 00:00:00+00:00
[2026-04-13T08:58:55.870+0900] {processor.py:208} INFO - Processing /home/airflow/.local/lib/python3.12/site-packages/airflow/example_dags/example_branch_datetime_operator.py took 0.071 seconds
[2026-04-13T08:59:26.339+0900] {processor.py:186} INFO - Started process (PID=441) to work on /home/airflow/.local/lib/python3.12/site-packages/airflow/example_dags/example_branch_datetime_operator.py
[2026-04-13T08:59:26.340+0900] {processor.py:914} INFO - Processing file /home/airflow/.local/lib/python3.12/site-packages/airflow/example_dags/example_branch_datetime_operator.py for tasks to queue
[2026-04-13T08:59:26.342+0900] {logging_mixin.py:190} INFO - [2026-04-13T08:59:26.342+0900] {dagbag.py:587} INFO - Filling up the DagBag from /home/airflow/.local/lib/python3.12/site-packages/airflow/example_dags/example_branch_datetime_operator.py
[2026-04-13T08:59:26.351+0900] {processor.py:925} INFO - DAG(s) 'example_branch_datetime_operator_2', 'example_branch_datetime_operator', 'example_branch_datetime_operator_3' retrieved from /home/airflow/.local/lib/python3.12/site-packages/airflow/example_dags/example_branch_datetime_operator.py
[2026-04-13T08:59:26.372+0900] {logging_mixin.py:190} INFO - [2026-04-13T08:59:26.372+0900] {dag.py:3211} INFO - Sync 3 DAGs
[2026-04-13T08:59:26.390+0900] {logging_mixin.py:190} INFO - [2026-04-13T08:59:26.390+0900] {dag.py:4138} INFO - Setting next_dagrun for example_branch_datetime_operator to 2026-04-11 00:00:00+00:00, run_after=2026-04-12 00:00:00+00:00
[2026-04-13T08:59:26.394+0900] {logging_mixin.py:190} INFO - [2026-04-13T08:59:26.394+0900] {dag.py:4138} INFO - Setting next_dagrun for example_branch_datetime_operator_2 to 2026-04-11 00:00:00+00:00, run_after=2026-04-12 00:00:00+00:00
[2026-04-13T08:59:26.396+0900] {logging_mixin.py:190} INFO - [2026-04-13T08:59:26.396+0900] {dag.py:4138} INFO - Setting next_dagrun for example_branch_datetime_operator_3 to 2026-04-11 00:00:00+00:00, run_after=2026-04-12 00:00:00+00:00
[2026-04-13T08:59:26.409+0900] {processor.py:208} INFO - Processing /home/airflow/.local/lib/python3.12/site-packages/airflow/example_dags/example_branch_datetime_operator.py took 0.074 seconds
[2026-04-13T08:59:56.846+0900] {processor.py:186} INFO - Started process (PID=516) to work on /home/airflow/.local/lib/python3.12/site-packages/airflow/example_dags/example_branch_datetime_operator.py
[2026-04-13T08:59:56.847+0900] {processor.py:914} INFO - Processing file /home/airflow/.local/lib/python3.12/site-packages/airflow/example_dags/example_branch_datetime_operator.py for tasks to queue
[2026-04-13T08:59:56.849+0900] {logging_mixin.py:190} INFO - [2026-04-13T08:59:56.848+0900] {dagbag.py:587} INFO - Filling up the DagBag from /home/airflow/.local/lib/python3.12/site-packages/airflow/example_dags/example_branch_datetime_operator.py
[2026-04-13T08:59:56.858+0900] {processor.py:925} INFO - DAG(s) 'example_branch_datetime_operator_2', 'example_branch_datetime_operator', 'example_branch_datetime_operator_3' retrieved from /home/airflow/.local/lib/python3.12/site-packages/airflow/example_dags/example_branch_datetime_operator.py
[2026-04-13T08:59:56.877+0900] {logging_mixin.py:190} INFO - [2026-04-13T08:59:56.877+0900] {dag.py:3211} INFO - Sync 3 DAGs
[2026-04-13T08:59:56.894+0900] {logging_mixin.py:190} INFO - [2026-04-13T08:59:56.894+0900] {dag.py:4138} INFO - Setting next_dagrun for example_branch_datetime_operator to 2026-04-11 00:00:00+00:00, run_after=2026-04-12 00:00:00+00:00
[2026-04-13T08:59:56.898+0900] {logging_mixin.py:190} INFO - [2026-04-13T08:59:56.898+0900] {dag.py:4138} INFO - Setting next_dagrun for example_branch_datetime_operator_2 to 2026-04-11 00:00:00+00:00, run_after=2026-04-12 00:00:00+00:00
[2026-04-13T08:59:56.901+0900] {logging_mixin.py:190} INFO - [2026-04-13T08:59:56.901+0900] {dag.py:4138} INFO - Setting next_dagrun for example_branch_datetime_operator_3 to 2026-04-11 00:00:00+00:00, run_after=2026-04-12 00:00:00+00:00
[2026-04-13T08:59:56.914+0900] {processor.py:208} INFO - Processing /home/airflow/.local/lib/python3.12/site-packages/airflow/example_dags/example_branch_datetime_operator.py took 0.073 seconds
