[2026-04-13T08:56:52.975+0900] {processor.py:186} INFO - Started process (PID=89) to work on /home/airflow/.local/lib/python3.12/site-packages/airflow/example_dags/example_local_kubernetes_executor.py
[2026-04-13T08:56:52.976+0900] {processor.py:914} INFO - Processing file /home/airflow/.local/lib/python3.12/site-packages/airflow/example_dags/example_local_kubernetes_executor.py for tasks to queue
[2026-04-13T08:56:52.978+0900] {logging_mixin.py:190} INFO - [2026-04-13T08:56:52.978+0900] {dagbag.py:587} INFO - Filling up the DagBag from /home/airflow/.local/lib/python3.12/site-packages/airflow/example_dags/example_local_kubernetes_executor.py
[2026-04-13T08:56:52.988+0900] {processor.py:925} INFO - DAG(s) 'example_local_kubernetes_executor' retrieved from /home/airflow/.local/lib/python3.12/site-packages/airflow/example_dags/example_local_kubernetes_executor.py
[2026-04-13T08:56:53.022+0900] {logging_mixin.py:190} INFO - [2026-04-13T08:56:53.021+0900] {dag.py:3211} INFO - Sync 1 DAGs
[2026-04-13T08:56:53.035+0900] {logging_mixin.py:190} INFO - [2026-04-13T08:56:53.035+0900] {dag.py:4138} INFO - Setting next_dagrun for example_local_kubernetes_executor to None, run_after=None
[2026-04-13T08:56:53.055+0900] {processor.py:208} INFO - Processing /home/airflow/.local/lib/python3.12/site-packages/airflow/example_dags/example_local_kubernetes_executor.py took 0.084 seconds
[2026-04-13T08:57:23.459+0900] {processor.py:186} INFO - Started process (PID=162) to work on /home/airflow/.local/lib/python3.12/site-packages/airflow/example_dags/example_local_kubernetes_executor.py
[2026-04-13T08:57:23.460+0900] {processor.py:914} INFO - Processing file /home/airflow/.local/lib/python3.12/site-packages/airflow/example_dags/example_local_kubernetes_executor.py for tasks to queue
[2026-04-13T08:57:23.463+0900] {logging_mixin.py:190} INFO - [2026-04-13T08:57:23.463+0900] {dagbag.py:587} INFO - Filling up the DagBag from /home/airflow/.local/lib/python3.12/site-packages/airflow/example_dags/example_local_kubernetes_executor.py
[2026-04-13T08:57:23.470+0900] {processor.py:925} INFO - DAG(s) 'example_local_kubernetes_executor' retrieved from /home/airflow/.local/lib/python3.12/site-packages/airflow/example_dags/example_local_kubernetes_executor.py
[2026-04-13T08:57:23.500+0900] {logging_mixin.py:190} INFO - [2026-04-13T08:57:23.500+0900] {dag.py:3211} INFO - Sync 1 DAGs
[2026-04-13T08:57:23.512+0900] {logging_mixin.py:190} INFO - [2026-04-13T08:57:23.512+0900] {dag.py:4138} INFO - Setting next_dagrun for example_local_kubernetes_executor to None, run_after=None
[2026-04-13T08:57:23.525+0900] {processor.py:208} INFO - Processing /home/airflow/.local/lib/python3.12/site-packages/airflow/example_dags/example_local_kubernetes_executor.py took 0.070 seconds
[2026-04-13T08:57:53.766+0900] {processor.py:186} INFO - Started process (PID=229) to work on /home/airflow/.local/lib/python3.12/site-packages/airflow/example_dags/example_local_kubernetes_executor.py
[2026-04-13T08:57:53.767+0900] {processor.py:914} INFO - Processing file /home/airflow/.local/lib/python3.12/site-packages/airflow/example_dags/example_local_kubernetes_executor.py for tasks to queue
[2026-04-13T08:57:53.769+0900] {logging_mixin.py:190} INFO - [2026-04-13T08:57:53.768+0900] {dagbag.py:587} INFO - Filling up the DagBag from /home/airflow/.local/lib/python3.12/site-packages/airflow/example_dags/example_local_kubernetes_executor.py
[2026-04-13T08:57:53.777+0900] {processor.py:925} INFO - DAG(s) 'example_local_kubernetes_executor' retrieved from /home/airflow/.local/lib/python3.12/site-packages/airflow/example_dags/example_local_kubernetes_executor.py
[2026-04-13T08:57:53.803+0900] {logging_mixin.py:190} INFO - [2026-04-13T08:57:53.803+0900] {dag.py:3211} INFO - Sync 1 DAGs
[2026-04-13T08:57:53.813+0900] {logging_mixin.py:190} INFO - [2026-04-13T08:57:53.813+0900] {dag.py:4138} INFO - Setting next_dagrun for example_local_kubernetes_executor to None, run_after=None
[2026-04-13T08:57:53.826+0900] {processor.py:208} INFO - Processing /home/airflow/.local/lib/python3.12/site-packages/airflow/example_dags/example_local_kubernetes_executor.py took 0.065 seconds
[2026-04-13T08:58:24.365+0900] {processor.py:186} INFO - Started process (PID=296) to work on /home/airflow/.local/lib/python3.12/site-packages/airflow/example_dags/example_local_kubernetes_executor.py
[2026-04-13T08:58:24.366+0900] {processor.py:914} INFO - Processing file /home/airflow/.local/lib/python3.12/site-packages/airflow/example_dags/example_local_kubernetes_executor.py for tasks to queue
[2026-04-13T08:58:24.369+0900] {logging_mixin.py:190} INFO - [2026-04-13T08:58:24.369+0900] {dagbag.py:587} INFO - Filling up the DagBag from /home/airflow/.local/lib/python3.12/site-packages/airflow/example_dags/example_local_kubernetes_executor.py
[2026-04-13T08:58:24.380+0900] {processor.py:925} INFO - DAG(s) 'example_local_kubernetes_executor' retrieved from /home/airflow/.local/lib/python3.12/site-packages/airflow/example_dags/example_local_kubernetes_executor.py
[2026-04-13T08:58:24.410+0900] {logging_mixin.py:190} INFO - [2026-04-13T08:58:24.409+0900] {dag.py:3211} INFO - Sync 1 DAGs
[2026-04-13T08:58:24.420+0900] {logging_mixin.py:190} INFO - [2026-04-13T08:58:24.420+0900] {dag.py:4138} INFO - Setting next_dagrun for example_local_kubernetes_executor to None, run_after=None
[2026-04-13T08:58:24.438+0900] {processor.py:208} INFO - Processing /home/airflow/.local/lib/python3.12/site-packages/airflow/example_dags/example_local_kubernetes_executor.py took 0.078 seconds
[2026-04-13T08:58:54.992+0900] {processor.py:186} INFO - Started process (PID=363) to work on /home/airflow/.local/lib/python3.12/site-packages/airflow/example_dags/example_local_kubernetes_executor.py
[2026-04-13T08:58:54.993+0900] {processor.py:914} INFO - Processing file /home/airflow/.local/lib/python3.12/site-packages/airflow/example_dags/example_local_kubernetes_executor.py for tasks to queue
[2026-04-13T08:58:54.995+0900] {logging_mixin.py:190} INFO - [2026-04-13T08:58:54.995+0900] {dagbag.py:587} INFO - Filling up the DagBag from /home/airflow/.local/lib/python3.12/site-packages/airflow/example_dags/example_local_kubernetes_executor.py
[2026-04-13T08:58:55.002+0900] {processor.py:925} INFO - DAG(s) 'example_local_kubernetes_executor' retrieved from /home/airflow/.local/lib/python3.12/site-packages/airflow/example_dags/example_local_kubernetes_executor.py
[2026-04-13T08:58:55.029+0900] {logging_mixin.py:190} INFO - [2026-04-13T08:58:55.029+0900] {dag.py:3211} INFO - Sync 1 DAGs
[2026-04-13T08:58:55.039+0900] {logging_mixin.py:190} INFO - [2026-04-13T08:58:55.039+0900] {dag.py:4138} INFO - Setting next_dagrun for example_local_kubernetes_executor to None, run_after=None
[2026-04-13T08:58:55.052+0900] {processor.py:208} INFO - Processing /home/airflow/.local/lib/python3.12/site-packages/airflow/example_dags/example_local_kubernetes_executor.py took 0.064 seconds
[2026-04-13T08:59:25.683+0900] {processor.py:186} INFO - Started process (PID=430) to work on /home/airflow/.local/lib/python3.12/site-packages/airflow/example_dags/example_local_kubernetes_executor.py
[2026-04-13T08:59:25.684+0900] {processor.py:914} INFO - Processing file /home/airflow/.local/lib/python3.12/site-packages/airflow/example_dags/example_local_kubernetes_executor.py for tasks to queue
[2026-04-13T08:59:25.686+0900] {logging_mixin.py:190} INFO - [2026-04-13T08:59:25.685+0900] {dagbag.py:587} INFO - Filling up the DagBag from /home/airflow/.local/lib/python3.12/site-packages/airflow/example_dags/example_local_kubernetes_executor.py
[2026-04-13T08:59:25.693+0900] {processor.py:925} INFO - DAG(s) 'example_local_kubernetes_executor' retrieved from /home/airflow/.local/lib/python3.12/site-packages/airflow/example_dags/example_local_kubernetes_executor.py
[2026-04-13T08:59:25.718+0900] {logging_mixin.py:190} INFO - [2026-04-13T08:59:25.718+0900] {dag.py:3211} INFO - Sync 1 DAGs
[2026-04-13T08:59:25.728+0900] {logging_mixin.py:190} INFO - [2026-04-13T08:59:25.728+0900] {dag.py:4138} INFO - Setting next_dagrun for example_local_kubernetes_executor to None, run_after=None
[2026-04-13T08:59:25.740+0900] {processor.py:208} INFO - Processing /home/airflow/.local/lib/python3.12/site-packages/airflow/example_dags/example_local_kubernetes_executor.py took 0.061 seconds
[2026-04-13T08:59:56.226+0900] {processor.py:186} INFO - Started process (PID=505) to work on /home/airflow/.local/lib/python3.12/site-packages/airflow/example_dags/example_local_kubernetes_executor.py
[2026-04-13T08:59:56.227+0900] {processor.py:914} INFO - Processing file /home/airflow/.local/lib/python3.12/site-packages/airflow/example_dags/example_local_kubernetes_executor.py for tasks to queue
[2026-04-13T08:59:56.230+0900] {logging_mixin.py:190} INFO - [2026-04-13T08:59:56.229+0900] {dagbag.py:587} INFO - Filling up the DagBag from /home/airflow/.local/lib/python3.12/site-packages/airflow/example_dags/example_local_kubernetes_executor.py
[2026-04-13T08:59:56.237+0900] {processor.py:925} INFO - DAG(s) 'example_local_kubernetes_executor' retrieved from /home/airflow/.local/lib/python3.12/site-packages/airflow/example_dags/example_local_kubernetes_executor.py
[2026-04-13T08:59:56.270+0900] {logging_mixin.py:190} INFO - [2026-04-13T08:59:56.270+0900] {dag.py:3211} INFO - Sync 1 DAGs
[2026-04-13T08:59:56.282+0900] {logging_mixin.py:190} INFO - [2026-04-13T08:59:56.282+0900] {dag.py:4138} INFO - Setting next_dagrun for example_local_kubernetes_executor to None, run_after=None
[2026-04-13T08:59:56.294+0900] {processor.py:208} INFO - Processing /home/airflow/.local/lib/python3.12/site-packages/airflow/example_dags/example_local_kubernetes_executor.py took 0.072 seconds
