[2026-04-13T08:56:55.022+0900] {processor.py:186} INFO - Started process (PID=122) to work on /home/airflow/.local/lib/python3.12/site-packages/airflow/example_dags/example_bash_operator.py
[2026-04-13T08:56:55.023+0900] {processor.py:914} INFO - Processing file /home/airflow/.local/lib/python3.12/site-packages/airflow/example_dags/example_bash_operator.py for tasks to queue
[2026-04-13T08:56:55.025+0900] {logging_mixin.py:190} INFO - [2026-04-13T08:56:55.025+0900] {dagbag.py:587} INFO - Filling up the DagBag from /home/airflow/.local/lib/python3.12/site-packages/airflow/example_dags/example_bash_operator.py
[2026-04-13T08:56:55.035+0900] {processor.py:925} INFO - DAG(s) 'example_bash_operator' retrieved from /home/airflow/.local/lib/python3.12/site-packages/airflow/example_dags/example_bash_operator.py
[2026-04-13T08:56:55.061+0900] {logging_mixin.py:190} INFO - [2026-04-13T08:56:55.061+0900] {dag.py:3211} INFO - Sync 1 DAGs
[2026-04-13T08:56:55.078+0900] {logging_mixin.py:190} INFO - [2026-04-13T08:56:55.078+0900] {dag.py:4138} INFO - Setting next_dagrun for example_bash_operator to 2026-04-11 00:00:00+00:00, run_after=2026-04-12 00:00:00+00:00
[2026-04-13T08:56:55.092+0900] {processor.py:208} INFO - Processing /home/airflow/.local/lib/python3.12/site-packages/airflow/example_dags/example_bash_operator.py took 0.074 seconds
[2026-04-13T08:57:25.478+0900] {processor.py:186} INFO - Started process (PID=189) to work on /home/airflow/.local/lib/python3.12/site-packages/airflow/example_dags/example_bash_operator.py
[2026-04-13T08:57:25.479+0900] {processor.py:914} INFO - Processing file /home/airflow/.local/lib/python3.12/site-packages/airflow/example_dags/example_bash_operator.py for tasks to queue
[2026-04-13T08:57:25.481+0900] {logging_mixin.py:190} INFO - [2026-04-13T08:57:25.481+0900] {dagbag.py:587} INFO - Filling up the DagBag from /home/airflow/.local/lib/python3.12/site-packages/airflow/example_dags/example_bash_operator.py
[2026-04-13T08:57:25.491+0900] {processor.py:925} INFO - DAG(s) 'example_bash_operator' retrieved from /home/airflow/.local/lib/python3.12/site-packages/airflow/example_dags/example_bash_operator.py
[2026-04-13T08:57:25.512+0900] {logging_mixin.py:190} INFO - [2026-04-13T08:57:25.512+0900] {dag.py:3211} INFO - Sync 1 DAGs
[2026-04-13T08:57:25.530+0900] {logging_mixin.py:190} INFO - [2026-04-13T08:57:25.529+0900] {dag.py:4138} INFO - Setting next_dagrun for example_bash_operator to 2026-04-11 00:00:00+00:00, run_after=2026-04-12 00:00:00+00:00
[2026-04-13T08:57:25.544+0900] {processor.py:208} INFO - Processing /home/airflow/.local/lib/python3.12/site-packages/airflow/example_dags/example_bash_operator.py took 0.070 seconds
[2026-04-13T08:57:56.421+0900] {processor.py:186} INFO - Started process (PID=256) to work on /home/airflow/.local/lib/python3.12/site-packages/airflow/example_dags/example_bash_operator.py
[2026-04-13T08:57:56.422+0900] {processor.py:914} INFO - Processing file /home/airflow/.local/lib/python3.12/site-packages/airflow/example_dags/example_bash_operator.py for tasks to queue
[2026-04-13T08:57:56.424+0900] {logging_mixin.py:190} INFO - [2026-04-13T08:57:56.424+0900] {dagbag.py:587} INFO - Filling up the DagBag from /home/airflow/.local/lib/python3.12/site-packages/airflow/example_dags/example_bash_operator.py
[2026-04-13T08:57:56.433+0900] {processor.py:925} INFO - DAG(s) 'example_bash_operator' retrieved from /home/airflow/.local/lib/python3.12/site-packages/airflow/example_dags/example_bash_operator.py
[2026-04-13T08:57:56.451+0900] {logging_mixin.py:190} INFO - [2026-04-13T08:57:56.451+0900] {dag.py:3211} INFO - Sync 1 DAGs
[2026-04-13T08:57:56.467+0900] {logging_mixin.py:190} INFO - [2026-04-13T08:57:56.466+0900] {dag.py:4138} INFO - Setting next_dagrun for example_bash_operator to 2026-04-11 00:00:00+00:00, run_after=2026-04-12 00:00:00+00:00
[2026-04-13T08:57:56.477+0900] {processor.py:208} INFO - Processing /home/airflow/.local/lib/python3.12/site-packages/airflow/example_dags/example_bash_operator.py took 0.061 seconds
[2026-04-13T08:58:26.861+0900] {processor.py:186} INFO - Started process (PID=323) to work on /home/airflow/.local/lib/python3.12/site-packages/airflow/example_dags/example_bash_operator.py
[2026-04-13T08:58:26.862+0900] {processor.py:914} INFO - Processing file /home/airflow/.local/lib/python3.12/site-packages/airflow/example_dags/example_bash_operator.py for tasks to queue
[2026-04-13T08:58:26.864+0900] {logging_mixin.py:190} INFO - [2026-04-13T08:58:26.864+0900] {dagbag.py:587} INFO - Filling up the DagBag from /home/airflow/.local/lib/python3.12/site-packages/airflow/example_dags/example_bash_operator.py
[2026-04-13T08:58:26.874+0900] {processor.py:925} INFO - DAG(s) 'example_bash_operator' retrieved from /home/airflow/.local/lib/python3.12/site-packages/airflow/example_dags/example_bash_operator.py
[2026-04-13T08:58:26.893+0900] {logging_mixin.py:190} INFO - [2026-04-13T08:58:26.893+0900] {dag.py:3211} INFO - Sync 1 DAGs
[2026-04-13T08:58:26.909+0900] {logging_mixin.py:190} INFO - [2026-04-13T08:58:26.909+0900] {dag.py:4138} INFO - Setting next_dagrun for example_bash_operator to 2026-04-11 00:00:00+00:00, run_after=2026-04-12 00:00:00+00:00
[2026-04-13T08:58:26.923+0900] {processor.py:208} INFO - Processing /home/airflow/.local/lib/python3.12/site-packages/airflow/example_dags/example_bash_operator.py took 0.066 seconds
[2026-04-13T08:58:57.548+0900] {processor.py:186} INFO - Started process (PID=390) to work on /home/airflow/.local/lib/python3.12/site-packages/airflow/example_dags/example_bash_operator.py
[2026-04-13T08:58:57.550+0900] {processor.py:914} INFO - Processing file /home/airflow/.local/lib/python3.12/site-packages/airflow/example_dags/example_bash_operator.py for tasks to queue
[2026-04-13T08:58:57.553+0900] {logging_mixin.py:190} INFO - [2026-04-13T08:58:57.552+0900] {dagbag.py:587} INFO - Filling up the DagBag from /home/airflow/.local/lib/python3.12/site-packages/airflow/example_dags/example_bash_operator.py
[2026-04-13T08:58:57.567+0900] {processor.py:925} INFO - DAG(s) 'example_bash_operator' retrieved from /home/airflow/.local/lib/python3.12/site-packages/airflow/example_dags/example_bash_operator.py
[2026-04-13T08:58:57.585+0900] {logging_mixin.py:190} INFO - [2026-04-13T08:58:57.585+0900] {dag.py:3211} INFO - Sync 1 DAGs
[2026-04-13T08:58:57.602+0900] {logging_mixin.py:190} INFO - [2026-04-13T08:58:57.602+0900] {dag.py:4138} INFO - Setting next_dagrun for example_bash_operator to 2026-04-11 00:00:00+00:00, run_after=2026-04-12 00:00:00+00:00
[2026-04-13T08:58:57.617+0900] {processor.py:208} INFO - Processing /home/airflow/.local/lib/python3.12/site-packages/airflow/example_dags/example_bash_operator.py took 0.076 seconds
[2026-04-13T08:59:28.100+0900] {processor.py:186} INFO - Started process (PID=457) to work on /home/airflow/.local/lib/python3.12/site-packages/airflow/example_dags/example_bash_operator.py
[2026-04-13T08:59:28.102+0900] {processor.py:914} INFO - Processing file /home/airflow/.local/lib/python3.12/site-packages/airflow/example_dags/example_bash_operator.py for tasks to queue
[2026-04-13T08:59:28.104+0900] {logging_mixin.py:190} INFO - [2026-04-13T08:59:28.104+0900] {dagbag.py:587} INFO - Filling up the DagBag from /home/airflow/.local/lib/python3.12/site-packages/airflow/example_dags/example_bash_operator.py
[2026-04-13T08:59:28.114+0900] {processor.py:925} INFO - DAG(s) 'example_bash_operator' retrieved from /home/airflow/.local/lib/python3.12/site-packages/airflow/example_dags/example_bash_operator.py
[2026-04-13T08:59:28.136+0900] {logging_mixin.py:190} INFO - [2026-04-13T08:59:28.135+0900] {dag.py:3211} INFO - Sync 1 DAGs
[2026-04-13T08:59:28.154+0900] {logging_mixin.py:190} INFO - [2026-04-13T08:59:28.153+0900] {dag.py:4138} INFO - Setting next_dagrun for example_bash_operator to 2026-04-11 00:00:00+00:00, run_after=2026-04-12 00:00:00+00:00
[2026-04-13T08:59:28.168+0900] {processor.py:208} INFO - Processing /home/airflow/.local/lib/python3.12/site-packages/airflow/example_dags/example_bash_operator.py took 0.072 seconds
[2026-04-13T08:59:58.651+0900] {processor.py:186} INFO - Started process (PID=536) to work on /home/airflow/.local/lib/python3.12/site-packages/airflow/example_dags/example_bash_operator.py
[2026-04-13T08:59:58.652+0900] {processor.py:914} INFO - Processing file /home/airflow/.local/lib/python3.12/site-packages/airflow/example_dags/example_bash_operator.py for tasks to queue
[2026-04-13T08:59:58.654+0900] {logging_mixin.py:190} INFO - [2026-04-13T08:59:58.654+0900] {dagbag.py:587} INFO - Filling up the DagBag from /home/airflow/.local/lib/python3.12/site-packages/airflow/example_dags/example_bash_operator.py
[2026-04-13T08:59:58.664+0900] {processor.py:925} INFO - DAG(s) 'example_bash_operator' retrieved from /home/airflow/.local/lib/python3.12/site-packages/airflow/example_dags/example_bash_operator.py
[2026-04-13T08:59:58.683+0900] {logging_mixin.py:190} INFO - [2026-04-13T08:59:58.683+0900] {dag.py:3211} INFO - Sync 1 DAGs
[2026-04-13T08:59:58.700+0900] {logging_mixin.py:190} INFO - [2026-04-13T08:59:58.700+0900] {dag.py:4138} INFO - Setting next_dagrun for example_bash_operator to 2026-04-11 00:00:00+00:00, run_after=2026-04-12 00:00:00+00:00
[2026-04-13T08:59:58.713+0900] {processor.py:208} INFO - Processing /home/airflow/.local/lib/python3.12/site-packages/airflow/example_dags/example_bash_operator.py took 0.067 seconds
