[2026-04-13T08:56:56.223+0900] {processor.py:186} INFO - Started process (PID=139) to work on /home/airflow/.local/lib/python3.12/site-packages/airflow/example_dags/example_branch_day_of_week_operator.py
[2026-04-13T08:56:56.224+0900] {processor.py:914} INFO - Processing file /home/airflow/.local/lib/python3.12/site-packages/airflow/example_dags/example_branch_day_of_week_operator.py for tasks to queue
[2026-04-13T08:56:56.227+0900] {logging_mixin.py:190} INFO - [2026-04-13T08:56:56.226+0900] {dagbag.py:587} INFO - Filling up the DagBag from /home/airflow/.local/lib/python3.12/site-packages/airflow/example_dags/example_branch_day_of_week_operator.py
[2026-04-13T08:56:56.234+0900] {processor.py:925} INFO - DAG(s) 'example_weekday_branch_operator' retrieved from /home/airflow/.local/lib/python3.12/site-packages/airflow/example_dags/example_branch_day_of_week_operator.py
[2026-04-13T08:56:56.251+0900] {logging_mixin.py:190} INFO - [2026-04-13T08:56:56.251+0900] {dag.py:3211} INFO - Sync 1 DAGs
[2026-04-13T08:56:56.268+0900] {logging_mixin.py:190} INFO - [2026-04-13T08:56:56.268+0900] {dag.py:4138} INFO - Setting next_dagrun for example_weekday_branch_operator to 2026-04-11 00:00:00+00:00, run_after=2026-04-12 00:00:00+00:00
[2026-04-13T08:56:56.283+0900] {processor.py:208} INFO - Processing /home/airflow/.local/lib/python3.12/site-packages/airflow/example_dags/example_branch_day_of_week_operator.py took 0.064 seconds
[2026-04-13T08:57:26.500+0900] {processor.py:186} INFO - Started process (PID=206) to work on /home/airflow/.local/lib/python3.12/site-packages/airflow/example_dags/example_branch_day_of_week_operator.py
[2026-04-13T08:57:26.502+0900] {processor.py:914} INFO - Processing file /home/airflow/.local/lib/python3.12/site-packages/airflow/example_dags/example_branch_day_of_week_operator.py for tasks to queue
[2026-04-13T08:57:26.504+0900] {logging_mixin.py:190} INFO - [2026-04-13T08:57:26.504+0900] {dagbag.py:587} INFO - Filling up the DagBag from /home/airflow/.local/lib/python3.12/site-packages/airflow/example_dags/example_branch_day_of_week_operator.py
[2026-04-13T08:57:26.512+0900] {processor.py:925} INFO - DAG(s) 'example_weekday_branch_operator' retrieved from /home/airflow/.local/lib/python3.12/site-packages/airflow/example_dags/example_branch_day_of_week_operator.py
[2026-04-13T08:57:26.529+0900] {logging_mixin.py:190} INFO - [2026-04-13T08:57:26.529+0900] {dag.py:3211} INFO - Sync 1 DAGs
[2026-04-13T08:57:26.548+0900] {logging_mixin.py:190} INFO - [2026-04-13T08:57:26.548+0900] {dag.py:4138} INFO - Setting next_dagrun for example_weekday_branch_operator to 2026-04-11 00:00:00+00:00, run_after=2026-04-12 00:00:00+00:00
[2026-04-13T08:57:26.563+0900] {processor.py:208} INFO - Processing /home/airflow/.local/lib/python3.12/site-packages/airflow/example_dags/example_branch_day_of_week_operator.py took 0.067 seconds
[2026-04-13T08:57:57.357+0900] {processor.py:186} INFO - Started process (PID=273) to work on /home/airflow/.local/lib/python3.12/site-packages/airflow/example_dags/example_branch_day_of_week_operator.py
[2026-04-13T08:57:57.358+0900] {processor.py:914} INFO - Processing file /home/airflow/.local/lib/python3.12/site-packages/airflow/example_dags/example_branch_day_of_week_operator.py for tasks to queue
[2026-04-13T08:57:57.361+0900] {logging_mixin.py:190} INFO - [2026-04-13T08:57:57.361+0900] {dagbag.py:587} INFO - Filling up the DagBag from /home/airflow/.local/lib/python3.12/site-packages/airflow/example_dags/example_branch_day_of_week_operator.py
[2026-04-13T08:57:57.370+0900] {processor.py:925} INFO - DAG(s) 'example_weekday_branch_operator' retrieved from /home/airflow/.local/lib/python3.12/site-packages/airflow/example_dags/example_branch_day_of_week_operator.py
[2026-04-13T08:57:57.388+0900] {logging_mixin.py:190} INFO - [2026-04-13T08:57:57.388+0900] {dag.py:3211} INFO - Sync 1 DAGs
[2026-04-13T08:57:57.406+0900] {logging_mixin.py:190} INFO - [2026-04-13T08:57:57.406+0900] {dag.py:4138} INFO - Setting next_dagrun for example_weekday_branch_operator to 2026-04-11 00:00:00+00:00, run_after=2026-04-12 00:00:00+00:00
[2026-04-13T08:57:57.419+0900] {processor.py:208} INFO - Processing /home/airflow/.local/lib/python3.12/site-packages/airflow/example_dags/example_branch_day_of_week_operator.py took 0.067 seconds
[2026-04-13T08:58:27.870+0900] {processor.py:186} INFO - Started process (PID=340) to work on /home/airflow/.local/lib/python3.12/site-packages/airflow/example_dags/example_branch_day_of_week_operator.py
[2026-04-13T08:58:27.871+0900] {processor.py:914} INFO - Processing file /home/airflow/.local/lib/python3.12/site-packages/airflow/example_dags/example_branch_day_of_week_operator.py for tasks to queue
[2026-04-13T08:58:27.873+0900] {logging_mixin.py:190} INFO - [2026-04-13T08:58:27.873+0900] {dagbag.py:587} INFO - Filling up the DagBag from /home/airflow/.local/lib/python3.12/site-packages/airflow/example_dags/example_branch_day_of_week_operator.py
[2026-04-13T08:58:27.882+0900] {processor.py:925} INFO - DAG(s) 'example_weekday_branch_operator' retrieved from /home/airflow/.local/lib/python3.12/site-packages/airflow/example_dags/example_branch_day_of_week_operator.py
[2026-04-13T08:58:27.900+0900] {logging_mixin.py:190} INFO - [2026-04-13T08:58:27.900+0900] {dag.py:3211} INFO - Sync 1 DAGs
[2026-04-13T08:58:27.917+0900] {logging_mixin.py:190} INFO - [2026-04-13T08:58:27.916+0900] {dag.py:4138} INFO - Setting next_dagrun for example_weekday_branch_operator to 2026-04-11 00:00:00+00:00, run_after=2026-04-12 00:00:00+00:00
[2026-04-13T08:58:27.931+0900] {processor.py:208} INFO - Processing /home/airflow/.local/lib/python3.12/site-packages/airflow/example_dags/example_branch_day_of_week_operator.py took 0.066 seconds
[2026-04-13T08:58:58.727+0900] {processor.py:186} INFO - Started process (PID=407) to work on /home/airflow/.local/lib/python3.12/site-packages/airflow/example_dags/example_branch_day_of_week_operator.py
[2026-04-13T08:58:58.728+0900] {processor.py:914} INFO - Processing file /home/airflow/.local/lib/python3.12/site-packages/airflow/example_dags/example_branch_day_of_week_operator.py for tasks to queue
[2026-04-13T08:58:58.731+0900] {logging_mixin.py:190} INFO - [2026-04-13T08:58:58.730+0900] {dagbag.py:587} INFO - Filling up the DagBag from /home/airflow/.local/lib/python3.12/site-packages/airflow/example_dags/example_branch_day_of_week_operator.py
[2026-04-13T08:58:58.739+0900] {processor.py:925} INFO - DAG(s) 'example_weekday_branch_operator' retrieved from /home/airflow/.local/lib/python3.12/site-packages/airflow/example_dags/example_branch_day_of_week_operator.py
[2026-04-13T08:58:58.757+0900] {logging_mixin.py:190} INFO - [2026-04-13T08:58:58.756+0900] {dag.py:3211} INFO - Sync 1 DAGs
[2026-04-13T08:58:58.774+0900] {logging_mixin.py:190} INFO - [2026-04-13T08:58:58.774+0900] {dag.py:4138} INFO - Setting next_dagrun for example_weekday_branch_operator to 2026-04-11 00:00:00+00:00, run_after=2026-04-12 00:00:00+00:00
[2026-04-13T08:58:58.788+0900] {processor.py:208} INFO - Processing /home/airflow/.local/lib/python3.12/site-packages/airflow/example_dags/example_branch_day_of_week_operator.py took 0.067 seconds
[2026-04-13T08:59:29.204+0900] {processor.py:186} INFO - Started process (PID=475) to work on /home/airflow/.local/lib/python3.12/site-packages/airflow/example_dags/example_branch_day_of_week_operator.py
[2026-04-13T08:59:29.205+0900] {processor.py:914} INFO - Processing file /home/airflow/.local/lib/python3.12/site-packages/airflow/example_dags/example_branch_day_of_week_operator.py for tasks to queue
[2026-04-13T08:59:29.207+0900] {logging_mixin.py:190} INFO - [2026-04-13T08:59:29.207+0900] {dagbag.py:587} INFO - Filling up the DagBag from /home/airflow/.local/lib/python3.12/site-packages/airflow/example_dags/example_branch_day_of_week_operator.py
[2026-04-13T08:59:29.217+0900] {processor.py:925} INFO - DAG(s) 'example_weekday_branch_operator' retrieved from /home/airflow/.local/lib/python3.12/site-packages/airflow/example_dags/example_branch_day_of_week_operator.py
[2026-04-13T08:59:29.234+0900] {logging_mixin.py:190} INFO - [2026-04-13T08:59:29.233+0900] {dag.py:3211} INFO - Sync 1 DAGs
[2026-04-13T08:59:29.251+0900] {logging_mixin.py:190} INFO - [2026-04-13T08:59:29.251+0900] {dag.py:4138} INFO - Setting next_dagrun for example_weekday_branch_operator to 2026-04-11 00:00:00+00:00, run_after=2026-04-12 00:00:00+00:00
[2026-04-13T08:59:29.267+0900] {processor.py:208} INFO - Processing /home/airflow/.local/lib/python3.12/site-packages/airflow/example_dags/example_branch_day_of_week_operator.py took 0.069 seconds
