[2026-04-13T08:56:55.860+0900] {processor.py:186} INFO - Started process (PID=134) to work on /home/airflow/.local/lib/python3.12/site-packages/airflow/example_dags/example_python_decorator.py
[2026-04-13T08:56:55.862+0900] {processor.py:914} INFO - Processing file /home/airflow/.local/lib/python3.12/site-packages/airflow/example_dags/example_python_decorator.py for tasks to queue
[2026-04-13T08:56:55.865+0900] {logging_mixin.py:190} INFO - [2026-04-13T08:56:55.864+0900] {dagbag.py:587} INFO - Filling up the DagBag from /home/airflow/.local/lib/python3.12/site-packages/airflow/example_dags/example_python_decorator.py
[2026-04-13T08:56:55.880+0900] {processor.py:925} INFO - DAG(s) 'example_python_decorator' retrieved from /home/airflow/.local/lib/python3.12/site-packages/airflow/example_dags/example_python_decorator.py
[2026-04-13T08:56:55.965+0900] {logging_mixin.py:190} INFO - [2026-04-13T08:56:55.965+0900] {dag.py:3211} INFO - Sync 1 DAGs
[2026-04-13T08:56:55.977+0900] {logging_mixin.py:190} INFO - [2026-04-13T08:56:55.977+0900] {dag.py:4138} INFO - Setting next_dagrun for example_python_decorator to None, run_after=None
[2026-04-13T08:56:55.997+0900] {processor.py:208} INFO - Processing /home/airflow/.local/lib/python3.12/site-packages/airflow/example_dags/example_python_decorator.py took 0.142 seconds
[2026-04-13T08:57:26.204+0900] {processor.py:186} INFO - Started process (PID=201) to work on /home/airflow/.local/lib/python3.12/site-packages/airflow/example_dags/example_python_decorator.py
[2026-04-13T08:57:26.206+0900] {processor.py:914} INFO - Processing file /home/airflow/.local/lib/python3.12/site-packages/airflow/example_dags/example_python_decorator.py for tasks to queue
[2026-04-13T08:57:26.208+0900] {logging_mixin.py:190} INFO - [2026-04-13T08:57:26.207+0900] {dagbag.py:587} INFO - Filling up the DagBag from /home/airflow/.local/lib/python3.12/site-packages/airflow/example_dags/example_python_decorator.py
[2026-04-13T08:57:26.219+0900] {processor.py:925} INFO - DAG(s) 'example_python_decorator' retrieved from /home/airflow/.local/lib/python3.12/site-packages/airflow/example_dags/example_python_decorator.py
[2026-04-13T08:57:26.236+0900] {logging_mixin.py:190} INFO - [2026-04-13T08:57:26.235+0900] {dag.py:3211} INFO - Sync 1 DAGs
[2026-04-13T08:57:26.247+0900] {logging_mixin.py:190} INFO - [2026-04-13T08:57:26.247+0900] {dag.py:4138} INFO - Setting next_dagrun for example_python_decorator to None, run_after=None
[2026-04-13T08:57:26.263+0900] {processor.py:208} INFO - Processing /home/airflow/.local/lib/python3.12/site-packages/airflow/example_dags/example_python_decorator.py took 0.063 seconds
[2026-04-13T08:57:57.094+0900] {processor.py:186} INFO - Started process (PID=268) to work on /home/airflow/.local/lib/python3.12/site-packages/airflow/example_dags/example_python_decorator.py
[2026-04-13T08:57:57.095+0900] {processor.py:914} INFO - Processing file /home/airflow/.local/lib/python3.12/site-packages/airflow/example_dags/example_python_decorator.py for tasks to queue
[2026-04-13T08:57:57.098+0900] {logging_mixin.py:190} INFO - [2026-04-13T08:57:57.097+0900] {dagbag.py:587} INFO - Filling up the DagBag from /home/airflow/.local/lib/python3.12/site-packages/airflow/example_dags/example_python_decorator.py
[2026-04-13T08:57:57.108+0900] {processor.py:925} INFO - DAG(s) 'example_python_decorator' retrieved from /home/airflow/.local/lib/python3.12/site-packages/airflow/example_dags/example_python_decorator.py
[2026-04-13T08:57:57.127+0900] {logging_mixin.py:190} INFO - [2026-04-13T08:57:57.127+0900] {dag.py:3211} INFO - Sync 1 DAGs
[2026-04-13T08:57:57.136+0900] {logging_mixin.py:190} INFO - [2026-04-13T08:57:57.136+0900] {dag.py:4138} INFO - Setting next_dagrun for example_python_decorator to None, run_after=None
[2026-04-13T08:57:57.150+0900] {processor.py:208} INFO - Processing /home/airflow/.local/lib/python3.12/site-packages/airflow/example_dags/example_python_decorator.py took 0.060 seconds
[2026-04-13T08:58:27.590+0900] {processor.py:186} INFO - Started process (PID=335) to work on /home/airflow/.local/lib/python3.12/site-packages/airflow/example_dags/example_python_decorator.py
[2026-04-13T08:58:27.591+0900] {processor.py:914} INFO - Processing file /home/airflow/.local/lib/python3.12/site-packages/airflow/example_dags/example_python_decorator.py for tasks to queue
[2026-04-13T08:58:27.594+0900] {logging_mixin.py:190} INFO - [2026-04-13T08:58:27.594+0900] {dagbag.py:587} INFO - Filling up the DagBag from /home/airflow/.local/lib/python3.12/site-packages/airflow/example_dags/example_python_decorator.py
[2026-04-13T08:58:27.612+0900] {processor.py:925} INFO - DAG(s) 'example_python_decorator' retrieved from /home/airflow/.local/lib/python3.12/site-packages/airflow/example_dags/example_python_decorator.py
[2026-04-13T08:58:27.631+0900] {logging_mixin.py:190} INFO - [2026-04-13T08:58:27.631+0900] {dag.py:3211} INFO - Sync 1 DAGs
[2026-04-13T08:58:27.642+0900] {logging_mixin.py:190} INFO - [2026-04-13T08:58:27.642+0900] {dag.py:4138} INFO - Setting next_dagrun for example_python_decorator to None, run_after=None
[2026-04-13T08:58:27.658+0900] {processor.py:208} INFO - Processing /home/airflow/.local/lib/python3.12/site-packages/airflow/example_dags/example_python_decorator.py took 0.073 seconds
[2026-04-13T08:58:58.316+0900] {processor.py:186} INFO - Started process (PID=402) to work on /home/airflow/.local/lib/python3.12/site-packages/airflow/example_dags/example_python_decorator.py
[2026-04-13T08:58:58.317+0900] {processor.py:914} INFO - Processing file /home/airflow/.local/lib/python3.12/site-packages/airflow/example_dags/example_python_decorator.py for tasks to queue
[2026-04-13T08:58:58.319+0900] {logging_mixin.py:190} INFO - [2026-04-13T08:58:58.319+0900] {dagbag.py:587} INFO - Filling up the DagBag from /home/airflow/.local/lib/python3.12/site-packages/airflow/example_dags/example_python_decorator.py
[2026-04-13T08:58:58.333+0900] {processor.py:925} INFO - DAG(s) 'example_python_decorator' retrieved from /home/airflow/.local/lib/python3.12/site-packages/airflow/example_dags/example_python_decorator.py
[2026-04-13T08:58:58.352+0900] {logging_mixin.py:190} INFO - [2026-04-13T08:58:58.351+0900] {dag.py:3211} INFO - Sync 1 DAGs
[2026-04-13T08:58:58.363+0900] {logging_mixin.py:190} INFO - [2026-04-13T08:58:58.362+0900] {dag.py:4138} INFO - Setting next_dagrun for example_python_decorator to None, run_after=None
[2026-04-13T08:58:58.377+0900] {processor.py:208} INFO - Processing /home/airflow/.local/lib/python3.12/site-packages/airflow/example_dags/example_python_decorator.py took 0.067 seconds
[2026-04-13T08:59:28.796+0900] {processor.py:186} INFO - Started process (PID=469) to work on /home/airflow/.local/lib/python3.12/site-packages/airflow/example_dags/example_python_decorator.py
[2026-04-13T08:59:28.798+0900] {processor.py:914} INFO - Processing file /home/airflow/.local/lib/python3.12/site-packages/airflow/example_dags/example_python_decorator.py for tasks to queue
[2026-04-13T08:59:28.801+0900] {logging_mixin.py:190} INFO - [2026-04-13T08:59:28.800+0900] {dagbag.py:587} INFO - Filling up the DagBag from /home/airflow/.local/lib/python3.12/site-packages/airflow/example_dags/example_python_decorator.py
[2026-04-13T08:59:28.816+0900] {processor.py:925} INFO - DAG(s) 'example_python_decorator' retrieved from /home/airflow/.local/lib/python3.12/site-packages/airflow/example_dags/example_python_decorator.py
[2026-04-13T08:59:28.835+0900] {logging_mixin.py:190} INFO - [2026-04-13T08:59:28.834+0900] {dag.py:3211} INFO - Sync 1 DAGs
[2026-04-13T08:59:28.848+0900] {logging_mixin.py:190} INFO - [2026-04-13T08:59:28.848+0900] {dag.py:4138} INFO - Setting next_dagrun for example_python_decorator to None, run_after=None
[2026-04-13T08:59:28.861+0900] {processor.py:208} INFO - Processing /home/airflow/.local/lib/python3.12/site-packages/airflow/example_dags/example_python_decorator.py took 0.069 seconds
[2026-04-13T08:59:59.681+0900] {processor.py:186} INFO - Started process (PID=548) to work on /home/airflow/.local/lib/python3.12/site-packages/airflow/example_dags/example_python_decorator.py
[2026-04-13T08:59:59.682+0900] {processor.py:914} INFO - Processing file /home/airflow/.local/lib/python3.12/site-packages/airflow/example_dags/example_python_decorator.py for tasks to queue
[2026-04-13T08:59:59.684+0900] {logging_mixin.py:190} INFO - [2026-04-13T08:59:59.683+0900] {dagbag.py:587} INFO - Filling up the DagBag from /home/airflow/.local/lib/python3.12/site-packages/airflow/example_dags/example_python_decorator.py
[2026-04-13T08:59:59.695+0900] {processor.py:925} INFO - DAG(s) 'example_python_decorator' retrieved from /home/airflow/.local/lib/python3.12/site-packages/airflow/example_dags/example_python_decorator.py
[2026-04-13T08:59:59.712+0900] {logging_mixin.py:190} INFO - [2026-04-13T08:59:59.711+0900] {dag.py:3211} INFO - Sync 1 DAGs
[2026-04-13T08:59:59.722+0900] {logging_mixin.py:190} INFO - [2026-04-13T08:59:59.721+0900] {dag.py:4138} INFO - Setting next_dagrun for example_python_decorator to None, run_after=None
[2026-04-13T08:59:59.737+0900] {processor.py:208} INFO - Processing /home/airflow/.local/lib/python3.12/site-packages/airflow/example_dags/example_python_decorator.py took 0.061 seconds
