[2026-04-13T08:56:56.035+0900] {processor.py:186} INFO - Started process (PID=136) to work on /home/airflow/.local/lib/python3.12/site-packages/airflow/example_dags/example_external_task_marker_dag.py
[2026-04-13T08:56:56.037+0900] {processor.py:914} INFO - Processing file /home/airflow/.local/lib/python3.12/site-packages/airflow/example_dags/example_external_task_marker_dag.py for tasks to queue
[2026-04-13T08:56:56.040+0900] {logging_mixin.py:190} INFO - [2026-04-13T08:56:56.039+0900] {dagbag.py:587} INFO - Filling up the DagBag from /home/airflow/.local/lib/python3.12/site-packages/airflow/example_dags/example_external_task_marker_dag.py
[2026-04-13T08:56:56.049+0900] {processor.py:925} INFO - DAG(s) 'example_external_task_marker_child', 'example_external_task_marker_parent' retrieved from /home/airflow/.local/lib/python3.12/site-packages/airflow/example_dags/example_external_task_marker_dag.py
[2026-04-13T08:56:56.069+0900] {logging_mixin.py:190} INFO - [2026-04-13T08:56:56.068+0900] {dag.py:3211} INFO - Sync 2 DAGs
[2026-04-13T08:56:56.080+0900] {logging_mixin.py:190} INFO - [2026-04-13T08:56:56.080+0900] {dag.py:4138} INFO - Setting next_dagrun for example_external_task_marker_child to None, run_after=None
[2026-04-13T08:56:56.084+0900] {logging_mixin.py:190} INFO - [2026-04-13T08:56:56.084+0900] {dag.py:4138} INFO - Setting next_dagrun for example_external_task_marker_parent to None, run_after=None
[2026-04-13T08:56:56.097+0900] {processor.py:208} INFO - Processing /home/airflow/.local/lib/python3.12/site-packages/airflow/example_dags/example_external_task_marker_dag.py took 0.066 seconds
[2026-04-13T08:57:26.293+0900] {processor.py:186} INFO - Started process (PID=203) to work on /home/airflow/.local/lib/python3.12/site-packages/airflow/example_dags/example_external_task_marker_dag.py
[2026-04-13T08:57:26.295+0900] {processor.py:914} INFO - Processing file /home/airflow/.local/lib/python3.12/site-packages/airflow/example_dags/example_external_task_marker_dag.py for tasks to queue
[2026-04-13T08:57:26.297+0900] {logging_mixin.py:190} INFO - [2026-04-13T08:57:26.297+0900] {dagbag.py:587} INFO - Filling up the DagBag from /home/airflow/.local/lib/python3.12/site-packages/airflow/example_dags/example_external_task_marker_dag.py
[2026-04-13T08:57:26.305+0900] {processor.py:925} INFO - DAG(s) 'example_external_task_marker_parent', 'example_external_task_marker_child' retrieved from /home/airflow/.local/lib/python3.12/site-packages/airflow/example_dags/example_external_task_marker_dag.py
[2026-04-13T08:57:26.328+0900] {logging_mixin.py:190} INFO - [2026-04-13T08:57:26.328+0900] {dag.py:3211} INFO - Sync 2 DAGs
[2026-04-13T08:57:26.340+0900] {logging_mixin.py:190} INFO - [2026-04-13T08:57:26.340+0900] {dag.py:4138} INFO - Setting next_dagrun for example_external_task_marker_child to None, run_after=None
[2026-04-13T08:57:26.343+0900] {logging_mixin.py:190} INFO - [2026-04-13T08:57:26.343+0900] {dag.py:4138} INFO - Setting next_dagrun for example_external_task_marker_parent to None, run_after=None
[2026-04-13T08:57:26.355+0900] {processor.py:208} INFO - Processing /home/airflow/.local/lib/python3.12/site-packages/airflow/example_dags/example_external_task_marker_dag.py took 0.067 seconds
[2026-04-13T08:57:57.185+0900] {processor.py:186} INFO - Started process (PID=270) to work on /home/airflow/.local/lib/python3.12/site-packages/airflow/example_dags/example_external_task_marker_dag.py
[2026-04-13T08:57:57.186+0900] {processor.py:914} INFO - Processing file /home/airflow/.local/lib/python3.12/site-packages/airflow/example_dags/example_external_task_marker_dag.py for tasks to queue
[2026-04-13T08:57:57.189+0900] {logging_mixin.py:190} INFO - [2026-04-13T08:57:57.188+0900] {dagbag.py:587} INFO - Filling up the DagBag from /home/airflow/.local/lib/python3.12/site-packages/airflow/example_dags/example_external_task_marker_dag.py
[2026-04-13T08:57:57.195+0900] {processor.py:925} INFO - DAG(s) 'example_external_task_marker_child', 'example_external_task_marker_parent' retrieved from /home/airflow/.local/lib/python3.12/site-packages/airflow/example_dags/example_external_task_marker_dag.py
[2026-04-13T08:57:57.214+0900] {logging_mixin.py:190} INFO - [2026-04-13T08:57:57.214+0900] {dag.py:3211} INFO - Sync 2 DAGs
[2026-04-13T08:57:57.224+0900] {logging_mixin.py:190} INFO - [2026-04-13T08:57:57.224+0900] {dag.py:4138} INFO - Setting next_dagrun for example_external_task_marker_child to None, run_after=None
[2026-04-13T08:57:57.226+0900] {logging_mixin.py:190} INFO - [2026-04-13T08:57:57.226+0900] {dag.py:4138} INFO - Setting next_dagrun for example_external_task_marker_parent to None, run_after=None
[2026-04-13T08:57:57.238+0900] {processor.py:208} INFO - Processing /home/airflow/.local/lib/python3.12/site-packages/airflow/example_dags/example_external_task_marker_dag.py took 0.058 seconds
[2026-04-13T08:58:27.693+0900] {processor.py:186} INFO - Started process (PID=337) to work on /home/airflow/.local/lib/python3.12/site-packages/airflow/example_dags/example_external_task_marker_dag.py
[2026-04-13T08:58:27.694+0900] {processor.py:914} INFO - Processing file /home/airflow/.local/lib/python3.12/site-packages/airflow/example_dags/example_external_task_marker_dag.py for tasks to queue
[2026-04-13T08:58:27.696+0900] {logging_mixin.py:190} INFO - [2026-04-13T08:58:27.696+0900] {dagbag.py:587} INFO - Filling up the DagBag from /home/airflow/.local/lib/python3.12/site-packages/airflow/example_dags/example_external_task_marker_dag.py
[2026-04-13T08:58:27.703+0900] {processor.py:925} INFO - DAG(s) 'example_external_task_marker_parent', 'example_external_task_marker_child' retrieved from /home/airflow/.local/lib/python3.12/site-packages/airflow/example_dags/example_external_task_marker_dag.py
[2026-04-13T08:58:27.722+0900] {logging_mixin.py:190} INFO - [2026-04-13T08:58:27.721+0900] {dag.py:3211} INFO - Sync 2 DAGs
[2026-04-13T08:58:27.732+0900] {logging_mixin.py:190} INFO - [2026-04-13T08:58:27.732+0900] {dag.py:4138} INFO - Setting next_dagrun for example_external_task_marker_child to None, run_after=None
[2026-04-13T08:58:27.735+0900] {logging_mixin.py:190} INFO - [2026-04-13T08:58:27.735+0900] {dag.py:4138} INFO - Setting next_dagrun for example_external_task_marker_parent to None, run_after=None
[2026-04-13T08:58:27.748+0900] {processor.py:208} INFO - Processing /home/airflow/.local/lib/python3.12/site-packages/airflow/example_dags/example_external_task_marker_dag.py took 0.061 seconds
[2026-04-13T08:58:58.412+0900] {processor.py:186} INFO - Started process (PID=404) to work on /home/airflow/.local/lib/python3.12/site-packages/airflow/example_dags/example_external_task_marker_dag.py
[2026-04-13T08:58:58.414+0900] {processor.py:914} INFO - Processing file /home/airflow/.local/lib/python3.12/site-packages/airflow/example_dags/example_external_task_marker_dag.py for tasks to queue
[2026-04-13T08:58:58.416+0900] {logging_mixin.py:190} INFO - [2026-04-13T08:58:58.415+0900] {dagbag.py:587} INFO - Filling up the DagBag from /home/airflow/.local/lib/python3.12/site-packages/airflow/example_dags/example_external_task_marker_dag.py
[2026-04-13T08:58:58.422+0900] {processor.py:925} INFO - DAG(s) 'example_external_task_marker_parent', 'example_external_task_marker_child' retrieved from /home/airflow/.local/lib/python3.12/site-packages/airflow/example_dags/example_external_task_marker_dag.py
[2026-04-13T08:58:58.442+0900] {logging_mixin.py:190} INFO - [2026-04-13T08:58:58.441+0900] {dag.py:3211} INFO - Sync 2 DAGs
[2026-04-13T08:58:58.452+0900] {logging_mixin.py:190} INFO - [2026-04-13T08:58:58.452+0900] {dag.py:4138} INFO - Setting next_dagrun for example_external_task_marker_child to None, run_after=None
[2026-04-13T08:58:58.455+0900] {logging_mixin.py:190} INFO - [2026-04-13T08:58:58.454+0900] {dag.py:4138} INFO - Setting next_dagrun for example_external_task_marker_parent to None, run_after=None
[2026-04-13T08:58:58.467+0900] {processor.py:208} INFO - Processing /home/airflow/.local/lib/python3.12/site-packages/airflow/example_dags/example_external_task_marker_dag.py took 0.060 seconds
[2026-04-13T08:59:28.897+0900] {processor.py:186} INFO - Started process (PID=471) to work on /home/airflow/.local/lib/python3.12/site-packages/airflow/example_dags/example_external_task_marker_dag.py
[2026-04-13T08:59:28.899+0900] {processor.py:914} INFO - Processing file /home/airflow/.local/lib/python3.12/site-packages/airflow/example_dags/example_external_task_marker_dag.py for tasks to queue
[2026-04-13T08:59:28.902+0900] {logging_mixin.py:190} INFO - [2026-04-13T08:59:28.902+0900] {dagbag.py:587} INFO - Filling up the DagBag from /home/airflow/.local/lib/python3.12/site-packages/airflow/example_dags/example_external_task_marker_dag.py
[2026-04-13T08:59:28.912+0900] {processor.py:925} INFO - DAG(s) 'example_external_task_marker_child', 'example_external_task_marker_parent' retrieved from /home/airflow/.local/lib/python3.12/site-packages/airflow/example_dags/example_external_task_marker_dag.py
[2026-04-13T08:59:28.941+0900] {logging_mixin.py:190} INFO - [2026-04-13T08:59:28.941+0900] {dag.py:3211} INFO - Sync 2 DAGs
[2026-04-13T08:59:28.955+0900] {logging_mixin.py:190} INFO - [2026-04-13T08:59:28.955+0900] {dag.py:4138} INFO - Setting next_dagrun for example_external_task_marker_child to None, run_after=None
[2026-04-13T08:59:28.961+0900] {logging_mixin.py:190} INFO - [2026-04-13T08:59:28.961+0900] {dag.py:4138} INFO - Setting next_dagrun for example_external_task_marker_parent to None, run_after=None
[2026-04-13T08:59:28.981+0900] {processor.py:208} INFO - Processing /home/airflow/.local/lib/python3.12/site-packages/airflow/example_dags/example_external_task_marker_dag.py took 0.091 seconds
[2026-04-13T08:59:59.994+0900] {processor.py:186} INFO - Started process (PID=550) to work on /home/airflow/.local/lib/python3.12/site-packages/airflow/example_dags/example_external_task_marker_dag.py
[2026-04-13T08:59:59.995+0900] {processor.py:914} INFO - Processing file /home/airflow/.local/lib/python3.12/site-packages/airflow/example_dags/example_external_task_marker_dag.py for tasks to queue
[2026-04-13T08:59:59.997+0900] {logging_mixin.py:190} INFO - [2026-04-13T08:59:59.997+0900] {dagbag.py:587} INFO - Filling up the DagBag from /home/airflow/.local/lib/python3.12/site-packages/airflow/example_dags/example_external_task_marker_dag.py
[2026-04-13T09:00:00.004+0900] {processor.py:925} INFO - DAG(s) 'example_external_task_marker_child', 'example_external_task_marker_parent' retrieved from /home/airflow/.local/lib/python3.12/site-packages/airflow/example_dags/example_external_task_marker_dag.py
[2026-04-13T09:00:00.028+0900] {logging_mixin.py:190} INFO - [2026-04-13T09:00:00.028+0900] {dag.py:3211} INFO - Sync 2 DAGs
[2026-04-13T09:00:00.041+0900] {logging_mixin.py:190} INFO - [2026-04-13T09:00:00.040+0900] {dag.py:4138} INFO - Setting next_dagrun for example_external_task_marker_child to None, run_after=None
[2026-04-13T09:00:00.044+0900] {logging_mixin.py:190} INFO - [2026-04-13T09:00:00.044+0900] {dag.py:4138} INFO - Setting next_dagrun for example_external_task_marker_parent to None, run_after=None
[2026-04-13T09:00:00.063+0900] {processor.py:208} INFO - Processing /home/airflow/.local/lib/python3.12/site-packages/airflow/example_dags/example_external_task_marker_dag.py took 0.074 seconds
