[2026-04-13T08:56:54.184+0900] {processor.py:186} INFO - Started process (PID=107) to work on /home/airflow/.local/lib/python3.12/site-packages/airflow/example_dags/example_xcom.py
[2026-04-13T08:56:54.186+0900] {processor.py:914} INFO - Processing file /home/airflow/.local/lib/python3.12/site-packages/airflow/example_dags/example_xcom.py for tasks to queue
[2026-04-13T08:56:54.188+0900] {logging_mixin.py:190} INFO - [2026-04-13T08:56:54.188+0900] {dagbag.py:587} INFO - Filling up the DagBag from /home/airflow/.local/lib/python3.12/site-packages/airflow/example_dags/example_xcom.py
[2026-04-13T08:56:54.196+0900] {processor.py:925} INFO - DAG(s) 'example_xcom' retrieved from /home/airflow/.local/lib/python3.12/site-packages/airflow/example_dags/example_xcom.py
[2026-04-13T08:56:54.218+0900] {logging_mixin.py:190} INFO - [2026-04-13T08:56:54.218+0900] {dag.py:3211} INFO - Sync 1 DAGs
[2026-04-13T08:56:54.235+0900] {logging_mixin.py:190} INFO - [2026-04-13T08:56:54.234+0900] {dag.py:4138} INFO - Setting next_dagrun for example_xcom to 2021-01-01 00:00:00+00:00, run_after=2021-01-01 00:00:00+00:00
[2026-04-13T08:56:54.250+0900] {processor.py:208} INFO - Processing /home/airflow/.local/lib/python3.12/site-packages/airflow/example_dags/example_xcom.py took 0.070 seconds
[2026-04-13T08:57:24.379+0900] {processor.py:186} INFO - Started process (PID=174) to work on /home/airflow/.local/lib/python3.12/site-packages/airflow/example_dags/example_xcom.py
[2026-04-13T08:57:24.380+0900] {processor.py:914} INFO - Processing file /home/airflow/.local/lib/python3.12/site-packages/airflow/example_dags/example_xcom.py for tasks to queue
[2026-04-13T08:57:24.382+0900] {logging_mixin.py:190} INFO - [2026-04-13T08:57:24.382+0900] {dagbag.py:587} INFO - Filling up the DagBag from /home/airflow/.local/lib/python3.12/site-packages/airflow/example_dags/example_xcom.py
[2026-04-13T08:57:24.389+0900] {processor.py:925} INFO - DAG(s) 'example_xcom' retrieved from /home/airflow/.local/lib/python3.12/site-packages/airflow/example_dags/example_xcom.py
[2026-04-13T08:57:24.406+0900] {logging_mixin.py:190} INFO - [2026-04-13T08:57:24.406+0900] {dag.py:3211} INFO - Sync 1 DAGs
[2026-04-13T08:57:24.421+0900] {logging_mixin.py:190} INFO - [2026-04-13T08:57:24.421+0900] {dag.py:4138} INFO - Setting next_dagrun for example_xcom to 2021-01-01 00:00:00+00:00, run_after=2021-01-01 00:00:00+00:00
[2026-04-13T08:57:24.433+0900] {processor.py:208} INFO - Processing /home/airflow/.local/lib/python3.12/site-packages/airflow/example_dags/example_xcom.py took 0.059 seconds
[2026-04-13T08:57:54.537+0900] {processor.py:186} INFO - Started process (PID=241) to work on /home/airflow/.local/lib/python3.12/site-packages/airflow/example_dags/example_xcom.py
[2026-04-13T08:57:54.538+0900] {processor.py:914} INFO - Processing file /home/airflow/.local/lib/python3.12/site-packages/airflow/example_dags/example_xcom.py for tasks to queue
[2026-04-13T08:57:54.540+0900] {logging_mixin.py:190} INFO - [2026-04-13T08:57:54.540+0900] {dagbag.py:587} INFO - Filling up the DagBag from /home/airflow/.local/lib/python3.12/site-packages/airflow/example_dags/example_xcom.py
[2026-04-13T08:57:54.548+0900] {processor.py:925} INFO - DAG(s) 'example_xcom' retrieved from /home/airflow/.local/lib/python3.12/site-packages/airflow/example_dags/example_xcom.py
[2026-04-13T08:57:54.564+0900] {logging_mixin.py:190} INFO - [2026-04-13T08:57:54.564+0900] {dag.py:3211} INFO - Sync 1 DAGs
[2026-04-13T08:57:54.581+0900] {logging_mixin.py:190} INFO - [2026-04-13T08:57:54.581+0900] {dag.py:4138} INFO - Setting next_dagrun for example_xcom to 2021-01-01 00:00:00+00:00, run_after=2021-01-01 00:00:00+00:00
[2026-04-13T08:57:54.595+0900] {processor.py:208} INFO - Processing /home/airflow/.local/lib/python3.12/site-packages/airflow/example_dags/example_xcom.py took 0.062 seconds
[2026-04-13T08:58:25.146+0900] {processor.py:186} INFO - Started process (PID=308) to work on /home/airflow/.local/lib/python3.12/site-packages/airflow/example_dags/example_xcom.py
[2026-04-13T08:58:25.147+0900] {processor.py:914} INFO - Processing file /home/airflow/.local/lib/python3.12/site-packages/airflow/example_dags/example_xcom.py for tasks to queue
[2026-04-13T08:58:25.149+0900] {logging_mixin.py:190} INFO - [2026-04-13T08:58:25.149+0900] {dagbag.py:587} INFO - Filling up the DagBag from /home/airflow/.local/lib/python3.12/site-packages/airflow/example_dags/example_xcom.py
[2026-04-13T08:58:25.157+0900] {processor.py:925} INFO - DAG(s) 'example_xcom' retrieved from /home/airflow/.local/lib/python3.12/site-packages/airflow/example_dags/example_xcom.py
[2026-04-13T08:58:25.172+0900] {logging_mixin.py:190} INFO - [2026-04-13T08:58:25.172+0900] {dag.py:3211} INFO - Sync 1 DAGs
[2026-04-13T08:58:25.189+0900] {logging_mixin.py:190} INFO - [2026-04-13T08:58:25.189+0900] {dag.py:4138} INFO - Setting next_dagrun for example_xcom to 2021-01-01 00:00:00+00:00, run_after=2021-01-01 00:00:00+00:00
[2026-04-13T08:58:25.202+0900] {processor.py:208} INFO - Processing /home/airflow/.local/lib/python3.12/site-packages/airflow/example_dags/example_xcom.py took 0.061 seconds
[2026-04-13T08:58:55.893+0900] {processor.py:186} INFO - Started process (PID=375) to work on /home/airflow/.local/lib/python3.12/site-packages/airflow/example_dags/example_xcom.py
[2026-04-13T08:58:55.894+0900] {processor.py:914} INFO - Processing file /home/airflow/.local/lib/python3.12/site-packages/airflow/example_dags/example_xcom.py for tasks to queue
[2026-04-13T08:58:55.896+0900] {logging_mixin.py:190} INFO - [2026-04-13T08:58:55.896+0900] {dagbag.py:587} INFO - Filling up the DagBag from /home/airflow/.local/lib/python3.12/site-packages/airflow/example_dags/example_xcom.py
[2026-04-13T08:58:55.903+0900] {processor.py:925} INFO - DAG(s) 'example_xcom' retrieved from /home/airflow/.local/lib/python3.12/site-packages/airflow/example_dags/example_xcom.py
[2026-04-13T08:58:55.919+0900] {logging_mixin.py:190} INFO - [2026-04-13T08:58:55.918+0900] {dag.py:3211} INFO - Sync 1 DAGs
[2026-04-13T08:58:55.935+0900] {logging_mixin.py:190} INFO - [2026-04-13T08:58:55.935+0900] {dag.py:4138} INFO - Setting next_dagrun for example_xcom to 2021-01-01 00:00:00+00:00, run_after=2021-01-01 00:00:00+00:00
[2026-04-13T08:58:55.949+0900] {processor.py:208} INFO - Processing /home/airflow/.local/lib/python3.12/site-packages/airflow/example_dags/example_xcom.py took 0.061 seconds
[2026-04-13T08:59:26.392+0900] {processor.py:186} INFO - Started process (PID=442) to work on /home/airflow/.local/lib/python3.12/site-packages/airflow/example_dags/example_xcom.py
[2026-04-13T08:59:26.394+0900] {processor.py:914} INFO - Processing file /home/airflow/.local/lib/python3.12/site-packages/airflow/example_dags/example_xcom.py for tasks to queue
[2026-04-13T08:59:26.396+0900] {logging_mixin.py:190} INFO - [2026-04-13T08:59:26.395+0900] {dagbag.py:587} INFO - Filling up the DagBag from /home/airflow/.local/lib/python3.12/site-packages/airflow/example_dags/example_xcom.py
[2026-04-13T08:59:26.403+0900] {processor.py:925} INFO - DAG(s) 'example_xcom' retrieved from /home/airflow/.local/lib/python3.12/site-packages/airflow/example_dags/example_xcom.py
[2026-04-13T08:59:26.421+0900] {logging_mixin.py:190} INFO - [2026-04-13T08:59:26.421+0900] {dag.py:3211} INFO - Sync 1 DAGs
[2026-04-13T08:59:26.437+0900] {logging_mixin.py:190} INFO - [2026-04-13T08:59:26.437+0900] {dag.py:4138} INFO - Setting next_dagrun for example_xcom to 2021-01-01 00:00:00+00:00, run_after=2021-01-01 00:00:00+00:00
[2026-04-13T08:59:26.451+0900] {processor.py:208} INFO - Processing /home/airflow/.local/lib/python3.12/site-packages/airflow/example_dags/example_xcom.py took 0.063 seconds
[2026-04-13T08:59:56.888+0900] {processor.py:186} INFO - Started process (PID=517) to work on /home/airflow/.local/lib/python3.12/site-packages/airflow/example_dags/example_xcom.py
[2026-04-13T08:59:56.889+0900] {processor.py:914} INFO - Processing file /home/airflow/.local/lib/python3.12/site-packages/airflow/example_dags/example_xcom.py for tasks to queue
[2026-04-13T08:59:56.892+0900] {logging_mixin.py:190} INFO - [2026-04-13T08:59:56.891+0900] {dagbag.py:587} INFO - Filling up the DagBag from /home/airflow/.local/lib/python3.12/site-packages/airflow/example_dags/example_xcom.py
[2026-04-13T08:59:56.899+0900] {processor.py:925} INFO - DAG(s) 'example_xcom' retrieved from /home/airflow/.local/lib/python3.12/site-packages/airflow/example_dags/example_xcom.py
[2026-04-13T08:59:56.916+0900] {logging_mixin.py:190} INFO - [2026-04-13T08:59:56.916+0900] {dag.py:3211} INFO - Sync 1 DAGs
[2026-04-13T08:59:56.932+0900] {logging_mixin.py:190} INFO - [2026-04-13T08:59:56.931+0900] {dag.py:4138} INFO - Setting next_dagrun for example_xcom to 2021-01-01 00:00:00+00:00, run_after=2021-01-01 00:00:00+00:00
[2026-04-13T08:59:56.946+0900] {processor.py:208} INFO - Processing /home/airflow/.local/lib/python3.12/site-packages/airflow/example_dags/example_xcom.py took 0.062 seconds
