[2026-04-13T08:56:53.246+0900] {processor.py:186} INFO - Started process (PID=93) to work on /home/airflow/.local/lib/python3.12/site-packages/airflow/example_dags/example_sensors.py
[2026-04-13T08:56:53.247+0900] {processor.py:914} INFO - Processing file /home/airflow/.local/lib/python3.12/site-packages/airflow/example_dags/example_sensors.py for tasks to queue
[2026-04-13T08:56:53.250+0900] {logging_mixin.py:190} INFO - [2026-04-13T08:56:53.249+0900] {dagbag.py:587} INFO - Filling up the DagBag from /home/airflow/.local/lib/python3.12/site-packages/airflow/example_dags/example_sensors.py
[2026-04-13T08:56:53.259+0900] {processor.py:925} INFO - DAG(s) 'example_sensors' retrieved from /home/airflow/.local/lib/python3.12/site-packages/airflow/example_dags/example_sensors.py
[2026-04-13T08:56:53.287+0900] {logging_mixin.py:190} INFO - [2026-04-13T08:56:53.287+0900] {dag.py:3211} INFO - Sync 1 DAGs
[2026-04-13T08:56:53.300+0900] {logging_mixin.py:190} INFO - [2026-04-13T08:56:53.300+0900] {dag.py:4138} INFO - Setting next_dagrun for example_sensors to None, run_after=None
[2026-04-13T08:56:53.315+0900] {processor.py:208} INFO - Processing /home/airflow/.local/lib/python3.12/site-packages/airflow/example_dags/example_sensors.py took 0.074 seconds
[2026-04-13T08:57:23.619+0900] {processor.py:186} INFO - Started process (PID=165) to work on /home/airflow/.local/lib/python3.12/site-packages/airflow/example_dags/example_sensors.py
[2026-04-13T08:57:23.620+0900] {processor.py:914} INFO - Processing file /home/airflow/.local/lib/python3.12/site-packages/airflow/example_dags/example_sensors.py for tasks to queue
[2026-04-13T08:57:23.622+0900] {logging_mixin.py:190} INFO - [2026-04-13T08:57:23.622+0900] {dagbag.py:587} INFO - Filling up the DagBag from /home/airflow/.local/lib/python3.12/site-packages/airflow/example_dags/example_sensors.py
[2026-04-13T08:57:23.630+0900] {processor.py:925} INFO - DAG(s) 'example_sensors' retrieved from /home/airflow/.local/lib/python3.12/site-packages/airflow/example_dags/example_sensors.py
[2026-04-13T08:57:23.647+0900] {logging_mixin.py:190} INFO - [2026-04-13T08:57:23.647+0900] {dag.py:3211} INFO - Sync 1 DAGs
[2026-04-13T08:57:23.662+0900] {logging_mixin.py:190} INFO - [2026-04-13T08:57:23.661+0900] {dag.py:4138} INFO - Setting next_dagrun for example_sensors to None, run_after=None
[2026-04-13T08:57:23.677+0900] {processor.py:208} INFO - Processing /home/airflow/.local/lib/python3.12/site-packages/airflow/example_dags/example_sensors.py took 0.062 seconds
[2026-04-13T08:57:53.939+0900] {processor.py:186} INFO - Started process (PID=233) to work on /home/airflow/.local/lib/python3.12/site-packages/airflow/example_dags/example_sensors.py
[2026-04-13T08:57:53.940+0900] {processor.py:914} INFO - Processing file /home/airflow/.local/lib/python3.12/site-packages/airflow/example_dags/example_sensors.py for tasks to queue
[2026-04-13T08:57:53.942+0900] {logging_mixin.py:190} INFO - [2026-04-13T08:57:53.942+0900] {dagbag.py:587} INFO - Filling up the DagBag from /home/airflow/.local/lib/python3.12/site-packages/airflow/example_dags/example_sensors.py
[2026-04-13T08:57:53.950+0900] {processor.py:925} INFO - DAG(s) 'example_sensors' retrieved from /home/airflow/.local/lib/python3.12/site-packages/airflow/example_dags/example_sensors.py
[2026-04-13T08:57:53.969+0900] {logging_mixin.py:190} INFO - [2026-04-13T08:57:53.969+0900] {dag.py:3211} INFO - Sync 1 DAGs
[2026-04-13T08:57:53.979+0900] {logging_mixin.py:190} INFO - [2026-04-13T08:57:53.979+0900] {dag.py:4138} INFO - Setting next_dagrun for example_sensors to None, run_after=None
[2026-04-13T08:57:53.993+0900] {processor.py:208} INFO - Processing /home/airflow/.local/lib/python3.12/site-packages/airflow/example_dags/example_sensors.py took 0.059 seconds
[2026-04-13T08:58:24.560+0900] {processor.py:186} INFO - Started process (PID=300) to work on /home/airflow/.local/lib/python3.12/site-packages/airflow/example_dags/example_sensors.py
[2026-04-13T08:58:24.561+0900] {processor.py:914} INFO - Processing file /home/airflow/.local/lib/python3.12/site-packages/airflow/example_dags/example_sensors.py for tasks to queue
[2026-04-13T08:58:24.563+0900] {logging_mixin.py:190} INFO - [2026-04-13T08:58:24.563+0900] {dagbag.py:587} INFO - Filling up the DagBag from /home/airflow/.local/lib/python3.12/site-packages/airflow/example_dags/example_sensors.py
[2026-04-13T08:58:24.571+0900] {processor.py:925} INFO - DAG(s) 'example_sensors' retrieved from /home/airflow/.local/lib/python3.12/site-packages/airflow/example_dags/example_sensors.py
[2026-04-13T08:58:24.593+0900] {logging_mixin.py:190} INFO - [2026-04-13T08:58:24.593+0900] {dag.py:3211} INFO - Sync 1 DAGs
[2026-04-13T08:58:24.604+0900] {logging_mixin.py:190} INFO - [2026-04-13T08:58:24.604+0900] {dag.py:4138} INFO - Setting next_dagrun for example_sensors to None, run_after=None
[2026-04-13T08:58:24.619+0900] {processor.py:208} INFO - Processing /home/airflow/.local/lib/python3.12/site-packages/airflow/example_dags/example_sensors.py took 0.064 seconds
[2026-04-13T08:58:55.165+0900] {processor.py:186} INFO - Started process (PID=367) to work on /home/airflow/.local/lib/python3.12/site-packages/airflow/example_dags/example_sensors.py
[2026-04-13T08:58:55.166+0900] {processor.py:914} INFO - Processing file /home/airflow/.local/lib/python3.12/site-packages/airflow/example_dags/example_sensors.py for tasks to queue
[2026-04-13T08:58:55.167+0900] {logging_mixin.py:190} INFO - [2026-04-13T08:58:55.167+0900] {dagbag.py:587} INFO - Filling up the DagBag from /home/airflow/.local/lib/python3.12/site-packages/airflow/example_dags/example_sensors.py
[2026-04-13T08:58:55.175+0900] {processor.py:925} INFO - DAG(s) 'example_sensors' retrieved from /home/airflow/.local/lib/python3.12/site-packages/airflow/example_dags/example_sensors.py
[2026-04-13T08:58:55.194+0900] {logging_mixin.py:190} INFO - [2026-04-13T08:58:55.194+0900] {dag.py:3211} INFO - Sync 1 DAGs
[2026-04-13T08:58:55.205+0900] {logging_mixin.py:190} INFO - [2026-04-13T08:58:55.205+0900] {dag.py:4138} INFO - Setting next_dagrun for example_sensors to None, run_after=None
[2026-04-13T08:58:55.220+0900] {processor.py:208} INFO - Processing /home/airflow/.local/lib/python3.12/site-packages/airflow/example_dags/example_sensors.py took 0.060 seconds
[2026-04-13T08:59:25.852+0900] {processor.py:186} INFO - Started process (PID=434) to work on /home/airflow/.local/lib/python3.12/site-packages/airflow/example_dags/example_sensors.py
[2026-04-13T08:59:25.854+0900] {processor.py:914} INFO - Processing file /home/airflow/.local/lib/python3.12/site-packages/airflow/example_dags/example_sensors.py for tasks to queue
[2026-04-13T08:59:25.856+0900] {logging_mixin.py:190} INFO - [2026-04-13T08:59:25.856+0900] {dagbag.py:587} INFO - Filling up the DagBag from /home/airflow/.local/lib/python3.12/site-packages/airflow/example_dags/example_sensors.py
[2026-04-13T08:59:25.864+0900] {processor.py:925} INFO - DAG(s) 'example_sensors' retrieved from /home/airflow/.local/lib/python3.12/site-packages/airflow/example_dags/example_sensors.py
[2026-04-13T08:59:25.884+0900] {logging_mixin.py:190} INFO - [2026-04-13T08:59:25.883+0900] {dag.py:3211} INFO - Sync 1 DAGs
[2026-04-13T08:59:25.893+0900] {logging_mixin.py:190} INFO - [2026-04-13T08:59:25.893+0900] {dag.py:4138} INFO - Setting next_dagrun for example_sensors to None, run_after=None
[2026-04-13T08:59:25.907+0900] {processor.py:208} INFO - Processing /home/airflow/.local/lib/python3.12/site-packages/airflow/example_dags/example_sensors.py took 0.059 seconds
[2026-04-13T08:59:56.403+0900] {processor.py:186} INFO - Started process (PID=509) to work on /home/airflow/.local/lib/python3.12/site-packages/airflow/example_dags/example_sensors.py
[2026-04-13T08:59:56.404+0900] {processor.py:914} INFO - Processing file /home/airflow/.local/lib/python3.12/site-packages/airflow/example_dags/example_sensors.py for tasks to queue
[2026-04-13T08:59:56.406+0900] {logging_mixin.py:190} INFO - [2026-04-13T08:59:56.406+0900] {dagbag.py:587} INFO - Filling up the DagBag from /home/airflow/.local/lib/python3.12/site-packages/airflow/example_dags/example_sensors.py
[2026-04-13T08:59:56.414+0900] {processor.py:925} INFO - DAG(s) 'example_sensors' retrieved from /home/airflow/.local/lib/python3.12/site-packages/airflow/example_dags/example_sensors.py
[2026-04-13T08:59:56.432+0900] {logging_mixin.py:190} INFO - [2026-04-13T08:59:56.432+0900] {dag.py:3211} INFO - Sync 1 DAGs
[2026-04-13T08:59:56.441+0900] {logging_mixin.py:190} INFO - [2026-04-13T08:59:56.441+0900] {dag.py:4138} INFO - Setting next_dagrun for example_sensors to None, run_after=None
[2026-04-13T08:59:56.455+0900] {processor.py:208} INFO - Processing /home/airflow/.local/lib/python3.12/site-packages/airflow/example_dags/example_sensors.py took 0.056 seconds
