[2026-04-13T08:56:54.889+0900] {processor.py:186} INFO - Started process (PID=119) to work on /home/airflow/.local/lib/python3.12/site-packages/airflow/example_dags/example_sensor_decorator.py
[2026-04-13T08:56:54.891+0900] {processor.py:914} INFO - Processing file /home/airflow/.local/lib/python3.12/site-packages/airflow/example_dags/example_sensor_decorator.py for tasks to queue
[2026-04-13T08:56:54.893+0900] {logging_mixin.py:190} INFO - [2026-04-13T08:56:54.893+0900] {dagbag.py:587} INFO - Filling up the DagBag from /home/airflow/.local/lib/python3.12/site-packages/airflow/example_dags/example_sensor_decorator.py
[2026-04-13T08:56:54.901+0900] {processor.py:925} INFO - DAG(s) 'example_sensor_decorator' retrieved from /home/airflow/.local/lib/python3.12/site-packages/airflow/example_dags/example_sensor_decorator.py
[2026-04-13T08:56:54.920+0900] {logging_mixin.py:190} INFO - [2026-04-13T08:56:54.920+0900] {dag.py:3211} INFO - Sync 1 DAGs
[2026-04-13T08:56:54.931+0900] {logging_mixin.py:190} INFO - [2026-04-13T08:56:54.931+0900] {dag.py:4138} INFO - Setting next_dagrun for example_sensor_decorator to None, run_after=None
[2026-04-13T08:56:54.945+0900] {processor.py:208} INFO - Processing /home/airflow/.local/lib/python3.12/site-packages/airflow/example_dags/example_sensor_decorator.py took 0.060 seconds
[2026-04-13T08:57:25.288+0900] {processor.py:186} INFO - Started process (PID=186) to work on /home/airflow/.local/lib/python3.12/site-packages/airflow/example_dags/example_sensor_decorator.py
[2026-04-13T08:57:25.290+0900] {processor.py:914} INFO - Processing file /home/airflow/.local/lib/python3.12/site-packages/airflow/example_dags/example_sensor_decorator.py for tasks to queue
[2026-04-13T08:57:25.293+0900] {logging_mixin.py:190} INFO - [2026-04-13T08:57:25.292+0900] {dagbag.py:587} INFO - Filling up the DagBag from /home/airflow/.local/lib/python3.12/site-packages/airflow/example_dags/example_sensor_decorator.py
[2026-04-13T08:57:25.299+0900] {processor.py:925} INFO - DAG(s) 'example_sensor_decorator' retrieved from /home/airflow/.local/lib/python3.12/site-packages/airflow/example_dags/example_sensor_decorator.py
[2026-04-13T08:57:25.315+0900] {logging_mixin.py:190} INFO - [2026-04-13T08:57:25.315+0900] {dag.py:3211} INFO - Sync 1 DAGs
[2026-04-13T08:57:25.329+0900] {logging_mixin.py:190} INFO - [2026-04-13T08:57:25.329+0900] {dag.py:4138} INFO - Setting next_dagrun for example_sensor_decorator to None, run_after=None
[2026-04-13T08:57:25.344+0900] {processor.py:208} INFO - Processing /home/airflow/.local/lib/python3.12/site-packages/airflow/example_dags/example_sensor_decorator.py took 0.061 seconds
[2026-04-13T08:57:56.209+0900] {processor.py:186} INFO - Started process (PID=253) to work on /home/airflow/.local/lib/python3.12/site-packages/airflow/example_dags/example_sensor_decorator.py
[2026-04-13T08:57:56.211+0900] {processor.py:914} INFO - Processing file /home/airflow/.local/lib/python3.12/site-packages/airflow/example_dags/example_sensor_decorator.py for tasks to queue
[2026-04-13T08:57:56.213+0900] {logging_mixin.py:190} INFO - [2026-04-13T08:57:56.213+0900] {dagbag.py:587} INFO - Filling up the DagBag from /home/airflow/.local/lib/python3.12/site-packages/airflow/example_dags/example_sensor_decorator.py
[2026-04-13T08:57:56.221+0900] {processor.py:925} INFO - DAG(s) 'example_sensor_decorator' retrieved from /home/airflow/.local/lib/python3.12/site-packages/airflow/example_dags/example_sensor_decorator.py
[2026-04-13T08:57:56.236+0900] {logging_mixin.py:190} INFO - [2026-04-13T08:57:56.236+0900] {dag.py:3211} INFO - Sync 1 DAGs
[2026-04-13T08:57:56.247+0900] {logging_mixin.py:190} INFO - [2026-04-13T08:57:56.247+0900] {dag.py:4138} INFO - Setting next_dagrun for example_sensor_decorator to None, run_after=None
[2026-04-13T08:57:56.263+0900] {processor.py:208} INFO - Processing /home/airflow/.local/lib/python3.12/site-packages/airflow/example_dags/example_sensor_decorator.py took 0.060 seconds
[2026-04-13T08:58:26.681+0900] {processor.py:186} INFO - Started process (PID=320) to work on /home/airflow/.local/lib/python3.12/site-packages/airflow/example_dags/example_sensor_decorator.py
[2026-04-13T08:58:26.682+0900] {processor.py:914} INFO - Processing file /home/airflow/.local/lib/python3.12/site-packages/airflow/example_dags/example_sensor_decorator.py for tasks to queue
[2026-04-13T08:58:26.684+0900] {logging_mixin.py:190} INFO - [2026-04-13T08:58:26.684+0900] {dagbag.py:587} INFO - Filling up the DagBag from /home/airflow/.local/lib/python3.12/site-packages/airflow/example_dags/example_sensor_decorator.py
[2026-04-13T08:58:26.691+0900] {processor.py:925} INFO - DAG(s) 'example_sensor_decorator' retrieved from /home/airflow/.local/lib/python3.12/site-packages/airflow/example_dags/example_sensor_decorator.py
[2026-04-13T08:58:26.708+0900] {logging_mixin.py:190} INFO - [2026-04-13T08:58:26.708+0900] {dag.py:3211} INFO - Sync 1 DAGs
[2026-04-13T08:58:26.720+0900] {logging_mixin.py:190} INFO - [2026-04-13T08:58:26.719+0900] {dag.py:4138} INFO - Setting next_dagrun for example_sensor_decorator to None, run_after=None
[2026-04-13T08:58:26.734+0900] {processor.py:208} INFO - Processing /home/airflow/.local/lib/python3.12/site-packages/airflow/example_dags/example_sensor_decorator.py took 0.057 seconds
[2026-04-13T08:58:57.390+0900] {processor.py:186} INFO - Started process (PID=387) to work on /home/airflow/.local/lib/python3.12/site-packages/airflow/example_dags/example_sensor_decorator.py
[2026-04-13T08:58:57.391+0900] {processor.py:914} INFO - Processing file /home/airflow/.local/lib/python3.12/site-packages/airflow/example_dags/example_sensor_decorator.py for tasks to queue
[2026-04-13T08:58:57.393+0900] {logging_mixin.py:190} INFO - [2026-04-13T08:58:57.393+0900] {dagbag.py:587} INFO - Filling up the DagBag from /home/airflow/.local/lib/python3.12/site-packages/airflow/example_dags/example_sensor_decorator.py
[2026-04-13T08:58:57.399+0900] {processor.py:925} INFO - DAG(s) 'example_sensor_decorator' retrieved from /home/airflow/.local/lib/python3.12/site-packages/airflow/example_dags/example_sensor_decorator.py
[2026-04-13T08:58:57.415+0900] {logging_mixin.py:190} INFO - [2026-04-13T08:58:57.415+0900] {dag.py:3211} INFO - Sync 1 DAGs
[2026-04-13T08:58:57.425+0900] {logging_mixin.py:190} INFO - [2026-04-13T08:58:57.425+0900] {dag.py:4138} INFO - Setting next_dagrun for example_sensor_decorator to None, run_after=None
[2026-04-13T08:58:57.437+0900] {processor.py:208} INFO - Processing /home/airflow/.local/lib/python3.12/site-packages/airflow/example_dags/example_sensor_decorator.py took 0.053 seconds
[2026-04-13T08:59:27.889+0900] {processor.py:186} INFO - Started process (PID=454) to work on /home/airflow/.local/lib/python3.12/site-packages/airflow/example_dags/example_sensor_decorator.py
[2026-04-13T08:59:27.891+0900] {processor.py:914} INFO - Processing file /home/airflow/.local/lib/python3.12/site-packages/airflow/example_dags/example_sensor_decorator.py for tasks to queue
[2026-04-13T08:59:27.893+0900] {logging_mixin.py:190} INFO - [2026-04-13T08:59:27.892+0900] {dagbag.py:587} INFO - Filling up the DagBag from /home/airflow/.local/lib/python3.12/site-packages/airflow/example_dags/example_sensor_decorator.py
[2026-04-13T08:59:27.900+0900] {processor.py:925} INFO - DAG(s) 'example_sensor_decorator' retrieved from /home/airflow/.local/lib/python3.12/site-packages/airflow/example_dags/example_sensor_decorator.py
[2026-04-13T08:59:27.918+0900] {logging_mixin.py:190} INFO - [2026-04-13T08:59:27.918+0900] {dag.py:3211} INFO - Sync 1 DAGs
[2026-04-13T08:59:27.930+0900] {logging_mixin.py:190} INFO - [2026-04-13T08:59:27.930+0900] {dag.py:4138} INFO - Setting next_dagrun for example_sensor_decorator to None, run_after=None
[2026-04-13T08:59:27.945+0900] {processor.py:208} INFO - Processing /home/airflow/.local/lib/python3.12/site-packages/airflow/example_dags/example_sensor_decorator.py took 0.060 seconds
[2026-04-13T08:59:58.454+0900] {processor.py:186} INFO - Started process (PID=533) to work on /home/airflow/.local/lib/python3.12/site-packages/airflow/example_dags/example_sensor_decorator.py
[2026-04-13T08:59:58.455+0900] {processor.py:914} INFO - Processing file /home/airflow/.local/lib/python3.12/site-packages/airflow/example_dags/example_sensor_decorator.py for tasks to queue
[2026-04-13T08:59:58.458+0900] {logging_mixin.py:190} INFO - [2026-04-13T08:59:58.457+0900] {dagbag.py:587} INFO - Filling up the DagBag from /home/airflow/.local/lib/python3.12/site-packages/airflow/example_dags/example_sensor_decorator.py
[2026-04-13T08:59:58.465+0900] {processor.py:925} INFO - DAG(s) 'example_sensor_decorator' retrieved from /home/airflow/.local/lib/python3.12/site-packages/airflow/example_dags/example_sensor_decorator.py
[2026-04-13T08:59:58.480+0900] {logging_mixin.py:190} INFO - [2026-04-13T08:59:58.480+0900] {dag.py:3211} INFO - Sync 1 DAGs
[2026-04-13T08:59:58.492+0900] {logging_mixin.py:190} INFO - [2026-04-13T08:59:58.492+0900] {dag.py:4138} INFO - Setting next_dagrun for example_sensor_decorator to None, run_after=None
[2026-04-13T08:59:58.507+0900] {processor.py:208} INFO - Processing /home/airflow/.local/lib/python3.12/site-packages/airflow/example_dags/example_sensor_decorator.py took 0.057 seconds
