[2026-04-13T08:56:55.898+0900] {processor.py:186} INFO - Started process (PID=135) to work on /home/airflow/.local/lib/python3.12/site-packages/airflow/example_dags/example_outlet_event_extra.py
[2026-04-13T08:56:55.900+0900] {processor.py:914} INFO - Processing file /home/airflow/.local/lib/python3.12/site-packages/airflow/example_dags/example_outlet_event_extra.py for tasks to queue
[2026-04-13T08:56:55.903+0900] {logging_mixin.py:190} INFO - [2026-04-13T08:56:55.903+0900] {dagbag.py:587} INFO - Filling up the DagBag from /home/airflow/.local/lib/python3.12/site-packages/airflow/example_dags/example_outlet_event_extra.py
[2026-04-13T08:56:56.016+0900] {processor.py:925} INFO - DAG(s) 'dataset_with_extra_by_context', 'dataset_with_extra_by_yield', 'dataset_with_extra_from_classic_operator' retrieved from /home/airflow/.local/lib/python3.12/site-packages/airflow/example_dags/example_outlet_event_extra.py
[2026-04-13T08:56:56.043+0900] {logging_mixin.py:190} INFO - [2026-04-13T08:56:56.042+0900] {dag.py:3211} INFO - Sync 3 DAGs
[2026-04-13T08:56:56.060+0900] {logging_mixin.py:190} INFO - [2026-04-13T08:56:56.060+0900] {dag.py:4138} INFO - Setting next_dagrun for dataset_with_extra_by_context to 2026-04-11 00:00:00+00:00, run_after=2026-04-12 00:00:00+00:00
[2026-04-13T08:56:56.064+0900] {logging_mixin.py:190} INFO - [2026-04-13T08:56:56.064+0900] {dag.py:4138} INFO - Setting next_dagrun for dataset_with_extra_by_yield to 2026-04-11 00:00:00+00:00, run_after=2026-04-12 00:00:00+00:00
[2026-04-13T08:56:56.066+0900] {logging_mixin.py:190} INFO - [2026-04-13T08:56:56.066+0900] {dag.py:4138} INFO - Setting next_dagrun for dataset_with_extra_from_classic_operator to 2026-04-11 00:00:00+00:00, run_after=2026-04-12 00:00:00+00:00
[2026-04-13T08:56:56.084+0900] {processor.py:208} INFO - Processing /home/airflow/.local/lib/python3.12/site-packages/airflow/example_dags/example_outlet_event_extra.py took 0.190 seconds
[2026-04-13T08:57:26.242+0900] {processor.py:186} INFO - Started process (PID=202) to work on /home/airflow/.local/lib/python3.12/site-packages/airflow/example_dags/example_outlet_event_extra.py
[2026-04-13T08:57:26.243+0900] {processor.py:914} INFO - Processing file /home/airflow/.local/lib/python3.12/site-packages/airflow/example_dags/example_outlet_event_extra.py for tasks to queue
[2026-04-13T08:57:26.246+0900] {logging_mixin.py:190} INFO - [2026-04-13T08:57:26.245+0900] {dagbag.py:587} INFO - Filling up the DagBag from /home/airflow/.local/lib/python3.12/site-packages/airflow/example_dags/example_outlet_event_extra.py
[2026-04-13T08:57:26.358+0900] {processor.py:925} INFO - DAG(s) 'dataset_with_extra_from_classic_operator', 'dataset_with_extra_by_yield', 'dataset_with_extra_by_context' retrieved from /home/airflow/.local/lib/python3.12/site-packages/airflow/example_dags/example_outlet_event_extra.py
[2026-04-13T08:57:26.377+0900] {logging_mixin.py:190} INFO - [2026-04-13T08:57:26.377+0900] {dag.py:3211} INFO - Sync 3 DAGs
[2026-04-13T08:57:26.396+0900] {logging_mixin.py:190} INFO - [2026-04-13T08:57:26.396+0900] {dag.py:4138} INFO - Setting next_dagrun for dataset_with_extra_by_context to 2026-04-11 00:00:00+00:00, run_after=2026-04-12 00:00:00+00:00
[2026-04-13T08:57:26.400+0900] {logging_mixin.py:190} INFO - [2026-04-13T08:57:26.400+0900] {dag.py:4138} INFO - Setting next_dagrun for dataset_with_extra_by_yield to 2026-04-11 00:00:00+00:00, run_after=2026-04-12 00:00:00+00:00
[2026-04-13T08:57:26.402+0900] {logging_mixin.py:190} INFO - [2026-04-13T08:57:26.401+0900] {dag.py:4138} INFO - Setting next_dagrun for dataset_with_extra_from_classic_operator to 2026-04-11 00:00:00+00:00, run_after=2026-04-12 00:00:00+00:00
[2026-04-13T08:57:26.425+0900] {processor.py:208} INFO - Processing /home/airflow/.local/lib/python3.12/site-packages/airflow/example_dags/example_outlet_event_extra.py took 0.187 seconds
[2026-04-13T08:57:57.145+0900] {processor.py:186} INFO - Started process (PID=269) to work on /home/airflow/.local/lib/python3.12/site-packages/airflow/example_dags/example_outlet_event_extra.py
[2026-04-13T08:57:57.146+0900] {processor.py:914} INFO - Processing file /home/airflow/.local/lib/python3.12/site-packages/airflow/example_dags/example_outlet_event_extra.py for tasks to queue
[2026-04-13T08:57:57.149+0900] {logging_mixin.py:190} INFO - [2026-04-13T08:57:57.149+0900] {dagbag.py:587} INFO - Filling up the DagBag from /home/airflow/.local/lib/python3.12/site-packages/airflow/example_dags/example_outlet_event_extra.py
[2026-04-13T08:57:57.249+0900] {processor.py:925} INFO - DAG(s) 'dataset_with_extra_by_context', 'dataset_with_extra_by_yield', 'dataset_with_extra_from_classic_operator' retrieved from /home/airflow/.local/lib/python3.12/site-packages/airflow/example_dags/example_outlet_event_extra.py
[2026-04-13T08:57:57.268+0900] {logging_mixin.py:190} INFO - [2026-04-13T08:57:57.268+0900] {dag.py:3211} INFO - Sync 3 DAGs
[2026-04-13T08:57:57.289+0900] {logging_mixin.py:190} INFO - [2026-04-13T08:57:57.289+0900] {dag.py:4138} INFO - Setting next_dagrun for dataset_with_extra_by_context to 2026-04-11 00:00:00+00:00, run_after=2026-04-12 00:00:00+00:00
[2026-04-13T08:57:57.293+0900] {logging_mixin.py:190} INFO - [2026-04-13T08:57:57.293+0900] {dag.py:4138} INFO - Setting next_dagrun for dataset_with_extra_by_yield to 2026-04-11 00:00:00+00:00, run_after=2026-04-12 00:00:00+00:00
[2026-04-13T08:57:57.295+0900] {logging_mixin.py:190} INFO - [2026-04-13T08:57:57.295+0900] {dag.py:4138} INFO - Setting next_dagrun for dataset_with_extra_from_classic_operator to 2026-04-11 00:00:00+00:00, run_after=2026-04-12 00:00:00+00:00
[2026-04-13T08:57:57.310+0900] {processor.py:208} INFO - Processing /home/airflow/.local/lib/python3.12/site-packages/airflow/example_dags/example_outlet_event_extra.py took 0.169 seconds
[2026-04-13T08:58:27.650+0900] {processor.py:186} INFO - Started process (PID=336) to work on /home/airflow/.local/lib/python3.12/site-packages/airflow/example_dags/example_outlet_event_extra.py
[2026-04-13T08:58:27.652+0900] {processor.py:914} INFO - Processing file /home/airflow/.local/lib/python3.12/site-packages/airflow/example_dags/example_outlet_event_extra.py for tasks to queue
[2026-04-13T08:58:27.654+0900] {logging_mixin.py:190} INFO - [2026-04-13T08:58:27.654+0900] {dagbag.py:587} INFO - Filling up the DagBag from /home/airflow/.local/lib/python3.12/site-packages/airflow/example_dags/example_outlet_event_extra.py
[2026-04-13T08:58:27.756+0900] {processor.py:925} INFO - DAG(s) 'dataset_with_extra_by_context', 'dataset_with_extra_by_yield', 'dataset_with_extra_from_classic_operator' retrieved from /home/airflow/.local/lib/python3.12/site-packages/airflow/example_dags/example_outlet_event_extra.py
[2026-04-13T08:58:27.776+0900] {logging_mixin.py:190} INFO - [2026-04-13T08:58:27.776+0900] {dag.py:3211} INFO - Sync 3 DAGs
[2026-04-13T08:58:27.795+0900] {logging_mixin.py:190} INFO - [2026-04-13T08:58:27.795+0900] {dag.py:4138} INFO - Setting next_dagrun for dataset_with_extra_by_context to 2026-04-11 00:00:00+00:00, run_after=2026-04-12 00:00:00+00:00
[2026-04-13T08:58:27.799+0900] {logging_mixin.py:190} INFO - [2026-04-13T08:58:27.798+0900] {dag.py:4138} INFO - Setting next_dagrun for dataset_with_extra_by_yield to 2026-04-11 00:00:00+00:00, run_after=2026-04-12 00:00:00+00:00
[2026-04-13T08:58:27.800+0900] {logging_mixin.py:190} INFO - [2026-04-13T08:58:27.800+0900] {dag.py:4138} INFO - Setting next_dagrun for dataset_with_extra_from_classic_operator to 2026-04-11 00:00:00+00:00, run_after=2026-04-12 00:00:00+00:00
[2026-04-13T08:58:27.815+0900] {processor.py:208} INFO - Processing /home/airflow/.local/lib/python3.12/site-packages/airflow/example_dags/example_outlet_event_extra.py took 0.169 seconds
[2026-04-13T08:58:58.413+0900] {processor.py:186} INFO - Started process (PID=403) to work on /home/airflow/.local/lib/python3.12/site-packages/airflow/example_dags/example_outlet_event_extra.py
[2026-04-13T08:58:58.414+0900] {processor.py:914} INFO - Processing file /home/airflow/.local/lib/python3.12/site-packages/airflow/example_dags/example_outlet_event_extra.py for tasks to queue
[2026-04-13T08:58:58.416+0900] {logging_mixin.py:190} INFO - [2026-04-13T08:58:58.415+0900] {dagbag.py:587} INFO - Filling up the DagBag from /home/airflow/.local/lib/python3.12/site-packages/airflow/example_dags/example_outlet_event_extra.py
[2026-04-13T08:58:58.514+0900] {processor.py:925} INFO - DAG(s) 'dataset_with_extra_from_classic_operator', 'dataset_with_extra_by_yield', 'dataset_with_extra_by_context' retrieved from /home/airflow/.local/lib/python3.12/site-packages/airflow/example_dags/example_outlet_event_extra.py
[2026-04-13T08:58:58.533+0900] {logging_mixin.py:190} INFO - [2026-04-13T08:58:58.533+0900] {dag.py:3211} INFO - Sync 3 DAGs
[2026-04-13T08:58:58.549+0900] {logging_mixin.py:190} INFO - [2026-04-13T08:58:58.549+0900] {dag.py:4138} INFO - Setting next_dagrun for dataset_with_extra_by_context to 2026-04-11 00:00:00+00:00, run_after=2026-04-12 00:00:00+00:00
[2026-04-13T08:58:58.554+0900] {logging_mixin.py:190} INFO - [2026-04-13T08:58:58.554+0900] {dag.py:4138} INFO - Setting next_dagrun for dataset_with_extra_by_yield to 2026-04-11 00:00:00+00:00, run_after=2026-04-12 00:00:00+00:00
[2026-04-13T08:58:58.556+0900] {logging_mixin.py:190} INFO - [2026-04-13T08:58:58.556+0900] {dag.py:4138} INFO - Setting next_dagrun for dataset_with_extra_from_classic_operator to 2026-04-11 00:00:00+00:00, run_after=2026-04-12 00:00:00+00:00
[2026-04-13T08:58:58.571+0900] {processor.py:208} INFO - Processing /home/airflow/.local/lib/python3.12/site-packages/airflow/example_dags/example_outlet_event_extra.py took 0.164 seconds
[2026-04-13T08:59:28.834+0900] {processor.py:186} INFO - Started process (PID=470) to work on /home/airflow/.local/lib/python3.12/site-packages/airflow/example_dags/example_outlet_event_extra.py
[2026-04-13T08:59:28.835+0900] {processor.py:914} INFO - Processing file /home/airflow/.local/lib/python3.12/site-packages/airflow/example_dags/example_outlet_event_extra.py for tasks to queue
[2026-04-13T08:59:28.838+0900] {logging_mixin.py:190} INFO - [2026-04-13T08:59:28.837+0900] {dagbag.py:587} INFO - Filling up the DagBag from /home/airflow/.local/lib/python3.12/site-packages/airflow/example_dags/example_outlet_event_extra.py
[2026-04-13T08:59:28.969+0900] {processor.py:925} INFO - DAG(s) 'dataset_with_extra_by_context', 'dataset_with_extra_from_classic_operator', 'dataset_with_extra_by_yield' retrieved from /home/airflow/.local/lib/python3.12/site-packages/airflow/example_dags/example_outlet_event_extra.py
[2026-04-13T08:59:28.998+0900] {logging_mixin.py:190} INFO - [2026-04-13T08:59:28.998+0900] {dag.py:3211} INFO - Sync 3 DAGs
[2026-04-13T08:59:29.024+0900] {logging_mixin.py:190} INFO - [2026-04-13T08:59:29.024+0900] {dag.py:4138} INFO - Setting next_dagrun for dataset_with_extra_by_context to 2026-04-11 00:00:00+00:00, run_after=2026-04-12 00:00:00+00:00
[2026-04-13T08:59:29.031+0900] {logging_mixin.py:190} INFO - [2026-04-13T08:59:29.031+0900] {dag.py:4138} INFO - Setting next_dagrun for dataset_with_extra_by_yield to 2026-04-11 00:00:00+00:00, run_after=2026-04-12 00:00:00+00:00
[2026-04-13T08:59:29.034+0900] {logging_mixin.py:190} INFO - [2026-04-13T08:59:29.033+0900] {dag.py:4138} INFO - Setting next_dagrun for dataset_with_extra_from_classic_operator to 2026-04-11 00:00:00+00:00, run_after=2026-04-12 00:00:00+00:00
[2026-04-13T08:59:29.062+0900] {processor.py:208} INFO - Processing /home/airflow/.local/lib/python3.12/site-packages/airflow/example_dags/example_outlet_event_extra.py took 0.233 seconds
[2026-04-13T08:59:59.792+0900] {processor.py:186} INFO - Started process (PID=549) to work on /home/airflow/.local/lib/python3.12/site-packages/airflow/example_dags/example_outlet_event_extra.py
[2026-04-13T08:59:59.793+0900] {processor.py:914} INFO - Processing file /home/airflow/.local/lib/python3.12/site-packages/airflow/example_dags/example_outlet_event_extra.py for tasks to queue
[2026-04-13T08:59:59.797+0900] {logging_mixin.py:190} INFO - [2026-04-13T08:59:59.796+0900] {dagbag.py:587} INFO - Filling up the DagBag from /home/airflow/.local/lib/python3.12/site-packages/airflow/example_dags/example_outlet_event_extra.py
[2026-04-13T08:59:59.900+0900] {processor.py:925} INFO - DAG(s) 'dataset_with_extra_by_yield', 'dataset_with_extra_by_context', 'dataset_with_extra_from_classic_operator' retrieved from /home/airflow/.local/lib/python3.12/site-packages/airflow/example_dags/example_outlet_event_extra.py
[2026-04-13T08:59:59.919+0900] {logging_mixin.py:190} INFO - [2026-04-13T08:59:59.919+0900] {dag.py:3211} INFO - Sync 3 DAGs
[2026-04-13T08:59:59.936+0900] {logging_mixin.py:190} INFO - [2026-04-13T08:59:59.936+0900] {dag.py:4138} INFO - Setting next_dagrun for dataset_with_extra_by_context to 2026-04-11 00:00:00+00:00, run_after=2026-04-12 00:00:00+00:00
[2026-04-13T08:59:59.940+0900] {logging_mixin.py:190} INFO - [2026-04-13T08:59:59.940+0900] {dag.py:4138} INFO - Setting next_dagrun for dataset_with_extra_by_yield to 2026-04-11 00:00:00+00:00, run_after=2026-04-12 00:00:00+00:00
[2026-04-13T08:59:59.942+0900] {logging_mixin.py:190} INFO - [2026-04-13T08:59:59.942+0900] {dag.py:4138} INFO - Setting next_dagrun for dataset_with_extra_from_classic_operator to 2026-04-11 00:00:00+00:00, run_after=2026-04-12 00:00:00+00:00
[2026-04-13T08:59:59.957+0900] {processor.py:208} INFO - Processing /home/airflow/.local/lib/python3.12/site-packages/airflow/example_dags/example_outlet_event_extra.py took 0.170 seconds
