[2026-04-13T08:56:55.506+0900] {processor.py:186} INFO - Started process (PID=128) to work on /home/airflow/.local/lib/python3.12/site-packages/airflow/example_dags/example_short_circuit_operator.py
[2026-04-13T08:56:55.508+0900] {processor.py:914} INFO - Processing file /home/airflow/.local/lib/python3.12/site-packages/airflow/example_dags/example_short_circuit_operator.py for tasks to queue
[2026-04-13T08:56:55.510+0900] {logging_mixin.py:190} INFO - [2026-04-13T08:56:55.510+0900] {dagbag.py:587} INFO - Filling up the DagBag from /home/airflow/.local/lib/python3.12/site-packages/airflow/example_dags/example_short_circuit_operator.py
[2026-04-13T08:56:55.517+0900] {processor.py:925} INFO - DAG(s) 'example_short_circuit_operator' retrieved from /home/airflow/.local/lib/python3.12/site-packages/airflow/example_dags/example_short_circuit_operator.py
[2026-04-13T08:56:55.542+0900] {logging_mixin.py:190} INFO - [2026-04-13T08:56:55.541+0900] {dag.py:3211} INFO - Sync 1 DAGs
[2026-04-13T08:56:55.561+0900] {logging_mixin.py:190} INFO - [2026-04-13T08:56:55.560+0900] {dag.py:4138} INFO - Setting next_dagrun for example_short_circuit_operator to 2026-04-11 00:00:00+00:00, run_after=2026-04-12 00:00:00+00:00
[2026-04-13T08:56:55.581+0900] {processor.py:208} INFO - Processing /home/airflow/.local/lib/python3.12/site-packages/airflow/example_dags/example_short_circuit_operator.py took 0.080 seconds
[2026-04-13T08:57:25.895+0900] {processor.py:186} INFO - Started process (PID=195) to work on /home/airflow/.local/lib/python3.12/site-packages/airflow/example_dags/example_short_circuit_operator.py
[2026-04-13T08:57:25.897+0900] {processor.py:914} INFO - Processing file /home/airflow/.local/lib/python3.12/site-packages/airflow/example_dags/example_short_circuit_operator.py for tasks to queue
[2026-04-13T08:57:25.899+0900] {logging_mixin.py:190} INFO - [2026-04-13T08:57:25.899+0900] {dagbag.py:587} INFO - Filling up the DagBag from /home/airflow/.local/lib/python3.12/site-packages/airflow/example_dags/example_short_circuit_operator.py
[2026-04-13T08:57:25.907+0900] {processor.py:925} INFO - DAG(s) 'example_short_circuit_operator' retrieved from /home/airflow/.local/lib/python3.12/site-packages/airflow/example_dags/example_short_circuit_operator.py
[2026-04-13T08:57:25.924+0900] {logging_mixin.py:190} INFO - [2026-04-13T08:57:25.924+0900] {dag.py:3211} INFO - Sync 1 DAGs
[2026-04-13T08:57:25.942+0900] {logging_mixin.py:190} INFO - [2026-04-13T08:57:25.942+0900] {dag.py:4138} INFO - Setting next_dagrun for example_short_circuit_operator to 2026-04-11 00:00:00+00:00, run_after=2026-04-12 00:00:00+00:00
[2026-04-13T08:57:25.958+0900] {processor.py:208} INFO - Processing /home/airflow/.local/lib/python3.12/site-packages/airflow/example_dags/example_short_circuit_operator.py took 0.068 seconds
[2026-04-13T08:57:56.766+0900] {processor.py:186} INFO - Started process (PID=262) to work on /home/airflow/.local/lib/python3.12/site-packages/airflow/example_dags/example_short_circuit_operator.py
[2026-04-13T08:57:56.767+0900] {processor.py:914} INFO - Processing file /home/airflow/.local/lib/python3.12/site-packages/airflow/example_dags/example_short_circuit_operator.py for tasks to queue
[2026-04-13T08:57:56.769+0900] {logging_mixin.py:190} INFO - [2026-04-13T08:57:56.769+0900] {dagbag.py:587} INFO - Filling up the DagBag from /home/airflow/.local/lib/python3.12/site-packages/airflow/example_dags/example_short_circuit_operator.py
[2026-04-13T08:57:56.777+0900] {processor.py:925} INFO - DAG(s) 'example_short_circuit_operator' retrieved from /home/airflow/.local/lib/python3.12/site-packages/airflow/example_dags/example_short_circuit_operator.py
[2026-04-13T08:57:56.798+0900] {logging_mixin.py:190} INFO - [2026-04-13T08:57:56.797+0900] {dag.py:3211} INFO - Sync 1 DAGs
[2026-04-13T08:57:56.816+0900] {logging_mixin.py:190} INFO - [2026-04-13T08:57:56.816+0900] {dag.py:4138} INFO - Setting next_dagrun for example_short_circuit_operator to 2026-04-11 00:00:00+00:00, run_after=2026-04-12 00:00:00+00:00
[2026-04-13T08:57:56.830+0900] {processor.py:208} INFO - Processing /home/airflow/.local/lib/python3.12/site-packages/airflow/example_dags/example_short_circuit_operator.py took 0.068 seconds
[2026-04-13T08:58:27.308+0900] {processor.py:186} INFO - Started process (PID=329) to work on /home/airflow/.local/lib/python3.12/site-packages/airflow/example_dags/example_short_circuit_operator.py
[2026-04-13T08:58:27.309+0900] {processor.py:914} INFO - Processing file /home/airflow/.local/lib/python3.12/site-packages/airflow/example_dags/example_short_circuit_operator.py for tasks to queue
[2026-04-13T08:58:27.311+0900] {logging_mixin.py:190} INFO - [2026-04-13T08:58:27.311+0900] {dagbag.py:587} INFO - Filling up the DagBag from /home/airflow/.local/lib/python3.12/site-packages/airflow/example_dags/example_short_circuit_operator.py
[2026-04-13T08:58:27.318+0900] {processor.py:925} INFO - DAG(s) 'example_short_circuit_operator' retrieved from /home/airflow/.local/lib/python3.12/site-packages/airflow/example_dags/example_short_circuit_operator.py
[2026-04-13T08:58:27.334+0900] {logging_mixin.py:190} INFO - [2026-04-13T08:58:27.334+0900] {dag.py:3211} INFO - Sync 1 DAGs
[2026-04-13T08:58:27.350+0900] {logging_mixin.py:190} INFO - [2026-04-13T08:58:27.350+0900] {dag.py:4138} INFO - Setting next_dagrun for example_short_circuit_operator to 2026-04-11 00:00:00+00:00, run_after=2026-04-12 00:00:00+00:00
[2026-04-13T08:58:27.362+0900] {processor.py:208} INFO - Processing /home/airflow/.local/lib/python3.12/site-packages/airflow/example_dags/example_short_circuit_operator.py took 0.058 seconds
[2026-04-13T08:58:57.929+0900] {processor.py:186} INFO - Started process (PID=396) to work on /home/airflow/.local/lib/python3.12/site-packages/airflow/example_dags/example_short_circuit_operator.py
[2026-04-13T08:58:57.930+0900] {processor.py:914} INFO - Processing file /home/airflow/.local/lib/python3.12/site-packages/airflow/example_dags/example_short_circuit_operator.py for tasks to queue
[2026-04-13T08:58:57.932+0900] {logging_mixin.py:190} INFO - [2026-04-13T08:58:57.932+0900] {dagbag.py:587} INFO - Filling up the DagBag from /home/airflow/.local/lib/python3.12/site-packages/airflow/example_dags/example_short_circuit_operator.py
[2026-04-13T08:58:57.938+0900] {processor.py:925} INFO - DAG(s) 'example_short_circuit_operator' retrieved from /home/airflow/.local/lib/python3.12/site-packages/airflow/example_dags/example_short_circuit_operator.py
[2026-04-13T08:58:57.956+0900] {logging_mixin.py:190} INFO - [2026-04-13T08:58:57.955+0900] {dag.py:3211} INFO - Sync 1 DAGs
[2026-04-13T08:58:57.972+0900] {logging_mixin.py:190} INFO - [2026-04-13T08:58:57.971+0900] {dag.py:4138} INFO - Setting next_dagrun for example_short_circuit_operator to 2026-04-11 00:00:00+00:00, run_after=2026-04-12 00:00:00+00:00
[2026-04-13T08:58:57.984+0900] {processor.py:208} INFO - Processing /home/airflow/.local/lib/python3.12/site-packages/airflow/example_dags/example_short_circuit_operator.py took 0.060 seconds
[2026-04-13T08:59:28.482+0900] {processor.py:186} INFO - Started process (PID=463) to work on /home/airflow/.local/lib/python3.12/site-packages/airflow/example_dags/example_short_circuit_operator.py
[2026-04-13T08:59:28.483+0900] {processor.py:914} INFO - Processing file /home/airflow/.local/lib/python3.12/site-packages/airflow/example_dags/example_short_circuit_operator.py for tasks to queue
[2026-04-13T08:59:28.485+0900] {logging_mixin.py:190} INFO - [2026-04-13T08:59:28.484+0900] {dagbag.py:587} INFO - Filling up the DagBag from /home/airflow/.local/lib/python3.12/site-packages/airflow/example_dags/example_short_circuit_operator.py
[2026-04-13T08:59:28.492+0900] {processor.py:925} INFO - DAG(s) 'example_short_circuit_operator' retrieved from /home/airflow/.local/lib/python3.12/site-packages/airflow/example_dags/example_short_circuit_operator.py
[2026-04-13T08:59:28.511+0900] {logging_mixin.py:190} INFO - [2026-04-13T08:59:28.511+0900] {dag.py:3211} INFO - Sync 1 DAGs
[2026-04-13T08:59:28.529+0900] {logging_mixin.py:190} INFO - [2026-04-13T08:59:28.528+0900] {dag.py:4138} INFO - Setting next_dagrun for example_short_circuit_operator to 2026-04-11 00:00:00+00:00, run_after=2026-04-12 00:00:00+00:00
[2026-04-13T08:59:28.543+0900] {processor.py:208} INFO - Processing /home/airflow/.local/lib/python3.12/site-packages/airflow/example_dags/example_short_circuit_operator.py took 0.066 seconds
[2026-04-13T08:59:59.257+0900] {processor.py:186} INFO - Started process (PID=542) to work on /home/airflow/.local/lib/python3.12/site-packages/airflow/example_dags/example_short_circuit_operator.py
[2026-04-13T08:59:59.258+0900] {processor.py:914} INFO - Processing file /home/airflow/.local/lib/python3.12/site-packages/airflow/example_dags/example_short_circuit_operator.py for tasks to queue
[2026-04-13T08:59:59.261+0900] {logging_mixin.py:190} INFO - [2026-04-13T08:59:59.260+0900] {dagbag.py:587} INFO - Filling up the DagBag from /home/airflow/.local/lib/python3.12/site-packages/airflow/example_dags/example_short_circuit_operator.py
[2026-04-13T08:59:59.268+0900] {processor.py:925} INFO - DAG(s) 'example_short_circuit_operator' retrieved from /home/airflow/.local/lib/python3.12/site-packages/airflow/example_dags/example_short_circuit_operator.py
[2026-04-13T08:59:59.286+0900] {logging_mixin.py:190} INFO - [2026-04-13T08:59:59.286+0900] {dag.py:3211} INFO - Sync 1 DAGs
[2026-04-13T08:59:59.304+0900] {logging_mixin.py:190} INFO - [2026-04-13T08:59:59.304+0900] {dag.py:4138} INFO - Setting next_dagrun for example_short_circuit_operator to 2026-04-11 00:00:00+00:00, run_after=2026-04-12 00:00:00+00:00
[2026-04-13T08:59:59.319+0900] {processor.py:208} INFO - Processing /home/airflow/.local/lib/python3.12/site-packages/airflow/example_dags/example_short_circuit_operator.py took 0.066 seconds
