[2026-04-13T08:56:55.622+0900] {processor.py:186} INFO - Started process (PID=130) to work on /home/airflow/.local/lib/python3.12/site-packages/airflow/example_dags/example_branch_python_dop_operator_3.py
[2026-04-13T08:56:55.623+0900] {processor.py:914} INFO - Processing file /home/airflow/.local/lib/python3.12/site-packages/airflow/example_dags/example_branch_python_dop_operator_3.py for tasks to queue
[2026-04-13T08:56:55.626+0900] {logging_mixin.py:190} INFO - [2026-04-13T08:56:55.625+0900] {dagbag.py:587} INFO - Filling up the DagBag from /home/airflow/.local/lib/python3.12/site-packages/airflow/example_dags/example_branch_python_dop_operator_3.py
[2026-04-13T08:56:55.634+0900] {processor.py:925} INFO - DAG(s) 'example_branch_dop_operator_v3' retrieved from /home/airflow/.local/lib/python3.12/site-packages/airflow/example_dags/example_branch_python_dop_operator_3.py
[2026-04-13T08:56:55.659+0900] {logging_mixin.py:190} INFO - [2026-04-13T08:56:55.659+0900] {dag.py:3211} INFO - Sync 1 DAGs
[2026-04-13T08:56:55.680+0900] {logging_mixin.py:190} INFO - [2026-04-13T08:56:55.680+0900] {dag.py:4138} INFO - Setting next_dagrun for example_branch_dop_operator_v3 to 2026-04-12 23:55:00+00:00, run_after=2026-04-12 23:56:00+00:00
[2026-04-13T08:56:55.696+0900] {processor.py:208} INFO - Processing /home/airflow/.local/lib/python3.12/site-packages/airflow/example_dags/example_branch_python_dop_operator_3.py took 0.080 seconds
[2026-04-13T08:57:25.995+0900] {processor.py:186} INFO - Started process (PID=197) to work on /home/airflow/.local/lib/python3.12/site-packages/airflow/example_dags/example_branch_python_dop_operator_3.py
[2026-04-13T08:57:25.996+0900] {processor.py:914} INFO - Processing file /home/airflow/.local/lib/python3.12/site-packages/airflow/example_dags/example_branch_python_dop_operator_3.py for tasks to queue
[2026-04-13T08:57:25.998+0900] {logging_mixin.py:190} INFO - [2026-04-13T08:57:25.998+0900] {dagbag.py:587} INFO - Filling up the DagBag from /home/airflow/.local/lib/python3.12/site-packages/airflow/example_dags/example_branch_python_dop_operator_3.py
[2026-04-13T08:57:26.007+0900] {processor.py:925} INFO - DAG(s) 'example_branch_dop_operator_v3' retrieved from /home/airflow/.local/lib/python3.12/site-packages/airflow/example_dags/example_branch_python_dop_operator_3.py
[2026-04-13T08:57:26.025+0900] {logging_mixin.py:190} INFO - [2026-04-13T08:57:26.024+0900] {dag.py:3211} INFO - Sync 1 DAGs
[2026-04-13T08:57:26.044+0900] {logging_mixin.py:190} INFO - [2026-04-13T08:57:26.044+0900] {dag.py:4138} INFO - Setting next_dagrun for example_branch_dop_operator_v3 to 2026-04-12 23:56:00+00:00, run_after=2026-04-12 23:57:00+00:00
[2026-04-13T08:57:26.059+0900] {processor.py:208} INFO - Processing /home/airflow/.local/lib/python3.12/site-packages/airflow/example_dags/example_branch_python_dop_operator_3.py took 0.070 seconds
[2026-04-13T08:57:56.868+0900] {processor.py:186} INFO - Started process (PID=264) to work on /home/airflow/.local/lib/python3.12/site-packages/airflow/example_dags/example_branch_python_dop_operator_3.py
[2026-04-13T08:57:56.869+0900] {processor.py:914} INFO - Processing file /home/airflow/.local/lib/python3.12/site-packages/airflow/example_dags/example_branch_python_dop_operator_3.py for tasks to queue
[2026-04-13T08:57:56.871+0900] {logging_mixin.py:190} INFO - [2026-04-13T08:57:56.871+0900] {dagbag.py:587} INFO - Filling up the DagBag from /home/airflow/.local/lib/python3.12/site-packages/airflow/example_dags/example_branch_python_dop_operator_3.py
[2026-04-13T08:57:56.879+0900] {processor.py:925} INFO - DAG(s) 'example_branch_dop_operator_v3' retrieved from /home/airflow/.local/lib/python3.12/site-packages/airflow/example_dags/example_branch_python_dop_operator_3.py
[2026-04-13T08:57:56.897+0900] {logging_mixin.py:190} INFO - [2026-04-13T08:57:56.897+0900] {dag.py:3211} INFO - Sync 1 DAGs
[2026-04-13T08:57:56.922+0900] {logging_mixin.py:190} INFO - [2026-04-13T08:57:56.921+0900] {dag.py:4138} INFO - Setting next_dagrun for example_branch_dop_operator_v3 to 2026-04-12 23:56:00+00:00, run_after=2026-04-12 23:57:00+00:00
[2026-04-13T08:57:56.941+0900] {processor.py:208} INFO - Processing /home/airflow/.local/lib/python3.12/site-packages/airflow/example_dags/example_branch_python_dop_operator_3.py took 0.078 seconds
[2026-04-13T08:58:27.391+0900] {processor.py:186} INFO - Started process (PID=331) to work on /home/airflow/.local/lib/python3.12/site-packages/airflow/example_dags/example_branch_python_dop_operator_3.py
[2026-04-13T08:58:27.393+0900] {processor.py:914} INFO - Processing file /home/airflow/.local/lib/python3.12/site-packages/airflow/example_dags/example_branch_python_dop_operator_3.py for tasks to queue
[2026-04-13T08:58:27.395+0900] {logging_mixin.py:190} INFO - [2026-04-13T08:58:27.394+0900] {dagbag.py:587} INFO - Filling up the DagBag from /home/airflow/.local/lib/python3.12/site-packages/airflow/example_dags/example_branch_python_dop_operator_3.py
[2026-04-13T08:58:27.403+0900] {processor.py:925} INFO - DAG(s) 'example_branch_dop_operator_v3' retrieved from /home/airflow/.local/lib/python3.12/site-packages/airflow/example_dags/example_branch_python_dop_operator_3.py
[2026-04-13T08:58:27.418+0900] {logging_mixin.py:190} INFO - [2026-04-13T08:58:27.418+0900] {dag.py:3211} INFO - Sync 1 DAGs
[2026-04-13T08:58:27.439+0900] {logging_mixin.py:190} INFO - [2026-04-13T08:58:27.438+0900] {dag.py:4138} INFO - Setting next_dagrun for example_branch_dop_operator_v3 to 2026-04-12 23:57:00+00:00, run_after=2026-04-12 23:58:00+00:00
[2026-04-13T08:58:27.455+0900] {processor.py:208} INFO - Processing /home/airflow/.local/lib/python3.12/site-packages/airflow/example_dags/example_branch_python_dop_operator_3.py took 0.068 seconds
[2026-04-13T08:58:58.015+0900] {processor.py:186} INFO - Started process (PID=398) to work on /home/airflow/.local/lib/python3.12/site-packages/airflow/example_dags/example_branch_python_dop_operator_3.py
[2026-04-13T08:58:58.016+0900] {processor.py:914} INFO - Processing file /home/airflow/.local/lib/python3.12/site-packages/airflow/example_dags/example_branch_python_dop_operator_3.py for tasks to queue
[2026-04-13T08:58:58.018+0900] {logging_mixin.py:190} INFO - [2026-04-13T08:58:58.018+0900] {dagbag.py:587} INFO - Filling up the DagBag from /home/airflow/.local/lib/python3.12/site-packages/airflow/example_dags/example_branch_python_dop_operator_3.py
[2026-04-13T08:58:58.026+0900] {processor.py:925} INFO - DAG(s) 'example_branch_dop_operator_v3' retrieved from /home/airflow/.local/lib/python3.12/site-packages/airflow/example_dags/example_branch_python_dop_operator_3.py
[2026-04-13T08:58:58.040+0900] {logging_mixin.py:190} INFO - [2026-04-13T08:58:58.040+0900] {dag.py:3211} INFO - Sync 1 DAGs
[2026-04-13T08:58:58.057+0900] {logging_mixin.py:190} INFO - [2026-04-13T08:58:58.057+0900] {dag.py:4138} INFO - Setting next_dagrun for example_branch_dop_operator_v3 to 2026-04-12 23:57:00+00:00, run_after=2026-04-12 23:58:00+00:00
[2026-04-13T08:58:58.071+0900] {processor.py:208} INFO - Processing /home/airflow/.local/lib/python3.12/site-packages/airflow/example_dags/example_branch_python_dop_operator_3.py took 0.060 seconds
[2026-04-13T08:59:28.620+0900] {processor.py:186} INFO - Started process (PID=465) to work on /home/airflow/.local/lib/python3.12/site-packages/airflow/example_dags/example_branch_python_dop_operator_3.py
[2026-04-13T08:59:28.621+0900] {processor.py:914} INFO - Processing file /home/airflow/.local/lib/python3.12/site-packages/airflow/example_dags/example_branch_python_dop_operator_3.py for tasks to queue
[2026-04-13T08:59:28.623+0900] {logging_mixin.py:190} INFO - [2026-04-13T08:59:28.623+0900] {dagbag.py:587} INFO - Filling up the DagBag from /home/airflow/.local/lib/python3.12/site-packages/airflow/example_dags/example_branch_python_dop_operator_3.py
[2026-04-13T08:59:28.632+0900] {processor.py:925} INFO - DAG(s) 'example_branch_dop_operator_v3' retrieved from /home/airflow/.local/lib/python3.12/site-packages/airflow/example_dags/example_branch_python_dop_operator_3.py
[2026-04-13T08:59:28.647+0900] {logging_mixin.py:190} INFO - [2026-04-13T08:59:28.647+0900] {dag.py:3211} INFO - Sync 1 DAGs
[2026-04-13T08:59:28.664+0900] {logging_mixin.py:190} INFO - [2026-04-13T08:59:28.664+0900] {dag.py:4138} INFO - Setting next_dagrun for example_branch_dop_operator_v3 to 2026-04-12 23:58:00+00:00, run_after=2026-04-12 23:59:00+00:00
[2026-04-13T08:59:28.677+0900] {processor.py:208} INFO - Processing /home/airflow/.local/lib/python3.12/site-packages/airflow/example_dags/example_branch_python_dop_operator_3.py took 0.061 seconds
[2026-04-13T08:59:59.462+0900] {processor.py:186} INFO - Started process (PID=544) to work on /home/airflow/.local/lib/python3.12/site-packages/airflow/example_dags/example_branch_python_dop_operator_3.py
[2026-04-13T08:59:59.463+0900] {processor.py:914} INFO - Processing file /home/airflow/.local/lib/python3.12/site-packages/airflow/example_dags/example_branch_python_dop_operator_3.py for tasks to queue
[2026-04-13T08:59:59.466+0900] {logging_mixin.py:190} INFO - [2026-04-13T08:59:59.465+0900] {dagbag.py:587} INFO - Filling up the DagBag from /home/airflow/.local/lib/python3.12/site-packages/airflow/example_dags/example_branch_python_dop_operator_3.py
[2026-04-13T08:59:59.475+0900] {processor.py:925} INFO - DAG(s) 'example_branch_dop_operator_v3' retrieved from /home/airflow/.local/lib/python3.12/site-packages/airflow/example_dags/example_branch_python_dop_operator_3.py
[2026-04-13T08:59:59.494+0900] {logging_mixin.py:190} INFO - [2026-04-13T08:59:59.494+0900] {dag.py:3211} INFO - Sync 1 DAGs
[2026-04-13T08:59:59.514+0900] {logging_mixin.py:190} INFO - [2026-04-13T08:59:59.514+0900] {dag.py:4138} INFO - Setting next_dagrun for example_branch_dop_operator_v3 to 2026-04-12 23:58:00+00:00, run_after=2026-04-12 23:59:00+00:00
[2026-04-13T08:59:59.532+0900] {processor.py:208} INFO - Processing /home/airflow/.local/lib/python3.12/site-packages/airflow/example_dags/example_branch_python_dop_operator_3.py took 0.075 seconds
