[2026-04-13T08:56:52.474+0900] {processor.py:186} INFO - Started process (PID=83) to work on /home/airflow/.local/lib/python3.12/site-packages/airflow/example_dags/example_xcomargs.py
[2026-04-13T08:56:52.476+0900] {processor.py:914} INFO - Processing file /home/airflow/.local/lib/python3.12/site-packages/airflow/example_dags/example_xcomargs.py for tasks to queue
[2026-04-13T08:56:52.478+0900] {logging_mixin.py:190} INFO - [2026-04-13T08:56:52.478+0900] {dagbag.py:587} INFO - Filling up the DagBag from /home/airflow/.local/lib/python3.12/site-packages/airflow/example_dags/example_xcomargs.py
[2026-04-13T08:56:52.487+0900] {processor.py:925} INFO - DAG(s) 'example_xcom_args', 'example_xcom_args_with_operators' retrieved from /home/airflow/.local/lib/python3.12/site-packages/airflow/example_dags/example_xcomargs.py
[2026-04-13T08:56:52.520+0900] {logging_mixin.py:190} INFO - [2026-04-13T08:56:52.520+0900] {dag.py:3211} INFO - Sync 2 DAGs
[2026-04-13T08:56:52.536+0900] {logging_mixin.py:190} INFO - [2026-04-13T08:56:52.536+0900] {dag.py:4138} INFO - Setting next_dagrun for example_xcom_args to None, run_after=None
[2026-04-13T08:56:52.542+0900] {logging_mixin.py:190} INFO - [2026-04-13T08:56:52.541+0900] {dag.py:4138} INFO - Setting next_dagrun for example_xcom_args_with_operators to None, run_after=None
[2026-04-13T08:56:52.558+0900] {processor.py:208} INFO - Processing /home/airflow/.local/lib/python3.12/site-packages/airflow/example_dags/example_xcomargs.py took 0.088 seconds
[2026-04-13T08:57:23.162+0900] {processor.py:186} INFO - Started process (PID=150) to work on /home/airflow/.local/lib/python3.12/site-packages/airflow/example_dags/example_xcomargs.py
[2026-04-13T08:57:23.163+0900] {processor.py:914} INFO - Processing file /home/airflow/.local/lib/python3.12/site-packages/airflow/example_dags/example_xcomargs.py for tasks to queue
[2026-04-13T08:57:23.164+0900] {logging_mixin.py:190} INFO - [2026-04-13T08:57:23.164+0900] {dagbag.py:587} INFO - Filling up the DagBag from /home/airflow/.local/lib/python3.12/site-packages/airflow/example_dags/example_xcomargs.py
[2026-04-13T08:57:23.172+0900] {processor.py:925} INFO - DAG(s) 'example_xcom_args_with_operators', 'example_xcom_args' retrieved from /home/airflow/.local/lib/python3.12/site-packages/airflow/example_dags/example_xcomargs.py
[2026-04-13T08:57:23.188+0900] {logging_mixin.py:190} INFO - [2026-04-13T08:57:23.188+0900] {dag.py:3211} INFO - Sync 2 DAGs
[2026-04-13T08:57:23.198+0900] {logging_mixin.py:190} INFO - [2026-04-13T08:57:23.197+0900] {dag.py:4138} INFO - Setting next_dagrun for example_xcom_args to None, run_after=None
[2026-04-13T08:57:23.200+0900] {logging_mixin.py:190} INFO - [2026-04-13T08:57:23.200+0900] {dag.py:4138} INFO - Setting next_dagrun for example_xcom_args_with_operators to None, run_after=None
[2026-04-13T08:57:23.213+0900] {processor.py:208} INFO - Processing /home/airflow/.local/lib/python3.12/site-packages/airflow/example_dags/example_xcomargs.py took 0.055 seconds
[2026-04-13T08:57:53.481+0900] {processor.py:186} INFO - Started process (PID=217) to work on /home/airflow/.local/lib/python3.12/site-packages/airflow/example_dags/example_xcomargs.py
[2026-04-13T08:57:53.482+0900] {processor.py:914} INFO - Processing file /home/airflow/.local/lib/python3.12/site-packages/airflow/example_dags/example_xcomargs.py for tasks to queue
[2026-04-13T08:57:53.485+0900] {logging_mixin.py:190} INFO - [2026-04-13T08:57:53.485+0900] {dagbag.py:587} INFO - Filling up the DagBag from /home/airflow/.local/lib/python3.12/site-packages/airflow/example_dags/example_xcomargs.py
[2026-04-13T08:57:53.493+0900] {processor.py:925} INFO - DAG(s) 'example_xcom_args', 'example_xcom_args_with_operators' retrieved from /home/airflow/.local/lib/python3.12/site-packages/airflow/example_dags/example_xcomargs.py
[2026-04-13T08:57:53.509+0900] {logging_mixin.py:190} INFO - [2026-04-13T08:57:53.509+0900] {dag.py:3211} INFO - Sync 2 DAGs
[2026-04-13T08:57:53.519+0900] {logging_mixin.py:190} INFO - [2026-04-13T08:57:53.519+0900] {dag.py:4138} INFO - Setting next_dagrun for example_xcom_args to None, run_after=None
[2026-04-13T08:57:53.522+0900] {logging_mixin.py:190} INFO - [2026-04-13T08:57:53.522+0900] {dag.py:4138} INFO - Setting next_dagrun for example_xcom_args_with_operators to None, run_after=None
[2026-04-13T08:57:53.534+0900] {processor.py:208} INFO - Processing /home/airflow/.local/lib/python3.12/site-packages/airflow/example_dags/example_xcomargs.py took 0.057 seconds
[2026-04-13T08:58:24.039+0900] {processor.py:186} INFO - Started process (PID=290) to work on /home/airflow/.local/lib/python3.12/site-packages/airflow/example_dags/example_xcomargs.py
[2026-04-13T08:58:24.040+0900] {processor.py:914} INFO - Processing file /home/airflow/.local/lib/python3.12/site-packages/airflow/example_dags/example_xcomargs.py for tasks to queue
[2026-04-13T08:58:24.042+0900] {logging_mixin.py:190} INFO - [2026-04-13T08:58:24.042+0900] {dagbag.py:587} INFO - Filling up the DagBag from /home/airflow/.local/lib/python3.12/site-packages/airflow/example_dags/example_xcomargs.py
[2026-04-13T08:58:24.050+0900] {processor.py:925} INFO - DAG(s) 'example_xcom_args_with_operators', 'example_xcom_args' retrieved from /home/airflow/.local/lib/python3.12/site-packages/airflow/example_dags/example_xcomargs.py
[2026-04-13T08:58:24.069+0900] {logging_mixin.py:190} INFO - [2026-04-13T08:58:24.069+0900] {dag.py:3211} INFO - Sync 2 DAGs
[2026-04-13T08:58:24.082+0900] {logging_mixin.py:190} INFO - [2026-04-13T08:58:24.081+0900] {dag.py:4138} INFO - Setting next_dagrun for example_xcom_args to None, run_after=None
[2026-04-13T08:58:24.084+0900] {logging_mixin.py:190} INFO - [2026-04-13T08:58:24.084+0900] {dag.py:4138} INFO - Setting next_dagrun for example_xcom_args_with_operators to None, run_after=None
[2026-04-13T08:58:24.097+0900] {processor.py:208} INFO - Processing /home/airflow/.local/lib/python3.12/site-packages/airflow/example_dags/example_xcomargs.py took 0.063 seconds
[2026-04-13T08:58:54.614+0900] {processor.py:186} INFO - Started process (PID=357) to work on /home/airflow/.local/lib/python3.12/site-packages/airflow/example_dags/example_xcomargs.py
[2026-04-13T08:58:54.615+0900] {processor.py:914} INFO - Processing file /home/airflow/.local/lib/python3.12/site-packages/airflow/example_dags/example_xcomargs.py for tasks to queue
[2026-04-13T08:58:54.617+0900] {logging_mixin.py:190} INFO - [2026-04-13T08:58:54.617+0900] {dagbag.py:587} INFO - Filling up the DagBag from /home/airflow/.local/lib/python3.12/site-packages/airflow/example_dags/example_xcomargs.py
[2026-04-13T08:58:54.624+0900] {processor.py:925} INFO - DAG(s) 'example_xcom_args', 'example_xcom_args_with_operators' retrieved from /home/airflow/.local/lib/python3.12/site-packages/airflow/example_dags/example_xcomargs.py
[2026-04-13T08:58:54.646+0900] {logging_mixin.py:190} INFO - [2026-04-13T08:58:54.645+0900] {dag.py:3211} INFO - Sync 2 DAGs
[2026-04-13T08:58:54.657+0900] {logging_mixin.py:190} INFO - [2026-04-13T08:58:54.657+0900] {dag.py:4138} INFO - Setting next_dagrun for example_xcom_args to None, run_after=None
[2026-04-13T08:58:54.660+0900] {logging_mixin.py:190} INFO - [2026-04-13T08:58:54.660+0900] {dag.py:4138} INFO - Setting next_dagrun for example_xcom_args_with_operators to None, run_after=None
[2026-04-13T08:58:54.672+0900] {processor.py:208} INFO - Processing /home/airflow/.local/lib/python3.12/site-packages/airflow/example_dags/example_xcomargs.py took 0.062 seconds
[2026-04-13T08:59:25.336+0900] {processor.py:186} INFO - Started process (PID=424) to work on /home/airflow/.local/lib/python3.12/site-packages/airflow/example_dags/example_xcomargs.py
[2026-04-13T08:59:25.337+0900] {processor.py:914} INFO - Processing file /home/airflow/.local/lib/python3.12/site-packages/airflow/example_dags/example_xcomargs.py for tasks to queue
[2026-04-13T08:59:25.339+0900] {logging_mixin.py:190} INFO - [2026-04-13T08:59:25.339+0900] {dagbag.py:587} INFO - Filling up the DagBag from /home/airflow/.local/lib/python3.12/site-packages/airflow/example_dags/example_xcomargs.py
[2026-04-13T08:59:25.347+0900] {processor.py:925} INFO - DAG(s) 'example_xcom_args', 'example_xcom_args_with_operators' retrieved from /home/airflow/.local/lib/python3.12/site-packages/airflow/example_dags/example_xcomargs.py
[2026-04-13T08:59:25.366+0900] {logging_mixin.py:190} INFO - [2026-04-13T08:59:25.366+0900] {dag.py:3211} INFO - Sync 2 DAGs
[2026-04-13T08:59:25.376+0900] {logging_mixin.py:190} INFO - [2026-04-13T08:59:25.376+0900] {dag.py:4138} INFO - Setting next_dagrun for example_xcom_args to None, run_after=None
[2026-04-13T08:59:25.380+0900] {logging_mixin.py:190} INFO - [2026-04-13T08:59:25.380+0900] {dag.py:4138} INFO - Setting next_dagrun for example_xcom_args_with_operators to None, run_after=None
[2026-04-13T08:59:25.393+0900] {processor.py:208} INFO - Processing /home/airflow/.local/lib/python3.12/site-packages/airflow/example_dags/example_xcomargs.py took 0.063 seconds
[2026-04-13T08:59:55.859+0900] {processor.py:186} INFO - Started process (PID=499) to work on /home/airflow/.local/lib/python3.12/site-packages/airflow/example_dags/example_xcomargs.py
[2026-04-13T08:59:55.860+0900] {processor.py:914} INFO - Processing file /home/airflow/.local/lib/python3.12/site-packages/airflow/example_dags/example_xcomargs.py for tasks to queue
[2026-04-13T08:59:55.862+0900] {logging_mixin.py:190} INFO - [2026-04-13T08:59:55.862+0900] {dagbag.py:587} INFO - Filling up the DagBag from /home/airflow/.local/lib/python3.12/site-packages/airflow/example_dags/example_xcomargs.py
[2026-04-13T08:59:55.870+0900] {processor.py:925} INFO - DAG(s) 'example_xcom_args_with_operators', 'example_xcom_args' retrieved from /home/airflow/.local/lib/python3.12/site-packages/airflow/example_dags/example_xcomargs.py
[2026-04-13T08:59:55.888+0900] {logging_mixin.py:190} INFO - [2026-04-13T08:59:55.888+0900] {dag.py:3211} INFO - Sync 2 DAGs
[2026-04-13T08:59:55.899+0900] {logging_mixin.py:190} INFO - [2026-04-13T08:59:55.898+0900] {dag.py:4138} INFO - Setting next_dagrun for example_xcom_args to None, run_after=None
[2026-04-13T08:59:55.902+0900] {logging_mixin.py:190} INFO - [2026-04-13T08:59:55.902+0900] {dag.py:4138} INFO - Setting next_dagrun for example_xcom_args_with_operators to None, run_after=None
[2026-04-13T08:59:55.914+0900] {processor.py:208} INFO - Processing /home/airflow/.local/lib/python3.12/site-packages/airflow/example_dags/example_xcomargs.py took 0.059 seconds
