[2026-04-13T08:56:55.082+0900] {processor.py:186} INFO - Started process (PID=123) to work on /home/airflow/.local/lib/python3.12/site-packages/airflow/example_dags/example_latest_only_with_trigger.py
[2026-04-13T08:56:55.083+0900] {processor.py:914} INFO - Processing file /home/airflow/.local/lib/python3.12/site-packages/airflow/example_dags/example_latest_only_with_trigger.py for tasks to queue
[2026-04-13T08:56:55.085+0900] {logging_mixin.py:190} INFO - [2026-04-13T08:56:55.085+0900] {dagbag.py:587} INFO - Filling up the DagBag from /home/airflow/.local/lib/python3.12/site-packages/airflow/example_dags/example_latest_only_with_trigger.py
[2026-04-13T08:56:55.092+0900] {processor.py:925} INFO - DAG(s) 'latest_only_with_trigger' retrieved from /home/airflow/.local/lib/python3.12/site-packages/airflow/example_dags/example_latest_only_with_trigger.py
[2026-04-13T08:56:55.113+0900] {logging_mixin.py:190} INFO - [2026-04-13T08:56:55.113+0900] {dag.py:3211} INFO - Sync 1 DAGs
[2026-04-13T08:56:55.129+0900] {logging_mixin.py:190} INFO - [2026-04-13T08:56:55.129+0900] {dag.py:4138} INFO - Setting next_dagrun for latest_only_with_trigger to 2026-04-12 16:00:00+00:00, run_after=2026-04-12 20:00:00+00:00
[2026-04-13T08:56:55.145+0900] {processor.py:208} INFO - Processing /home/airflow/.local/lib/python3.12/site-packages/airflow/example_dags/example_latest_only_with_trigger.py took 0.067 seconds
[2026-04-13T08:57:25.478+0900] {processor.py:186} INFO - Started process (PID=190) to work on /home/airflow/.local/lib/python3.12/site-packages/airflow/example_dags/example_latest_only_with_trigger.py
[2026-04-13T08:57:25.479+0900] {processor.py:914} INFO - Processing file /home/airflow/.local/lib/python3.12/site-packages/airflow/example_dags/example_latest_only_with_trigger.py for tasks to queue
[2026-04-13T08:57:25.481+0900] {logging_mixin.py:190} INFO - [2026-04-13T08:57:25.481+0900] {dagbag.py:587} INFO - Filling up the DagBag from /home/airflow/.local/lib/python3.12/site-packages/airflow/example_dags/example_latest_only_with_trigger.py
[2026-04-13T08:57:25.487+0900] {processor.py:925} INFO - DAG(s) 'latest_only_with_trigger' retrieved from /home/airflow/.local/lib/python3.12/site-packages/airflow/example_dags/example_latest_only_with_trigger.py
[2026-04-13T08:57:25.504+0900] {logging_mixin.py:190} INFO - [2026-04-13T08:57:25.504+0900] {dag.py:3211} INFO - Sync 1 DAGs
[2026-04-13T08:57:25.522+0900] {logging_mixin.py:190} INFO - [2026-04-13T08:57:25.522+0900] {dag.py:4138} INFO - Setting next_dagrun for latest_only_with_trigger to 2026-04-12 16:00:00+00:00, run_after=2026-04-12 20:00:00+00:00
[2026-04-13T08:57:25.536+0900] {processor.py:208} INFO - Processing /home/airflow/.local/lib/python3.12/site-packages/airflow/example_dags/example_latest_only_with_trigger.py took 0.061 seconds
[2026-04-13T08:57:56.505+0900] {processor.py:186} INFO - Started process (PID=257) to work on /home/airflow/.local/lib/python3.12/site-packages/airflow/example_dags/example_latest_only_with_trigger.py
[2026-04-13T08:57:56.506+0900] {processor.py:914} INFO - Processing file /home/airflow/.local/lib/python3.12/site-packages/airflow/example_dags/example_latest_only_with_trigger.py for tasks to queue
[2026-04-13T08:57:56.508+0900] {logging_mixin.py:190} INFO - [2026-04-13T08:57:56.508+0900] {dagbag.py:587} INFO - Filling up the DagBag from /home/airflow/.local/lib/python3.12/site-packages/airflow/example_dags/example_latest_only_with_trigger.py
[2026-04-13T08:57:56.513+0900] {processor.py:925} INFO - DAG(s) 'latest_only_with_trigger' retrieved from /home/airflow/.local/lib/python3.12/site-packages/airflow/example_dags/example_latest_only_with_trigger.py
[2026-04-13T08:57:56.528+0900] {logging_mixin.py:190} INFO - [2026-04-13T08:57:56.528+0900] {dag.py:3211} INFO - Sync 1 DAGs
[2026-04-13T08:57:56.544+0900] {logging_mixin.py:190} INFO - [2026-04-13T08:57:56.543+0900] {dag.py:4138} INFO - Setting next_dagrun for latest_only_with_trigger to 2026-04-12 16:00:00+00:00, run_after=2026-04-12 20:00:00+00:00
[2026-04-13T08:57:56.556+0900] {processor.py:208} INFO - Processing /home/airflow/.local/lib/python3.12/site-packages/airflow/example_dags/example_latest_only_with_trigger.py took 0.055 seconds
[2026-04-13T08:58:26.947+0900] {processor.py:186} INFO - Started process (PID=324) to work on /home/airflow/.local/lib/python3.12/site-packages/airflow/example_dags/example_latest_only_with_trigger.py
[2026-04-13T08:58:26.948+0900] {processor.py:914} INFO - Processing file /home/airflow/.local/lib/python3.12/site-packages/airflow/example_dags/example_latest_only_with_trigger.py for tasks to queue
[2026-04-13T08:58:26.950+0900] {logging_mixin.py:190} INFO - [2026-04-13T08:58:26.950+0900] {dagbag.py:587} INFO - Filling up the DagBag from /home/airflow/.local/lib/python3.12/site-packages/airflow/example_dags/example_latest_only_with_trigger.py
[2026-04-13T08:58:26.956+0900] {processor.py:925} INFO - DAG(s) 'latest_only_with_trigger' retrieved from /home/airflow/.local/lib/python3.12/site-packages/airflow/example_dags/example_latest_only_with_trigger.py
[2026-04-13T08:58:26.972+0900] {logging_mixin.py:190} INFO - [2026-04-13T08:58:26.972+0900] {dag.py:3211} INFO - Sync 1 DAGs
[2026-04-13T08:58:26.989+0900] {logging_mixin.py:190} INFO - [2026-04-13T08:58:26.989+0900] {dag.py:4138} INFO - Setting next_dagrun for latest_only_with_trigger to 2026-04-12 16:00:00+00:00, run_after=2026-04-12 20:00:00+00:00
[2026-04-13T08:58:27.000+0900] {processor.py:208} INFO - Processing /home/airflow/.local/lib/python3.12/site-packages/airflow/example_dags/example_latest_only_with_trigger.py took 0.058 seconds
[2026-04-13T08:58:57.575+0900] {processor.py:186} INFO - Started process (PID=391) to work on /home/airflow/.local/lib/python3.12/site-packages/airflow/example_dags/example_latest_only_with_trigger.py
[2026-04-13T08:58:57.576+0900] {processor.py:914} INFO - Processing file /home/airflow/.local/lib/python3.12/site-packages/airflow/example_dags/example_latest_only_with_trigger.py for tasks to queue
[2026-04-13T08:58:57.579+0900] {logging_mixin.py:190} INFO - [2026-04-13T08:58:57.579+0900] {dagbag.py:587} INFO - Filling up the DagBag from /home/airflow/.local/lib/python3.12/site-packages/airflow/example_dags/example_latest_only_with_trigger.py
[2026-04-13T08:58:57.587+0900] {processor.py:925} INFO - DAG(s) 'latest_only_with_trigger' retrieved from /home/airflow/.local/lib/python3.12/site-packages/airflow/example_dags/example_latest_only_with_trigger.py
[2026-04-13T08:58:57.603+0900] {logging_mixin.py:190} INFO - [2026-04-13T08:58:57.603+0900] {dag.py:3211} INFO - Sync 1 DAGs
[2026-04-13T08:58:57.619+0900] {logging_mixin.py:190} INFO - [2026-04-13T08:58:57.619+0900] {dag.py:4138} INFO - Setting next_dagrun for latest_only_with_trigger to 2026-04-12 16:00:00+00:00, run_after=2026-04-12 20:00:00+00:00
[2026-04-13T08:58:57.632+0900] {processor.py:208} INFO - Processing /home/airflow/.local/lib/python3.12/site-packages/airflow/example_dags/example_latest_only_with_trigger.py took 0.061 seconds
[2026-04-13T08:59:28.210+0900] {processor.py:186} INFO - Started process (PID=458) to work on /home/airflow/.local/lib/python3.12/site-packages/airflow/example_dags/example_latest_only_with_trigger.py
[2026-04-13T08:59:28.212+0900] {processor.py:914} INFO - Processing file /home/airflow/.local/lib/python3.12/site-packages/airflow/example_dags/example_latest_only_with_trigger.py for tasks to queue
[2026-04-13T08:59:28.214+0900] {logging_mixin.py:190} INFO - [2026-04-13T08:59:28.214+0900] {dagbag.py:587} INFO - Filling up the DagBag from /home/airflow/.local/lib/python3.12/site-packages/airflow/example_dags/example_latest_only_with_trigger.py
[2026-04-13T08:59:28.220+0900] {processor.py:925} INFO - DAG(s) 'latest_only_with_trigger' retrieved from /home/airflow/.local/lib/python3.12/site-packages/airflow/example_dags/example_latest_only_with_trigger.py
[2026-04-13T08:59:28.237+0900] {logging_mixin.py:190} INFO - [2026-04-13T08:59:28.237+0900] {dag.py:3211} INFO - Sync 1 DAGs
[2026-04-13T08:59:28.255+0900] {logging_mixin.py:190} INFO - [2026-04-13T08:59:28.255+0900] {dag.py:4138} INFO - Setting next_dagrun for latest_only_with_trigger to 2026-04-12 16:00:00+00:00, run_after=2026-04-12 20:00:00+00:00
[2026-04-13T08:59:28.270+0900] {processor.py:208} INFO - Processing /home/airflow/.local/lib/python3.12/site-packages/airflow/example_dags/example_latest_only_with_trigger.py took 0.064 seconds
[2026-04-13T08:59:58.747+0900] {processor.py:186} INFO - Started process (PID=537) to work on /home/airflow/.local/lib/python3.12/site-packages/airflow/example_dags/example_latest_only_with_trigger.py
[2026-04-13T08:59:58.748+0900] {processor.py:914} INFO - Processing file /home/airflow/.local/lib/python3.12/site-packages/airflow/example_dags/example_latest_only_with_trigger.py for tasks to queue
[2026-04-13T08:59:58.750+0900] {logging_mixin.py:190} INFO - [2026-04-13T08:59:58.750+0900] {dagbag.py:587} INFO - Filling up the DagBag from /home/airflow/.local/lib/python3.12/site-packages/airflow/example_dags/example_latest_only_with_trigger.py
[2026-04-13T08:59:58.756+0900] {processor.py:925} INFO - DAG(s) 'latest_only_with_trigger' retrieved from /home/airflow/.local/lib/python3.12/site-packages/airflow/example_dags/example_latest_only_with_trigger.py
[2026-04-13T08:59:58.771+0900] {logging_mixin.py:190} INFO - [2026-04-13T08:59:58.771+0900] {dag.py:3211} INFO - Sync 1 DAGs
[2026-04-13T08:59:58.787+0900] {logging_mixin.py:190} INFO - [2026-04-13T08:59:58.787+0900] {dag.py:4138} INFO - Setting next_dagrun for latest_only_with_trigger to 2026-04-12 16:00:00+00:00, run_after=2026-04-12 20:00:00+00:00
[2026-04-13T08:59:58.800+0900] {processor.py:208} INFO - Processing /home/airflow/.local/lib/python3.12/site-packages/airflow/example_dags/example_latest_only_with_trigger.py took 0.058 seconds
