[2026-04-13T08:56:52.861+0900] {processor.py:186} INFO - Started process (PID=87) to work on /home/airflow/.local/lib/python3.12/site-packages/airflow/example_dags/example_subdag_operator.py
[2026-04-13T08:56:52.862+0900] {processor.py:914} INFO - Processing file /home/airflow/.local/lib/python3.12/site-packages/airflow/example_dags/example_subdag_operator.py for tasks to queue
[2026-04-13T08:56:52.864+0900] {logging_mixin.py:190} INFO - [2026-04-13T08:56:52.864+0900] {dagbag.py:587} INFO - Filling up the DagBag from /home/airflow/.local/lib/python3.12/site-packages/airflow/example_dags/example_subdag_operator.py
[2026-04-13T08:56:52.889+0900] {processor.py:925} INFO - DAG(s) 'example_subdag_operator.section-1', 'example_subdag_operator.section-2', 'example_subdag_operator' retrieved from /home/airflow/.local/lib/python3.12/site-packages/airflow/example_dags/example_subdag_operator.py
[2026-04-13T08:56:52.908+0900] {logging_mixin.py:190} INFO - [2026-04-13T08:56:52.908+0900] {dag.py:3211} INFO - Sync 3 DAGs
[2026-04-13T08:56:52.929+0900] {logging_mixin.py:190} INFO - [2026-04-13T08:56:52.929+0900] {dag.py:4138} INFO - Setting next_dagrun for example_subdag_operator to 2022-01-01 00:00:00+00:00, run_after=2022-01-01 00:00:00+00:00
[2026-04-13T08:56:52.932+0900] {logging_mixin.py:190} INFO - [2026-04-13T08:56:52.932+0900] {dag.py:4138} INFO - Setting next_dagrun for example_subdag_operator.section-1 to None, run_after=None
[2026-04-13T08:56:52.934+0900] {logging_mixin.py:190} INFO - [2026-04-13T08:56:52.934+0900] {dag.py:4138} INFO - Setting next_dagrun for example_subdag_operator.section-2 to None, run_after=None
[2026-04-13T08:56:52.940+0900] {logging_mixin.py:190} INFO - [2026-04-13T08:56:52.940+0900] {dag.py:3211} INFO - Sync 2 DAGs
[2026-04-13T08:56:52.947+0900] {logging_mixin.py:190} INFO - [2026-04-13T08:56:52.947+0900] {dag.py:4138} INFO - Setting next_dagrun for example_subdag_operator.section-1 to None, run_after=None
[2026-04-13T08:56:52.948+0900] {logging_mixin.py:190} INFO - [2026-04-13T08:56:52.948+0900] {dag.py:4138} INFO - Setting next_dagrun for example_subdag_operator.section-2 to None, run_after=None
[2026-04-13T08:56:52.959+0900] {processor.py:208} INFO - Processing /home/airflow/.local/lib/python3.12/site-packages/airflow/example_dags/example_subdag_operator.py took 0.102 seconds
[2026-04-13T08:57:23.345+0900] {processor.py:186} INFO - Started process (PID=154) to work on /home/airflow/.local/lib/python3.12/site-packages/airflow/example_dags/example_subdag_operator.py
[2026-04-13T08:57:23.346+0900] {processor.py:914} INFO - Processing file /home/airflow/.local/lib/python3.12/site-packages/airflow/example_dags/example_subdag_operator.py for tasks to queue
[2026-04-13T08:57:23.348+0900] {logging_mixin.py:190} INFO - [2026-04-13T08:57:23.348+0900] {dagbag.py:587} INFO - Filling up the DagBag from /home/airflow/.local/lib/python3.12/site-packages/airflow/example_dags/example_subdag_operator.py
[2026-04-13T08:57:23.369+0900] {processor.py:925} INFO - DAG(s) 'example_subdag_operator.section-1', 'example_subdag_operator.section-2', 'example_subdag_operator' retrieved from /home/airflow/.local/lib/python3.12/site-packages/airflow/example_dags/example_subdag_operator.py
[2026-04-13T08:57:23.380+0900] {logging_mixin.py:190} INFO - [2026-04-13T08:57:23.380+0900] {dag.py:3211} INFO - Sync 3 DAGs
[2026-04-13T08:57:23.396+0900] {logging_mixin.py:190} INFO - [2026-04-13T08:57:23.396+0900] {dag.py:4138} INFO - Setting next_dagrun for example_subdag_operator to 2022-01-01 00:00:00+00:00, run_after=2022-01-01 00:00:00+00:00
[2026-04-13T08:57:23.400+0900] {logging_mixin.py:190} INFO - [2026-04-13T08:57:23.399+0900] {dag.py:4138} INFO - Setting next_dagrun for example_subdag_operator.section-1 to None, run_after=None
[2026-04-13T08:57:23.401+0900] {logging_mixin.py:190} INFO - [2026-04-13T08:57:23.401+0900] {dag.py:4138} INFO - Setting next_dagrun for example_subdag_operator.section-2 to None, run_after=None
[2026-04-13T08:57:23.406+0900] {logging_mixin.py:190} INFO - [2026-04-13T08:57:23.406+0900] {dag.py:3211} INFO - Sync 2 DAGs
[2026-04-13T08:57:23.410+0900] {logging_mixin.py:190} INFO - [2026-04-13T08:57:23.410+0900] {dag.py:4138} INFO - Setting next_dagrun for example_subdag_operator.section-1 to None, run_after=None
[2026-04-13T08:57:23.411+0900] {logging_mixin.py:190} INFO - [2026-04-13T08:57:23.410+0900] {dag.py:4138} INFO - Setting next_dagrun for example_subdag_operator.section-2 to None, run_after=None
[2026-04-13T08:57:23.418+0900] {processor.py:208} INFO - Processing /home/airflow/.local/lib/python3.12/site-packages/airflow/example_dags/example_subdag_operator.py took 0.078 seconds
[2026-04-13T08:57:53.668+0900] {processor.py:186} INFO - Started process (PID=227) to work on /home/airflow/.local/lib/python3.12/site-packages/airflow/example_dags/example_subdag_operator.py
[2026-04-13T08:57:53.669+0900] {processor.py:914} INFO - Processing file /home/airflow/.local/lib/python3.12/site-packages/airflow/example_dags/example_subdag_operator.py for tasks to queue
[2026-04-13T08:57:53.671+0900] {logging_mixin.py:190} INFO - [2026-04-13T08:57:53.671+0900] {dagbag.py:587} INFO - Filling up the DagBag from /home/airflow/.local/lib/python3.12/site-packages/airflow/example_dags/example_subdag_operator.py
[2026-04-13T08:57:53.690+0900] {processor.py:925} INFO - DAG(s) 'example_subdag_operator.section-1', 'example_subdag_operator.section-2', 'example_subdag_operator' retrieved from /home/airflow/.local/lib/python3.12/site-packages/airflow/example_dags/example_subdag_operator.py
[2026-04-13T08:57:53.700+0900] {logging_mixin.py:190} INFO - [2026-04-13T08:57:53.700+0900] {dag.py:3211} INFO - Sync 3 DAGs
[2026-04-13T08:57:53.715+0900] {logging_mixin.py:190} INFO - [2026-04-13T08:57:53.714+0900] {dag.py:4138} INFO - Setting next_dagrun for example_subdag_operator to 2022-01-01 00:00:00+00:00, run_after=2022-01-01 00:00:00+00:00
[2026-04-13T08:57:53.718+0900] {logging_mixin.py:190} INFO - [2026-04-13T08:57:53.717+0900] {dag.py:4138} INFO - Setting next_dagrun for example_subdag_operator.section-1 to None, run_after=None
[2026-04-13T08:57:53.719+0900] {logging_mixin.py:190} INFO - [2026-04-13T08:57:53.719+0900] {dag.py:4138} INFO - Setting next_dagrun for example_subdag_operator.section-2 to None, run_after=None
[2026-04-13T08:57:53.724+0900] {logging_mixin.py:190} INFO - [2026-04-13T08:57:53.724+0900] {dag.py:3211} INFO - Sync 2 DAGs
[2026-04-13T08:57:53.729+0900] {logging_mixin.py:190} INFO - [2026-04-13T08:57:53.728+0900] {dag.py:4138} INFO - Setting next_dagrun for example_subdag_operator.section-1 to None, run_after=None
[2026-04-13T08:57:53.729+0900] {logging_mixin.py:190} INFO - [2026-04-13T08:57:53.729+0900] {dag.py:4138} INFO - Setting next_dagrun for example_subdag_operator.section-2 to None, run_after=None
[2026-04-13T08:57:53.738+0900] {processor.py:208} INFO - Processing /home/airflow/.local/lib/python3.12/site-packages/airflow/example_dags/example_subdag_operator.py took 0.074 seconds
[2026-04-13T08:58:24.246+0900] {processor.py:186} INFO - Started process (PID=294) to work on /home/airflow/.local/lib/python3.12/site-packages/airflow/example_dags/example_subdag_operator.py
[2026-04-13T08:58:24.247+0900] {processor.py:914} INFO - Processing file /home/airflow/.local/lib/python3.12/site-packages/airflow/example_dags/example_subdag_operator.py for tasks to queue
[2026-04-13T08:58:24.249+0900] {logging_mixin.py:190} INFO - [2026-04-13T08:58:24.249+0900] {dagbag.py:587} INFO - Filling up the DagBag from /home/airflow/.local/lib/python3.12/site-packages/airflow/example_dags/example_subdag_operator.py
[2026-04-13T08:58:24.271+0900] {processor.py:925} INFO - DAG(s) 'example_subdag_operator.section-1', 'example_subdag_operator.section-2', 'example_subdag_operator' retrieved from /home/airflow/.local/lib/python3.12/site-packages/airflow/example_dags/example_subdag_operator.py
[2026-04-13T08:58:24.286+0900] {logging_mixin.py:190} INFO - [2026-04-13T08:58:24.286+0900] {dag.py:3211} INFO - Sync 3 DAGs
[2026-04-13T08:58:24.303+0900] {logging_mixin.py:190} INFO - [2026-04-13T08:58:24.303+0900] {dag.py:4138} INFO - Setting next_dagrun for example_subdag_operator to 2022-01-01 00:00:00+00:00, run_after=2022-01-01 00:00:00+00:00
[2026-04-13T08:58:24.306+0900] {logging_mixin.py:190} INFO - [2026-04-13T08:58:24.306+0900] {dag.py:4138} INFO - Setting next_dagrun for example_subdag_operator.section-1 to None, run_after=None
[2026-04-13T08:58:24.309+0900] {logging_mixin.py:190} INFO - [2026-04-13T08:58:24.309+0900] {dag.py:4138} INFO - Setting next_dagrun for example_subdag_operator.section-2 to None, run_after=None
[2026-04-13T08:58:24.314+0900] {logging_mixin.py:190} INFO - [2026-04-13T08:58:24.314+0900] {dag.py:3211} INFO - Sync 2 DAGs
[2026-04-13T08:58:24.318+0900] {logging_mixin.py:190} INFO - [2026-04-13T08:58:24.318+0900] {dag.py:4138} INFO - Setting next_dagrun for example_subdag_operator.section-1 to None, run_after=None
[2026-04-13T08:58:24.319+0900] {logging_mixin.py:190} INFO - [2026-04-13T08:58:24.319+0900] {dag.py:4138} INFO - Setting next_dagrun for example_subdag_operator.section-2 to None, run_after=None
[2026-04-13T08:58:24.329+0900] {processor.py:208} INFO - Processing /home/airflow/.local/lib/python3.12/site-packages/airflow/example_dags/example_subdag_operator.py took 0.088 seconds
[2026-04-13T08:58:54.791+0900] {processor.py:186} INFO - Started process (PID=361) to work on /home/airflow/.local/lib/python3.12/site-packages/airflow/example_dags/example_subdag_operator.py
[2026-04-13T08:58:54.792+0900] {processor.py:914} INFO - Processing file /home/airflow/.local/lib/python3.12/site-packages/airflow/example_dags/example_subdag_operator.py for tasks to queue
[2026-04-13T08:58:54.794+0900] {logging_mixin.py:190} INFO - [2026-04-13T08:58:54.794+0900] {dagbag.py:587} INFO - Filling up the DagBag from /home/airflow/.local/lib/python3.12/site-packages/airflow/example_dags/example_subdag_operator.py
[2026-04-13T08:58:54.813+0900] {processor.py:925} INFO - DAG(s) 'example_subdag_operator.section-1', 'example_subdag_operator.section-2', 'example_subdag_operator' retrieved from /home/airflow/.local/lib/python3.12/site-packages/airflow/example_dags/example_subdag_operator.py
[2026-04-13T08:58:54.824+0900] {logging_mixin.py:190} INFO - [2026-04-13T08:58:54.824+0900] {dag.py:3211} INFO - Sync 3 DAGs
[2026-04-13T08:58:54.840+0900] {logging_mixin.py:190} INFO - [2026-04-13T08:58:54.839+0900] {dag.py:4138} INFO - Setting next_dagrun for example_subdag_operator to 2022-01-01 00:00:00+00:00, run_after=2022-01-01 00:00:00+00:00
[2026-04-13T08:58:54.842+0900] {logging_mixin.py:190} INFO - [2026-04-13T08:58:54.842+0900] {dag.py:4138} INFO - Setting next_dagrun for example_subdag_operator.section-1 to None, run_after=None
[2026-04-13T08:58:54.844+0900] {logging_mixin.py:190} INFO - [2026-04-13T08:58:54.844+0900] {dag.py:4138} INFO - Setting next_dagrun for example_subdag_operator.section-2 to None, run_after=None
[2026-04-13T08:58:54.848+0900] {logging_mixin.py:190} INFO - [2026-04-13T08:58:54.848+0900] {dag.py:3211} INFO - Sync 2 DAGs
[2026-04-13T08:58:54.853+0900] {logging_mixin.py:190} INFO - [2026-04-13T08:58:54.852+0900] {dag.py:4138} INFO - Setting next_dagrun for example_subdag_operator.section-1 to None, run_after=None
[2026-04-13T08:58:54.854+0900] {logging_mixin.py:190} INFO - [2026-04-13T08:58:54.853+0900] {dag.py:4138} INFO - Setting next_dagrun for example_subdag_operator.section-2 to None, run_after=None
[2026-04-13T08:58:54.862+0900] {processor.py:208} INFO - Processing /home/airflow/.local/lib/python3.12/site-packages/airflow/example_dags/example_subdag_operator.py took 0.075 seconds
[2026-04-13T08:59:25.603+0900] {processor.py:186} INFO - Started process (PID=428) to work on /home/airflow/.local/lib/python3.12/site-packages/airflow/example_dags/example_subdag_operator.py
[2026-04-13T08:59:25.604+0900] {processor.py:914} INFO - Processing file /home/airflow/.local/lib/python3.12/site-packages/airflow/example_dags/example_subdag_operator.py for tasks to queue
[2026-04-13T08:59:25.606+0900] {logging_mixin.py:190} INFO - [2026-04-13T08:59:25.606+0900] {dagbag.py:587} INFO - Filling up the DagBag from /home/airflow/.local/lib/python3.12/site-packages/airflow/example_dags/example_subdag_operator.py
[2026-04-13T08:59:25.626+0900] {processor.py:925} INFO - DAG(s) 'example_subdag_operator.section-1', 'example_subdag_operator.section-2', 'example_subdag_operator' retrieved from /home/airflow/.local/lib/python3.12/site-packages/airflow/example_dags/example_subdag_operator.py
[2026-04-13T08:59:25.636+0900] {logging_mixin.py:190} INFO - [2026-04-13T08:59:25.636+0900] {dag.py:3211} INFO - Sync 3 DAGs
[2026-04-13T08:59:25.651+0900] {logging_mixin.py:190} INFO - [2026-04-13T08:59:25.650+0900] {dag.py:4138} INFO - Setting next_dagrun for example_subdag_operator to 2022-01-01 00:00:00+00:00, run_after=2022-01-01 00:00:00+00:00
[2026-04-13T08:59:25.653+0900] {logging_mixin.py:190} INFO - [2026-04-13T08:59:25.653+0900] {dag.py:4138} INFO - Setting next_dagrun for example_subdag_operator.section-1 to None, run_after=None
[2026-04-13T08:59:25.655+0900] {logging_mixin.py:190} INFO - [2026-04-13T08:59:25.655+0900] {dag.py:4138} INFO - Setting next_dagrun for example_subdag_operator.section-2 to None, run_after=None
[2026-04-13T08:59:25.660+0900] {logging_mixin.py:190} INFO - [2026-04-13T08:59:25.660+0900] {dag.py:3211} INFO - Sync 2 DAGs
[2026-04-13T08:59:25.664+0900] {logging_mixin.py:190} INFO - [2026-04-13T08:59:25.664+0900] {dag.py:4138} INFO - Setting next_dagrun for example_subdag_operator.section-1 to None, run_after=None
[2026-04-13T08:59:25.664+0900] {logging_mixin.py:190} INFO - [2026-04-13T08:59:25.664+0900] {dag.py:4138} INFO - Setting next_dagrun for example_subdag_operator.section-2 to None, run_after=None
[2026-04-13T08:59:25.672+0900] {processor.py:208} INFO - Processing /home/airflow/.local/lib/python3.12/site-packages/airflow/example_dags/example_subdag_operator.py took 0.073 seconds
[2026-04-13T08:59:56.140+0900] {processor.py:186} INFO - Started process (PID=503) to work on /home/airflow/.local/lib/python3.12/site-packages/airflow/example_dags/example_subdag_operator.py
[2026-04-13T08:59:56.141+0900] {processor.py:914} INFO - Processing file /home/airflow/.local/lib/python3.12/site-packages/airflow/example_dags/example_subdag_operator.py for tasks to queue
[2026-04-13T08:59:56.143+0900] {logging_mixin.py:190} INFO - [2026-04-13T08:59:56.143+0900] {dagbag.py:587} INFO - Filling up the DagBag from /home/airflow/.local/lib/python3.12/site-packages/airflow/example_dags/example_subdag_operator.py
[2026-04-13T08:59:56.162+0900] {processor.py:925} INFO - DAG(s) 'example_subdag_operator.section-1', 'example_subdag_operator.section-2', 'example_subdag_operator' retrieved from /home/airflow/.local/lib/python3.12/site-packages/airflow/example_dags/example_subdag_operator.py
[2026-04-13T08:59:56.173+0900] {logging_mixin.py:190} INFO - [2026-04-13T08:59:56.173+0900] {dag.py:3211} INFO - Sync 3 DAGs
[2026-04-13T08:59:56.187+0900] {logging_mixin.py:190} INFO - [2026-04-13T08:59:56.187+0900] {dag.py:4138} INFO - Setting next_dagrun for example_subdag_operator to 2022-01-01 00:00:00+00:00, run_after=2022-01-01 00:00:00+00:00
[2026-04-13T08:59:56.190+0900] {logging_mixin.py:190} INFO - [2026-04-13T08:59:56.190+0900] {dag.py:4138} INFO - Setting next_dagrun for example_subdag_operator.section-1 to None, run_after=None
[2026-04-13T08:59:56.192+0900] {logging_mixin.py:190} INFO - [2026-04-13T08:59:56.192+0900] {dag.py:4138} INFO - Setting next_dagrun for example_subdag_operator.section-2 to None, run_after=None
[2026-04-13T08:59:56.196+0900] {logging_mixin.py:190} INFO - [2026-04-13T08:59:56.196+0900] {dag.py:3211} INFO - Sync 2 DAGs
[2026-04-13T08:59:56.201+0900] {logging_mixin.py:190} INFO - [2026-04-13T08:59:56.201+0900] {dag.py:4138} INFO - Setting next_dagrun for example_subdag_operator.section-1 to None, run_after=None
[2026-04-13T08:59:56.202+0900] {logging_mixin.py:190} INFO - [2026-04-13T08:59:56.202+0900] {dag.py:4138} INFO - Setting next_dagrun for example_subdag_operator.section-2 to None, run_after=None
[2026-04-13T08:59:56.210+0900] {processor.py:208} INFO - Processing /home/airflow/.local/lib/python3.12/site-packages/airflow/example_dags/example_subdag_operator.py took 0.074 seconds
