[2026-04-13T08:56:55.239+0900] {processor.py:186} INFO - Started process (PID=126) to work on /home/airflow/.local/lib/python3.12/site-packages/airflow/example_dags/example_branch_operator.py
[2026-04-13T08:56:55.241+0900] {processor.py:914} INFO - Processing file /home/airflow/.local/lib/python3.12/site-packages/airflow/example_dags/example_branch_operator.py for tasks to queue
[2026-04-13T08:56:55.243+0900] {logging_mixin.py:190} INFO - [2026-04-13T08:56:55.243+0900] {dagbag.py:587} INFO - Filling up the DagBag from /home/airflow/.local/lib/python3.12/site-packages/airflow/example_dags/example_branch_operator.py
[2026-04-13T08:56:55.260+0900] {processor.py:925} INFO - DAG(s) 'example_branch_operator' retrieved from /home/airflow/.local/lib/python3.12/site-packages/airflow/example_dags/example_branch_operator.py
[2026-04-13T08:56:55.370+0900] {logging_mixin.py:190} INFO - [2026-04-13T08:56:55.370+0900] {dag.py:3211} INFO - Sync 1 DAGs
[2026-04-13T08:56:55.392+0900] {logging_mixin.py:190} INFO - [2026-04-13T08:56:55.392+0900] {dag.py:4138} INFO - Setting next_dagrun for example_branch_operator to 2026-04-11 00:00:00+00:00, run_after=2026-04-12 00:00:00+00:00
[2026-04-13T08:56:55.414+0900] {processor.py:208} INFO - Processing /home/airflow/.local/lib/python3.12/site-packages/airflow/example_dags/example_branch_operator.py took 0.180 seconds
[2026-04-13T08:57:25.695+0900] {processor.py:186} INFO - Started process (PID=193) to work on /home/airflow/.local/lib/python3.12/site-packages/airflow/example_dags/example_branch_operator.py
[2026-04-13T08:57:25.696+0900] {processor.py:914} INFO - Processing file /home/airflow/.local/lib/python3.12/site-packages/airflow/example_dags/example_branch_operator.py for tasks to queue
[2026-04-13T08:57:25.698+0900] {logging_mixin.py:190} INFO - [2026-04-13T08:57:25.698+0900] {dagbag.py:587} INFO - Filling up the DagBag from /home/airflow/.local/lib/python3.12/site-packages/airflow/example_dags/example_branch_operator.py
[2026-04-13T08:57:25.713+0900] {processor.py:925} INFO - DAG(s) 'example_branch_operator' retrieved from /home/airflow/.local/lib/python3.12/site-packages/airflow/example_dags/example_branch_operator.py
[2026-04-13T08:57:25.733+0900] {logging_mixin.py:190} INFO - [2026-04-13T08:57:25.733+0900] {dag.py:3211} INFO - Sync 1 DAGs
[2026-04-13T08:57:25.752+0900] {logging_mixin.py:190} INFO - [2026-04-13T08:57:25.752+0900] {dag.py:4138} INFO - Setting next_dagrun for example_branch_operator to 2026-04-11 00:00:00+00:00, run_after=2026-04-12 00:00:00+00:00
[2026-04-13T08:57:25.768+0900] {processor.py:208} INFO - Processing /home/airflow/.local/lib/python3.12/site-packages/airflow/example_dags/example_branch_operator.py took 0.077 seconds
[2026-04-13T08:57:56.592+0900] {processor.py:186} INFO - Started process (PID=260) to work on /home/airflow/.local/lib/python3.12/site-packages/airflow/example_dags/example_branch_operator.py
[2026-04-13T08:57:56.593+0900] {processor.py:914} INFO - Processing file /home/airflow/.local/lib/python3.12/site-packages/airflow/example_dags/example_branch_operator.py for tasks to queue
[2026-04-13T08:57:56.595+0900] {logging_mixin.py:190} INFO - [2026-04-13T08:57:56.594+0900] {dagbag.py:587} INFO - Filling up the DagBag from /home/airflow/.local/lib/python3.12/site-packages/airflow/example_dags/example_branch_operator.py
[2026-04-13T08:57:56.607+0900] {processor.py:925} INFO - DAG(s) 'example_branch_operator' retrieved from /home/airflow/.local/lib/python3.12/site-packages/airflow/example_dags/example_branch_operator.py
[2026-04-13T08:57:56.628+0900] {logging_mixin.py:190} INFO - [2026-04-13T08:57:56.627+0900] {dag.py:3211} INFO - Sync 1 DAGs
[2026-04-13T08:57:56.643+0900] {logging_mixin.py:190} INFO - [2026-04-13T08:57:56.643+0900] {dag.py:4138} INFO - Setting next_dagrun for example_branch_operator to 2026-04-11 00:00:00+00:00, run_after=2026-04-12 00:00:00+00:00
[2026-04-13T08:57:56.658+0900] {processor.py:208} INFO - Processing /home/airflow/.local/lib/python3.12/site-packages/airflow/example_dags/example_branch_operator.py took 0.070 seconds
[2026-04-13T08:58:27.135+0900] {processor.py:186} INFO - Started process (PID=327) to work on /home/airflow/.local/lib/python3.12/site-packages/airflow/example_dags/example_branch_operator.py
[2026-04-13T08:58:27.136+0900] {processor.py:914} INFO - Processing file /home/airflow/.local/lib/python3.12/site-packages/airflow/example_dags/example_branch_operator.py for tasks to queue
[2026-04-13T08:58:27.138+0900] {logging_mixin.py:190} INFO - [2026-04-13T08:58:27.138+0900] {dagbag.py:587} INFO - Filling up the DagBag from /home/airflow/.local/lib/python3.12/site-packages/airflow/example_dags/example_branch_operator.py
[2026-04-13T08:58:27.151+0900] {processor.py:925} INFO - DAG(s) 'example_branch_operator' retrieved from /home/airflow/.local/lib/python3.12/site-packages/airflow/example_dags/example_branch_operator.py
[2026-04-13T08:58:27.171+0900] {logging_mixin.py:190} INFO - [2026-04-13T08:58:27.171+0900] {dag.py:3211} INFO - Sync 1 DAGs
[2026-04-13T08:58:27.188+0900] {logging_mixin.py:190} INFO - [2026-04-13T08:58:27.187+0900] {dag.py:4138} INFO - Setting next_dagrun for example_branch_operator to 2026-04-11 00:00:00+00:00, run_after=2026-04-12 00:00:00+00:00
[2026-04-13T08:58:27.202+0900] {processor.py:208} INFO - Processing /home/airflow/.local/lib/python3.12/site-packages/airflow/example_dags/example_branch_operator.py took 0.071 seconds
[2026-04-13T08:58:57.733+0900] {processor.py:186} INFO - Started process (PID=394) to work on /home/airflow/.local/lib/python3.12/site-packages/airflow/example_dags/example_branch_operator.py
[2026-04-13T08:58:57.734+0900] {processor.py:914} INFO - Processing file /home/airflow/.local/lib/python3.12/site-packages/airflow/example_dags/example_branch_operator.py for tasks to queue
[2026-04-13T08:58:57.736+0900] {logging_mixin.py:190} INFO - [2026-04-13T08:58:57.735+0900] {dagbag.py:587} INFO - Filling up the DagBag from /home/airflow/.local/lib/python3.12/site-packages/airflow/example_dags/example_branch_operator.py
[2026-04-13T08:58:57.749+0900] {processor.py:925} INFO - DAG(s) 'example_branch_operator' retrieved from /home/airflow/.local/lib/python3.12/site-packages/airflow/example_dags/example_branch_operator.py
[2026-04-13T08:58:57.769+0900] {logging_mixin.py:190} INFO - [2026-04-13T08:58:57.769+0900] {dag.py:3211} INFO - Sync 1 DAGs
[2026-04-13T08:58:57.790+0900] {logging_mixin.py:190} INFO - [2026-04-13T08:58:57.789+0900] {dag.py:4138} INFO - Setting next_dagrun for example_branch_operator to 2026-04-11 00:00:00+00:00, run_after=2026-04-12 00:00:00+00:00
[2026-04-13T08:58:57.805+0900] {processor.py:208} INFO - Processing /home/airflow/.local/lib/python3.12/site-packages/airflow/example_dags/example_branch_operator.py took 0.077 seconds
[2026-04-13T08:59:28.301+0900] {processor.py:186} INFO - Started process (PID=460) to work on /home/airflow/.local/lib/python3.12/site-packages/airflow/example_dags/example_branch_operator.py
[2026-04-13T08:59:28.303+0900] {processor.py:914} INFO - Processing file /home/airflow/.local/lib/python3.12/site-packages/airflow/example_dags/example_branch_operator.py for tasks to queue
[2026-04-13T08:59:28.305+0900] {logging_mixin.py:190} INFO - [2026-04-13T08:59:28.305+0900] {dagbag.py:587} INFO - Filling up the DagBag from /home/airflow/.local/lib/python3.12/site-packages/airflow/example_dags/example_branch_operator.py
[2026-04-13T08:59:28.318+0900] {processor.py:925} INFO - DAG(s) 'example_branch_operator' retrieved from /home/airflow/.local/lib/python3.12/site-packages/airflow/example_dags/example_branch_operator.py
[2026-04-13T08:59:28.337+0900] {logging_mixin.py:190} INFO - [2026-04-13T08:59:28.337+0900] {dag.py:3211} INFO - Sync 1 DAGs
[2026-04-13T08:59:28.352+0900] {logging_mixin.py:190} INFO - [2026-04-13T08:59:28.352+0900] {dag.py:4138} INFO - Setting next_dagrun for example_branch_operator to 2026-04-11 00:00:00+00:00, run_after=2026-04-12 00:00:00+00:00
[2026-04-13T08:59:28.365+0900] {processor.py:208} INFO - Processing /home/airflow/.local/lib/python3.12/site-packages/airflow/example_dags/example_branch_operator.py took 0.068 seconds
[2026-04-13T08:59:58.831+0900] {processor.py:186} INFO - Started process (PID=539) to work on /home/airflow/.local/lib/python3.12/site-packages/airflow/example_dags/example_branch_operator.py
[2026-04-13T08:59:58.832+0900] {processor.py:914} INFO - Processing file /home/airflow/.local/lib/python3.12/site-packages/airflow/example_dags/example_branch_operator.py for tasks to queue
[2026-04-13T08:59:58.836+0900] {logging_mixin.py:190} INFO - [2026-04-13T08:59:58.835+0900] {dagbag.py:587} INFO - Filling up the DagBag from /home/airflow/.local/lib/python3.12/site-packages/airflow/example_dags/example_branch_operator.py
[2026-04-13T08:59:58.848+0900] {processor.py:925} INFO - DAG(s) 'example_branch_operator' retrieved from /home/airflow/.local/lib/python3.12/site-packages/airflow/example_dags/example_branch_operator.py
[2026-04-13T08:59:58.868+0900] {logging_mixin.py:190} INFO - [2026-04-13T08:59:58.868+0900] {dag.py:3211} INFO - Sync 1 DAGs
[2026-04-13T08:59:58.886+0900] {logging_mixin.py:190} INFO - [2026-04-13T08:59:58.886+0900] {dag.py:4138} INFO - Setting next_dagrun for example_branch_operator to 2026-04-11 00:00:00+00:00, run_after=2026-04-12 00:00:00+00:00
[2026-04-13T08:59:58.900+0900] {processor.py:208} INFO - Processing /home/airflow/.local/lib/python3.12/site-packages/airflow/example_dags/example_branch_operator.py took 0.074 seconds
