[2026-04-13T08:56:55.182+0900] {processor.py:186} INFO - Started process (PID=125) to work on /home/airflow/.local/lib/python3.12/site-packages/airflow/example_dags/example_datasets.py
[2026-04-13T08:56:55.183+0900] {processor.py:914} INFO - Processing file /home/airflow/.local/lib/python3.12/site-packages/airflow/example_dags/example_datasets.py for tasks to queue
[2026-04-13T08:56:55.186+0900] {logging_mixin.py:190} INFO - [2026-04-13T08:56:55.186+0900] {dagbag.py:587} INFO - Filling up the DagBag from /home/airflow/.local/lib/python3.12/site-packages/airflow/example_dags/example_datasets.py
[2026-04-13T08:56:55.321+0900] {processor.py:925} INFO - DAG(s) 'consume_1_or_both_2_and_3_with_dataset_expressions', 'dataset_produces_2', 'consume_1_and_2_with_dataset_expressions', 'dataset_consumes_1_and_2', 'dataset_consumes_1_never_scheduled', 'dataset_consumes_1', 'dataset_produces_1', 'dataset_consumes_unknown_never_scheduled', 'conditional_dataset_and_time_based_timetable', 'consume_1_or_2_with_dataset_expressions' retrieved from /home/airflow/.local/lib/python3.12/site-packages/airflow/example_dags/example_datasets.py
[2026-04-13T08:56:55.379+0900] {logging_mixin.py:190} INFO - [2026-04-13T08:56:55.378+0900] {dag.py:3211} INFO - Sync 10 DAGs
[2026-04-13T08:56:55.408+0900] {logging_mixin.py:190} INFO - [2026-04-13T08:56:55.407+0900] {dag.py:4138} INFO - Setting next_dagrun for conditional_dataset_and_time_based_timetable to 2026-04-08 01:00:00+00:00, run_after=2026-04-08 01:00:00+00:00
[2026-04-13T08:56:55.411+0900] {logging_mixin.py:190} INFO - [2026-04-13T08:56:55.411+0900] {dag.py:4138} INFO - Setting next_dagrun for consume_1_and_2_with_dataset_expressions to None, run_after=None
[2026-04-13T08:56:55.414+0900] {logging_mixin.py:190} INFO - [2026-04-13T08:56:55.413+0900] {dag.py:4138} INFO - Setting next_dagrun for consume_1_or_2_with_dataset_expressions to None, run_after=None
[2026-04-13T08:56:55.415+0900] {logging_mixin.py:190} INFO - [2026-04-13T08:56:55.415+0900] {dag.py:4138} INFO - Setting next_dagrun for consume_1_or_both_2_and_3_with_dataset_expressions to None, run_after=None
[2026-04-13T08:56:55.418+0900] {logging_mixin.py:190} INFO - [2026-04-13T08:56:55.418+0900] {dag.py:4138} INFO - Setting next_dagrun for dataset_consumes_1 to None, run_after=None
[2026-04-13T08:56:55.420+0900] {logging_mixin.py:190} INFO - [2026-04-13T08:56:55.420+0900] {dag.py:4138} INFO - Setting next_dagrun for dataset_consumes_1_and_2 to None, run_after=None
[2026-04-13T08:56:55.422+0900] {logging_mixin.py:190} INFO - [2026-04-13T08:56:55.422+0900] {dag.py:4138} INFO - Setting next_dagrun for dataset_consumes_1_never_scheduled to None, run_after=None
[2026-04-13T08:56:55.424+0900] {logging_mixin.py:190} INFO - [2026-04-13T08:56:55.423+0900] {dag.py:4138} INFO - Setting next_dagrun for dataset_consumes_unknown_never_scheduled to None, run_after=None
[2026-04-13T08:56:55.426+0900] {logging_mixin.py:190} INFO - [2026-04-13T08:56:55.426+0900] {dag.py:4138} INFO - Setting next_dagrun for dataset_produces_1 to 2026-04-11 00:00:00+00:00, run_after=2026-04-12 00:00:00+00:00
[2026-04-13T08:56:55.428+0900] {logging_mixin.py:190} INFO - [2026-04-13T08:56:55.428+0900] {dag.py:4138} INFO - Setting next_dagrun for dataset_produces_2 to None, run_after=None
[2026-04-13T08:56:55.464+0900] {processor.py:208} INFO - Processing /home/airflow/.local/lib/python3.12/site-packages/airflow/example_dags/example_datasets.py took 0.288 seconds
[2026-04-13T08:57:25.694+0900] {processor.py:186} INFO - Started process (PID=192) to work on /home/airflow/.local/lib/python3.12/site-packages/airflow/example_dags/example_datasets.py
[2026-04-13T08:57:25.695+0900] {processor.py:914} INFO - Processing file /home/airflow/.local/lib/python3.12/site-packages/airflow/example_dags/example_datasets.py for tasks to queue
[2026-04-13T08:57:25.698+0900] {logging_mixin.py:190} INFO - [2026-04-13T08:57:25.697+0900] {dagbag.py:587} INFO - Filling up the DagBag from /home/airflow/.local/lib/python3.12/site-packages/airflow/example_dags/example_datasets.py
[2026-04-13T08:57:25.807+0900] {processor.py:925} INFO - DAG(s) 'dataset_produces_2', 'dataset_consumes_1_never_scheduled', 'dataset_consumes_1', 'consume_1_or_2_with_dataset_expressions', 'dataset_produces_1', 'consume_1_and_2_with_dataset_expressions', 'dataset_consumes_1_and_2', 'consume_1_or_both_2_and_3_with_dataset_expressions', 'dataset_consumes_unknown_never_scheduled', 'conditional_dataset_and_time_based_timetable' retrieved from /home/airflow/.local/lib/python3.12/site-packages/airflow/example_dags/example_datasets.py
[2026-04-13T08:57:25.838+0900] {logging_mixin.py:190} INFO - [2026-04-13T08:57:25.838+0900] {dag.py:3211} INFO - Sync 10 DAGs
[2026-04-13T08:57:25.858+0900] {logging_mixin.py:190} INFO - [2026-04-13T08:57:25.858+0900] {dag.py:4138} INFO - Setting next_dagrun for conditional_dataset_and_time_based_timetable to 2026-04-08 01:00:00+00:00, run_after=2026-04-08 01:00:00+00:00
[2026-04-13T08:57:25.862+0900] {logging_mixin.py:190} INFO - [2026-04-13T08:57:25.861+0900] {dag.py:4138} INFO - Setting next_dagrun for consume_1_and_2_with_dataset_expressions to None, run_after=None
[2026-04-13T08:57:25.863+0900] {logging_mixin.py:190} INFO - [2026-04-13T08:57:25.863+0900] {dag.py:4138} INFO - Setting next_dagrun for consume_1_or_2_with_dataset_expressions to None, run_after=None
[2026-04-13T08:57:25.865+0900] {logging_mixin.py:190} INFO - [2026-04-13T08:57:25.865+0900] {dag.py:4138} INFO - Setting next_dagrun for consume_1_or_both_2_and_3_with_dataset_expressions to None, run_after=None
[2026-04-13T08:57:25.867+0900] {logging_mixin.py:190} INFO - [2026-04-13T08:57:25.867+0900] {dag.py:4138} INFO - Setting next_dagrun for dataset_consumes_1 to None, run_after=None
[2026-04-13T08:57:25.868+0900] {logging_mixin.py:190} INFO - [2026-04-13T08:57:25.868+0900] {dag.py:4138} INFO - Setting next_dagrun for dataset_consumes_1_and_2 to None, run_after=None
[2026-04-13T08:57:25.870+0900] {logging_mixin.py:190} INFO - [2026-04-13T08:57:25.870+0900] {dag.py:4138} INFO - Setting next_dagrun for dataset_consumes_1_never_scheduled to None, run_after=None
[2026-04-13T08:57:25.871+0900] {logging_mixin.py:190} INFO - [2026-04-13T08:57:25.871+0900] {dag.py:4138} INFO - Setting next_dagrun for dataset_consumes_unknown_never_scheduled to None, run_after=None
[2026-04-13T08:57:25.873+0900] {logging_mixin.py:190} INFO - [2026-04-13T08:57:25.873+0900] {dag.py:4138} INFO - Setting next_dagrun for dataset_produces_1 to 2026-04-11 00:00:00+00:00, run_after=2026-04-12 00:00:00+00:00
[2026-04-13T08:57:25.874+0900] {logging_mixin.py:190} INFO - [2026-04-13T08:57:25.874+0900] {dag.py:4138} INFO - Setting next_dagrun for dataset_produces_2 to None, run_after=None
[2026-04-13T08:57:25.899+0900] {processor.py:208} INFO - Processing /home/airflow/.local/lib/python3.12/site-packages/airflow/example_dags/example_datasets.py took 0.209 seconds
[2026-04-13T08:57:56.592+0900] {processor.py:186} INFO - Started process (PID=259) to work on /home/airflow/.local/lib/python3.12/site-packages/airflow/example_dags/example_datasets.py
[2026-04-13T08:57:56.593+0900] {processor.py:914} INFO - Processing file /home/airflow/.local/lib/python3.12/site-packages/airflow/example_dags/example_datasets.py for tasks to queue
[2026-04-13T08:57:56.595+0900] {logging_mixin.py:190} INFO - [2026-04-13T08:57:56.594+0900] {dagbag.py:587} INFO - Filling up the DagBag from /home/airflow/.local/lib/python3.12/site-packages/airflow/example_dags/example_datasets.py
[2026-04-13T08:57:56.704+0900] {processor.py:925} INFO - DAG(s) 'consume_1_and_2_with_dataset_expressions', 'dataset_consumes_1_and_2', 'consume_1_or_both_2_and_3_with_dataset_expressions', 'dataset_produces_2', 'dataset_produces_1', 'dataset_consumes_unknown_never_scheduled', 'conditional_dataset_and_time_based_timetable', 'dataset_consumes_1', 'consume_1_or_2_with_dataset_expressions', 'dataset_consumes_1_never_scheduled' retrieved from /home/airflow/.local/lib/python3.12/site-packages/airflow/example_dags/example_datasets.py
[2026-04-13T08:57:56.734+0900] {logging_mixin.py:190} INFO - [2026-04-13T08:57:56.734+0900] {dag.py:3211} INFO - Sync 10 DAGs
[2026-04-13T08:57:56.758+0900] {logging_mixin.py:190} INFO - [2026-04-13T08:57:56.758+0900] {dag.py:4138} INFO - Setting next_dagrun for conditional_dataset_and_time_based_timetable to 2026-04-08 01:00:00+00:00, run_after=2026-04-08 01:00:00+00:00
[2026-04-13T08:57:56.762+0900] {logging_mixin.py:190} INFO - [2026-04-13T08:57:56.761+0900] {dag.py:4138} INFO - Setting next_dagrun for consume_1_and_2_with_dataset_expressions to None, run_after=None
[2026-04-13T08:57:56.763+0900] {logging_mixin.py:190} INFO - [2026-04-13T08:57:56.763+0900] {dag.py:4138} INFO - Setting next_dagrun for consume_1_or_2_with_dataset_expressions to None, run_after=None
[2026-04-13T08:57:56.764+0900] {logging_mixin.py:190} INFO - [2026-04-13T08:57:56.764+0900] {dag.py:4138} INFO - Setting next_dagrun for consume_1_or_both_2_and_3_with_dataset_expressions to None, run_after=None
[2026-04-13T08:57:56.765+0900] {logging_mixin.py:190} INFO - [2026-04-13T08:57:56.765+0900] {dag.py:4138} INFO - Setting next_dagrun for dataset_consumes_1 to None, run_after=None
[2026-04-13T08:57:56.766+0900] {logging_mixin.py:190} INFO - [2026-04-13T08:57:56.766+0900] {dag.py:4138} INFO - Setting next_dagrun for dataset_consumes_1_and_2 to None, run_after=None
[2026-04-13T08:57:56.767+0900] {logging_mixin.py:190} INFO - [2026-04-13T08:57:56.767+0900] {dag.py:4138} INFO - Setting next_dagrun for dataset_consumes_1_never_scheduled to None, run_after=None
[2026-04-13T08:57:56.768+0900] {logging_mixin.py:190} INFO - [2026-04-13T08:57:56.768+0900] {dag.py:4138} INFO - Setting next_dagrun for dataset_consumes_unknown_never_scheduled to None, run_after=None
[2026-04-13T08:57:56.770+0900] {logging_mixin.py:190} INFO - [2026-04-13T08:57:56.770+0900] {dag.py:4138} INFO - Setting next_dagrun for dataset_produces_1 to 2026-04-11 00:00:00+00:00, run_after=2026-04-12 00:00:00+00:00
[2026-04-13T08:57:56.772+0900] {logging_mixin.py:190} INFO - [2026-04-13T08:57:56.772+0900] {dag.py:4138} INFO - Setting next_dagrun for dataset_produces_2 to None, run_after=None
[2026-04-13T08:57:56.800+0900] {processor.py:208} INFO - Processing /home/airflow/.local/lib/python3.12/site-packages/airflow/example_dags/example_datasets.py took 0.213 seconds
[2026-04-13T08:58:27.135+0900] {processor.py:186} INFO - Started process (PID=326) to work on /home/airflow/.local/lib/python3.12/site-packages/airflow/example_dags/example_datasets.py
[2026-04-13T08:58:27.136+0900] {processor.py:914} INFO - Processing file /home/airflow/.local/lib/python3.12/site-packages/airflow/example_dags/example_datasets.py for tasks to queue
[2026-04-13T08:58:27.138+0900] {logging_mixin.py:190} INFO - [2026-04-13T08:58:27.138+0900] {dagbag.py:587} INFO - Filling up the DagBag from /home/airflow/.local/lib/python3.12/site-packages/airflow/example_dags/example_datasets.py
[2026-04-13T08:58:27.244+0900] {processor.py:925} INFO - DAG(s) 'dataset_consumes_unknown_never_scheduled', 'consume_1_or_both_2_and_3_with_dataset_expressions', 'dataset_produces_1', 'dataset_consumes_1_and_2', 'consume_1_and_2_with_dataset_expressions', 'dataset_consumes_1', 'dataset_consumes_1_never_scheduled', 'conditional_dataset_and_time_based_timetable', 'consume_1_or_2_with_dataset_expressions', 'dataset_produces_2' retrieved from /home/airflow/.local/lib/python3.12/site-packages/airflow/example_dags/example_datasets.py
[2026-04-13T08:58:27.274+0900] {logging_mixin.py:190} INFO - [2026-04-13T08:58:27.274+0900] {dag.py:3211} INFO - Sync 10 DAGs
[2026-04-13T08:58:27.294+0900] {logging_mixin.py:190} INFO - [2026-04-13T08:58:27.294+0900] {dag.py:4138} INFO - Setting next_dagrun for conditional_dataset_and_time_based_timetable to 2026-04-08 01:00:00+00:00, run_after=2026-04-08 01:00:00+00:00
[2026-04-13T08:58:27.297+0900] {logging_mixin.py:190} INFO - [2026-04-13T08:58:27.296+0900] {dag.py:4138} INFO - Setting next_dagrun for consume_1_and_2_with_dataset_expressions to None, run_after=None
[2026-04-13T08:58:27.298+0900] {logging_mixin.py:190} INFO - [2026-04-13T08:58:27.298+0900] {dag.py:4138} INFO - Setting next_dagrun for consume_1_or_2_with_dataset_expressions to None, run_after=None
[2026-04-13T08:58:27.299+0900] {logging_mixin.py:190} INFO - [2026-04-13T08:58:27.299+0900] {dag.py:4138} INFO - Setting next_dagrun for consume_1_or_both_2_and_3_with_dataset_expressions to None, run_after=None
[2026-04-13T08:58:27.300+0900] {logging_mixin.py:190} INFO - [2026-04-13T08:58:27.300+0900] {dag.py:4138} INFO - Setting next_dagrun for dataset_consumes_1 to None, run_after=None
[2026-04-13T08:58:27.301+0900] {logging_mixin.py:190} INFO - [2026-04-13T08:58:27.301+0900] {dag.py:4138} INFO - Setting next_dagrun for dataset_consumes_1_and_2 to None, run_after=None
[2026-04-13T08:58:27.302+0900] {logging_mixin.py:190} INFO - [2026-04-13T08:58:27.301+0900] {dag.py:4138} INFO - Setting next_dagrun for dataset_consumes_1_never_scheduled to None, run_after=None
[2026-04-13T08:58:27.302+0900] {logging_mixin.py:190} INFO - [2026-04-13T08:58:27.302+0900] {dag.py:4138} INFO - Setting next_dagrun for dataset_consumes_unknown_never_scheduled to None, run_after=None
[2026-04-13T08:58:27.304+0900] {logging_mixin.py:190} INFO - [2026-04-13T08:58:27.304+0900] {dag.py:4138} INFO - Setting next_dagrun for dataset_produces_1 to 2026-04-11 00:00:00+00:00, run_after=2026-04-12 00:00:00+00:00
[2026-04-13T08:58:27.305+0900] {logging_mixin.py:190} INFO - [2026-04-13T08:58:27.305+0900] {dag.py:4138} INFO - Setting next_dagrun for dataset_produces_2 to None, run_after=None
[2026-04-13T08:58:27.327+0900] {processor.py:208} INFO - Processing /home/airflow/.local/lib/python3.12/site-packages/airflow/example_dags/example_datasets.py took 0.196 seconds
[2026-04-13T08:58:57.660+0900] {processor.py:186} INFO - Started process (PID=393) to work on /home/airflow/.local/lib/python3.12/site-packages/airflow/example_dags/example_datasets.py
[2026-04-13T08:58:57.661+0900] {processor.py:914} INFO - Processing file /home/airflow/.local/lib/python3.12/site-packages/airflow/example_dags/example_datasets.py for tasks to queue
[2026-04-13T08:58:57.663+0900] {logging_mixin.py:190} INFO - [2026-04-13T08:58:57.663+0900] {dagbag.py:587} INFO - Filling up the DagBag from /home/airflow/.local/lib/python3.12/site-packages/airflow/example_dags/example_datasets.py
[2026-04-13T08:58:57.777+0900] {processor.py:925} INFO - DAG(s) 'dataset_consumes_1', 'dataset_consumes_1_never_scheduled', 'dataset_consumes_unknown_never_scheduled', 'dataset_produces_2', 'consume_1_or_2_with_dataset_expressions', 'consume_1_and_2_with_dataset_expressions', 'dataset_consumes_1_and_2', 'consume_1_or_both_2_and_3_with_dataset_expressions', 'conditional_dataset_and_time_based_timetable', 'dataset_produces_1' retrieved from /home/airflow/.local/lib/python3.12/site-packages/airflow/example_dags/example_datasets.py
[2026-04-13T08:58:57.814+0900] {logging_mixin.py:190} INFO - [2026-04-13T08:58:57.814+0900] {dag.py:3211} INFO - Sync 10 DAGs
[2026-04-13T08:58:57.833+0900] {logging_mixin.py:190} INFO - [2026-04-13T08:58:57.833+0900] {dag.py:4138} INFO - Setting next_dagrun for conditional_dataset_and_time_based_timetable to 2026-04-08 01:00:00+00:00, run_after=2026-04-08 01:00:00+00:00
[2026-04-13T08:58:57.837+0900] {logging_mixin.py:190} INFO - [2026-04-13T08:58:57.837+0900] {dag.py:4138} INFO - Setting next_dagrun for consume_1_and_2_with_dataset_expressions to None, run_after=None
[2026-04-13T08:58:57.838+0900] {logging_mixin.py:190} INFO - [2026-04-13T08:58:57.838+0900] {dag.py:4138} INFO - Setting next_dagrun for consume_1_or_2_with_dataset_expressions to None, run_after=None
[2026-04-13T08:58:57.840+0900] {logging_mixin.py:190} INFO - [2026-04-13T08:58:57.840+0900] {dag.py:4138} INFO - Setting next_dagrun for consume_1_or_both_2_and_3_with_dataset_expressions to None, run_after=None
[2026-04-13T08:58:57.841+0900] {logging_mixin.py:190} INFO - [2026-04-13T08:58:57.841+0900] {dag.py:4138} INFO - Setting next_dagrun for dataset_consumes_1 to None, run_after=None
[2026-04-13T08:58:57.842+0900] {logging_mixin.py:190} INFO - [2026-04-13T08:58:57.842+0900] {dag.py:4138} INFO - Setting next_dagrun for dataset_consumes_1_and_2 to None, run_after=None
[2026-04-13T08:58:57.843+0900] {logging_mixin.py:190} INFO - [2026-04-13T08:58:57.843+0900] {dag.py:4138} INFO - Setting next_dagrun for dataset_consumes_1_never_scheduled to None, run_after=None
[2026-04-13T08:58:57.844+0900] {logging_mixin.py:190} INFO - [2026-04-13T08:58:57.844+0900] {dag.py:4138} INFO - Setting next_dagrun for dataset_consumes_unknown_never_scheduled to None, run_after=None
[2026-04-13T08:58:57.846+0900] {logging_mixin.py:190} INFO - [2026-04-13T08:58:57.846+0900] {dag.py:4138} INFO - Setting next_dagrun for dataset_produces_1 to 2026-04-11 00:00:00+00:00, run_after=2026-04-12 00:00:00+00:00
[2026-04-13T08:58:57.847+0900] {logging_mixin.py:190} INFO - [2026-04-13T08:58:57.847+0900] {dag.py:4138} INFO - Setting next_dagrun for dataset_produces_2 to None, run_after=None
[2026-04-13T08:58:57.871+0900] {processor.py:208} INFO - Processing /home/airflow/.local/lib/python3.12/site-packages/airflow/example_dags/example_datasets.py took 0.216 seconds
[2026-04-13T08:59:28.397+0900] {processor.py:186} INFO - Started process (PID=461) to work on /home/airflow/.local/lib/python3.12/site-packages/airflow/example_dags/example_datasets.py
[2026-04-13T08:59:28.398+0900] {processor.py:914} INFO - Processing file /home/airflow/.local/lib/python3.12/site-packages/airflow/example_dags/example_datasets.py for tasks to queue
[2026-04-13T08:59:28.400+0900] {logging_mixin.py:190} INFO - [2026-04-13T08:59:28.400+0900] {dagbag.py:587} INFO - Filling up the DagBag from /home/airflow/.local/lib/python3.12/site-packages/airflow/example_dags/example_datasets.py
[2026-04-13T08:59:28.511+0900] {processor.py:925} INFO - DAG(s) 'consume_1_or_2_with_dataset_expressions', 'conditional_dataset_and_time_based_timetable', 'dataset_consumes_unknown_never_scheduled', 'consume_1_and_2_with_dataset_expressions', 'dataset_consumes_1_and_2', 'consume_1_or_both_2_and_3_with_dataset_expressions', 'dataset_produces_2', 'dataset_produces_1', 'dataset_consumes_1', 'dataset_consumes_1_never_scheduled' retrieved from /home/airflow/.local/lib/python3.12/site-packages/airflow/example_dags/example_datasets.py
[2026-04-13T08:59:28.542+0900] {logging_mixin.py:190} INFO - [2026-04-13T08:59:28.542+0900] {dag.py:3211} INFO - Sync 10 DAGs
[2026-04-13T08:59:28.560+0900] {logging_mixin.py:190} INFO - [2026-04-13T08:59:28.560+0900] {dag.py:4138} INFO - Setting next_dagrun for conditional_dataset_and_time_based_timetable to 2026-04-08 01:00:00+00:00, run_after=2026-04-08 01:00:00+00:00
[2026-04-13T08:59:28.563+0900] {logging_mixin.py:190} INFO - [2026-04-13T08:59:28.563+0900] {dag.py:4138} INFO - Setting next_dagrun for consume_1_and_2_with_dataset_expressions to None, run_after=None
[2026-04-13T08:59:28.564+0900] {logging_mixin.py:190} INFO - [2026-04-13T08:59:28.564+0900] {dag.py:4138} INFO - Setting next_dagrun for consume_1_or_2_with_dataset_expressions to None, run_after=None
[2026-04-13T08:59:28.565+0900] {logging_mixin.py:190} INFO - [2026-04-13T08:59:28.565+0900] {dag.py:4138} INFO - Setting next_dagrun for consume_1_or_both_2_and_3_with_dataset_expressions to None, run_after=None
[2026-04-13T08:59:28.566+0900] {logging_mixin.py:190} INFO - [2026-04-13T08:59:28.566+0900] {dag.py:4138} INFO - Setting next_dagrun for dataset_consumes_1 to None, run_after=None
[2026-04-13T08:59:28.567+0900] {logging_mixin.py:190} INFO - [2026-04-13T08:59:28.567+0900] {dag.py:4138} INFO - Setting next_dagrun for dataset_consumes_1_and_2 to None, run_after=None
[2026-04-13T08:59:28.568+0900] {logging_mixin.py:190} INFO - [2026-04-13T08:59:28.568+0900] {dag.py:4138} INFO - Setting next_dagrun for dataset_consumes_1_never_scheduled to None, run_after=None
[2026-04-13T08:59:28.569+0900] {logging_mixin.py:190} INFO - [2026-04-13T08:59:28.569+0900] {dag.py:4138} INFO - Setting next_dagrun for dataset_consumes_unknown_never_scheduled to None, run_after=None
[2026-04-13T08:59:28.570+0900] {logging_mixin.py:190} INFO - [2026-04-13T08:59:28.570+0900] {dag.py:4138} INFO - Setting next_dagrun for dataset_produces_1 to 2026-04-11 00:00:00+00:00, run_after=2026-04-12 00:00:00+00:00
[2026-04-13T08:59:28.571+0900] {logging_mixin.py:190} INFO - [2026-04-13T08:59:28.571+0900] {dag.py:4138} INFO - Setting next_dagrun for dataset_produces_2 to None, run_after=None
[2026-04-13T08:59:28.593+0900] {processor.py:208} INFO - Processing /home/airflow/.local/lib/python3.12/site-packages/airflow/example_dags/example_datasets.py took 0.201 seconds
[2026-04-13T08:59:58.949+0900] {processor.py:186} INFO - Started process (PID=540) to work on /home/airflow/.local/lib/python3.12/site-packages/airflow/example_dags/example_datasets.py
[2026-04-13T08:59:58.950+0900] {processor.py:914} INFO - Processing file /home/airflow/.local/lib/python3.12/site-packages/airflow/example_dags/example_datasets.py for tasks to queue
[2026-04-13T08:59:58.952+0900] {logging_mixin.py:190} INFO - [2026-04-13T08:59:58.952+0900] {dagbag.py:587} INFO - Filling up the DagBag from /home/airflow/.local/lib/python3.12/site-packages/airflow/example_dags/example_datasets.py
[2026-04-13T08:59:59.086+0900] {processor.py:925} INFO - DAG(s) 'dataset_produces_2', 'conditional_dataset_and_time_based_timetable', 'dataset_consumes_1', 'consume_1_or_both_2_and_3_with_dataset_expressions', 'dataset_consumes_1_never_scheduled', 'consume_1_and_2_with_dataset_expressions', 'consume_1_or_2_with_dataset_expressions', 'dataset_consumes_1_and_2', 'dataset_consumes_unknown_never_scheduled', 'dataset_produces_1' retrieved from /home/airflow/.local/lib/python3.12/site-packages/airflow/example_dags/example_datasets.py
[2026-04-13T08:59:59.129+0900] {logging_mixin.py:190} INFO - [2026-04-13T08:59:59.129+0900] {dag.py:3211} INFO - Sync 10 DAGs
[2026-04-13T08:59:59.152+0900] {logging_mixin.py:190} INFO - [2026-04-13T08:59:59.152+0900] {dag.py:4138} INFO - Setting next_dagrun for conditional_dataset_and_time_based_timetable to 2026-04-08 01:00:00+00:00, run_after=2026-04-08 01:00:00+00:00
[2026-04-13T08:59:59.156+0900] {logging_mixin.py:190} INFO - [2026-04-13T08:59:59.156+0900] {dag.py:4138} INFO - Setting next_dagrun for consume_1_and_2_with_dataset_expressions to None, run_after=None
[2026-04-13T08:59:59.158+0900] {logging_mixin.py:190} INFO - [2026-04-13T08:59:59.158+0900] {dag.py:4138} INFO - Setting next_dagrun for consume_1_or_2_with_dataset_expressions to None, run_after=None
[2026-04-13T08:59:59.159+0900] {logging_mixin.py:190} INFO - [2026-04-13T08:59:59.159+0900] {dag.py:4138} INFO - Setting next_dagrun for consume_1_or_both_2_and_3_with_dataset_expressions to None, run_after=None
[2026-04-13T08:59:59.162+0900] {logging_mixin.py:190} INFO - [2026-04-13T08:59:59.162+0900] {dag.py:4138} INFO - Setting next_dagrun for dataset_consumes_1 to None, run_after=None
[2026-04-13T08:59:59.164+0900] {logging_mixin.py:190} INFO - [2026-04-13T08:59:59.164+0900] {dag.py:4138} INFO - Setting next_dagrun for dataset_consumes_1_and_2 to None, run_after=None
[2026-04-13T08:59:59.166+0900] {logging_mixin.py:190} INFO - [2026-04-13T08:59:59.166+0900] {dag.py:4138} INFO - Setting next_dagrun for dataset_consumes_1_never_scheduled to None, run_after=None
[2026-04-13T08:59:59.168+0900] {logging_mixin.py:190} INFO - [2026-04-13T08:59:59.168+0900] {dag.py:4138} INFO - Setting next_dagrun for dataset_consumes_unknown_never_scheduled to None, run_after=None
[2026-04-13T08:59:59.172+0900] {logging_mixin.py:190} INFO - [2026-04-13T08:59:59.171+0900] {dag.py:4138} INFO - Setting next_dagrun for dataset_produces_1 to 2026-04-11 00:00:00+00:00, run_after=2026-04-12 00:00:00+00:00
[2026-04-13T08:59:59.174+0900] {logging_mixin.py:190} INFO - [2026-04-13T08:59:59.174+0900] {dag.py:4138} INFO - Setting next_dagrun for dataset_produces_2 to None, run_after=None
[2026-04-13T08:59:59.215+0900] {processor.py:208} INFO - Processing /home/airflow/.local/lib/python3.12/site-packages/airflow/example_dags/example_datasets.py took 0.271 seconds
