[2026-04-13T08:56:55.556+0900] {processor.py:186} INFO - Started process (PID=129) to work on /home/airflow/.local/lib/python3.12/site-packages/airflow/example_dags/example_latest_only.py
[2026-04-13T08:56:55.557+0900] {processor.py:914} INFO - Processing file /home/airflow/.local/lib/python3.12/site-packages/airflow/example_dags/example_latest_only.py for tasks to queue
[2026-04-13T08:56:55.560+0900] {logging_mixin.py:190} INFO - [2026-04-13T08:56:55.560+0900] {dagbag.py:587} INFO - Filling up the DagBag from /home/airflow/.local/lib/python3.12/site-packages/airflow/example_dags/example_latest_only.py
[2026-04-13T08:56:55.570+0900] {processor.py:925} INFO - DAG(s) 'latest_only' retrieved from /home/airflow/.local/lib/python3.12/site-packages/airflow/example_dags/example_latest_only.py
[2026-04-13T08:56:55.595+0900] {logging_mixin.py:190} INFO - [2026-04-13T08:56:55.594+0900] {dag.py:3211} INFO - Sync 1 DAGs
[2026-04-13T08:56:55.616+0900] {logging_mixin.py:190} INFO - [2026-04-13T08:56:55.616+0900] {dag.py:4138} INFO - Setting next_dagrun for latest_only to 2026-04-12 16:00:00+00:00, run_after=2026-04-12 20:00:00+00:00
[2026-04-13T08:56:55.632+0900] {processor.py:208} INFO - Processing /home/airflow/.local/lib/python3.12/site-packages/airflow/example_dags/example_latest_only.py took 0.081 seconds
[2026-04-13T08:57:25.936+0900] {processor.py:186} INFO - Started process (PID=196) to work on /home/airflow/.local/lib/python3.12/site-packages/airflow/example_dags/example_latest_only.py
[2026-04-13T08:57:25.937+0900] {processor.py:914} INFO - Processing file /home/airflow/.local/lib/python3.12/site-packages/airflow/example_dags/example_latest_only.py for tasks to queue
[2026-04-13T08:57:25.940+0900] {logging_mixin.py:190} INFO - [2026-04-13T08:57:25.940+0900] {dagbag.py:587} INFO - Filling up the DagBag from /home/airflow/.local/lib/python3.12/site-packages/airflow/example_dags/example_latest_only.py
[2026-04-13T08:57:25.947+0900] {processor.py:925} INFO - DAG(s) 'latest_only' retrieved from /home/airflow/.local/lib/python3.12/site-packages/airflow/example_dags/example_latest_only.py
[2026-04-13T08:57:25.965+0900] {logging_mixin.py:190} INFO - [2026-04-13T08:57:25.965+0900] {dag.py:3211} INFO - Sync 1 DAGs
[2026-04-13T08:57:25.983+0900] {logging_mixin.py:190} INFO - [2026-04-13T08:57:25.983+0900] {dag.py:4138} INFO - Setting next_dagrun for latest_only to 2026-04-12 16:00:00+00:00, run_after=2026-04-12 20:00:00+00:00
[2026-04-13T08:57:25.998+0900] {processor.py:208} INFO - Processing /home/airflow/.local/lib/python3.12/site-packages/airflow/example_dags/example_latest_only.py took 0.067 seconds
[2026-04-13T08:57:56.833+0900] {processor.py:186} INFO - Started process (PID=263) to work on /home/airflow/.local/lib/python3.12/site-packages/airflow/example_dags/example_latest_only.py
[2026-04-13T08:57:56.834+0900] {processor.py:914} INFO - Processing file /home/airflow/.local/lib/python3.12/site-packages/airflow/example_dags/example_latest_only.py for tasks to queue
[2026-04-13T08:57:56.836+0900] {logging_mixin.py:190} INFO - [2026-04-13T08:57:56.836+0900] {dagbag.py:587} INFO - Filling up the DagBag from /home/airflow/.local/lib/python3.12/site-packages/airflow/example_dags/example_latest_only.py
[2026-04-13T08:57:56.843+0900] {processor.py:925} INFO - DAG(s) 'latest_only' retrieved from /home/airflow/.local/lib/python3.12/site-packages/airflow/example_dags/example_latest_only.py
[2026-04-13T08:57:56.858+0900] {logging_mixin.py:190} INFO - [2026-04-13T08:57:56.858+0900] {dag.py:3211} INFO - Sync 1 DAGs
[2026-04-13T08:57:56.873+0900] {logging_mixin.py:190} INFO - [2026-04-13T08:57:56.873+0900] {dag.py:4138} INFO - Setting next_dagrun for latest_only to 2026-04-12 16:00:00+00:00, run_after=2026-04-12 20:00:00+00:00
[2026-04-13T08:57:56.888+0900] {processor.py:208} INFO - Processing /home/airflow/.local/lib/python3.12/site-packages/airflow/example_dags/example_latest_only.py took 0.059 seconds
[2026-04-13T08:58:27.357+0900] {processor.py:186} INFO - Started process (PID=330) to work on /home/airflow/.local/lib/python3.12/site-packages/airflow/example_dags/example_latest_only.py
[2026-04-13T08:58:27.358+0900] {processor.py:914} INFO - Processing file /home/airflow/.local/lib/python3.12/site-packages/airflow/example_dags/example_latest_only.py for tasks to queue
[2026-04-13T08:58:27.360+0900] {logging_mixin.py:190} INFO - [2026-04-13T08:58:27.359+0900] {dagbag.py:587} INFO - Filling up the DagBag from /home/airflow/.local/lib/python3.12/site-packages/airflow/example_dags/example_latest_only.py
[2026-04-13T08:58:27.365+0900] {processor.py:925} INFO - DAG(s) 'latest_only' retrieved from /home/airflow/.local/lib/python3.12/site-packages/airflow/example_dags/example_latest_only.py
[2026-04-13T08:58:27.380+0900] {logging_mixin.py:190} INFO - [2026-04-13T08:58:27.380+0900] {dag.py:3211} INFO - Sync 1 DAGs
[2026-04-13T08:58:27.396+0900] {logging_mixin.py:190} INFO - [2026-04-13T08:58:27.395+0900] {dag.py:4138} INFO - Setting next_dagrun for latest_only to 2026-04-12 16:00:00+00:00, run_after=2026-04-12 20:00:00+00:00
[2026-04-13T08:58:27.410+0900] {processor.py:208} INFO - Processing /home/airflow/.local/lib/python3.12/site-packages/airflow/example_dags/example_latest_only.py took 0.057 seconds
[2026-04-13T08:58:58.015+0900] {processor.py:186} INFO - Started process (PID=397) to work on /home/airflow/.local/lib/python3.12/site-packages/airflow/example_dags/example_latest_only.py
[2026-04-13T08:58:58.016+0900] {processor.py:914} INFO - Processing file /home/airflow/.local/lib/python3.12/site-packages/airflow/example_dags/example_latest_only.py for tasks to queue
[2026-04-13T08:58:58.018+0900] {logging_mixin.py:190} INFO - [2026-04-13T08:58:58.018+0900] {dagbag.py:587} INFO - Filling up the DagBag from /home/airflow/.local/lib/python3.12/site-packages/airflow/example_dags/example_latest_only.py
[2026-04-13T08:58:58.023+0900] {processor.py:925} INFO - DAG(s) 'latest_only' retrieved from /home/airflow/.local/lib/python3.12/site-packages/airflow/example_dags/example_latest_only.py
[2026-04-13T08:58:58.039+0900] {logging_mixin.py:190} INFO - [2026-04-13T08:58:58.039+0900] {dag.py:3211} INFO - Sync 1 DAGs
[2026-04-13T08:58:58.056+0900] {logging_mixin.py:190} INFO - [2026-04-13T08:58:58.055+0900] {dag.py:4138} INFO - Setting next_dagrun for latest_only to 2026-04-12 16:00:00+00:00, run_after=2026-04-12 20:00:00+00:00
[2026-04-13T08:58:58.069+0900] {processor.py:208} INFO - Processing /home/airflow/.local/lib/python3.12/site-packages/airflow/example_dags/example_latest_only.py took 0.059 seconds
[2026-04-13T08:59:28.569+0900] {processor.py:186} INFO - Started process (PID=464) to work on /home/airflow/.local/lib/python3.12/site-packages/airflow/example_dags/example_latest_only.py
[2026-04-13T08:59:28.570+0900] {processor.py:914} INFO - Processing file /home/airflow/.local/lib/python3.12/site-packages/airflow/example_dags/example_latest_only.py for tasks to queue
[2026-04-13T08:59:28.572+0900] {logging_mixin.py:190} INFO - [2026-04-13T08:59:28.572+0900] {dagbag.py:587} INFO - Filling up the DagBag from /home/airflow/.local/lib/python3.12/site-packages/airflow/example_dags/example_latest_only.py
[2026-04-13T08:59:28.577+0900] {processor.py:925} INFO - DAG(s) 'latest_only' retrieved from /home/airflow/.local/lib/python3.12/site-packages/airflow/example_dags/example_latest_only.py
[2026-04-13T08:59:28.592+0900] {logging_mixin.py:190} INFO - [2026-04-13T08:59:28.591+0900] {dag.py:3211} INFO - Sync 1 DAGs
[2026-04-13T08:59:28.609+0900] {logging_mixin.py:190} INFO - [2026-04-13T08:59:28.608+0900] {dag.py:4138} INFO - Setting next_dagrun for latest_only to 2026-04-12 16:00:00+00:00, run_after=2026-04-12 20:00:00+00:00
[2026-04-13T08:59:28.621+0900] {processor.py:208} INFO - Processing /home/airflow/.local/lib/python3.12/site-packages/airflow/example_dags/example_latest_only.py took 0.056 seconds
[2026-04-13T08:59:59.364+0900] {processor.py:186} INFO - Started process (PID=543) to work on /home/airflow/.local/lib/python3.12/site-packages/airflow/example_dags/example_latest_only.py
[2026-04-13T08:59:59.365+0900] {processor.py:914} INFO - Processing file /home/airflow/.local/lib/python3.12/site-packages/airflow/example_dags/example_latest_only.py for tasks to queue
[2026-04-13T08:59:59.367+0900] {logging_mixin.py:190} INFO - [2026-04-13T08:59:59.367+0900] {dagbag.py:587} INFO - Filling up the DagBag from /home/airflow/.local/lib/python3.12/site-packages/airflow/example_dags/example_latest_only.py
[2026-04-13T08:59:59.372+0900] {processor.py:925} INFO - DAG(s) 'latest_only' retrieved from /home/airflow/.local/lib/python3.12/site-packages/airflow/example_dags/example_latest_only.py
[2026-04-13T08:59:59.388+0900] {logging_mixin.py:190} INFO - [2026-04-13T08:59:59.388+0900] {dag.py:3211} INFO - Sync 1 DAGs
[2026-04-13T08:59:59.409+0900] {logging_mixin.py:190} INFO - [2026-04-13T08:59:59.409+0900] {dag.py:4138} INFO - Setting next_dagrun for latest_only to 2026-04-12 16:00:00+00:00, run_after=2026-04-12 20:00:00+00:00
[2026-04-13T08:59:59.425+0900] {processor.py:208} INFO - Processing /home/airflow/.local/lib/python3.12/site-packages/airflow/example_dags/example_latest_only.py took 0.065 seconds
