[2026-04-13T08:56:54.414+0900] {processor.py:186} INFO - Started process (PID=111) to work on /home/airflow/.local/lib/python3.12/site-packages/airflow/example_dags/example_python_operator.py
[2026-04-13T08:56:54.415+0900] {processor.py:914} INFO - Processing file /home/airflow/.local/lib/python3.12/site-packages/airflow/example_dags/example_python_operator.py for tasks to queue
[2026-04-13T08:56:54.417+0900] {logging_mixin.py:190} INFO - [2026-04-13T08:56:54.417+0900] {dagbag.py:587} INFO - Filling up the DagBag from /home/airflow/.local/lib/python3.12/site-packages/airflow/example_dags/example_python_operator.py
[2026-04-13T08:56:54.428+0900] {processor.py:925} INFO - DAG(s) 'example_python_operator' retrieved from /home/airflow/.local/lib/python3.12/site-packages/airflow/example_dags/example_python_operator.py
[2026-04-13T08:56:54.504+0900] {logging_mixin.py:190} INFO - [2026-04-13T08:56:54.503+0900] {dag.py:3211} INFO - Sync 1 DAGs
[2026-04-13T08:56:54.512+0900] {logging_mixin.py:190} INFO - [2026-04-13T08:56:54.512+0900] {dag.py:4138} INFO - Setting next_dagrun for example_python_operator to None, run_after=None
[2026-04-13T08:56:54.527+0900] {processor.py:208} INFO - Processing /home/airflow/.local/lib/python3.12/site-packages/airflow/example_dags/example_python_operator.py took 0.116 seconds
[2026-04-13T08:57:24.678+0900] {processor.py:186} INFO - Started process (PID=178) to work on /home/airflow/.local/lib/python3.12/site-packages/airflow/example_dags/example_python_operator.py
[2026-04-13T08:57:24.680+0900] {processor.py:914} INFO - Processing file /home/airflow/.local/lib/python3.12/site-packages/airflow/example_dags/example_python_operator.py for tasks to queue
[2026-04-13T08:57:24.682+0900] {logging_mixin.py:190} INFO - [2026-04-13T08:57:24.682+0900] {dagbag.py:587} INFO - Filling up the DagBag from /home/airflow/.local/lib/python3.12/site-packages/airflow/example_dags/example_python_operator.py
[2026-04-13T08:57:24.691+0900] {processor.py:925} INFO - DAG(s) 'example_python_operator' retrieved from /home/airflow/.local/lib/python3.12/site-packages/airflow/example_dags/example_python_operator.py
[2026-04-13T08:57:24.707+0900] {logging_mixin.py:190} INFO - [2026-04-13T08:57:24.707+0900] {dag.py:3211} INFO - Sync 1 DAGs
[2026-04-13T08:57:24.716+0900] {logging_mixin.py:190} INFO - [2026-04-13T08:57:24.716+0900] {dag.py:4138} INFO - Setting next_dagrun for example_python_operator to None, run_after=None
[2026-04-13T08:57:24.729+0900] {processor.py:208} INFO - Processing /home/airflow/.local/lib/python3.12/site-packages/airflow/example_dags/example_python_operator.py took 0.055 seconds
[2026-04-13T08:57:54.812+0900] {processor.py:186} INFO - Started process (PID=245) to work on /home/airflow/.local/lib/python3.12/site-packages/airflow/example_dags/example_python_operator.py
[2026-04-13T08:57:54.814+0900] {processor.py:914} INFO - Processing file /home/airflow/.local/lib/python3.12/site-packages/airflow/example_dags/example_python_operator.py for tasks to queue
[2026-04-13T08:57:54.815+0900] {logging_mixin.py:190} INFO - [2026-04-13T08:57:54.815+0900] {dagbag.py:587} INFO - Filling up the DagBag from /home/airflow/.local/lib/python3.12/site-packages/airflow/example_dags/example_python_operator.py
[2026-04-13T08:57:54.825+0900] {processor.py:925} INFO - DAG(s) 'example_python_operator' retrieved from /home/airflow/.local/lib/python3.12/site-packages/airflow/example_dags/example_python_operator.py
[2026-04-13T08:57:54.841+0900] {logging_mixin.py:190} INFO - [2026-04-13T08:57:54.841+0900] {dag.py:3211} INFO - Sync 1 DAGs
[2026-04-13T08:57:54.851+0900] {logging_mixin.py:190} INFO - [2026-04-13T08:57:54.851+0900] {dag.py:4138} INFO - Setting next_dagrun for example_python_operator to None, run_after=None
[2026-04-13T08:57:54.864+0900] {processor.py:208} INFO - Processing /home/airflow/.local/lib/python3.12/site-packages/airflow/example_dags/example_python_operator.py took 0.057 seconds
[2026-04-13T08:58:25.335+0900] {processor.py:186} INFO - Started process (PID=312) to work on /home/airflow/.local/lib/python3.12/site-packages/airflow/example_dags/example_python_operator.py
[2026-04-13T08:58:25.336+0900] {processor.py:914} INFO - Processing file /home/airflow/.local/lib/python3.12/site-packages/airflow/example_dags/example_python_operator.py for tasks to queue
[2026-04-13T08:58:25.338+0900] {logging_mixin.py:190} INFO - [2026-04-13T08:58:25.338+0900] {dagbag.py:587} INFO - Filling up the DagBag from /home/airflow/.local/lib/python3.12/site-packages/airflow/example_dags/example_python_operator.py
[2026-04-13T08:58:25.349+0900] {processor.py:925} INFO - DAG(s) 'example_python_operator' retrieved from /home/airflow/.local/lib/python3.12/site-packages/airflow/example_dags/example_python_operator.py
[2026-04-13T08:58:25.371+0900] {logging_mixin.py:190} INFO - [2026-04-13T08:58:25.371+0900] {dag.py:3211} INFO - Sync 1 DAGs
[2026-04-13T08:58:25.381+0900] {logging_mixin.py:190} INFO - [2026-04-13T08:58:25.381+0900] {dag.py:4138} INFO - Setting next_dagrun for example_python_operator to None, run_after=None
[2026-04-13T08:58:25.397+0900] {processor.py:208} INFO - Processing /home/airflow/.local/lib/python3.12/site-packages/airflow/example_dags/example_python_operator.py took 0.066 seconds
[2026-04-13T08:58:56.073+0900] {processor.py:186} INFO - Started process (PID=379) to work on /home/airflow/.local/lib/python3.12/site-packages/airflow/example_dags/example_python_operator.py
[2026-04-13T08:58:56.074+0900] {processor.py:914} INFO - Processing file /home/airflow/.local/lib/python3.12/site-packages/airflow/example_dags/example_python_operator.py for tasks to queue
[2026-04-13T08:58:56.076+0900] {logging_mixin.py:190} INFO - [2026-04-13T08:58:56.076+0900] {dagbag.py:587} INFO - Filling up the DagBag from /home/airflow/.local/lib/python3.12/site-packages/airflow/example_dags/example_python_operator.py
[2026-04-13T08:58:56.086+0900] {processor.py:925} INFO - DAG(s) 'example_python_operator' retrieved from /home/airflow/.local/lib/python3.12/site-packages/airflow/example_dags/example_python_operator.py
[2026-04-13T08:58:56.101+0900] {logging_mixin.py:190} INFO - [2026-04-13T08:58:56.101+0900] {dag.py:3211} INFO - Sync 1 DAGs
[2026-04-13T08:58:56.112+0900] {logging_mixin.py:190} INFO - [2026-04-13T08:58:56.112+0900] {dag.py:4138} INFO - Setting next_dagrun for example_python_operator to None, run_after=None
[2026-04-13T08:58:56.127+0900] {processor.py:208} INFO - Processing /home/airflow/.local/lib/python3.12/site-packages/airflow/example_dags/example_python_operator.py took 0.059 seconds
[2026-04-13T08:59:26.564+0900] {processor.py:186} INFO - Started process (PID=446) to work on /home/airflow/.local/lib/python3.12/site-packages/airflow/example_dags/example_python_operator.py
[2026-04-13T08:59:26.565+0900] {processor.py:914} INFO - Processing file /home/airflow/.local/lib/python3.12/site-packages/airflow/example_dags/example_python_operator.py for tasks to queue
[2026-04-13T08:59:26.567+0900] {logging_mixin.py:190} INFO - [2026-04-13T08:59:26.567+0900] {dagbag.py:587} INFO - Filling up the DagBag from /home/airflow/.local/lib/python3.12/site-packages/airflow/example_dags/example_python_operator.py
[2026-04-13T08:59:26.577+0900] {processor.py:925} INFO - DAG(s) 'example_python_operator' retrieved from /home/airflow/.local/lib/python3.12/site-packages/airflow/example_dags/example_python_operator.py
[2026-04-13T08:59:26.596+0900] {logging_mixin.py:190} INFO - [2026-04-13T08:59:26.596+0900] {dag.py:3211} INFO - Sync 1 DAGs
[2026-04-13T08:59:26.606+0900] {logging_mixin.py:190} INFO - [2026-04-13T08:59:26.606+0900] {dag.py:4138} INFO - Setting next_dagrun for example_python_operator to None, run_after=None
[2026-04-13T08:59:26.620+0900] {processor.py:208} INFO - Processing /home/airflow/.local/lib/python3.12/site-packages/airflow/example_dags/example_python_operator.py took 0.060 seconds
[2026-04-13T08:59:57.056+0900] {processor.py:186} INFO - Started process (PID=521) to work on /home/airflow/.local/lib/python3.12/site-packages/airflow/example_dags/example_python_operator.py
[2026-04-13T08:59:57.056+0900] {processor.py:914} INFO - Processing file /home/airflow/.local/lib/python3.12/site-packages/airflow/example_dags/example_python_operator.py for tasks to queue
[2026-04-13T08:59:57.059+0900] {logging_mixin.py:190} INFO - [2026-04-13T08:59:57.059+0900] {dagbag.py:587} INFO - Filling up the DagBag from /home/airflow/.local/lib/python3.12/site-packages/airflow/example_dags/example_python_operator.py
[2026-04-13T08:59:57.070+0900] {processor.py:925} INFO - DAG(s) 'example_python_operator' retrieved from /home/airflow/.local/lib/python3.12/site-packages/airflow/example_dags/example_python_operator.py
[2026-04-13T08:59:57.087+0900] {logging_mixin.py:190} INFO - [2026-04-13T08:59:57.087+0900] {dag.py:3211} INFO - Sync 1 DAGs
[2026-04-13T08:59:57.098+0900] {logging_mixin.py:190} INFO - [2026-04-13T08:59:57.098+0900] {dag.py:4138} INFO - Setting next_dagrun for example_python_operator to None, run_after=None
[2026-04-13T08:59:57.114+0900] {processor.py:208} INFO - Processing /home/airflow/.local/lib/python3.12/site-packages/airflow/example_dags/example_python_operator.py took 0.063 seconds
