[2026-04-13T08:56:56.124+0900] {processor.py:186} INFO - Started process (PID=137) to work on /home/airflow/.local/lib/python3.12/site-packages/airflow/example_dags/example_task_group.py
[2026-04-13T08:56:56.125+0900] {processor.py:914} INFO - Processing file /home/airflow/.local/lib/python3.12/site-packages/airflow/example_dags/example_task_group.py for tasks to queue
[2026-04-13T08:56:56.128+0900] {logging_mixin.py:190} INFO - [2026-04-13T08:56:56.128+0900] {dagbag.py:587} INFO - Filling up the DagBag from /home/airflow/.local/lib/python3.12/site-packages/airflow/example_dags/example_task_group.py
[2026-04-13T08:56:56.135+0900] {processor.py:925} INFO - DAG(s) 'example_task_group' retrieved from /home/airflow/.local/lib/python3.12/site-packages/airflow/example_dags/example_task_group.py
[2026-04-13T08:56:56.158+0900] {logging_mixin.py:190} INFO - [2026-04-13T08:56:56.158+0900] {dag.py:3211} INFO - Sync 1 DAGs
[2026-04-13T08:56:56.179+0900] {logging_mixin.py:190} INFO - [2026-04-13T08:56:56.179+0900] {dag.py:4138} INFO - Setting next_dagrun for example_task_group to 2026-04-11 00:00:00+00:00, run_after=2026-04-12 00:00:00+00:00
[2026-04-13T08:56:56.194+0900] {processor.py:208} INFO - Processing /home/airflow/.local/lib/python3.12/site-packages/airflow/example_dags/example_task_group.py took 0.075 seconds
[2026-04-13T08:57:26.392+0900] {processor.py:186} INFO - Started process (PID=204) to work on /home/airflow/.local/lib/python3.12/site-packages/airflow/example_dags/example_task_group.py
[2026-04-13T08:57:26.393+0900] {processor.py:914} INFO - Processing file /home/airflow/.local/lib/python3.12/site-packages/airflow/example_dags/example_task_group.py for tasks to queue
[2026-04-13T08:57:26.396+0900] {logging_mixin.py:190} INFO - [2026-04-13T08:57:26.395+0900] {dagbag.py:587} INFO - Filling up the DagBag from /home/airflow/.local/lib/python3.12/site-packages/airflow/example_dags/example_task_group.py
[2026-04-13T08:57:26.404+0900] {processor.py:925} INFO - DAG(s) 'example_task_group' retrieved from /home/airflow/.local/lib/python3.12/site-packages/airflow/example_dags/example_task_group.py
[2026-04-13T08:57:26.433+0900] {logging_mixin.py:190} INFO - [2026-04-13T08:57:26.433+0900] {dag.py:3211} INFO - Sync 1 DAGs
[2026-04-13T08:57:26.451+0900] {logging_mixin.py:190} INFO - [2026-04-13T08:57:26.451+0900] {dag.py:4138} INFO - Setting next_dagrun for example_task_group to 2026-04-11 00:00:00+00:00, run_after=2026-04-12 00:00:00+00:00
[2026-04-13T08:57:26.465+0900] {processor.py:208} INFO - Processing /home/airflow/.local/lib/python3.12/site-packages/airflow/example_dags/example_task_group.py took 0.078 seconds
[2026-04-13T08:57:57.264+0900] {processor.py:186} INFO - Started process (PID=271) to work on /home/airflow/.local/lib/python3.12/site-packages/airflow/example_dags/example_task_group.py
[2026-04-13T08:57:57.265+0900] {processor.py:914} INFO - Processing file /home/airflow/.local/lib/python3.12/site-packages/airflow/example_dags/example_task_group.py for tasks to queue
[2026-04-13T08:57:57.268+0900] {logging_mixin.py:190} INFO - [2026-04-13T08:57:57.267+0900] {dagbag.py:587} INFO - Filling up the DagBag from /home/airflow/.local/lib/python3.12/site-packages/airflow/example_dags/example_task_group.py
[2026-04-13T08:57:57.275+0900] {processor.py:925} INFO - DAG(s) 'example_task_group' retrieved from /home/airflow/.local/lib/python3.12/site-packages/airflow/example_dags/example_task_group.py
[2026-04-13T08:57:57.292+0900] {logging_mixin.py:190} INFO - [2026-04-13T08:57:57.292+0900] {dag.py:3211} INFO - Sync 1 DAGs
[2026-04-13T08:57:57.308+0900] {logging_mixin.py:190} INFO - [2026-04-13T08:57:57.308+0900] {dag.py:4138} INFO - Setting next_dagrun for example_task_group to 2026-04-11 00:00:00+00:00, run_after=2026-04-12 00:00:00+00:00
[2026-04-13T08:57:57.322+0900] {processor.py:208} INFO - Processing /home/airflow/.local/lib/python3.12/site-packages/airflow/example_dags/example_task_group.py took 0.062 seconds
[2026-04-13T08:58:27.781+0900] {processor.py:186} INFO - Started process (PID=338) to work on /home/airflow/.local/lib/python3.12/site-packages/airflow/example_dags/example_task_group.py
[2026-04-13T08:58:27.783+0900] {processor.py:914} INFO - Processing file /home/airflow/.local/lib/python3.12/site-packages/airflow/example_dags/example_task_group.py for tasks to queue
[2026-04-13T08:58:27.785+0900] {logging_mixin.py:190} INFO - [2026-04-13T08:58:27.785+0900] {dagbag.py:587} INFO - Filling up the DagBag from /home/airflow/.local/lib/python3.12/site-packages/airflow/example_dags/example_task_group.py
[2026-04-13T08:58:27.792+0900] {processor.py:925} INFO - DAG(s) 'example_task_group' retrieved from /home/airflow/.local/lib/python3.12/site-packages/airflow/example_dags/example_task_group.py
[2026-04-13T08:58:27.808+0900] {logging_mixin.py:190} INFO - [2026-04-13T08:58:27.808+0900] {dag.py:3211} INFO - Sync 1 DAGs
[2026-04-13T08:58:27.825+0900] {logging_mixin.py:190} INFO - [2026-04-13T08:58:27.825+0900] {dag.py:4138} INFO - Setting next_dagrun for example_task_group to 2026-04-11 00:00:00+00:00, run_after=2026-04-12 00:00:00+00:00
[2026-04-13T08:58:27.840+0900] {processor.py:208} INFO - Processing /home/airflow/.local/lib/python3.12/site-packages/airflow/example_dags/example_task_group.py took 0.063 seconds
[2026-04-13T08:58:58.501+0900] {processor.py:186} INFO - Started process (PID=405) to work on /home/airflow/.local/lib/python3.12/site-packages/airflow/example_dags/example_task_group.py
[2026-04-13T08:58:58.502+0900] {processor.py:914} INFO - Processing file /home/airflow/.local/lib/python3.12/site-packages/airflow/example_dags/example_task_group.py for tasks to queue
[2026-04-13T08:58:58.504+0900] {logging_mixin.py:190} INFO - [2026-04-13T08:58:58.504+0900] {dagbag.py:587} INFO - Filling up the DagBag from /home/airflow/.local/lib/python3.12/site-packages/airflow/example_dags/example_task_group.py
[2026-04-13T08:58:58.512+0900] {processor.py:925} INFO - DAG(s) 'example_task_group' retrieved from /home/airflow/.local/lib/python3.12/site-packages/airflow/example_dags/example_task_group.py
[2026-04-13T08:58:58.529+0900] {logging_mixin.py:190} INFO - [2026-04-13T08:58:58.529+0900] {dag.py:3211} INFO - Sync 1 DAGs
[2026-04-13T08:58:58.545+0900] {logging_mixin.py:190} INFO - [2026-04-13T08:58:58.545+0900] {dag.py:4138} INFO - Setting next_dagrun for example_task_group to 2026-04-11 00:00:00+00:00, run_after=2026-04-12 00:00:00+00:00
[2026-04-13T08:58:58.558+0900] {processor.py:208} INFO - Processing /home/airflow/.local/lib/python3.12/site-packages/airflow/example_dags/example_task_group.py took 0.062 seconds
[2026-04-13T08:59:29.017+0900] {processor.py:186} INFO - Started process (PID=472) to work on /home/airflow/.local/lib/python3.12/site-packages/airflow/example_dags/example_task_group.py
[2026-04-13T08:59:29.018+0900] {processor.py:914} INFO - Processing file /home/airflow/.local/lib/python3.12/site-packages/airflow/example_dags/example_task_group.py for tasks to queue
[2026-04-13T08:59:29.021+0900] {logging_mixin.py:190} INFO - [2026-04-13T08:59:29.021+0900] {dagbag.py:587} INFO - Filling up the DagBag from /home/airflow/.local/lib/python3.12/site-packages/airflow/example_dags/example_task_group.py
[2026-04-13T08:59:29.032+0900] {processor.py:925} INFO - DAG(s) 'example_task_group' retrieved from /home/airflow/.local/lib/python3.12/site-packages/airflow/example_dags/example_task_group.py
[2026-04-13T08:59:29.058+0900] {logging_mixin.py:190} INFO - [2026-04-13T08:59:29.058+0900] {dag.py:3211} INFO - Sync 1 DAGs
[2026-04-13T08:59:29.085+0900] {logging_mixin.py:190} INFO - [2026-04-13T08:59:29.085+0900] {dag.py:4138} INFO - Setting next_dagrun for example_task_group to 2026-04-11 00:00:00+00:00, run_after=2026-04-12 00:00:00+00:00
[2026-04-13T08:59:29.104+0900] {processor.py:208} INFO - Processing /home/airflow/.local/lib/python3.12/site-packages/airflow/example_dags/example_task_group.py took 0.095 seconds
[2026-04-13T08:59:59.994+0900] {processor.py:186} INFO - Started process (PID=551) to work on /home/airflow/.local/lib/python3.12/site-packages/airflow/example_dags/example_task_group.py
[2026-04-13T08:59:59.995+0900] {processor.py:914} INFO - Processing file /home/airflow/.local/lib/python3.12/site-packages/airflow/example_dags/example_task_group.py for tasks to queue
[2026-04-13T08:59:59.997+0900] {logging_mixin.py:190} INFO - [2026-04-13T08:59:59.997+0900] {dagbag.py:587} INFO - Filling up the DagBag from /home/airflow/.local/lib/python3.12/site-packages/airflow/example_dags/example_task_group.py
[2026-04-13T09:00:00.006+0900] {processor.py:925} INFO - DAG(s) 'example_task_group' retrieved from /home/airflow/.local/lib/python3.12/site-packages/airflow/example_dags/example_task_group.py
[2026-04-13T09:00:00.029+0900] {logging_mixin.py:190} INFO - [2026-04-13T09:00:00.028+0900] {dag.py:3211} INFO - Sync 1 DAGs
[2026-04-13T09:00:00.049+0900] {logging_mixin.py:190} INFO - [2026-04-13T09:00:00.049+0900] {dag.py:4138} INFO - Setting next_dagrun for example_task_group to 2026-04-12 00:00:00+00:00, run_after=2026-04-13 00:00:00+00:00
[2026-04-13T09:00:00.066+0900] {processor.py:208} INFO - Processing /home/airflow/.local/lib/python3.12/site-packages/airflow/example_dags/example_task_group.py took 0.077 seconds
