[2026-04-13T08:56:54.985+0900] {processor.py:186} INFO - Started process (PID=121) to work on /home/airflow/.local/lib/python3.12/site-packages/airflow/example_dags/example_setup_teardown.py
[2026-04-13T08:56:54.986+0900] {processor.py:914} INFO - Processing file /home/airflow/.local/lib/python3.12/site-packages/airflow/example_dags/example_setup_teardown.py for tasks to queue
[2026-04-13T08:56:54.988+0900] {logging_mixin.py:190} INFO - [2026-04-13T08:56:54.988+0900] {dagbag.py:587} INFO - Filling up the DagBag from /home/airflow/.local/lib/python3.12/site-packages/airflow/example_dags/example_setup_teardown.py
[2026-04-13T08:56:54.996+0900] {processor.py:925} INFO - DAG(s) 'example_setup_teardown' retrieved from /home/airflow/.local/lib/python3.12/site-packages/airflow/example_dags/example_setup_teardown.py
[2026-04-13T08:56:55.019+0900] {logging_mixin.py:190} INFO - [2026-04-13T08:56:55.019+0900] {dag.py:3211} INFO - Sync 1 DAGs
[2026-04-13T08:56:55.036+0900] {logging_mixin.py:190} INFO - [2026-04-13T08:56:55.036+0900] {dag.py:4138} INFO - Setting next_dagrun for example_setup_teardown to 2026-04-11 00:00:00+00:00, run_after=2026-04-12 00:00:00+00:00
[2026-04-13T08:56:55.050+0900] {processor.py:208} INFO - Processing /home/airflow/.local/lib/python3.12/site-packages/airflow/example_dags/example_setup_teardown.py took 0.069 seconds
[2026-04-13T08:57:25.393+0900] {processor.py:186} INFO - Started process (PID=188) to work on /home/airflow/.local/lib/python3.12/site-packages/airflow/example_dags/example_setup_teardown.py
[2026-04-13T08:57:25.394+0900] {processor.py:914} INFO - Processing file /home/airflow/.local/lib/python3.12/site-packages/airflow/example_dags/example_setup_teardown.py for tasks to queue
[2026-04-13T08:57:25.396+0900] {logging_mixin.py:190} INFO - [2026-04-13T08:57:25.396+0900] {dagbag.py:587} INFO - Filling up the DagBag from /home/airflow/.local/lib/python3.12/site-packages/airflow/example_dags/example_setup_teardown.py
[2026-04-13T08:57:25.403+0900] {processor.py:925} INFO - DAG(s) 'example_setup_teardown' retrieved from /home/airflow/.local/lib/python3.12/site-packages/airflow/example_dags/example_setup_teardown.py
[2026-04-13T08:57:25.419+0900] {logging_mixin.py:190} INFO - [2026-04-13T08:57:25.418+0900] {dag.py:3211} INFO - Sync 1 DAGs
[2026-04-13T08:57:25.435+0900] {logging_mixin.py:190} INFO - [2026-04-13T08:57:25.435+0900] {dag.py:4138} INFO - Setting next_dagrun for example_setup_teardown to 2026-04-11 00:00:00+00:00, run_after=2026-04-12 00:00:00+00:00
[2026-04-13T08:57:25.448+0900] {processor.py:208} INFO - Processing /home/airflow/.local/lib/python3.12/site-packages/airflow/example_dags/example_setup_teardown.py took 0.060 seconds
[2026-04-13T08:57:56.309+0900] {processor.py:186} INFO - Started process (PID=255) to work on /home/airflow/.local/lib/python3.12/site-packages/airflow/example_dags/example_setup_teardown.py
[2026-04-13T08:57:56.311+0900] {processor.py:914} INFO - Processing file /home/airflow/.local/lib/python3.12/site-packages/airflow/example_dags/example_setup_teardown.py for tasks to queue
[2026-04-13T08:57:56.313+0900] {logging_mixin.py:190} INFO - [2026-04-13T08:57:56.312+0900] {dagbag.py:587} INFO - Filling up the DagBag from /home/airflow/.local/lib/python3.12/site-packages/airflow/example_dags/example_setup_teardown.py
[2026-04-13T08:57:56.319+0900] {processor.py:925} INFO - DAG(s) 'example_setup_teardown' retrieved from /home/airflow/.local/lib/python3.12/site-packages/airflow/example_dags/example_setup_teardown.py
[2026-04-13T08:57:56.336+0900] {logging_mixin.py:190} INFO - [2026-04-13T08:57:56.336+0900] {dag.py:3211} INFO - Sync 1 DAGs
[2026-04-13T08:57:56.356+0900] {logging_mixin.py:190} INFO - [2026-04-13T08:57:56.356+0900] {dag.py:4138} INFO - Setting next_dagrun for example_setup_teardown to 2026-04-11 00:00:00+00:00, run_after=2026-04-12 00:00:00+00:00
[2026-04-13T08:57:56.373+0900] {processor.py:208} INFO - Processing /home/airflow/.local/lib/python3.12/site-packages/airflow/example_dags/example_setup_teardown.py took 0.068 seconds
[2026-04-13T08:58:26.861+0900] {processor.py:186} INFO - Started process (PID=322) to work on /home/airflow/.local/lib/python3.12/site-packages/airflow/example_dags/example_setup_teardown.py
[2026-04-13T08:58:26.862+0900] {processor.py:914} INFO - Processing file /home/airflow/.local/lib/python3.12/site-packages/airflow/example_dags/example_setup_teardown.py for tasks to queue
[2026-04-13T08:58:26.864+0900] {logging_mixin.py:190} INFO - [2026-04-13T08:58:26.864+0900] {dagbag.py:587} INFO - Filling up the DagBag from /home/airflow/.local/lib/python3.12/site-packages/airflow/example_dags/example_setup_teardown.py
[2026-04-13T08:58:26.871+0900] {processor.py:925} INFO - DAG(s) 'example_setup_teardown' retrieved from /home/airflow/.local/lib/python3.12/site-packages/airflow/example_dags/example_setup_teardown.py
[2026-04-13T08:58:26.887+0900] {logging_mixin.py:190} INFO - [2026-04-13T08:58:26.886+0900] {dag.py:3211} INFO - Sync 1 DAGs
[2026-04-13T08:58:26.903+0900] {logging_mixin.py:190} INFO - [2026-04-13T08:58:26.903+0900] {dag.py:4138} INFO - Setting next_dagrun for example_setup_teardown to 2026-04-11 00:00:00+00:00, run_after=2026-04-12 00:00:00+00:00
[2026-04-13T08:58:26.917+0900] {processor.py:208} INFO - Processing /home/airflow/.local/lib/python3.12/site-packages/airflow/example_dags/example_setup_teardown.py took 0.060 seconds
[2026-04-13T08:58:57.482+0900] {processor.py:186} INFO - Started process (PID=389) to work on /home/airflow/.local/lib/python3.12/site-packages/airflow/example_dags/example_setup_teardown.py
[2026-04-13T08:58:57.483+0900] {processor.py:914} INFO - Processing file /home/airflow/.local/lib/python3.12/site-packages/airflow/example_dags/example_setup_teardown.py for tasks to queue
[2026-04-13T08:58:57.485+0900] {logging_mixin.py:190} INFO - [2026-04-13T08:58:57.485+0900] {dagbag.py:587} INFO - Filling up the DagBag from /home/airflow/.local/lib/python3.12/site-packages/airflow/example_dags/example_setup_teardown.py
[2026-04-13T08:58:57.492+0900] {processor.py:925} INFO - DAG(s) 'example_setup_teardown' retrieved from /home/airflow/.local/lib/python3.12/site-packages/airflow/example_dags/example_setup_teardown.py
[2026-04-13T08:58:57.506+0900] {logging_mixin.py:190} INFO - [2026-04-13T08:58:57.506+0900] {dag.py:3211} INFO - Sync 1 DAGs
[2026-04-13T08:58:57.522+0900] {logging_mixin.py:190} INFO - [2026-04-13T08:58:57.522+0900] {dag.py:4138} INFO - Setting next_dagrun for example_setup_teardown to 2026-04-11 00:00:00+00:00, run_after=2026-04-12 00:00:00+00:00
[2026-04-13T08:58:57.538+0900] {processor.py:208} INFO - Processing /home/airflow/.local/lib/python3.12/site-packages/airflow/example_dags/example_setup_teardown.py took 0.060 seconds
[2026-04-13T08:59:27.979+0900] {processor.py:186} INFO - Started process (PID=456) to work on /home/airflow/.local/lib/python3.12/site-packages/airflow/example_dags/example_setup_teardown.py
[2026-04-13T08:59:27.980+0900] {processor.py:914} INFO - Processing file /home/airflow/.local/lib/python3.12/site-packages/airflow/example_dags/example_setup_teardown.py for tasks to queue
[2026-04-13T08:59:27.982+0900] {logging_mixin.py:190} INFO - [2026-04-13T08:59:27.982+0900] {dagbag.py:587} INFO - Filling up the DagBag from /home/airflow/.local/lib/python3.12/site-packages/airflow/example_dags/example_setup_teardown.py
[2026-04-13T08:59:27.988+0900] {processor.py:925} INFO - DAG(s) 'example_setup_teardown' retrieved from /home/airflow/.local/lib/python3.12/site-packages/airflow/example_dags/example_setup_teardown.py
[2026-04-13T08:59:28.004+0900] {logging_mixin.py:190} INFO - [2026-04-13T08:59:28.004+0900] {dag.py:3211} INFO - Sync 1 DAGs
[2026-04-13T08:59:28.031+0900] {logging_mixin.py:190} INFO - [2026-04-13T08:59:28.031+0900] {dag.py:4138} INFO - Setting next_dagrun for example_setup_teardown to 2026-04-11 00:00:00+00:00, run_after=2026-04-12 00:00:00+00:00
[2026-04-13T08:59:28.053+0900] {processor.py:208} INFO - Processing /home/airflow/.local/lib/python3.12/site-packages/airflow/example_dags/example_setup_teardown.py took 0.079 seconds
[2026-04-13T08:59:58.648+0900] {processor.py:186} INFO - Started process (PID=535) to work on /home/airflow/.local/lib/python3.12/site-packages/airflow/example_dags/example_setup_teardown.py
[2026-04-13T08:59:58.650+0900] {processor.py:914} INFO - Processing file /home/airflow/.local/lib/python3.12/site-packages/airflow/example_dags/example_setup_teardown.py for tasks to queue
[2026-04-13T08:59:58.652+0900] {logging_mixin.py:190} INFO - [2026-04-13T08:59:58.652+0900] {dagbag.py:587} INFO - Filling up the DagBag from /home/airflow/.local/lib/python3.12/site-packages/airflow/example_dags/example_setup_teardown.py
[2026-04-13T08:59:58.659+0900] {processor.py:925} INFO - DAG(s) 'example_setup_teardown' retrieved from /home/airflow/.local/lib/python3.12/site-packages/airflow/example_dags/example_setup_teardown.py
[2026-04-13T08:59:58.675+0900] {logging_mixin.py:190} INFO - [2026-04-13T08:59:58.675+0900] {dag.py:3211} INFO - Sync 1 DAGs
[2026-04-13T08:59:58.691+0900] {logging_mixin.py:190} INFO - [2026-04-13T08:59:58.691+0900] {dag.py:4138} INFO - Setting next_dagrun for example_setup_teardown to 2026-04-11 00:00:00+00:00, run_after=2026-04-12 00:00:00+00:00
[2026-04-13T08:59:58.705+0900] {processor.py:208} INFO - Processing /home/airflow/.local/lib/python3.12/site-packages/airflow/example_dags/example_setup_teardown.py took 0.061 seconds
