[2026-04-13T08:56:52.612+0900] {processor.py:186} INFO - Started process (PID=84) to work on /home/airflow/.local/lib/python3.12/site-packages/airflow/example_dags/example_display_name.py
[2026-04-13T08:56:52.613+0900] {processor.py:914} INFO - Processing file /home/airflow/.local/lib/python3.12/site-packages/airflow/example_dags/example_display_name.py for tasks to queue
[2026-04-13T08:56:52.617+0900] {logging_mixin.py:190} INFO - [2026-04-13T08:56:52.616+0900] {dagbag.py:587} INFO - Filling up the DagBag from /home/airflow/.local/lib/python3.12/site-packages/airflow/example_dags/example_display_name.py
[2026-04-13T08:56:52.628+0900] {processor.py:925} INFO - DAG(s) 'example_display_name' retrieved from /home/airflow/.local/lib/python3.12/site-packages/airflow/example_dags/example_display_name.py
[2026-04-13T08:56:52.658+0900] {logging_mixin.py:190} INFO - [2026-04-13T08:56:52.658+0900] {dag.py:3211} INFO - Sync 1 DAGs
[2026-04-13T08:56:52.674+0900] {logging_mixin.py:190} INFO - [2026-04-13T08:56:52.674+0900] {dag.py:4138} INFO - Setting next_dagrun for example_display_name to None, run_after=None
[2026-04-13T08:56:52.693+0900] {processor.py:208} INFO - Processing /home/airflow/.local/lib/python3.12/site-packages/airflow/example_dags/example_display_name.py took 0.090 seconds
[2026-04-13T08:57:23.255+0900] {processor.py:186} INFO - Started process (PID=151) to work on /home/airflow/.local/lib/python3.12/site-packages/airflow/example_dags/example_display_name.py
[2026-04-13T08:57:23.256+0900] {processor.py:914} INFO - Processing file /home/airflow/.local/lib/python3.12/site-packages/airflow/example_dags/example_display_name.py for tasks to queue
[2026-04-13T08:57:23.258+0900] {logging_mixin.py:190} INFO - [2026-04-13T08:57:23.258+0900] {dagbag.py:587} INFO - Filling up the DagBag from /home/airflow/.local/lib/python3.12/site-packages/airflow/example_dags/example_display_name.py
[2026-04-13T08:57:23.265+0900] {processor.py:925} INFO - DAG(s) 'example_display_name' retrieved from /home/airflow/.local/lib/python3.12/site-packages/airflow/example_dags/example_display_name.py
[2026-04-13T08:57:23.280+0900] {logging_mixin.py:190} INFO - [2026-04-13T08:57:23.280+0900] {dag.py:3211} INFO - Sync 1 DAGs
[2026-04-13T08:57:23.290+0900] {logging_mixin.py:190} INFO - [2026-04-13T08:57:23.289+0900] {dag.py:4138} INFO - Setting next_dagrun for example_display_name to None, run_after=None
[2026-04-13T08:57:23.304+0900] {processor.py:208} INFO - Processing /home/airflow/.local/lib/python3.12/site-packages/airflow/example_dags/example_display_name.py took 0.054 seconds
[2026-04-13T08:57:53.483+0900] {processor.py:186} INFO - Started process (PID=218) to work on /home/airflow/.local/lib/python3.12/site-packages/airflow/example_dags/example_display_name.py
[2026-04-13T08:57:53.484+0900] {processor.py:914} INFO - Processing file /home/airflow/.local/lib/python3.12/site-packages/airflow/example_dags/example_display_name.py for tasks to queue
[2026-04-13T08:57:53.486+0900] {logging_mixin.py:190} INFO - [2026-04-13T08:57:53.486+0900] {dagbag.py:587} INFO - Filling up the DagBag from /home/airflow/.local/lib/python3.12/site-packages/airflow/example_dags/example_display_name.py
[2026-04-13T08:57:53.493+0900] {processor.py:925} INFO - DAG(s) 'example_display_name' retrieved from /home/airflow/.local/lib/python3.12/site-packages/airflow/example_dags/example_display_name.py
[2026-04-13T08:57:53.507+0900] {logging_mixin.py:190} INFO - [2026-04-13T08:57:53.507+0900] {dag.py:3211} INFO - Sync 1 DAGs
[2026-04-13T08:57:53.517+0900] {logging_mixin.py:190} INFO - [2026-04-13T08:57:53.517+0900] {dag.py:4138} INFO - Setting next_dagrun for example_display_name to None, run_after=None
[2026-04-13T08:57:53.530+0900] {processor.py:208} INFO - Processing /home/airflow/.local/lib/python3.12/site-packages/airflow/example_dags/example_display_name.py took 0.052 seconds
[2026-04-13T08:58:24.136+0900] {processor.py:186} INFO - Started process (PID=291) to work on /home/airflow/.local/lib/python3.12/site-packages/airflow/example_dags/example_display_name.py
[2026-04-13T08:58:24.137+0900] {processor.py:914} INFO - Processing file /home/airflow/.local/lib/python3.12/site-packages/airflow/example_dags/example_display_name.py for tasks to queue
[2026-04-13T08:58:24.140+0900] {logging_mixin.py:190} INFO - [2026-04-13T08:58:24.139+0900] {dagbag.py:587} INFO - Filling up the DagBag from /home/airflow/.local/lib/python3.12/site-packages/airflow/example_dags/example_display_name.py
[2026-04-13T08:58:24.146+0900] {processor.py:925} INFO - DAG(s) 'example_display_name' retrieved from /home/airflow/.local/lib/python3.12/site-packages/airflow/example_dags/example_display_name.py
[2026-04-13T08:58:24.165+0900] {logging_mixin.py:190} INFO - [2026-04-13T08:58:24.165+0900] {dag.py:3211} INFO - Sync 1 DAGs
[2026-04-13T08:58:24.177+0900] {logging_mixin.py:190} INFO - [2026-04-13T08:58:24.177+0900] {dag.py:4138} INFO - Setting next_dagrun for example_display_name to None, run_after=None
[2026-04-13T08:58:24.194+0900] {processor.py:208} INFO - Processing /home/airflow/.local/lib/python3.12/site-packages/airflow/example_dags/example_display_name.py took 0.063 seconds
[2026-04-13T08:58:54.614+0900] {processor.py:186} INFO - Started process (PID=358) to work on /home/airflow/.local/lib/python3.12/site-packages/airflow/example_dags/example_display_name.py
[2026-04-13T08:58:54.615+0900] {processor.py:914} INFO - Processing file /home/airflow/.local/lib/python3.12/site-packages/airflow/example_dags/example_display_name.py for tasks to queue
[2026-04-13T08:58:54.617+0900] {logging_mixin.py:190} INFO - [2026-04-13T08:58:54.617+0900] {dagbag.py:587} INFO - Filling up the DagBag from /home/airflow/.local/lib/python3.12/site-packages/airflow/example_dags/example_display_name.py
[2026-04-13T08:58:54.622+0900] {processor.py:925} INFO - DAG(s) 'example_display_name' retrieved from /home/airflow/.local/lib/python3.12/site-packages/airflow/example_dags/example_display_name.py
[2026-04-13T08:58:54.642+0900] {logging_mixin.py:190} INFO - [2026-04-13T08:58:54.642+0900] {dag.py:3211} INFO - Sync 1 DAGs
[2026-04-13T08:58:54.652+0900] {logging_mixin.py:190} INFO - [2026-04-13T08:58:54.652+0900] {dag.py:4138} INFO - Setting next_dagrun for example_display_name to None, run_after=None
[2026-04-13T08:58:54.666+0900] {processor.py:208} INFO - Processing /home/airflow/.local/lib/python3.12/site-packages/airflow/example_dags/example_display_name.py took 0.056 seconds
[2026-04-13T08:59:25.434+0900] {processor.py:186} INFO - Started process (PID=425) to work on /home/airflow/.local/lib/python3.12/site-packages/airflow/example_dags/example_display_name.py
[2026-04-13T08:59:25.435+0900] {processor.py:914} INFO - Processing file /home/airflow/.local/lib/python3.12/site-packages/airflow/example_dags/example_display_name.py for tasks to queue
[2026-04-13T08:59:25.437+0900] {logging_mixin.py:190} INFO - [2026-04-13T08:59:25.437+0900] {dagbag.py:587} INFO - Filling up the DagBag from /home/airflow/.local/lib/python3.12/site-packages/airflow/example_dags/example_display_name.py
[2026-04-13T08:59:25.443+0900] {processor.py:925} INFO - DAG(s) 'example_display_name' retrieved from /home/airflow/.local/lib/python3.12/site-packages/airflow/example_dags/example_display_name.py
[2026-04-13T08:59:25.456+0900] {logging_mixin.py:190} INFO - [2026-04-13T08:59:25.456+0900] {dag.py:3211} INFO - Sync 1 DAGs
[2026-04-13T08:59:25.466+0900] {logging_mixin.py:190} INFO - [2026-04-13T08:59:25.465+0900] {dag.py:4138} INFO - Setting next_dagrun for example_display_name to None, run_after=None
[2026-04-13T08:59:25.477+0900] {processor.py:208} INFO - Processing /home/airflow/.local/lib/python3.12/site-packages/airflow/example_dags/example_display_name.py took 0.047 seconds
[2026-04-13T08:59:55.859+0900] {processor.py:186} INFO - Started process (PID=500) to work on /home/airflow/.local/lib/python3.12/site-packages/airflow/example_dags/example_display_name.py
[2026-04-13T08:59:55.860+0900] {processor.py:914} INFO - Processing file /home/airflow/.local/lib/python3.12/site-packages/airflow/example_dags/example_display_name.py for tasks to queue
[2026-04-13T08:59:55.862+0900] {logging_mixin.py:190} INFO - [2026-04-13T08:59:55.862+0900] {dagbag.py:587} INFO - Filling up the DagBag from /home/airflow/.local/lib/python3.12/site-packages/airflow/example_dags/example_display_name.py
[2026-04-13T08:59:55.868+0900] {processor.py:925} INFO - DAG(s) 'example_display_name' retrieved from /home/airflow/.local/lib/python3.12/site-packages/airflow/example_dags/example_display_name.py
[2026-04-13T08:59:55.884+0900] {logging_mixin.py:190} INFO - [2026-04-13T08:59:55.884+0900] {dag.py:3211} INFO - Sync 1 DAGs
[2026-04-13T08:59:55.896+0900] {logging_mixin.py:190} INFO - [2026-04-13T08:59:55.895+0900] {dag.py:4138} INFO - Setting next_dagrun for example_display_name to None, run_after=None
[2026-04-13T08:59:55.910+0900] {processor.py:208} INFO - Processing /home/airflow/.local/lib/python3.12/site-packages/airflow/example_dags/example_display_name.py took 0.055 seconds
