[2026-04-13T08:56:55.125+0900] {processor.py:186} INFO - Started process (PID=124) to work on /home/airflow/.local/lib/python3.12/site-packages/airflow/example_dags/example_complex.py
[2026-04-13T08:56:55.127+0900] {processor.py:914} INFO - Processing file /home/airflow/.local/lib/python3.12/site-packages/airflow/example_dags/example_complex.py for tasks to queue
[2026-04-13T08:56:55.129+0900] {logging_mixin.py:190} INFO - [2026-04-13T08:56:55.128+0900] {dagbag.py:587} INFO - Filling up the DagBag from /home/airflow/.local/lib/python3.12/site-packages/airflow/example_dags/example_complex.py
[2026-04-13T08:56:55.138+0900] {processor.py:925} INFO - DAG(s) 'example_complex' retrieved from /home/airflow/.local/lib/python3.12/site-packages/airflow/example_dags/example_complex.py
[2026-04-13T08:56:55.172+0900] {logging_mixin.py:190} INFO - [2026-04-13T08:56:55.172+0900] {dag.py:3211} INFO - Sync 1 DAGs
[2026-04-13T08:56:55.185+0900] {logging_mixin.py:190} INFO - [2026-04-13T08:56:55.185+0900] {dag.py:4138} INFO - Setting next_dagrun for example_complex to None, run_after=None
[2026-04-13T08:56:55.202+0900] {processor.py:208} INFO - Processing /home/airflow/.local/lib/python3.12/site-packages/airflow/example_dags/example_complex.py took 0.080 seconds
[2026-04-13T08:57:25.583+0900] {processor.py:186} INFO - Started process (PID=191) to work on /home/airflow/.local/lib/python3.12/site-packages/airflow/example_dags/example_complex.py
[2026-04-13T08:57:25.584+0900] {processor.py:914} INFO - Processing file /home/airflow/.local/lib/python3.12/site-packages/airflow/example_dags/example_complex.py for tasks to queue
[2026-04-13T08:57:25.586+0900] {logging_mixin.py:190} INFO - [2026-04-13T08:57:25.586+0900] {dagbag.py:587} INFO - Filling up the DagBag from /home/airflow/.local/lib/python3.12/site-packages/airflow/example_dags/example_complex.py
[2026-04-13T08:57:25.596+0900] {processor.py:925} INFO - DAG(s) 'example_complex' retrieved from /home/airflow/.local/lib/python3.12/site-packages/airflow/example_dags/example_complex.py
[2026-04-13T08:57:25.620+0900] {logging_mixin.py:190} INFO - [2026-04-13T08:57:25.620+0900] {dag.py:3211} INFO - Sync 1 DAGs
[2026-04-13T08:57:25.630+0900] {logging_mixin.py:190} INFO - [2026-04-13T08:57:25.630+0900] {dag.py:4138} INFO - Setting next_dagrun for example_complex to None, run_after=None
[2026-04-13T08:57:25.645+0900] {processor.py:208} INFO - Processing /home/airflow/.local/lib/python3.12/site-packages/airflow/example_dags/example_complex.py took 0.066 seconds
[2026-04-13T08:57:56.506+0900] {processor.py:186} INFO - Started process (PID=258) to work on /home/airflow/.local/lib/python3.12/site-packages/airflow/example_dags/example_complex.py
[2026-04-13T08:57:56.507+0900] {processor.py:914} INFO - Processing file /home/airflow/.local/lib/python3.12/site-packages/airflow/example_dags/example_complex.py for tasks to queue
[2026-04-13T08:57:56.508+0900] {logging_mixin.py:190} INFO - [2026-04-13T08:57:56.508+0900] {dagbag.py:587} INFO - Filling up the DagBag from /home/airflow/.local/lib/python3.12/site-packages/airflow/example_dags/example_complex.py
[2026-04-13T08:57:56.516+0900] {processor.py:925} INFO - DAG(s) 'example_complex' retrieved from /home/airflow/.local/lib/python3.12/site-packages/airflow/example_dags/example_complex.py
[2026-04-13T08:57:56.535+0900] {logging_mixin.py:190} INFO - [2026-04-13T08:57:56.535+0900] {dag.py:3211} INFO - Sync 1 DAGs
[2026-04-13T08:57:56.544+0900] {logging_mixin.py:190} INFO - [2026-04-13T08:57:56.544+0900] {dag.py:4138} INFO - Setting next_dagrun for example_complex to None, run_after=None
[2026-04-13T08:57:56.557+0900] {processor.py:208} INFO - Processing /home/airflow/.local/lib/python3.12/site-packages/airflow/example_dags/example_complex.py took 0.055 seconds
[2026-04-13T08:58:27.036+0900] {processor.py:186} INFO - Started process (PID=325) to work on /home/airflow/.local/lib/python3.12/site-packages/airflow/example_dags/example_complex.py
[2026-04-13T08:58:27.037+0900] {processor.py:914} INFO - Processing file /home/airflow/.local/lib/python3.12/site-packages/airflow/example_dags/example_complex.py for tasks to queue
[2026-04-13T08:58:27.040+0900] {logging_mixin.py:190} INFO - [2026-04-13T08:58:27.039+0900] {dagbag.py:587} INFO - Filling up the DagBag from /home/airflow/.local/lib/python3.12/site-packages/airflow/example_dags/example_complex.py
[2026-04-13T08:58:27.049+0900] {processor.py:925} INFO - DAG(s) 'example_complex' retrieved from /home/airflow/.local/lib/python3.12/site-packages/airflow/example_dags/example_complex.py
[2026-04-13T08:58:27.072+0900] {logging_mixin.py:190} INFO - [2026-04-13T08:58:27.071+0900] {dag.py:3211} INFO - Sync 1 DAGs
[2026-04-13T08:58:27.082+0900] {logging_mixin.py:190} INFO - [2026-04-13T08:58:27.082+0900] {dag.py:4138} INFO - Setting next_dagrun for example_complex to None, run_after=None
[2026-04-13T08:58:27.095+0900] {processor.py:208} INFO - Processing /home/airflow/.local/lib/python3.12/site-packages/airflow/example_dags/example_complex.py took 0.064 seconds
[2026-04-13T08:58:57.650+0900] {processor.py:186} INFO - Started process (PID=392) to work on /home/airflow/.local/lib/python3.12/site-packages/airflow/example_dags/example_complex.py
[2026-04-13T08:58:57.651+0900] {processor.py:914} INFO - Processing file /home/airflow/.local/lib/python3.12/site-packages/airflow/example_dags/example_complex.py for tasks to queue
[2026-04-13T08:58:57.653+0900] {logging_mixin.py:190} INFO - [2026-04-13T08:58:57.653+0900] {dagbag.py:587} INFO - Filling up the DagBag from /home/airflow/.local/lib/python3.12/site-packages/airflow/example_dags/example_complex.py
[2026-04-13T08:58:57.662+0900] {processor.py:925} INFO - DAG(s) 'example_complex' retrieved from /home/airflow/.local/lib/python3.12/site-packages/airflow/example_dags/example_complex.py
[2026-04-13T08:58:57.682+0900] {logging_mixin.py:190} INFO - [2026-04-13T08:58:57.682+0900] {dag.py:3211} INFO - Sync 1 DAGs
[2026-04-13T08:58:57.693+0900] {logging_mixin.py:190} INFO - [2026-04-13T08:58:57.693+0900] {dag.py:4138} INFO - Setting next_dagrun for example_complex to None, run_after=None
[2026-04-13T08:58:57.705+0900] {processor.py:208} INFO - Processing /home/airflow/.local/lib/python3.12/site-packages/airflow/example_dags/example_complex.py took 0.059 seconds
[2026-04-13T08:59:28.211+0900] {processor.py:186} INFO - Started process (PID=459) to work on /home/airflow/.local/lib/python3.12/site-packages/airflow/example_dags/example_complex.py
[2026-04-13T08:59:28.212+0900] {processor.py:914} INFO - Processing file /home/airflow/.local/lib/python3.12/site-packages/airflow/example_dags/example_complex.py for tasks to queue
[2026-04-13T08:59:28.214+0900] {logging_mixin.py:190} INFO - [2026-04-13T08:59:28.214+0900] {dagbag.py:587} INFO - Filling up the DagBag from /home/airflow/.local/lib/python3.12/site-packages/airflow/example_dags/example_complex.py
[2026-04-13T08:59:28.222+0900] {processor.py:925} INFO - DAG(s) 'example_complex' retrieved from /home/airflow/.local/lib/python3.12/site-packages/airflow/example_dags/example_complex.py
[2026-04-13T08:59:28.246+0900] {logging_mixin.py:190} INFO - [2026-04-13T08:59:28.246+0900] {dag.py:3211} INFO - Sync 1 DAGs
[2026-04-13T08:59:28.257+0900] {logging_mixin.py:190} INFO - [2026-04-13T08:59:28.257+0900] {dag.py:4138} INFO - Setting next_dagrun for example_complex to None, run_after=None
[2026-04-13T08:59:28.271+0900] {processor.py:208} INFO - Processing /home/airflow/.local/lib/python3.12/site-packages/airflow/example_dags/example_complex.py took 0.064 seconds
[2026-04-13T08:59:58.831+0900] {processor.py:186} INFO - Started process (PID=538) to work on /home/airflow/.local/lib/python3.12/site-packages/airflow/example_dags/example_complex.py
[2026-04-13T08:59:58.833+0900] {processor.py:914} INFO - Processing file /home/airflow/.local/lib/python3.12/site-packages/airflow/example_dags/example_complex.py for tasks to queue
[2026-04-13T08:59:58.835+0900] {logging_mixin.py:190} INFO - [2026-04-13T08:59:58.835+0900] {dagbag.py:587} INFO - Filling up the DagBag from /home/airflow/.local/lib/python3.12/site-packages/airflow/example_dags/example_complex.py
[2026-04-13T08:59:58.845+0900] {processor.py:925} INFO - DAG(s) 'example_complex' retrieved from /home/airflow/.local/lib/python3.12/site-packages/airflow/example_dags/example_complex.py
[2026-04-13T08:59:58.867+0900] {logging_mixin.py:190} INFO - [2026-04-13T08:59:58.867+0900] {dag.py:3211} INFO - Sync 1 DAGs
[2026-04-13T08:59:58.878+0900] {logging_mixin.py:190} INFO - [2026-04-13T08:59:58.877+0900] {dag.py:4138} INFO - Setting next_dagrun for example_complex to None, run_after=None
[2026-04-13T08:59:58.892+0900] {processor.py:208} INFO - Processing /home/airflow/.local/lib/python3.12/site-packages/airflow/example_dags/example_complex.py took 0.066 seconds
