[2026-04-13T08:56:56.138+0900] {processor.py:186} INFO - Started process (PID=138) to work on /home/airflow/.local/lib/python3.12/site-packages/airflow/example_dags/example_branch_operator_decorator.py
[2026-04-13T08:56:56.140+0900] {processor.py:914} INFO - Processing file /home/airflow/.local/lib/python3.12/site-packages/airflow/example_dags/example_branch_operator_decorator.py for tasks to queue
[2026-04-13T08:56:56.143+0900] {logging_mixin.py:190} INFO - [2026-04-13T08:56:56.142+0900] {dagbag.py:587} INFO - Filling up the DagBag from /home/airflow/.local/lib/python3.12/site-packages/airflow/example_dags/example_branch_operator_decorator.py
[2026-04-13T08:56:56.164+0900] {processor.py:925} INFO - DAG(s) 'example_branch_python_operator_decorator' retrieved from /home/airflow/.local/lib/python3.12/site-packages/airflow/example_dags/example_branch_operator_decorator.py
[2026-04-13T08:56:56.244+0900] {logging_mixin.py:190} INFO - [2026-04-13T08:56:56.243+0900] {dag.py:3211} INFO - Sync 1 DAGs
[2026-04-13T08:56:56.259+0900] {logging_mixin.py:190} INFO - [2026-04-13T08:56:56.259+0900] {dag.py:4138} INFO - Setting next_dagrun for example_branch_python_operator_decorator to 2026-04-11 00:00:00+00:00, run_after=2026-04-12 00:00:00+00:00
[2026-04-13T08:56:56.275+0900] {processor.py:208} INFO - Processing /home/airflow/.local/lib/python3.12/site-packages/airflow/example_dags/example_branch_operator_decorator.py took 0.143 seconds
[2026-04-13T08:57:26.463+0900] {processor.py:186} INFO - Started process (PID=205) to work on /home/airflow/.local/lib/python3.12/site-packages/airflow/example_dags/example_branch_operator_decorator.py
[2026-04-13T08:57:26.464+0900] {processor.py:914} INFO - Processing file /home/airflow/.local/lib/python3.12/site-packages/airflow/example_dags/example_branch_operator_decorator.py for tasks to queue
[2026-04-13T08:57:26.467+0900] {logging_mixin.py:190} INFO - [2026-04-13T08:57:26.466+0900] {dagbag.py:587} INFO - Filling up the DagBag from /home/airflow/.local/lib/python3.12/site-packages/airflow/example_dags/example_branch_operator_decorator.py
[2026-04-13T08:57:26.483+0900] {processor.py:925} INFO - DAG(s) 'example_branch_python_operator_decorator' retrieved from /home/airflow/.local/lib/python3.12/site-packages/airflow/example_dags/example_branch_operator_decorator.py
[2026-04-13T08:57:26.504+0900] {logging_mixin.py:190} INFO - [2026-04-13T08:57:26.504+0900] {dag.py:3211} INFO - Sync 1 DAGs
[2026-04-13T08:57:26.521+0900] {logging_mixin.py:190} INFO - [2026-04-13T08:57:26.521+0900] {dag.py:4138} INFO - Setting next_dagrun for example_branch_python_operator_decorator to 2026-04-11 00:00:00+00:00, run_after=2026-04-12 00:00:00+00:00
[2026-04-13T08:57:26.535+0900] {processor.py:208} INFO - Processing /home/airflow/.local/lib/python3.12/site-packages/airflow/example_dags/example_branch_operator_decorator.py took 0.076 seconds
[2026-04-13T08:57:57.349+0900] {processor.py:186} INFO - Started process (PID=272) to work on /home/airflow/.local/lib/python3.12/site-packages/airflow/example_dags/example_branch_operator_decorator.py
[2026-04-13T08:57:57.350+0900] {processor.py:914} INFO - Processing file /home/airflow/.local/lib/python3.12/site-packages/airflow/example_dags/example_branch_operator_decorator.py for tasks to queue
[2026-04-13T08:57:57.352+0900] {logging_mixin.py:190} INFO - [2026-04-13T08:57:57.352+0900] {dagbag.py:587} INFO - Filling up the DagBag from /home/airflow/.local/lib/python3.12/site-packages/airflow/example_dags/example_branch_operator_decorator.py
[2026-04-13T08:57:57.366+0900] {processor.py:925} INFO - DAG(s) 'example_branch_python_operator_decorator' retrieved from /home/airflow/.local/lib/python3.12/site-packages/airflow/example_dags/example_branch_operator_decorator.py
[2026-04-13T08:57:57.387+0900] {logging_mixin.py:190} INFO - [2026-04-13T08:57:57.387+0900] {dag.py:3211} INFO - Sync 1 DAGs
[2026-04-13T08:57:57.406+0900] {logging_mixin.py:190} INFO - [2026-04-13T08:57:57.406+0900] {dag.py:4138} INFO - Setting next_dagrun for example_branch_python_operator_decorator to 2026-04-11 00:00:00+00:00, run_after=2026-04-12 00:00:00+00:00
[2026-04-13T08:57:57.420+0900] {processor.py:208} INFO - Processing /home/airflow/.local/lib/python3.12/site-packages/airflow/example_dags/example_branch_operator_decorator.py took 0.075 seconds
[2026-04-13T08:58:27.845+0900] {processor.py:186} INFO - Started process (PID=339) to work on /home/airflow/.local/lib/python3.12/site-packages/airflow/example_dags/example_branch_operator_decorator.py
[2026-04-13T08:58:27.846+0900] {processor.py:914} INFO - Processing file /home/airflow/.local/lib/python3.12/site-packages/airflow/example_dags/example_branch_operator_decorator.py for tasks to queue
[2026-04-13T08:58:27.849+0900] {logging_mixin.py:190} INFO - [2026-04-13T08:58:27.849+0900] {dagbag.py:587} INFO - Filling up the DagBag from /home/airflow/.local/lib/python3.12/site-packages/airflow/example_dags/example_branch_operator_decorator.py
[2026-04-13T08:58:27.867+0900] {processor.py:925} INFO - DAG(s) 'example_branch_python_operator_decorator' retrieved from /home/airflow/.local/lib/python3.12/site-packages/airflow/example_dags/example_branch_operator_decorator.py
[2026-04-13T08:58:27.888+0900] {logging_mixin.py:190} INFO - [2026-04-13T08:58:27.888+0900] {dag.py:3211} INFO - Sync 1 DAGs
[2026-04-13T08:58:27.906+0900] {logging_mixin.py:190} INFO - [2026-04-13T08:58:27.906+0900] {dag.py:4138} INFO - Setting next_dagrun for example_branch_python_operator_decorator to 2026-04-11 00:00:00+00:00, run_after=2026-04-12 00:00:00+00:00
[2026-04-13T08:58:27.921+0900] {processor.py:208} INFO - Processing /home/airflow/.local/lib/python3.12/site-packages/airflow/example_dags/example_branch_operator_decorator.py took 0.081 seconds
[2026-04-13T08:58:58.613+0900] {processor.py:186} INFO - Started process (PID=406) to work on /home/airflow/.local/lib/python3.12/site-packages/airflow/example_dags/example_branch_operator_decorator.py
[2026-04-13T08:58:58.614+0900] {processor.py:914} INFO - Processing file /home/airflow/.local/lib/python3.12/site-packages/airflow/example_dags/example_branch_operator_decorator.py for tasks to queue
[2026-04-13T08:58:58.616+0900] {logging_mixin.py:190} INFO - [2026-04-13T08:58:58.616+0900] {dagbag.py:587} INFO - Filling up the DagBag from /home/airflow/.local/lib/python3.12/site-packages/airflow/example_dags/example_branch_operator_decorator.py
[2026-04-13T08:58:58.631+0900] {processor.py:925} INFO - DAG(s) 'example_branch_python_operator_decorator' retrieved from /home/airflow/.local/lib/python3.12/site-packages/airflow/example_dags/example_branch_operator_decorator.py
[2026-04-13T08:58:58.651+0900] {logging_mixin.py:190} INFO - [2026-04-13T08:58:58.651+0900] {dag.py:3211} INFO - Sync 1 DAGs
[2026-04-13T08:58:58.668+0900] {logging_mixin.py:190} INFO - [2026-04-13T08:58:58.668+0900] {dag.py:4138} INFO - Setting next_dagrun for example_branch_python_operator_decorator to 2026-04-11 00:00:00+00:00, run_after=2026-04-12 00:00:00+00:00
[2026-04-13T08:58:58.683+0900] {processor.py:208} INFO - Processing /home/airflow/.local/lib/python3.12/site-packages/airflow/example_dags/example_branch_operator_decorator.py took 0.075 seconds
[2026-04-13T08:59:29.102+0900] {processor.py:186} INFO - Started process (PID=473) to work on /home/airflow/.local/lib/python3.12/site-packages/airflow/example_dags/example_branch_operator_decorator.py
[2026-04-13T08:59:29.103+0900] {processor.py:914} INFO - Processing file /home/airflow/.local/lib/python3.12/site-packages/airflow/example_dags/example_branch_operator_decorator.py for tasks to queue
[2026-04-13T08:59:29.105+0900] {logging_mixin.py:190} INFO - [2026-04-13T08:59:29.105+0900] {dagbag.py:587} INFO - Filling up the DagBag from /home/airflow/.local/lib/python3.12/site-packages/airflow/example_dags/example_branch_operator_decorator.py
[2026-04-13T08:59:29.125+0900] {processor.py:925} INFO - DAG(s) 'example_branch_python_operator_decorator' retrieved from /home/airflow/.local/lib/python3.12/site-packages/airflow/example_dags/example_branch_operator_decorator.py
[2026-04-13T08:59:29.154+0900] {logging_mixin.py:190} INFO - [2026-04-13T08:59:29.154+0900] {dag.py:3211} INFO - Sync 1 DAGs
[2026-04-13T08:59:29.179+0900] {logging_mixin.py:190} INFO - [2026-04-13T08:59:29.179+0900] {dag.py:4138} INFO - Setting next_dagrun for example_branch_python_operator_decorator to 2026-04-11 00:00:00+00:00, run_after=2026-04-12 00:00:00+00:00
[2026-04-13T08:59:29.196+0900] {processor.py:208} INFO - Processing /home/airflow/.local/lib/python3.12/site-packages/airflow/example_dags/example_branch_operator_decorator.py took 0.100 seconds
