[2026-04-13T08:56:53.480+0900] {processor.py:186} INFO - Started process (PID=101) to work on /home/airflow/.local/lib/python3.12/site-packages/airflow/example_dags/example_dataset_alias.py
[2026-04-13T08:56:53.481+0900] {processor.py:914} INFO - Processing file /home/airflow/.local/lib/python3.12/site-packages/airflow/example_dags/example_dataset_alias.py for tasks to queue
[2026-04-13T08:56:53.484+0900] {logging_mixin.py:190} INFO - [2026-04-13T08:56:53.484+0900] {dagbag.py:587} INFO - Filling up the DagBag from /home/airflow/.local/lib/python3.12/site-packages/airflow/example_dags/example_dataset_alias.py
[2026-04-13T08:56:53.632+0900] {processor.py:925} INFO - DAG(s) 'dataset_alias_example_alias_consumer', 'dataset_alias_example_alias_producer', 'dataset_s3_bucket_consumer', 'dataset_s3_bucket_producer' retrieved from /home/airflow/.local/lib/python3.12/site-packages/airflow/example_dags/example_dataset_alias.py
[2026-04-13T08:56:53.665+0900] {logging_mixin.py:190} INFO - [2026-04-13T08:56:53.665+0900] {dag.py:3211} INFO - Sync 4 DAGs
[2026-04-13T08:56:53.689+0900] {logging_mixin.py:190} INFO - [2026-04-13T08:56:53.689+0900] {dag.py:4138} INFO - Setting next_dagrun for dataset_alias_example_alias_consumer to None, run_after=None
[2026-04-13T08:56:53.691+0900] {logging_mixin.py:190} INFO - [2026-04-13T08:56:53.691+0900] {dag.py:4138} INFO - Setting next_dagrun for dataset_alias_example_alias_producer to None, run_after=None
[2026-04-13T08:56:53.693+0900] {logging_mixin.py:190} INFO - [2026-04-13T08:56:53.692+0900] {dag.py:4138} INFO - Setting next_dagrun for dataset_s3_bucket_consumer to None, run_after=None
[2026-04-13T08:56:53.694+0900] {logging_mixin.py:190} INFO - [2026-04-13T08:56:53.694+0900] {dag.py:4138} INFO - Setting next_dagrun for dataset_s3_bucket_producer to None, run_after=None
[2026-04-13T08:56:53.711+0900] {processor.py:208} INFO - Processing /home/airflow/.local/lib/python3.12/site-packages/airflow/example_dags/example_dataset_alias.py took 0.238 seconds
[2026-04-13T08:57:23.829+0900] {processor.py:186} INFO - Started process (PID=168) to work on /home/airflow/.local/lib/python3.12/site-packages/airflow/example_dags/example_dataset_alias.py
[2026-04-13T08:57:23.830+0900] {processor.py:914} INFO - Processing file /home/airflow/.local/lib/python3.12/site-packages/airflow/example_dags/example_dataset_alias.py for tasks to queue
[2026-04-13T08:57:23.832+0900] {logging_mixin.py:190} INFO - [2026-04-13T08:57:23.832+0900] {dagbag.py:587} INFO - Filling up the DagBag from /home/airflow/.local/lib/python3.12/site-packages/airflow/example_dags/example_dataset_alias.py
[2026-04-13T08:57:23.938+0900] {processor.py:925} INFO - DAG(s) 'dataset_s3_bucket_consumer', 'dataset_alias_example_alias_consumer', 'dataset_alias_example_alias_producer', 'dataset_s3_bucket_producer' retrieved from /home/airflow/.local/lib/python3.12/site-packages/airflow/example_dags/example_dataset_alias.py
[2026-04-13T08:57:23.959+0900] {logging_mixin.py:190} INFO - [2026-04-13T08:57:23.959+0900] {dag.py:3211} INFO - Sync 4 DAGs
[2026-04-13T08:57:23.979+0900] {logging_mixin.py:190} INFO - [2026-04-13T08:57:23.979+0900] {dag.py:4138} INFO - Setting next_dagrun for dataset_alias_example_alias_consumer to None, run_after=None
[2026-04-13T08:57:23.982+0900] {logging_mixin.py:190} INFO - [2026-04-13T08:57:23.982+0900] {dag.py:4138} INFO - Setting next_dagrun for dataset_alias_example_alias_producer to None, run_after=None
[2026-04-13T08:57:23.983+0900] {logging_mixin.py:190} INFO - [2026-04-13T08:57:23.983+0900] {dag.py:4138} INFO - Setting next_dagrun for dataset_s3_bucket_consumer to None, run_after=None
[2026-04-13T08:57:23.985+0900] {logging_mixin.py:190} INFO - [2026-04-13T08:57:23.985+0900] {dag.py:4138} INFO - Setting next_dagrun for dataset_s3_bucket_producer to None, run_after=None
[2026-04-13T08:57:24.000+0900] {processor.py:208} INFO - Processing /home/airflow/.local/lib/python3.12/site-packages/airflow/example_dags/example_dataset_alias.py took 0.175 seconds
[2026-04-13T08:57:54.199+0900] {processor.py:186} INFO - Started process (PID=236) to work on /home/airflow/.local/lib/python3.12/site-packages/airflow/example_dags/example_dataset_alias.py
[2026-04-13T08:57:54.200+0900] {processor.py:914} INFO - Processing file /home/airflow/.local/lib/python3.12/site-packages/airflow/example_dags/example_dataset_alias.py for tasks to queue
[2026-04-13T08:57:54.202+0900] {logging_mixin.py:190} INFO - [2026-04-13T08:57:54.202+0900] {dagbag.py:587} INFO - Filling up the DagBag from /home/airflow/.local/lib/python3.12/site-packages/airflow/example_dags/example_dataset_alias.py
[2026-04-13T08:57:54.329+0900] {processor.py:925} INFO - DAG(s) 'dataset_alias_example_alias_producer', 'dataset_s3_bucket_producer', 'dataset_s3_bucket_consumer', 'dataset_alias_example_alias_consumer' retrieved from /home/airflow/.local/lib/python3.12/site-packages/airflow/example_dags/example_dataset_alias.py
[2026-04-13T08:57:54.345+0900] {logging_mixin.py:190} INFO - [2026-04-13T08:57:54.344+0900] {dag.py:3211} INFO - Sync 4 DAGs
[2026-04-13T08:57:54.361+0900] {logging_mixin.py:190} INFO - [2026-04-13T08:57:54.360+0900] {dag.py:4138} INFO - Setting next_dagrun for dataset_alias_example_alias_consumer to None, run_after=None
[2026-04-13T08:57:54.363+0900] {logging_mixin.py:190} INFO - [2026-04-13T08:57:54.363+0900] {dag.py:4138} INFO - Setting next_dagrun for dataset_alias_example_alias_producer to None, run_after=None
[2026-04-13T08:57:54.364+0900] {logging_mixin.py:190} INFO - [2026-04-13T08:57:54.364+0900] {dag.py:4138} INFO - Setting next_dagrun for dataset_s3_bucket_consumer to None, run_after=None
[2026-04-13T08:57:54.365+0900] {logging_mixin.py:190} INFO - [2026-04-13T08:57:54.365+0900] {dag.py:4138} INFO - Setting next_dagrun for dataset_s3_bucket_producer to None, run_after=None
[2026-04-13T08:57:54.381+0900] {processor.py:208} INFO - Processing /home/airflow/.local/lib/python3.12/site-packages/airflow/example_dags/example_dataset_alias.py took 0.188 seconds
[2026-04-13T08:58:24.725+0900] {processor.py:186} INFO - Started process (PID=302) to work on /home/airflow/.local/lib/python3.12/site-packages/airflow/example_dags/example_dataset_alias.py
[2026-04-13T08:58:24.726+0900] {processor.py:914} INFO - Processing file /home/airflow/.local/lib/python3.12/site-packages/airflow/example_dags/example_dataset_alias.py for tasks to queue
[2026-04-13T08:58:24.728+0900] {logging_mixin.py:190} INFO - [2026-04-13T08:58:24.728+0900] {dagbag.py:587} INFO - Filling up the DagBag from /home/airflow/.local/lib/python3.12/site-packages/airflow/example_dags/example_dataset_alias.py
[2026-04-13T08:58:24.841+0900] {processor.py:925} INFO - DAG(s) 'dataset_s3_bucket_producer', 'dataset_alias_example_alias_producer', 'dataset_s3_bucket_consumer', 'dataset_alias_example_alias_consumer' retrieved from /home/airflow/.local/lib/python3.12/site-packages/airflow/example_dags/example_dataset_alias.py
[2026-04-13T08:58:24.857+0900] {logging_mixin.py:190} INFO - [2026-04-13T08:58:24.857+0900] {dag.py:3211} INFO - Sync 4 DAGs
[2026-04-13T08:58:24.873+0900] {logging_mixin.py:190} INFO - [2026-04-13T08:58:24.873+0900] {dag.py:4138} INFO - Setting next_dagrun for dataset_alias_example_alias_consumer to None, run_after=None
[2026-04-13T08:58:24.875+0900] {logging_mixin.py:190} INFO - [2026-04-13T08:58:24.875+0900] {dag.py:4138} INFO - Setting next_dagrun for dataset_alias_example_alias_producer to None, run_after=None
[2026-04-13T08:58:24.877+0900] {logging_mixin.py:190} INFO - [2026-04-13T08:58:24.877+0900] {dag.py:4138} INFO - Setting next_dagrun for dataset_s3_bucket_consumer to None, run_after=None
[2026-04-13T08:58:24.878+0900] {logging_mixin.py:190} INFO - [2026-04-13T08:58:24.878+0900] {dag.py:4138} INFO - Setting next_dagrun for dataset_s3_bucket_producer to None, run_after=None
[2026-04-13T08:58:24.894+0900] {processor.py:208} INFO - Processing /home/airflow/.local/lib/python3.12/site-packages/airflow/example_dags/example_dataset_alias.py took 0.174 seconds
[2026-04-13T08:58:55.362+0900] {processor.py:186} INFO - Started process (PID=369) to work on /home/airflow/.local/lib/python3.12/site-packages/airflow/example_dags/example_dataset_alias.py
[2026-04-13T08:58:55.363+0900] {processor.py:914} INFO - Processing file /home/airflow/.local/lib/python3.12/site-packages/airflow/example_dags/example_dataset_alias.py for tasks to queue
[2026-04-13T08:58:55.366+0900] {logging_mixin.py:190} INFO - [2026-04-13T08:58:55.365+0900] {dagbag.py:587} INFO - Filling up the DagBag from /home/airflow/.local/lib/python3.12/site-packages/airflow/example_dags/example_dataset_alias.py
[2026-04-13T08:58:55.479+0900] {processor.py:925} INFO - DAG(s) 'dataset_s3_bucket_producer', 'dataset_s3_bucket_consumer', 'dataset_alias_example_alias_consumer', 'dataset_alias_example_alias_producer' retrieved from /home/airflow/.local/lib/python3.12/site-packages/airflow/example_dags/example_dataset_alias.py
[2026-04-13T08:58:55.496+0900] {logging_mixin.py:190} INFO - [2026-04-13T08:58:55.496+0900] {dag.py:3211} INFO - Sync 4 DAGs
[2026-04-13T08:58:55.512+0900] {logging_mixin.py:190} INFO - [2026-04-13T08:58:55.512+0900] {dag.py:4138} INFO - Setting next_dagrun for dataset_alias_example_alias_consumer to None, run_after=None
[2026-04-13T08:58:55.514+0900] {logging_mixin.py:190} INFO - [2026-04-13T08:58:55.514+0900] {dag.py:4138} INFO - Setting next_dagrun for dataset_alias_example_alias_producer to None, run_after=None
[2026-04-13T08:58:55.515+0900] {logging_mixin.py:190} INFO - [2026-04-13T08:58:55.515+0900] {dag.py:4138} INFO - Setting next_dagrun for dataset_s3_bucket_consumer to None, run_after=None
[2026-04-13T08:58:55.516+0900] {logging_mixin.py:190} INFO - [2026-04-13T08:58:55.516+0900] {dag.py:4138} INFO - Setting next_dagrun for dataset_s3_bucket_producer to None, run_after=None
[2026-04-13T08:58:55.531+0900] {processor.py:208} INFO - Processing /home/airflow/.local/lib/python3.12/site-packages/airflow/example_dags/example_dataset_alias.py took 0.173 seconds
[2026-04-13T08:59:25.983+0900] {processor.py:186} INFO - Started process (PID=436) to work on /home/airflow/.local/lib/python3.12/site-packages/airflow/example_dags/example_dataset_alias.py
[2026-04-13T08:59:25.984+0900] {processor.py:914} INFO - Processing file /home/airflow/.local/lib/python3.12/site-packages/airflow/example_dags/example_dataset_alias.py for tasks to queue
[2026-04-13T08:59:25.986+0900] {logging_mixin.py:190} INFO - [2026-04-13T08:59:25.986+0900] {dagbag.py:587} INFO - Filling up the DagBag from /home/airflow/.local/lib/python3.12/site-packages/airflow/example_dags/example_dataset_alias.py
[2026-04-13T08:59:26.096+0900] {processor.py:925} INFO - DAG(s) 'dataset_alias_example_alias_producer', 'dataset_s3_bucket_consumer', 'dataset_s3_bucket_producer', 'dataset_alias_example_alias_consumer' retrieved from /home/airflow/.local/lib/python3.12/site-packages/airflow/example_dags/example_dataset_alias.py
[2026-04-13T08:59:26.113+0900] {logging_mixin.py:190} INFO - [2026-04-13T08:59:26.113+0900] {dag.py:3211} INFO - Sync 4 DAGs
[2026-04-13T08:59:26.129+0900] {logging_mixin.py:190} INFO - [2026-04-13T08:59:26.129+0900] {dag.py:4138} INFO - Setting next_dagrun for dataset_alias_example_alias_consumer to None, run_after=None
[2026-04-13T08:59:26.131+0900] {logging_mixin.py:190} INFO - [2026-04-13T08:59:26.131+0900] {dag.py:4138} INFO - Setting next_dagrun for dataset_alias_example_alias_producer to None, run_after=None
[2026-04-13T08:59:26.132+0900] {logging_mixin.py:190} INFO - [2026-04-13T08:59:26.132+0900] {dag.py:4138} INFO - Setting next_dagrun for dataset_s3_bucket_consumer to None, run_after=None
[2026-04-13T08:59:26.133+0900] {logging_mixin.py:190} INFO - [2026-04-13T08:59:26.133+0900] {dag.py:4138} INFO - Setting next_dagrun for dataset_s3_bucket_producer to None, run_after=None
[2026-04-13T08:59:26.154+0900] {processor.py:208} INFO - Processing /home/airflow/.local/lib/python3.12/site-packages/airflow/example_dags/example_dataset_alias.py took 0.176 seconds
[2026-04-13T08:59:56.518+0900] {processor.py:186} INFO - Started process (PID=511) to work on /home/airflow/.local/lib/python3.12/site-packages/airflow/example_dags/example_dataset_alias.py
[2026-04-13T08:59:56.519+0900] {processor.py:914} INFO - Processing file /home/airflow/.local/lib/python3.12/site-packages/airflow/example_dags/example_dataset_alias.py for tasks to queue
[2026-04-13T08:59:56.521+0900] {logging_mixin.py:190} INFO - [2026-04-13T08:59:56.521+0900] {dagbag.py:587} INFO - Filling up the DagBag from /home/airflow/.local/lib/python3.12/site-packages/airflow/example_dags/example_dataset_alias.py
[2026-04-13T08:59:56.623+0900] {processor.py:925} INFO - DAG(s) 'dataset_alias_example_alias_producer', 'dataset_alias_example_alias_consumer', 'dataset_s3_bucket_producer', 'dataset_s3_bucket_consumer' retrieved from /home/airflow/.local/lib/python3.12/site-packages/airflow/example_dags/example_dataset_alias.py
[2026-04-13T08:59:56.636+0900] {logging_mixin.py:190} INFO - [2026-04-13T08:59:56.636+0900] {dag.py:3211} INFO - Sync 4 DAGs
[2026-04-13T08:59:56.652+0900] {logging_mixin.py:190} INFO - [2026-04-13T08:59:56.651+0900] {dag.py:4138} INFO - Setting next_dagrun for dataset_alias_example_alias_consumer to None, run_after=None
[2026-04-13T08:59:56.654+0900] {logging_mixin.py:190} INFO - [2026-04-13T08:59:56.654+0900] {dag.py:4138} INFO - Setting next_dagrun for dataset_alias_example_alias_producer to None, run_after=None
[2026-04-13T08:59:56.655+0900] {logging_mixin.py:190} INFO - [2026-04-13T08:59:56.655+0900] {dag.py:4138} INFO - Setting next_dagrun for dataset_s3_bucket_consumer to None, run_after=None
[2026-04-13T08:59:56.656+0900] {logging_mixin.py:190} INFO - [2026-04-13T08:59:56.656+0900] {dag.py:4138} INFO - Setting next_dagrun for dataset_s3_bucket_producer to None, run_after=None
[2026-04-13T08:59:56.670+0900] {processor.py:208} INFO - Processing /home/airflow/.local/lib/python3.12/site-packages/airflow/example_dags/example_dataset_alias.py took 0.156 seconds
