[2026-04-13T08:56:53.747+0900] {processor.py:186} INFO - Started process (PID=104) to work on /home/airflow/.local/lib/python3.12/site-packages/airflow/example_dags/example_dataset_alias_with_no_taskflow.py
[2026-04-13T08:56:53.748+0900] {processor.py:914} INFO - Processing file /home/airflow/.local/lib/python3.12/site-packages/airflow/example_dags/example_dataset_alias_with_no_taskflow.py for tasks to queue
[2026-04-13T08:56:53.751+0900] {logging_mixin.py:190} INFO - [2026-04-13T08:56:53.750+0900] {dagbag.py:587} INFO - Filling up the DagBag from /home/airflow/.local/lib/python3.12/site-packages/airflow/example_dags/example_dataset_alias_with_no_taskflow.py
[2026-04-13T08:56:53.866+0900] {processor.py:925} INFO - DAG(s) 'dataset_s3_bucket_producer_with_no_taskflow', 'dataset_alias_example_alias_producer_with_no_taskflow', 'dataset_s3_bucket_consumer_with_no_taskflow', 'dataset_alias_example_alias_consumer_with_no_taskflow' retrieved from /home/airflow/.local/lib/python3.12/site-packages/airflow/example_dags/example_dataset_alias_with_no_taskflow.py
[2026-04-13T08:56:53.891+0900] {logging_mixin.py:190} INFO - [2026-04-13T08:56:53.890+0900] {dag.py:3211} INFO - Sync 4 DAGs
[2026-04-13T08:56:53.918+0900] {logging_mixin.py:190} INFO - [2026-04-13T08:56:53.918+0900] {dag.py:4138} INFO - Setting next_dagrun for dataset_alias_example_alias_consumer_with_no_taskflow to None, run_after=None
[2026-04-13T08:56:53.922+0900] {logging_mixin.py:190} INFO - [2026-04-13T08:56:53.922+0900] {dag.py:4138} INFO - Setting next_dagrun for dataset_alias_example_alias_producer_with_no_taskflow to None, run_after=None
[2026-04-13T08:56:53.924+0900] {logging_mixin.py:190} INFO - [2026-04-13T08:56:53.924+0900] {dag.py:4138} INFO - Setting next_dagrun for dataset_s3_bucket_consumer_with_no_taskflow to None, run_after=None
[2026-04-13T08:56:53.927+0900] {logging_mixin.py:190} INFO - [2026-04-13T08:56:53.927+0900] {dag.py:4138} INFO - Setting next_dagrun for dataset_s3_bucket_producer_with_no_taskflow to None, run_after=None
[2026-04-13T08:56:53.946+0900] {processor.py:208} INFO - Processing /home/airflow/.local/lib/python3.12/site-packages/airflow/example_dags/example_dataset_alias_with_no_taskflow.py took 0.203 seconds
[2026-04-13T08:57:24.042+0900] {processor.py:186} INFO - Started process (PID=171) to work on /home/airflow/.local/lib/python3.12/site-packages/airflow/example_dags/example_dataset_alias_with_no_taskflow.py
[2026-04-13T08:57:24.043+0900] {processor.py:914} INFO - Processing file /home/airflow/.local/lib/python3.12/site-packages/airflow/example_dags/example_dataset_alias_with_no_taskflow.py for tasks to queue
[2026-04-13T08:57:24.045+0900] {logging_mixin.py:190} INFO - [2026-04-13T08:57:24.045+0900] {dagbag.py:587} INFO - Filling up the DagBag from /home/airflow/.local/lib/python3.12/site-packages/airflow/example_dags/example_dataset_alias_with_no_taskflow.py
[2026-04-13T08:57:24.176+0900] {processor.py:925} INFO - DAG(s) 'dataset_s3_bucket_producer_with_no_taskflow', 'dataset_alias_example_alias_consumer_with_no_taskflow', 'dataset_alias_example_alias_producer_with_no_taskflow', 'dataset_s3_bucket_consumer_with_no_taskflow' retrieved from /home/airflow/.local/lib/python3.12/site-packages/airflow/example_dags/example_dataset_alias_with_no_taskflow.py
[2026-04-13T08:57:24.193+0900] {logging_mixin.py:190} INFO - [2026-04-13T08:57:24.193+0900] {dag.py:3211} INFO - Sync 4 DAGs
[2026-04-13T08:57:24.208+0900] {logging_mixin.py:190} INFO - [2026-04-13T08:57:24.208+0900] {dag.py:4138} INFO - Setting next_dagrun for dataset_alias_example_alias_consumer_with_no_taskflow to None, run_after=None
[2026-04-13T08:57:24.211+0900] {logging_mixin.py:190} INFO - [2026-04-13T08:57:24.211+0900] {dag.py:4138} INFO - Setting next_dagrun for dataset_alias_example_alias_producer_with_no_taskflow to None, run_after=None
[2026-04-13T08:57:24.212+0900] {logging_mixin.py:190} INFO - [2026-04-13T08:57:24.212+0900] {dag.py:4138} INFO - Setting next_dagrun for dataset_s3_bucket_consumer_with_no_taskflow to None, run_after=None
[2026-04-13T08:57:24.214+0900] {logging_mixin.py:190} INFO - [2026-04-13T08:57:24.214+0900] {dag.py:4138} INFO - Setting next_dagrun for dataset_s3_bucket_producer_with_no_taskflow to None, run_after=None
[2026-04-13T08:57:24.230+0900] {processor.py:208} INFO - Processing /home/airflow/.local/lib/python3.12/site-packages/airflow/example_dags/example_dataset_alias_with_no_taskflow.py took 0.193 seconds
[2026-04-13T08:57:54.347+0900] {processor.py:186} INFO - Started process (PID=238) to work on /home/airflow/.local/lib/python3.12/site-packages/airflow/example_dags/example_dataset_alias_with_no_taskflow.py
[2026-04-13T08:57:54.348+0900] {processor.py:914} INFO - Processing file /home/airflow/.local/lib/python3.12/site-packages/airflow/example_dags/example_dataset_alias_with_no_taskflow.py for tasks to queue
[2026-04-13T08:57:54.351+0900] {logging_mixin.py:190} INFO - [2026-04-13T08:57:54.350+0900] {dagbag.py:587} INFO - Filling up the DagBag from /home/airflow/.local/lib/python3.12/site-packages/airflow/example_dags/example_dataset_alias_with_no_taskflow.py
[2026-04-13T08:57:54.459+0900] {processor.py:925} INFO - DAG(s) 'dataset_alias_example_alias_producer_with_no_taskflow', 'dataset_s3_bucket_consumer_with_no_taskflow', 'dataset_alias_example_alias_consumer_with_no_taskflow', 'dataset_s3_bucket_producer_with_no_taskflow' retrieved from /home/airflow/.local/lib/python3.12/site-packages/airflow/example_dags/example_dataset_alias_with_no_taskflow.py
[2026-04-13T08:57:54.474+0900] {logging_mixin.py:190} INFO - [2026-04-13T08:57:54.473+0900] {dag.py:3211} INFO - Sync 4 DAGs
[2026-04-13T08:57:54.488+0900] {logging_mixin.py:190} INFO - [2026-04-13T08:57:54.488+0900] {dag.py:4138} INFO - Setting next_dagrun for dataset_alias_example_alias_consumer_with_no_taskflow to None, run_after=None
[2026-04-13T08:57:54.491+0900] {logging_mixin.py:190} INFO - [2026-04-13T08:57:54.491+0900] {dag.py:4138} INFO - Setting next_dagrun for dataset_alias_example_alias_producer_with_no_taskflow to None, run_after=None
[2026-04-13T08:57:54.492+0900] {logging_mixin.py:190} INFO - [2026-04-13T08:57:54.492+0900] {dag.py:4138} INFO - Setting next_dagrun for dataset_s3_bucket_consumer_with_no_taskflow to None, run_after=None
[2026-04-13T08:57:54.494+0900] {logging_mixin.py:190} INFO - [2026-04-13T08:57:54.494+0900] {dag.py:4138} INFO - Setting next_dagrun for dataset_s3_bucket_producer_with_no_taskflow to None, run_after=None
[2026-04-13T08:57:54.508+0900] {processor.py:208} INFO - Processing /home/airflow/.local/lib/python3.12/site-packages/airflow/example_dags/example_dataset_alias_with_no_taskflow.py took 0.165 seconds
[2026-04-13T08:58:24.934+0900] {processor.py:186} INFO - Started process (PID=305) to work on /home/airflow/.local/lib/python3.12/site-packages/airflow/example_dags/example_dataset_alias_with_no_taskflow.py
[2026-04-13T08:58:24.935+0900] {processor.py:914} INFO - Processing file /home/airflow/.local/lib/python3.12/site-packages/airflow/example_dags/example_dataset_alias_with_no_taskflow.py for tasks to queue
[2026-04-13T08:58:24.938+0900] {logging_mixin.py:190} INFO - [2026-04-13T08:58:24.937+0900] {dagbag.py:587} INFO - Filling up the DagBag from /home/airflow/.local/lib/python3.12/site-packages/airflow/example_dags/example_dataset_alias_with_no_taskflow.py
[2026-04-13T08:58:25.056+0900] {processor.py:925} INFO - DAG(s) 'dataset_alias_example_alias_producer_with_no_taskflow', 'dataset_alias_example_alias_consumer_with_no_taskflow', 'dataset_s3_bucket_consumer_with_no_taskflow', 'dataset_s3_bucket_producer_with_no_taskflow' retrieved from /home/airflow/.local/lib/python3.12/site-packages/airflow/example_dags/example_dataset_alias_with_no_taskflow.py
[2026-04-13T08:58:25.074+0900] {logging_mixin.py:190} INFO - [2026-04-13T08:58:25.074+0900] {dag.py:3211} INFO - Sync 4 DAGs
[2026-04-13T08:58:25.092+0900] {logging_mixin.py:190} INFO - [2026-04-13T08:58:25.092+0900] {dag.py:4138} INFO - Setting next_dagrun for dataset_alias_example_alias_consumer_with_no_taskflow to None, run_after=None
[2026-04-13T08:58:25.095+0900] {logging_mixin.py:190} INFO - [2026-04-13T08:58:25.094+0900] {dag.py:4138} INFO - Setting next_dagrun for dataset_alias_example_alias_producer_with_no_taskflow to None, run_after=None
[2026-04-13T08:58:25.096+0900] {logging_mixin.py:190} INFO - [2026-04-13T08:58:25.096+0900] {dag.py:4138} INFO - Setting next_dagrun for dataset_s3_bucket_consumer_with_no_taskflow to None, run_after=None
[2026-04-13T08:58:25.097+0900] {logging_mixin.py:190} INFO - [2026-04-13T08:58:25.097+0900] {dag.py:4138} INFO - Setting next_dagrun for dataset_s3_bucket_producer_with_no_taskflow to None, run_after=None
[2026-04-13T08:58:25.113+0900] {processor.py:208} INFO - Processing /home/airflow/.local/lib/python3.12/site-packages/airflow/example_dags/example_dataset_alias_with_no_taskflow.py took 0.184 seconds
[2026-04-13T08:58:55.582+0900] {processor.py:186} INFO - Started process (PID=372) to work on /home/airflow/.local/lib/python3.12/site-packages/airflow/example_dags/example_dataset_alias_with_no_taskflow.py
[2026-04-13T08:58:55.583+0900] {processor.py:914} INFO - Processing file /home/airflow/.local/lib/python3.12/site-packages/airflow/example_dags/example_dataset_alias_with_no_taskflow.py for tasks to queue
[2026-04-13T08:58:55.586+0900] {logging_mixin.py:190} INFO - [2026-04-13T08:58:55.585+0900] {dagbag.py:587} INFO - Filling up the DagBag from /home/airflow/.local/lib/python3.12/site-packages/airflow/example_dags/example_dataset_alias_with_no_taskflow.py
[2026-04-13T08:58:55.702+0900] {processor.py:925} INFO - DAG(s) 'dataset_s3_bucket_producer_with_no_taskflow', 'dataset_alias_example_alias_consumer_with_no_taskflow', 'dataset_s3_bucket_consumer_with_no_taskflow', 'dataset_alias_example_alias_producer_with_no_taskflow' retrieved from /home/airflow/.local/lib/python3.12/site-packages/airflow/example_dags/example_dataset_alias_with_no_taskflow.py
[2026-04-13T08:58:55.722+0900] {logging_mixin.py:190} INFO - [2026-04-13T08:58:55.721+0900] {dag.py:3211} INFO - Sync 4 DAGs
[2026-04-13T08:58:55.737+0900] {logging_mixin.py:190} INFO - [2026-04-13T08:58:55.737+0900] {dag.py:4138} INFO - Setting next_dagrun for dataset_alias_example_alias_consumer_with_no_taskflow to None, run_after=None
[2026-04-13T08:58:55.740+0900] {logging_mixin.py:190} INFO - [2026-04-13T08:58:55.739+0900] {dag.py:4138} INFO - Setting next_dagrun for dataset_alias_example_alias_producer_with_no_taskflow to None, run_after=None
[2026-04-13T08:58:55.741+0900] {logging_mixin.py:190} INFO - [2026-04-13T08:58:55.741+0900] {dag.py:4138} INFO - Setting next_dagrun for dataset_s3_bucket_consumer_with_no_taskflow to None, run_after=None
[2026-04-13T08:58:55.742+0900] {logging_mixin.py:190} INFO - [2026-04-13T08:58:55.742+0900] {dag.py:4138} INFO - Setting next_dagrun for dataset_s3_bucket_producer_with_no_taskflow to None, run_after=None
[2026-04-13T08:58:55.760+0900] {processor.py:208} INFO - Processing /home/airflow/.local/lib/python3.12/site-packages/airflow/example_dags/example_dataset_alias_with_no_taskflow.py took 0.182 seconds
[2026-04-13T08:59:26.189+0900] {processor.py:186} INFO - Started process (PID=439) to work on /home/airflow/.local/lib/python3.12/site-packages/airflow/example_dags/example_dataset_alias_with_no_taskflow.py
[2026-04-13T08:59:26.190+0900] {processor.py:914} INFO - Processing file /home/airflow/.local/lib/python3.12/site-packages/airflow/example_dags/example_dataset_alias_with_no_taskflow.py for tasks to queue
[2026-04-13T08:59:26.193+0900] {logging_mixin.py:190} INFO - [2026-04-13T08:59:26.192+0900] {dagbag.py:587} INFO - Filling up the DagBag from /home/airflow/.local/lib/python3.12/site-packages/airflow/example_dags/example_dataset_alias_with_no_taskflow.py
[2026-04-13T08:59:26.304+0900] {processor.py:925} INFO - DAG(s) 'dataset_alias_example_alias_consumer_with_no_taskflow', 'dataset_s3_bucket_producer_with_no_taskflow', 'dataset_alias_example_alias_producer_with_no_taskflow', 'dataset_s3_bucket_consumer_with_no_taskflow' retrieved from /home/airflow/.local/lib/python3.12/site-packages/airflow/example_dags/example_dataset_alias_with_no_taskflow.py
[2026-04-13T08:59:26.321+0900] {logging_mixin.py:190} INFO - [2026-04-13T08:59:26.321+0900] {dag.py:3211} INFO - Sync 4 DAGs
[2026-04-13T08:59:26.336+0900] {logging_mixin.py:190} INFO - [2026-04-13T08:59:26.336+0900] {dag.py:4138} INFO - Setting next_dagrun for dataset_alias_example_alias_consumer_with_no_taskflow to None, run_after=None
[2026-04-13T08:59:26.338+0900] {logging_mixin.py:190} INFO - [2026-04-13T08:59:26.338+0900] {dag.py:4138} INFO - Setting next_dagrun for dataset_alias_example_alias_producer_with_no_taskflow to None, run_after=None
[2026-04-13T08:59:26.339+0900] {logging_mixin.py:190} INFO - [2026-04-13T08:59:26.339+0900] {dag.py:4138} INFO - Setting next_dagrun for dataset_s3_bucket_consumer_with_no_taskflow to None, run_after=None
[2026-04-13T08:59:26.341+0900] {logging_mixin.py:190} INFO - [2026-04-13T08:59:26.340+0900] {dag.py:4138} INFO - Setting next_dagrun for dataset_s3_bucket_producer_with_no_taskflow to None, run_after=None
[2026-04-13T08:59:26.358+0900] {processor.py:208} INFO - Processing /home/airflow/.local/lib/python3.12/site-packages/airflow/example_dags/example_dataset_alias_with_no_taskflow.py took 0.173 seconds
[2026-04-13T08:59:56.697+0900] {processor.py:186} INFO - Started process (PID=514) to work on /home/airflow/.local/lib/python3.12/site-packages/airflow/example_dags/example_dataset_alias_with_no_taskflow.py
[2026-04-13T08:59:56.699+0900] {processor.py:914} INFO - Processing file /home/airflow/.local/lib/python3.12/site-packages/airflow/example_dags/example_dataset_alias_with_no_taskflow.py for tasks to queue
[2026-04-13T08:59:56.701+0900] {logging_mixin.py:190} INFO - [2026-04-13T08:59:56.701+0900] {dagbag.py:587} INFO - Filling up the DagBag from /home/airflow/.local/lib/python3.12/site-packages/airflow/example_dags/example_dataset_alias_with_no_taskflow.py
[2026-04-13T08:59:56.807+0900] {processor.py:925} INFO - DAG(s) 'dataset_s3_bucket_producer_with_no_taskflow', 'dataset_alias_example_alias_producer_with_no_taskflow', 'dataset_s3_bucket_consumer_with_no_taskflow', 'dataset_alias_example_alias_consumer_with_no_taskflow' retrieved from /home/airflow/.local/lib/python3.12/site-packages/airflow/example_dags/example_dataset_alias_with_no_taskflow.py
[2026-04-13T08:59:56.823+0900] {logging_mixin.py:190} INFO - [2026-04-13T08:59:56.823+0900] {dag.py:3211} INFO - Sync 4 DAGs
[2026-04-13T08:59:56.838+0900] {logging_mixin.py:190} INFO - [2026-04-13T08:59:56.838+0900] {dag.py:4138} INFO - Setting next_dagrun for dataset_alias_example_alias_consumer_with_no_taskflow to None, run_after=None
[2026-04-13T08:59:56.841+0900] {logging_mixin.py:190} INFO - [2026-04-13T08:59:56.840+0900] {dag.py:4138} INFO - Setting next_dagrun for dataset_alias_example_alias_producer_with_no_taskflow to None, run_after=None
[2026-04-13T08:59:56.841+0900] {logging_mixin.py:190} INFO - [2026-04-13T08:59:56.841+0900] {dag.py:4138} INFO - Setting next_dagrun for dataset_s3_bucket_consumer_with_no_taskflow to None, run_after=None
[2026-04-13T08:59:56.842+0900] {logging_mixin.py:190} INFO - [2026-04-13T08:59:56.842+0900] {dag.py:4138} INFO - Setting next_dagrun for dataset_s3_bucket_producer_with_no_taskflow to None, run_after=None
[2026-04-13T08:59:56.859+0900] {processor.py:208} INFO - Processing /home/airflow/.local/lib/python3.12/site-packages/airflow/example_dags/example_dataset_alias_with_no_taskflow.py took 0.166 seconds
