[2026-04-13T08:56:54.517+0900] {processor.py:186} INFO - Started process (PID=112) to work on /home/airflow/.local/lib/python3.12/site-packages/airflow/example_dags/tutorial_dag.py
[2026-04-13T08:56:54.518+0900] {processor.py:914} INFO - Processing file /home/airflow/.local/lib/python3.12/site-packages/airflow/example_dags/tutorial_dag.py for tasks to queue
[2026-04-13T08:56:54.520+0900] {logging_mixin.py:190} INFO - [2026-04-13T08:56:54.520+0900] {dagbag.py:587} INFO - Filling up the DagBag from /home/airflow/.local/lib/python3.12/site-packages/airflow/example_dags/tutorial_dag.py
[2026-04-13T08:56:54.527+0900] {processor.py:925} INFO - DAG(s) 'tutorial_dag' retrieved from /home/airflow/.local/lib/python3.12/site-packages/airflow/example_dags/tutorial_dag.py
[2026-04-13T08:56:54.549+0900] {logging_mixin.py:190} INFO - [2026-04-13T08:56:54.548+0900] {dag.py:3211} INFO - Sync 1 DAGs
[2026-04-13T08:56:54.560+0900] {logging_mixin.py:190} INFO - [2026-04-13T08:56:54.559+0900] {dag.py:4138} INFO - Setting next_dagrun for tutorial_dag to None, run_after=None
[2026-04-13T08:56:54.574+0900] {processor.py:208} INFO - Processing /home/airflow/.local/lib/python3.12/site-packages/airflow/example_dags/tutorial_dag.py took 0.062 seconds
[2026-04-13T08:57:24.761+0900] {processor.py:186} INFO - Started process (PID=179) to work on /home/airflow/.local/lib/python3.12/site-packages/airflow/example_dags/tutorial_dag.py
[2026-04-13T08:57:24.762+0900] {processor.py:914} INFO - Processing file /home/airflow/.local/lib/python3.12/site-packages/airflow/example_dags/tutorial_dag.py for tasks to queue
[2026-04-13T08:57:24.764+0900] {logging_mixin.py:190} INFO - [2026-04-13T08:57:24.763+0900] {dagbag.py:587} INFO - Filling up the DagBag from /home/airflow/.local/lib/python3.12/site-packages/airflow/example_dags/tutorial_dag.py
[2026-04-13T08:57:24.769+0900] {processor.py:925} INFO - DAG(s) 'tutorial_dag' retrieved from /home/airflow/.local/lib/python3.12/site-packages/airflow/example_dags/tutorial_dag.py
[2026-04-13T08:57:24.786+0900] {logging_mixin.py:190} INFO - [2026-04-13T08:57:24.786+0900] {dag.py:3211} INFO - Sync 1 DAGs
[2026-04-13T08:57:24.796+0900] {logging_mixin.py:190} INFO - [2026-04-13T08:57:24.796+0900] {dag.py:4138} INFO - Setting next_dagrun for tutorial_dag to None, run_after=None
[2026-04-13T08:57:24.809+0900] {processor.py:208} INFO - Processing /home/airflow/.local/lib/python3.12/site-packages/airflow/example_dags/tutorial_dag.py took 0.053 seconds
[2026-04-13T08:57:54.901+0900] {processor.py:186} INFO - Started process (PID=246) to work on /home/airflow/.local/lib/python3.12/site-packages/airflow/example_dags/tutorial_dag.py
[2026-04-13T08:57:54.901+0900] {processor.py:914} INFO - Processing file /home/airflow/.local/lib/python3.12/site-packages/airflow/example_dags/tutorial_dag.py for tasks to queue
[2026-04-13T08:57:54.903+0900] {logging_mixin.py:190} INFO - [2026-04-13T08:57:54.903+0900] {dagbag.py:587} INFO - Filling up the DagBag from /home/airflow/.local/lib/python3.12/site-packages/airflow/example_dags/tutorial_dag.py
[2026-04-13T08:57:54.909+0900] {processor.py:925} INFO - DAG(s) 'tutorial_dag' retrieved from /home/airflow/.local/lib/python3.12/site-packages/airflow/example_dags/tutorial_dag.py
[2026-04-13T08:57:54.924+0900] {logging_mixin.py:190} INFO - [2026-04-13T08:57:54.924+0900] {dag.py:3211} INFO - Sync 1 DAGs
[2026-04-13T08:57:54.935+0900] {logging_mixin.py:190} INFO - [2026-04-13T08:57:54.934+0900] {dag.py:4138} INFO - Setting next_dagrun for tutorial_dag to None, run_after=None
[2026-04-13T08:57:54.949+0900] {processor.py:208} INFO - Processing /home/airflow/.local/lib/python3.12/site-packages/airflow/example_dags/tutorial_dag.py took 0.053 seconds
[2026-04-13T08:58:25.389+0900] {processor.py:186} INFO - Started process (PID=313) to work on /home/airflow/.local/lib/python3.12/site-packages/airflow/example_dags/tutorial_dag.py
[2026-04-13T08:58:25.390+0900] {processor.py:914} INFO - Processing file /home/airflow/.local/lib/python3.12/site-packages/airflow/example_dags/tutorial_dag.py for tasks to queue
[2026-04-13T08:58:25.392+0900] {logging_mixin.py:190} INFO - [2026-04-13T08:58:25.392+0900] {dagbag.py:587} INFO - Filling up the DagBag from /home/airflow/.local/lib/python3.12/site-packages/airflow/example_dags/tutorial_dag.py
[2026-04-13T08:58:25.399+0900] {processor.py:925} INFO - DAG(s) 'tutorial_dag' retrieved from /home/airflow/.local/lib/python3.12/site-packages/airflow/example_dags/tutorial_dag.py
[2026-04-13T08:58:25.415+0900] {logging_mixin.py:190} INFO - [2026-04-13T08:58:25.415+0900] {dag.py:3211} INFO - Sync 1 DAGs
[2026-04-13T08:58:25.425+0900] {logging_mixin.py:190} INFO - [2026-04-13T08:58:25.425+0900] {dag.py:4138} INFO - Setting next_dagrun for tutorial_dag to None, run_after=None
[2026-04-13T08:58:25.439+0900] {processor.py:208} INFO - Processing /home/airflow/.local/lib/python3.12/site-packages/airflow/example_dags/tutorial_dag.py took 0.054 seconds
[2026-04-13T08:58:56.096+0900] {processor.py:186} INFO - Started process (PID=380) to work on /home/airflow/.local/lib/python3.12/site-packages/airflow/example_dags/tutorial_dag.py
[2026-04-13T08:58:56.097+0900] {processor.py:914} INFO - Processing file /home/airflow/.local/lib/python3.12/site-packages/airflow/example_dags/tutorial_dag.py for tasks to queue
[2026-04-13T08:58:56.099+0900] {logging_mixin.py:190} INFO - [2026-04-13T08:58:56.099+0900] {dagbag.py:587} INFO - Filling up the DagBag from /home/airflow/.local/lib/python3.12/site-packages/airflow/example_dags/tutorial_dag.py
[2026-04-13T08:58:56.105+0900] {processor.py:925} INFO - DAG(s) 'tutorial_dag' retrieved from /home/airflow/.local/lib/python3.12/site-packages/airflow/example_dags/tutorial_dag.py
[2026-04-13T08:58:56.122+0900] {logging_mixin.py:190} INFO - [2026-04-13T08:58:56.122+0900] {dag.py:3211} INFO - Sync 1 DAGs
[2026-04-13T08:58:56.133+0900] {logging_mixin.py:190} INFO - [2026-04-13T08:58:56.133+0900] {dag.py:4138} INFO - Setting next_dagrun for tutorial_dag to None, run_after=None
[2026-04-13T08:58:56.152+0900] {processor.py:208} INFO - Processing /home/airflow/.local/lib/python3.12/site-packages/airflow/example_dags/tutorial_dag.py took 0.061 seconds
[2026-04-13T08:59:26.614+0900] {processor.py:186} INFO - Started process (PID=447) to work on /home/airflow/.local/lib/python3.12/site-packages/airflow/example_dags/tutorial_dag.py
[2026-04-13T08:59:26.615+0900] {processor.py:914} INFO - Processing file /home/airflow/.local/lib/python3.12/site-packages/airflow/example_dags/tutorial_dag.py for tasks to queue
[2026-04-13T08:59:26.617+0900] {logging_mixin.py:190} INFO - [2026-04-13T08:59:26.617+0900] {dagbag.py:587} INFO - Filling up the DagBag from /home/airflow/.local/lib/python3.12/site-packages/airflow/example_dags/tutorial_dag.py
[2026-04-13T08:59:26.624+0900] {processor.py:925} INFO - DAG(s) 'tutorial_dag' retrieved from /home/airflow/.local/lib/python3.12/site-packages/airflow/example_dags/tutorial_dag.py
[2026-04-13T08:59:26.640+0900] {logging_mixin.py:190} INFO - [2026-04-13T08:59:26.640+0900] {dag.py:3211} INFO - Sync 1 DAGs
[2026-04-13T08:59:26.649+0900] {logging_mixin.py:190} INFO - [2026-04-13T08:59:26.649+0900] {dag.py:4138} INFO - Setting next_dagrun for tutorial_dag to None, run_after=None
[2026-04-13T08:59:26.663+0900] {processor.py:208} INFO - Processing /home/airflow/.local/lib/python3.12/site-packages/airflow/example_dags/tutorial_dag.py took 0.053 seconds
[2026-04-13T08:59:57.141+0900] {processor.py:186} INFO - Started process (PID=522) to work on /home/airflow/.local/lib/python3.12/site-packages/airflow/example_dags/tutorial_dag.py
[2026-04-13T08:59:57.143+0900] {processor.py:914} INFO - Processing file /home/airflow/.local/lib/python3.12/site-packages/airflow/example_dags/tutorial_dag.py for tasks to queue
[2026-04-13T08:59:57.145+0900] {logging_mixin.py:190} INFO - [2026-04-13T08:59:57.144+0900] {dagbag.py:587} INFO - Filling up the DagBag from /home/airflow/.local/lib/python3.12/site-packages/airflow/example_dags/tutorial_dag.py
[2026-04-13T08:59:57.150+0900] {processor.py:925} INFO - DAG(s) 'tutorial_dag' retrieved from /home/airflow/.local/lib/python3.12/site-packages/airflow/example_dags/tutorial_dag.py
[2026-04-13T08:59:57.165+0900] {logging_mixin.py:190} INFO - [2026-04-13T08:59:57.165+0900] {dag.py:3211} INFO - Sync 1 DAGs
[2026-04-13T08:59:57.174+0900] {logging_mixin.py:190} INFO - [2026-04-13T08:59:57.174+0900] {dag.py:4138} INFO - Setting next_dagrun for tutorial_dag to None, run_after=None
[2026-04-13T08:59:57.187+0900] {processor.py:208} INFO - Processing /home/airflow/.local/lib/python3.12/site-packages/airflow/example_dags/tutorial_dag.py took 0.050 seconds
