[2026-04-13T08:56:52.612+0900] {processor.py:186} INFO - Started process (PID=85) to work on /home/airflow/.local/lib/python3.12/site-packages/airflow/example_dags/tutorial_taskflow_api.py
[2026-04-13T08:56:52.613+0900] {processor.py:914} INFO - Processing file /home/airflow/.local/lib/python3.12/site-packages/airflow/example_dags/tutorial_taskflow_api.py for tasks to queue
[2026-04-13T08:56:52.617+0900] {logging_mixin.py:190} INFO - [2026-04-13T08:56:52.617+0900] {dagbag.py:587} INFO - Filling up the DagBag from /home/airflow/.local/lib/python3.12/site-packages/airflow/example_dags/tutorial_taskflow_api.py
[2026-04-13T08:56:52.629+0900] {processor.py:925} INFO - DAG(s) 'tutorial_taskflow_api' retrieved from /home/airflow/.local/lib/python3.12/site-packages/airflow/example_dags/tutorial_taskflow_api.py
[2026-04-13T08:56:52.658+0900] {logging_mixin.py:190} INFO - [2026-04-13T08:56:52.657+0900] {dag.py:3211} INFO - Sync 1 DAGs
[2026-04-13T08:56:52.672+0900] {logging_mixin.py:190} INFO - [2026-04-13T08:56:52.672+0900] {dag.py:4138} INFO - Setting next_dagrun for tutorial_taskflow_api to None, run_after=None
[2026-04-13T08:56:52.692+0900] {processor.py:208} INFO - Processing /home/airflow/.local/lib/python3.12/site-packages/airflow/example_dags/tutorial_taskflow_api.py took 0.088 seconds
[2026-04-13T08:57:23.258+0900] {processor.py:186} INFO - Started process (PID=152) to work on /home/airflow/.local/lib/python3.12/site-packages/airflow/example_dags/tutorial_taskflow_api.py
[2026-04-13T08:57:23.259+0900] {processor.py:914} INFO - Processing file /home/airflow/.local/lib/python3.12/site-packages/airflow/example_dags/tutorial_taskflow_api.py for tasks to queue
[2026-04-13T08:57:23.261+0900] {logging_mixin.py:190} INFO - [2026-04-13T08:57:23.261+0900] {dagbag.py:587} INFO - Filling up the DagBag from /home/airflow/.local/lib/python3.12/site-packages/airflow/example_dags/tutorial_taskflow_api.py
[2026-04-13T08:57:23.268+0900] {processor.py:925} INFO - DAG(s) 'tutorial_taskflow_api' retrieved from /home/airflow/.local/lib/python3.12/site-packages/airflow/example_dags/tutorial_taskflow_api.py
[2026-04-13T08:57:23.283+0900] {logging_mixin.py:190} INFO - [2026-04-13T08:57:23.283+0900] {dag.py:3211} INFO - Sync 1 DAGs
[2026-04-13T08:57:23.292+0900] {logging_mixin.py:190} INFO - [2026-04-13T08:57:23.292+0900] {dag.py:4138} INFO - Setting next_dagrun for tutorial_taskflow_api to None, run_after=None
[2026-04-13T08:57:23.305+0900] {processor.py:208} INFO - Processing /home/airflow/.local/lib/python3.12/site-packages/airflow/example_dags/tutorial_taskflow_api.py took 0.052 seconds
[2026-04-13T08:57:53.574+0900] {processor.py:186} INFO - Started process (PID=225) to work on /home/airflow/.local/lib/python3.12/site-packages/airflow/example_dags/tutorial_taskflow_api.py
[2026-04-13T08:57:53.575+0900] {processor.py:914} INFO - Processing file /home/airflow/.local/lib/python3.12/site-packages/airflow/example_dags/tutorial_taskflow_api.py for tasks to queue
[2026-04-13T08:57:53.577+0900] {logging_mixin.py:190} INFO - [2026-04-13T08:57:53.577+0900] {dagbag.py:587} INFO - Filling up the DagBag from /home/airflow/.local/lib/python3.12/site-packages/airflow/example_dags/tutorial_taskflow_api.py
[2026-04-13T08:57:53.583+0900] {processor.py:925} INFO - DAG(s) 'tutorial_taskflow_api' retrieved from /home/airflow/.local/lib/python3.12/site-packages/airflow/example_dags/tutorial_taskflow_api.py
[2026-04-13T08:57:53.599+0900] {logging_mixin.py:190} INFO - [2026-04-13T08:57:53.599+0900] {dag.py:3211} INFO - Sync 1 DAGs
[2026-04-13T08:57:53.609+0900] {logging_mixin.py:190} INFO - [2026-04-13T08:57:53.609+0900] {dag.py:4138} INFO - Setting next_dagrun for tutorial_taskflow_api to None, run_after=None
[2026-04-13T08:57:53.624+0900] {processor.py:208} INFO - Processing /home/airflow/.local/lib/python3.12/site-packages/airflow/example_dags/tutorial_taskflow_api.py took 0.054 seconds
[2026-04-13T08:58:24.150+0900] {processor.py:186} INFO - Started process (PID=292) to work on /home/airflow/.local/lib/python3.12/site-packages/airflow/example_dags/tutorial_taskflow_api.py
[2026-04-13T08:58:24.152+0900] {processor.py:914} INFO - Processing file /home/airflow/.local/lib/python3.12/site-packages/airflow/example_dags/tutorial_taskflow_api.py for tasks to queue
[2026-04-13T08:58:24.154+0900] {logging_mixin.py:190} INFO - [2026-04-13T08:58:24.154+0900] {dagbag.py:587} INFO - Filling up the DagBag from /home/airflow/.local/lib/python3.12/site-packages/airflow/example_dags/tutorial_taskflow_api.py
[2026-04-13T08:58:24.162+0900] {processor.py:925} INFO - DAG(s) 'tutorial_taskflow_api' retrieved from /home/airflow/.local/lib/python3.12/site-packages/airflow/example_dags/tutorial_taskflow_api.py
[2026-04-13T08:58:24.180+0900] {logging_mixin.py:190} INFO - [2026-04-13T08:58:24.180+0900] {dag.py:3211} INFO - Sync 1 DAGs
[2026-04-13T08:58:24.191+0900] {logging_mixin.py:190} INFO - [2026-04-13T08:58:24.191+0900] {dag.py:4138} INFO - Setting next_dagrun for tutorial_taskflow_api to None, run_after=None
[2026-04-13T08:58:24.207+0900] {processor.py:208} INFO - Processing /home/airflow/.local/lib/python3.12/site-packages/airflow/example_dags/tutorial_taskflow_api.py took 0.061 seconds
[2026-04-13T08:58:54.707+0900] {processor.py:186} INFO - Started process (PID=359) to work on /home/airflow/.local/lib/python3.12/site-packages/airflow/example_dags/tutorial_taskflow_api.py
[2026-04-13T08:58:54.708+0900] {processor.py:914} INFO - Processing file /home/airflow/.local/lib/python3.12/site-packages/airflow/example_dags/tutorial_taskflow_api.py for tasks to queue
[2026-04-13T08:58:54.711+0900] {logging_mixin.py:190} INFO - [2026-04-13T08:58:54.710+0900] {dagbag.py:587} INFO - Filling up the DagBag from /home/airflow/.local/lib/python3.12/site-packages/airflow/example_dags/tutorial_taskflow_api.py
[2026-04-13T08:58:54.717+0900] {processor.py:925} INFO - DAG(s) 'tutorial_taskflow_api' retrieved from /home/airflow/.local/lib/python3.12/site-packages/airflow/example_dags/tutorial_taskflow_api.py
[2026-04-13T08:58:54.732+0900] {logging_mixin.py:190} INFO - [2026-04-13T08:58:54.732+0900] {dag.py:3211} INFO - Sync 1 DAGs
[2026-04-13T08:58:54.741+0900] {logging_mixin.py:190} INFO - [2026-04-13T08:58:54.741+0900] {dag.py:4138} INFO - Setting next_dagrun for tutorial_taskflow_api to None, run_after=None
[2026-04-13T08:58:54.754+0900] {processor.py:208} INFO - Processing /home/airflow/.local/lib/python3.12/site-packages/airflow/example_dags/tutorial_taskflow_api.py took 0.052 seconds
[2026-04-13T08:59:25.435+0900] {processor.py:186} INFO - Started process (PID=426) to work on /home/airflow/.local/lib/python3.12/site-packages/airflow/example_dags/tutorial_taskflow_api.py
[2026-04-13T08:59:25.436+0900] {processor.py:914} INFO - Processing file /home/airflow/.local/lib/python3.12/site-packages/airflow/example_dags/tutorial_taskflow_api.py for tasks to queue
[2026-04-13T08:59:25.438+0900] {logging_mixin.py:190} INFO - [2026-04-13T08:59:25.437+0900] {dagbag.py:587} INFO - Filling up the DagBag from /home/airflow/.local/lib/python3.12/site-packages/airflow/example_dags/tutorial_taskflow_api.py
[2026-04-13T08:59:25.443+0900] {processor.py:925} INFO - DAG(s) 'tutorial_taskflow_api' retrieved from /home/airflow/.local/lib/python3.12/site-packages/airflow/example_dags/tutorial_taskflow_api.py
[2026-04-13T08:59:25.456+0900] {logging_mixin.py:190} INFO - [2026-04-13T08:59:25.456+0900] {dag.py:3211} INFO - Sync 1 DAGs
[2026-04-13T08:59:25.466+0900] {logging_mixin.py:190} INFO - [2026-04-13T08:59:25.465+0900] {dag.py:4138} INFO - Setting next_dagrun for tutorial_taskflow_api to None, run_after=None
[2026-04-13T08:59:25.479+0900] {processor.py:208} INFO - Processing /home/airflow/.local/lib/python3.12/site-packages/airflow/example_dags/tutorial_taskflow_api.py took 0.049 seconds
[2026-04-13T08:59:55.948+0900] {processor.py:186} INFO - Started process (PID=501) to work on /home/airflow/.local/lib/python3.12/site-packages/airflow/example_dags/tutorial_taskflow_api.py
[2026-04-13T08:59:55.950+0900] {processor.py:914} INFO - Processing file /home/airflow/.local/lib/python3.12/site-packages/airflow/example_dags/tutorial_taskflow_api.py for tasks to queue
[2026-04-13T08:59:55.952+0900] {logging_mixin.py:190} INFO - [2026-04-13T08:59:55.952+0900] {dagbag.py:587} INFO - Filling up the DagBag from /home/airflow/.local/lib/python3.12/site-packages/airflow/example_dags/tutorial_taskflow_api.py
[2026-04-13T08:59:55.958+0900] {processor.py:925} INFO - DAG(s) 'tutorial_taskflow_api' retrieved from /home/airflow/.local/lib/python3.12/site-packages/airflow/example_dags/tutorial_taskflow_api.py
[2026-04-13T08:59:55.974+0900] {logging_mixin.py:190} INFO - [2026-04-13T08:59:55.973+0900] {dag.py:3211} INFO - Sync 1 DAGs
[2026-04-13T08:59:55.984+0900] {logging_mixin.py:190} INFO - [2026-04-13T08:59:55.983+0900] {dag.py:4138} INFO - Setting next_dagrun for tutorial_taskflow_api to None, run_after=None
[2026-04-13T08:59:55.996+0900] {processor.py:208} INFO - Processing /home/airflow/.local/lib/python3.12/site-packages/airflow/example_dags/tutorial_taskflow_api.py took 0.052 seconds
