[2026-04-14T09:00:01.803+0900] {local_task_job_runner.py:123} INFO - ::group::Pre task execution logs
[2026-04-14T09:00:01.817+0900] {taskinstance.py:2603} INFO - Dependencies all met for dep_context=non-requeueable deps ti=<TaskInstance: 01_basics_bash.sleep scheduled__2026-04-13T00:00:00+00:00 [queued]>
[2026-04-14T09:00:01.826+0900] {taskinstance.py:2603} INFO - Dependencies all met for dep_context=requeueable deps ti=<TaskInstance: 01_basics_bash.sleep scheduled__2026-04-13T00:00:00+00:00 [queued]>
[2026-04-14T09:00:01.827+0900] {taskinstance.py:2856} INFO - Starting attempt 1 of 2
[2026-04-14T09:00:01.842+0900] {taskinstance.py:2879} INFO - Executing <Task(BashOperator): sleep> on 2026-04-13 00:00:00+00:00
[2026-04-14T09:00:01.848+0900] {warnings.py:112} WARNING - /home/***/.local/lib/python3.12/site-packages/***/task/task_runner/standard_task_runner.py:70: DeprecationWarning: This process (pid=13977) is multi-threaded, use of fork() may lead to deadlocks in the child.
  pid = os.fork()

[2026-04-14T09:00:01.850+0900] {standard_task_runner.py:104} INFO - Running: ['***', 'tasks', 'run', '01_basics_bash', 'sleep', 'scheduled__2026-04-13T00:00:00+00:00', '--job-id', '70', '--raw', '--subdir', 'DAGS_FOLDER/01_basics_bash.py', '--cfg-path', '/tmp/tmpf9m5t2dd']
[2026-04-14T09:00:01.851+0900] {standard_task_runner.py:72} INFO - Started process 13980 to run task
[2026-04-14T09:00:01.851+0900] {standard_task_runner.py:105} INFO - Job 70: Subtask sleep
[2026-04-14T09:00:01.898+0900] {task_command.py:467} INFO - Running <TaskInstance: 01_basics_bash.sleep scheduled__2026-04-13T00:00:00+00:00 [running]> on host ad48662a813c
[2026-04-14T09:00:01.963+0900] {taskinstance.py:3122} INFO - Exporting env vars: AIRFLOW_CTX_DAG_OWNER='de_2team_manager' AIRFLOW_CTX_DAG_ID='01_basics_bash' AIRFLOW_CTX_TASK_ID='sleep' AIRFLOW_CTX_EXECUTION_DATE='2026-04-13T00:00:00+00:00' AIRFLOW_CTX_TRY_NUMBER='1' AIRFLOW_CTX_DAG_RUN_ID='scheduled__2026-04-13T00:00:00+00:00'
[2026-04-14T09:00:01.964+0900] {taskinstance.py:731} INFO - ::endgroup::
[2026-04-14T09:00:01.975+0900] {subprocess.py:63} INFO - Tmp dir root location: /tmp
[2026-04-14T09:00:01.976+0900] {subprocess.py:75} INFO - Running command: ['/usr/bin/bash', '-c', 'sleep 5']
[2026-04-14T09:00:01.983+0900] {subprocess.py:86} INFO - Output:
[2026-04-14T09:00:06.985+0900] {subprocess.py:97} INFO - Command exited with return code 0
[2026-04-14T09:00:07.012+0900] {taskinstance.py:340} INFO - ::group::Post task execution logs
[2026-04-14T09:00:07.012+0900] {taskinstance.py:352} INFO - Marking task as SUCCESS. dag_id=01_basics_bash, task_id=sleep, run_id=scheduled__2026-04-13T00:00:00+00:00, execution_date=20260413T000000, start_date=20260414T000001, end_date=20260414T000007
[2026-04-14T09:00:07.035+0900] {local_task_job_runner.py:261} INFO - Task exited with return code 0
[2026-04-14T09:00:07.049+0900] {taskinstance.py:3891} INFO - 1 downstream tasks scheduled from follow-on schedule check
[2026-04-14T09:00:07.052+0900] {local_task_job_runner.py:240} INFO - ::endgroup::
