[2026-04-08T06:21:03.334+0000] {local_task_job_runner.py:123} INFO - ::group::Pre task execution logs
[2026-04-08T06:21:03.365+0000] {taskinstance.py:2603} INFO - Dependencies all met for dep_context=non-requeueable deps ti=<TaskInstance: random_multiply_dag.multiply_numbers manual__2026-04-08T06:20:56.982964+00:00 [queued]>
[2026-04-08T06:21:03.383+0000] {taskinstance.py:2603} INFO - Dependencies all met for dep_context=requeueable deps ti=<TaskInstance: random_multiply_dag.multiply_numbers manual__2026-04-08T06:20:56.982964+00:00 [queued]>
[2026-04-08T06:21:03.385+0000] {taskinstance.py:2856} INFO - Starting attempt 1 of 1
[2026-04-08T06:21:03.413+0000] {taskinstance.py:2879} INFO - Executing <Task(PythonOperator): multiply_numbers> on 2026-04-08 06:20:56.982964+00:00
[2026-04-08T06:21:03.428+0000] {warnings.py:112} WARNING - /home/***/.local/lib/python3.12/site-packages/***/task/task_runner/standard_task_runner.py:70: DeprecationWarning: This process (pid=3173) is multi-threaded, use of fork() may lead to deadlocks in the child.
  pid = os.fork()

[2026-04-08T06:21:03.431+0000] {standard_task_runner.py:72} INFO - Started process 3175 to run task
[2026-04-08T06:21:03.433+0000] {standard_task_runner.py:104} INFO - Running: ['***', 'tasks', 'run', 'random_multiply_dag', 'multiply_numbers', 'manual__2026-04-08T06:20:56.982964+00:00', '--job-id', '11', '--raw', '--subdir', 'DAGS_FOLDER/1_***_test.py', '--cfg-path', '/tmp/tmp49cf1fnp']
[2026-04-08T06:21:03.436+0000] {standard_task_runner.py:105} INFO - Job 11: Subtask multiply_numbers
[2026-04-08T06:21:03.515+0000] {task_command.py:467} INFO - Running <TaskInstance: random_multiply_dag.multiply_numbers manual__2026-04-08T06:20:56.982964+00:00 [running]> on host 30220cc5b78a
[2026-04-08T06:21:03.678+0000] {taskinstance.py:3122} INFO - Exporting env vars: AIRFLOW_CTX_DAG_OWNER='***' AIRFLOW_CTX_DAG_ID='random_multiply_dag' AIRFLOW_CTX_TASK_ID='multiply_numbers' AIRFLOW_CTX_EXECUTION_DATE='2026-04-08T06:20:56.982964+00:00' AIRFLOW_CTX_TRY_NUMBER='1' AIRFLOW_CTX_DAG_RUN_ID='manual__2026-04-08T06:20:56.982964+00:00'
[2026-04-08T06:21:03.681+0000] {logging_mixin.py:190} INFO - Task instance is in running state
[2026-04-08T06:21:03.682+0000] {logging_mixin.py:190} INFO -  Previous state of the Task instance: queued
[2026-04-08T06:21:03.684+0000] {logging_mixin.py:190} INFO - Current task name:multiply_numbers state:running start_date:2026-04-08 06:21:03.366542+00:00
[2026-04-08T06:21:03.685+0000] {logging_mixin.py:190} INFO - Dag name:random_multiply_dag and current dag run status:running
[2026-04-08T06:21:03.686+0000] {taskinstance.py:731} INFO - ::endgroup::
[2026-04-08T06:21:03.731+0000] {logging_mixin.py:190} INFO - Multiplication Result: 98 * 37 = 3626
[2026-04-08T06:21:03.732+0000] {python.py:240} INFO - Done. Returned value was: 3626
[2026-04-08T06:21:03.783+0000] {taskinstance.py:340} INFO - ::group::Post task execution logs
[2026-04-08T06:21:03.784+0000] {taskinstance.py:352} INFO - Marking task as SUCCESS. dag_id=random_multiply_dag, task_id=multiply_numbers, run_id=manual__2026-04-08T06:20:56.982964+00:00, execution_date=20260408T062056, start_date=20260408T062103, end_date=20260408T062103
[2026-04-08T06:21:03.802+0000] {logging_mixin.py:190} INFO - Task instance in success state
[2026-04-08T06:21:03.803+0000] {logging_mixin.py:190} INFO -  Previous state of the Task instance: running
[2026-04-08T06:21:03.804+0000] {logging_mixin.py:190} INFO - Dag name:random_multiply_dag queued_at:2026-04-08 06:20:57.089457+00:00
[2026-04-08T06:21:03.805+0000] {logging_mixin.py:190} INFO - Task hostname:30220cc5b78a operator:PythonOperator
[2026-04-08T06:21:03.855+0000] {local_task_job_runner.py:261} INFO - Task exited with return code 0
[2026-04-08T06:21:03.889+0000] {taskinstance.py:3891} INFO - 0 downstream tasks scheduled from follow-on schedule check
[2026-04-08T06:21:03.892+0000] {local_task_job_runner.py:240} INFO - ::endgroup::
