[2026-04-13T08:56:52.178+0900] {processor.py:186} INFO - Started process (PID=81) to work on /opt/airflow/dags/02_basics_python.py
[2026-04-13T08:56:52.180+0900] {processor.py:914} INFO - Processing file /opt/airflow/dags/02_basics_python.py for tasks to queue
[2026-04-13T08:56:52.183+0900] {logging_mixin.py:190} INFO - [2026-04-13T08:56:52.183+0900] {dagbag.py:587} INFO - Filling up the DagBag from /opt/airflow/dags/02_basics_python.py
[2026-04-13T08:56:52.234+0900] {processor.py:925} INFO - DAG(s) '02_basics_python' retrieved from /opt/airflow/dags/02_basics_python.py
[2026-04-13T08:56:52.330+0900] {logging_mixin.py:190} INFO - [2026-04-13T08:56:52.330+0900] {override.py:1858} INFO - Created Permission View: can delete on DAG:02_basics_python
[2026-04-13T08:56:52.341+0900] {logging_mixin.py:190} INFO - [2026-04-13T08:56:52.341+0900] {override.py:1858} INFO - Created Permission View: can edit on DAG:02_basics_python
[2026-04-13T08:56:52.347+0900] {logging_mixin.py:190} INFO - [2026-04-13T08:56:52.347+0900] {override.py:1858} INFO - Created Permission View: can read on DAG:02_basics_python
[2026-04-13T08:56:52.349+0900] {logging_mixin.py:190} INFO - [2026-04-13T08:56:52.348+0900] {dag.py:3211} INFO - Sync 1 DAGs
[2026-04-13T08:56:52.360+0900] {logging_mixin.py:190} INFO - [2026-04-13T08:56:52.360+0900] {dag.py:3234} INFO - Creating ORM DAG for 02_basics_python
[2026-04-13T08:56:52.369+0900] {logging_mixin.py:190} INFO - [2026-04-13T08:56:52.369+0900] {dag.py:4138} INFO - Setting next_dagrun for 02_basics_python to 2026-02-25 00:00:00+00:00, run_after=2026-02-25 00:00:00+00:00
[2026-04-13T08:56:52.396+0900] {processor.py:208} INFO - Processing /opt/airflow/dags/02_basics_python.py took 0.226 seconds
[2026-04-13T08:57:23.064+0900] {processor.py:186} INFO - Started process (PID=148) to work on /opt/airflow/dags/02_basics_python.py
[2026-04-13T08:57:23.065+0900] {processor.py:914} INFO - Processing file /opt/airflow/dags/02_basics_python.py for tasks to queue
[2026-04-13T08:57:23.066+0900] {logging_mixin.py:190} INFO - [2026-04-13T08:57:23.066+0900] {dagbag.py:587} INFO - Filling up the DagBag from /opt/airflow/dags/02_basics_python.py
[2026-04-13T08:57:23.081+0900] {processor.py:925} INFO - DAG(s) '02_basics_python' retrieved from /opt/airflow/dags/02_basics_python.py
[2026-04-13T08:57:23.095+0900] {logging_mixin.py:190} INFO - [2026-04-13T08:57:23.095+0900] {dag.py:3211} INFO - Sync 1 DAGs
[2026-04-13T08:57:23.109+0900] {logging_mixin.py:190} INFO - [2026-04-13T08:57:23.109+0900] {dag.py:4138} INFO - Setting next_dagrun for 02_basics_python to 2026-02-25 00:00:00+00:00, run_after=2026-02-25 00:00:00+00:00
[2026-04-13T08:57:23.127+0900] {processor.py:208} INFO - Processing /opt/airflow/dags/02_basics_python.py took 0.067 seconds
[2026-04-13T08:57:53.264+0900] {processor.py:186} INFO - Started process (PID=215) to work on /opt/airflow/dags/02_basics_python.py
[2026-04-13T08:57:53.265+0900] {processor.py:914} INFO - Processing file /opt/airflow/dags/02_basics_python.py for tasks to queue
[2026-04-13T08:57:53.268+0900] {logging_mixin.py:190} INFO - [2026-04-13T08:57:53.268+0900] {dagbag.py:587} INFO - Filling up the DagBag from /opt/airflow/dags/02_basics_python.py
[2026-04-13T08:57:53.288+0900] {processor.py:925} INFO - DAG(s) '02_basics_python' retrieved from /opt/airflow/dags/02_basics_python.py
[2026-04-13T08:57:53.307+0900] {logging_mixin.py:190} INFO - [2026-04-13T08:57:53.307+0900] {dag.py:3211} INFO - Sync 1 DAGs
[2026-04-13T08:57:53.326+0900] {logging_mixin.py:190} INFO - [2026-04-13T08:57:53.326+0900] {dag.py:4138} INFO - Setting next_dagrun for 02_basics_python to 2026-02-25 00:00:00+00:00, run_after=2026-02-25 00:00:00+00:00
[2026-04-13T08:57:53.343+0900] {processor.py:208} INFO - Processing /opt/airflow/dags/02_basics_python.py took 0.084 seconds
[2026-04-13T08:58:23.904+0900] {processor.py:186} INFO - Started process (PID=288) to work on /opt/airflow/dags/02_basics_python.py
[2026-04-13T08:58:23.906+0900] {processor.py:914} INFO - Processing file /opt/airflow/dags/02_basics_python.py for tasks to queue
[2026-04-13T08:58:23.908+0900] {logging_mixin.py:190} INFO - [2026-04-13T08:58:23.908+0900] {dagbag.py:587} INFO - Filling up the DagBag from /opt/airflow/dags/02_basics_python.py
[2026-04-13T08:58:23.936+0900] {processor.py:925} INFO - DAG(s) '02_basics_python' retrieved from /opt/airflow/dags/02_basics_python.py
[2026-04-13T08:58:23.953+0900] {logging_mixin.py:190} INFO - [2026-04-13T08:58:23.953+0900] {dag.py:3211} INFO - Sync 1 DAGs
[2026-04-13T08:58:23.970+0900] {logging_mixin.py:190} INFO - [2026-04-13T08:58:23.970+0900] {dag.py:4138} INFO - Setting next_dagrun for 02_basics_python to 2026-02-25 00:00:00+00:00, run_after=2026-02-25 00:00:00+00:00
[2026-04-13T08:58:23.988+0900] {processor.py:208} INFO - Processing /opt/airflow/dags/02_basics_python.py took 0.089 seconds
[2026-04-13T08:58:54.420+0900] {processor.py:186} INFO - Started process (PID=355) to work on /opt/airflow/dags/02_basics_python.py
[2026-04-13T08:58:54.421+0900] {processor.py:914} INFO - Processing file /opt/airflow/dags/02_basics_python.py for tasks to queue
[2026-04-13T08:58:54.423+0900] {logging_mixin.py:190} INFO - [2026-04-13T08:58:54.423+0900] {dagbag.py:587} INFO - Filling up the DagBag from /opt/airflow/dags/02_basics_python.py
[2026-04-13T08:58:54.439+0900] {processor.py:925} INFO - DAG(s) '02_basics_python' retrieved from /opt/airflow/dags/02_basics_python.py
[2026-04-13T08:58:54.453+0900] {logging_mixin.py:190} INFO - [2026-04-13T08:58:54.453+0900] {dag.py:3211} INFO - Sync 1 DAGs
[2026-04-13T08:58:54.468+0900] {logging_mixin.py:190} INFO - [2026-04-13T08:58:54.467+0900] {dag.py:4138} INFO - Setting next_dagrun for 02_basics_python to 2026-02-25 00:00:00+00:00, run_after=2026-02-25 00:00:00+00:00
[2026-04-13T08:58:54.482+0900] {processor.py:208} INFO - Processing /opt/airflow/dags/02_basics_python.py took 0.066 seconds
[2026-04-13T08:59:25.204+0900] {processor.py:186} INFO - Started process (PID=422) to work on /opt/airflow/dags/02_basics_python.py
[2026-04-13T08:59:25.205+0900] {processor.py:914} INFO - Processing file /opt/airflow/dags/02_basics_python.py for tasks to queue
[2026-04-13T08:59:25.207+0900] {logging_mixin.py:190} INFO - [2026-04-13T08:59:25.207+0900] {dagbag.py:587} INFO - Filling up the DagBag from /opt/airflow/dags/02_basics_python.py
[2026-04-13T08:59:25.222+0900] {processor.py:925} INFO - DAG(s) '02_basics_python' retrieved from /opt/airflow/dags/02_basics_python.py
[2026-04-13T08:59:25.237+0900] {logging_mixin.py:190} INFO - [2026-04-13T08:59:25.237+0900] {dag.py:3211} INFO - Sync 1 DAGs
[2026-04-13T08:59:25.254+0900] {logging_mixin.py:190} INFO - [2026-04-13T08:59:25.254+0900] {dag.py:4138} INFO - Setting next_dagrun for 02_basics_python to 2026-02-25 00:00:00+00:00, run_after=2026-02-25 00:00:00+00:00
[2026-04-13T08:59:25.270+0900] {processor.py:208} INFO - Processing /opt/airflow/dags/02_basics_python.py took 0.070 seconds
[2026-04-13T08:59:55.677+0900] {processor.py:186} INFO - Started process (PID=497) to work on /opt/airflow/dags/02_basics_python.py
[2026-04-13T08:59:55.678+0900] {processor.py:914} INFO - Processing file /opt/airflow/dags/02_basics_python.py for tasks to queue
[2026-04-13T08:59:55.681+0900] {logging_mixin.py:190} INFO - [2026-04-13T08:59:55.680+0900] {dagbag.py:587} INFO - Filling up the DagBag from /opt/airflow/dags/02_basics_python.py
[2026-04-13T08:59:55.697+0900] {processor.py:925} INFO - DAG(s) '02_basics_python' retrieved from /opt/airflow/dags/02_basics_python.py
[2026-04-13T08:59:55.712+0900] {logging_mixin.py:190} INFO - [2026-04-13T08:59:55.712+0900] {dag.py:3211} INFO - Sync 1 DAGs
[2026-04-13T08:59:55.727+0900] {logging_mixin.py:190} INFO - [2026-04-13T08:59:55.727+0900] {dag.py:4138} INFO - Setting next_dagrun for 02_basics_python to 2026-02-25 00:00:00+00:00, run_after=2026-02-25 00:00:00+00:00
[2026-04-13T08:59:55.742+0900] {processor.py:208} INFO - Processing /opt/airflow/dags/02_basics_python.py took 0.070 seconds
