[2026-04-13T08:56:51.911+0900] {processor.py:186} INFO - Started process (PID=80) to work on /opt/airflow/dags/03_basics_context_jinja.py
[2026-04-13T08:56:51.913+0900] {processor.py:914} INFO - Processing file /opt/airflow/dags/03_basics_context_jinja.py for tasks to queue
[2026-04-13T08:56:51.916+0900] {logging_mixin.py:190} INFO - [2026-04-13T08:56:51.915+0900] {dagbag.py:587} INFO - Filling up the DagBag from /opt/airflow/dags/03_basics_context_jinja.py
[2026-04-13T08:56:51.966+0900] {processor.py:925} INFO - DAG(s) '03_basics_macro_jinja' retrieved from /opt/airflow/dags/03_basics_context_jinja.py
[2026-04-13T08:56:52.062+0900] {logging_mixin.py:190} INFO - [2026-04-13T08:56:52.062+0900] {override.py:1858} INFO - Created Permission View: can delete on DAG:03_basics_macro_jinja
[2026-04-13T08:56:52.070+0900] {logging_mixin.py:190} INFO - [2026-04-13T08:56:52.070+0900] {override.py:1858} INFO - Created Permission View: can edit on DAG:03_basics_macro_jinja
[2026-04-13T08:56:52.077+0900] {logging_mixin.py:190} INFO - [2026-04-13T08:56:52.076+0900] {override.py:1858} INFO - Created Permission View: can read on DAG:03_basics_macro_jinja
[2026-04-13T08:56:52.078+0900] {logging_mixin.py:190} INFO - [2026-04-13T08:56:52.077+0900] {dag.py:3211} INFO - Sync 1 DAGs
[2026-04-13T08:56:52.089+0900] {logging_mixin.py:190} INFO - [2026-04-13T08:56:52.089+0900] {dag.py:3234} INFO - Creating ORM DAG for 03_basics_macro_jinja
[2026-04-13T08:56:52.099+0900] {logging_mixin.py:190} INFO - [2026-04-13T08:56:52.098+0900] {dag.py:4138} INFO - Setting next_dagrun for 03_basics_macro_jinja to 2026-04-11 09:00:00+00:00, run_after=2026-04-12 09:00:00+00:00
[2026-04-13T08:56:52.116+0900] {processor.py:208} INFO - Processing /opt/airflow/dags/03_basics_context_jinja.py took 0.210 seconds
[2026-04-13T08:57:23.056+0900] {processor.py:186} INFO - Started process (PID=147) to work on /opt/airflow/dags/03_basics_context_jinja.py
[2026-04-13T08:57:23.057+0900] {processor.py:914} INFO - Processing file /opt/airflow/dags/03_basics_context_jinja.py for tasks to queue
[2026-04-13T08:57:23.059+0900] {logging_mixin.py:190} INFO - [2026-04-13T08:57:23.058+0900] {dagbag.py:587} INFO - Filling up the DagBag from /opt/airflow/dags/03_basics_context_jinja.py
[2026-04-13T08:57:23.076+0900] {processor.py:925} INFO - DAG(s) '03_basics_macro_jinja' retrieved from /opt/airflow/dags/03_basics_context_jinja.py
[2026-04-13T08:57:23.091+0900] {logging_mixin.py:190} INFO - [2026-04-13T08:57:23.091+0900] {dag.py:3211} INFO - Sync 1 DAGs
[2026-04-13T08:57:23.107+0900] {logging_mixin.py:190} INFO - [2026-04-13T08:57:23.106+0900] {dag.py:4138} INFO - Setting next_dagrun for 03_basics_macro_jinja to 2026-04-11 09:00:00+00:00, run_after=2026-04-12 09:00:00+00:00
[2026-04-13T08:57:23.126+0900] {processor.py:208} INFO - Processing /opt/airflow/dags/03_basics_context_jinja.py took 0.075 seconds
[2026-04-13T08:57:53.254+0900] {processor.py:186} INFO - Started process (PID=214) to work on /opt/airflow/dags/03_basics_context_jinja.py
[2026-04-13T08:57:53.255+0900] {processor.py:914} INFO - Processing file /opt/airflow/dags/03_basics_context_jinja.py for tasks to queue
[2026-04-13T08:57:53.258+0900] {logging_mixin.py:190} INFO - [2026-04-13T08:57:53.257+0900] {dagbag.py:587} INFO - Filling up the DagBag from /opt/airflow/dags/03_basics_context_jinja.py
[2026-04-13T08:57:53.284+0900] {processor.py:925} INFO - DAG(s) '03_basics_macro_jinja' retrieved from /opt/airflow/dags/03_basics_context_jinja.py
[2026-04-13T08:57:53.303+0900] {logging_mixin.py:190} INFO - [2026-04-13T08:57:53.303+0900] {dag.py:3211} INFO - Sync 1 DAGs
[2026-04-13T08:57:53.323+0900] {logging_mixin.py:190} INFO - [2026-04-13T08:57:53.322+0900] {dag.py:4138} INFO - Setting next_dagrun for 03_basics_macro_jinja to 2026-04-11 09:00:00+00:00, run_after=2026-04-12 09:00:00+00:00
[2026-04-13T08:57:53.341+0900] {processor.py:208} INFO - Processing /opt/airflow/dags/03_basics_context_jinja.py took 0.092 seconds
[2026-04-13T08:58:23.900+0900] {processor.py:186} INFO - Started process (PID=287) to work on /opt/airflow/dags/03_basics_context_jinja.py
[2026-04-13T08:58:23.901+0900] {processor.py:914} INFO - Processing file /opt/airflow/dags/03_basics_context_jinja.py for tasks to queue
[2026-04-13T08:58:23.904+0900] {logging_mixin.py:190} INFO - [2026-04-13T08:58:23.903+0900] {dagbag.py:587} INFO - Filling up the DagBag from /opt/airflow/dags/03_basics_context_jinja.py
[2026-04-13T08:58:23.935+0900] {processor.py:925} INFO - DAG(s) '03_basics_macro_jinja' retrieved from /opt/airflow/dags/03_basics_context_jinja.py
[2026-04-13T08:58:23.952+0900] {logging_mixin.py:190} INFO - [2026-04-13T08:58:23.952+0900] {dag.py:3211} INFO - Sync 1 DAGs
[2026-04-13T08:58:23.971+0900] {logging_mixin.py:190} INFO - [2026-04-13T08:58:23.971+0900] {dag.py:4138} INFO - Setting next_dagrun for 03_basics_macro_jinja to 2026-04-11 09:00:00+00:00, run_after=2026-04-12 09:00:00+00:00
[2026-04-13T08:58:23.988+0900] {processor.py:208} INFO - Processing /opt/airflow/dags/03_basics_context_jinja.py took 0.094 seconds
[2026-04-13T08:58:54.416+0900] {processor.py:186} INFO - Started process (PID=354) to work on /opt/airflow/dags/03_basics_context_jinja.py
[2026-04-13T08:58:54.417+0900] {processor.py:914} INFO - Processing file /opt/airflow/dags/03_basics_context_jinja.py for tasks to queue
[2026-04-13T08:58:54.419+0900] {logging_mixin.py:190} INFO - [2026-04-13T08:58:54.418+0900] {dagbag.py:587} INFO - Filling up the DagBag from /opt/airflow/dags/03_basics_context_jinja.py
[2026-04-13T08:58:54.437+0900] {processor.py:925} INFO - DAG(s) '03_basics_macro_jinja' retrieved from /opt/airflow/dags/03_basics_context_jinja.py
[2026-04-13T08:58:54.452+0900] {logging_mixin.py:190} INFO - [2026-04-13T08:58:54.452+0900] {dag.py:3211} INFO - Sync 1 DAGs
[2026-04-13T08:58:54.469+0900] {logging_mixin.py:190} INFO - [2026-04-13T08:58:54.469+0900] {dag.py:4138} INFO - Setting next_dagrun for 03_basics_macro_jinja to 2026-04-11 09:00:00+00:00, run_after=2026-04-12 09:00:00+00:00
[2026-04-13T08:58:54.482+0900] {processor.py:208} INFO - Processing /opt/airflow/dags/03_basics_context_jinja.py took 0.070 seconds
[2026-04-13T08:59:25.198+0900] {processor.py:186} INFO - Started process (PID=421) to work on /opt/airflow/dags/03_basics_context_jinja.py
[2026-04-13T08:59:25.199+0900] {processor.py:914} INFO - Processing file /opt/airflow/dags/03_basics_context_jinja.py for tasks to queue
[2026-04-13T08:59:25.201+0900] {logging_mixin.py:190} INFO - [2026-04-13T08:59:25.201+0900] {dagbag.py:587} INFO - Filling up the DagBag from /opt/airflow/dags/03_basics_context_jinja.py
[2026-04-13T08:59:25.219+0900] {processor.py:925} INFO - DAG(s) '03_basics_macro_jinja' retrieved from /opt/airflow/dags/03_basics_context_jinja.py
[2026-04-13T08:59:25.237+0900] {logging_mixin.py:190} INFO - [2026-04-13T08:59:25.237+0900] {dag.py:3211} INFO - Sync 1 DAGs
[2026-04-13T08:59:25.255+0900] {logging_mixin.py:190} INFO - [2026-04-13T08:59:25.255+0900] {dag.py:4138} INFO - Setting next_dagrun for 03_basics_macro_jinja to 2026-04-11 09:00:00+00:00, run_after=2026-04-12 09:00:00+00:00
[2026-04-13T08:59:25.270+0900] {processor.py:208} INFO - Processing /opt/airflow/dags/03_basics_context_jinja.py took 0.077 seconds
[2026-04-13T08:59:55.666+0900] {processor.py:186} INFO - Started process (PID=496) to work on /opt/airflow/dags/03_basics_context_jinja.py
[2026-04-13T08:59:55.666+0900] {processor.py:914} INFO - Processing file /opt/airflow/dags/03_basics_context_jinja.py for tasks to queue
[2026-04-13T08:59:55.669+0900] {logging_mixin.py:190} INFO - [2026-04-13T08:59:55.669+0900] {dagbag.py:587} INFO - Filling up the DagBag from /opt/airflow/dags/03_basics_context_jinja.py
[2026-04-13T08:59:55.686+0900] {processor.py:925} INFO - DAG(s) '03_basics_macro_jinja' retrieved from /opt/airflow/dags/03_basics_context_jinja.py
[2026-04-13T08:59:55.702+0900] {logging_mixin.py:190} INFO - [2026-04-13T08:59:55.702+0900] {dag.py:3211} INFO - Sync 1 DAGs
[2026-04-13T08:59:55.719+0900] {logging_mixin.py:190} INFO - [2026-04-13T08:59:55.718+0900] {dag.py:4138} INFO - Setting next_dagrun for 03_basics_macro_jinja to 2026-04-11 09:00:00+00:00, run_after=2026-04-12 09:00:00+00:00
[2026-04-13T08:59:55.735+0900] {processor.py:208} INFO - Processing /opt/airflow/dags/03_basics_context_jinja.py took 0.073 seconds
