[2026-04-13T08:56:51.560+0900] {processor.py:186} INFO - Started process (PID=79) to work on /opt/airflow/dags/04_basics_branching.py
[2026-04-13T08:56:51.561+0900] {processor.py:914} INFO - Processing file /opt/airflow/dags/04_basics_branching.py for tasks to queue
[2026-04-13T08:56:51.564+0900] {logging_mixin.py:190} INFO - [2026-04-13T08:56:51.564+0900] {dagbag.py:587} INFO - Filling up the DagBag from /opt/airflow/dags/04_basics_branching.py
[2026-04-13T08:56:51.617+0900] {processor.py:925} INFO - DAG(s) '04_basics_branching' retrieved from /opt/airflow/dags/04_basics_branching.py
[2026-04-13T08:56:51.766+0900] {logging_mixin.py:190} INFO - [2026-04-13T08:56:51.765+0900] {override.py:1858} INFO - Created Permission View: can delete on DAG:04_basics_branching
[2026-04-13T08:56:51.777+0900] {logging_mixin.py:190} INFO - [2026-04-13T08:56:51.777+0900] {override.py:1858} INFO - Created Permission View: can edit on DAG:04_basics_branching
[2026-04-13T08:56:51.787+0900] {logging_mixin.py:190} INFO - [2026-04-13T08:56:51.787+0900] {override.py:1858} INFO - Created Permission View: can read on DAG:04_basics_branching
[2026-04-13T08:56:51.790+0900] {logging_mixin.py:190} INFO - [2026-04-13T08:56:51.789+0900] {dag.py:3211} INFO - Sync 1 DAGs
[2026-04-13T08:56:51.802+0900] {logging_mixin.py:190} INFO - [2026-04-13T08:56:51.802+0900] {dag.py:3234} INFO - Creating ORM DAG for 04_basics_branching
[2026-04-13T08:56:51.812+0900] {logging_mixin.py:190} INFO - [2026-04-13T08:56:51.812+0900] {dag.py:4138} INFO - Setting next_dagrun for 04_basics_branching to 2026-04-11 00:00:00+00:00, run_after=2026-04-12 00:00:00+00:00
[2026-04-13T08:56:51.838+0900] {processor.py:208} INFO - Processing /opt/airflow/dags/04_basics_branching.py took 0.284 seconds
[2026-04-13T08:57:21.896+0900] {processor.py:186} INFO - Started process (PID=145) to work on /opt/airflow/dags/04_basics_branching.py
[2026-04-13T08:57:21.897+0900] {processor.py:914} INFO - Processing file /opt/airflow/dags/04_basics_branching.py for tasks to queue
[2026-04-13T08:57:21.899+0900] {logging_mixin.py:190} INFO - [2026-04-13T08:57:21.899+0900] {dagbag.py:587} INFO - Filling up the DagBag from /opt/airflow/dags/04_basics_branching.py
[2026-04-13T08:57:21.927+0900] {processor.py:925} INFO - DAG(s) '04_basics_branching' retrieved from /opt/airflow/dags/04_basics_branching.py
[2026-04-13T08:57:21.943+0900] {logging_mixin.py:190} INFO - [2026-04-13T08:57:21.943+0900] {dag.py:3211} INFO - Sync 1 DAGs
[2026-04-13T08:57:21.960+0900] {logging_mixin.py:190} INFO - [2026-04-13T08:57:21.959+0900] {dag.py:4138} INFO - Setting next_dagrun for 04_basics_branching to 2026-04-11 00:00:00+00:00, run_after=2026-04-12 00:00:00+00:00
[2026-04-13T08:57:21.982+0900] {processor.py:208} INFO - Processing /opt/airflow/dags/04_basics_branching.py took 0.092 seconds
[2026-04-13T08:57:52.072+0900] {processor.py:186} INFO - Started process (PID=212) to work on /opt/airflow/dags/04_basics_branching.py
[2026-04-13T08:57:52.073+0900] {processor.py:914} INFO - Processing file /opt/airflow/dags/04_basics_branching.py for tasks to queue
[2026-04-13T08:57:52.076+0900] {logging_mixin.py:190} INFO - [2026-04-13T08:57:52.076+0900] {dagbag.py:587} INFO - Filling up the DagBag from /opt/airflow/dags/04_basics_branching.py
[2026-04-13T08:57:52.117+0900] {processor.py:925} INFO - DAG(s) '04_basics_branching' retrieved from /opt/airflow/dags/04_basics_branching.py
[2026-04-13T08:57:52.139+0900] {logging_mixin.py:190} INFO - [2026-04-13T08:57:52.139+0900] {dag.py:3211} INFO - Sync 1 DAGs
[2026-04-13T08:57:52.162+0900] {logging_mixin.py:190} INFO - [2026-04-13T08:57:52.162+0900] {dag.py:4138} INFO - Setting next_dagrun for 04_basics_branching to 2026-04-11 00:00:00+00:00, run_after=2026-04-12 00:00:00+00:00
[2026-04-13T08:57:52.179+0900] {processor.py:208} INFO - Processing /opt/airflow/dags/04_basics_branching.py took 0.112 seconds
[2026-04-13T08:58:22.857+0900] {processor.py:186} INFO - Started process (PID=280) to work on /opt/airflow/dags/04_basics_branching.py
[2026-04-13T08:58:22.859+0900] {processor.py:914} INFO - Processing file /opt/airflow/dags/04_basics_branching.py for tasks to queue
[2026-04-13T08:58:22.862+0900] {logging_mixin.py:190} INFO - [2026-04-13T08:58:22.861+0900] {dagbag.py:587} INFO - Filling up the DagBag from /opt/airflow/dags/04_basics_branching.py
[2026-04-13T08:58:22.889+0900] {processor.py:925} INFO - DAG(s) '04_basics_branching' retrieved from /opt/airflow/dags/04_basics_branching.py
[2026-04-13T08:58:22.904+0900] {logging_mixin.py:190} INFO - [2026-04-13T08:58:22.904+0900] {dag.py:3211} INFO - Sync 1 DAGs
[2026-04-13T08:58:22.920+0900] {logging_mixin.py:190} INFO - [2026-04-13T08:58:22.920+0900] {dag.py:4138} INFO - Setting next_dagrun for 04_basics_branching to 2026-04-11 00:00:00+00:00, run_after=2026-04-12 00:00:00+00:00
[2026-04-13T08:58:22.935+0900] {processor.py:208} INFO - Processing /opt/airflow/dags/04_basics_branching.py took 0.084 seconds
[2026-04-13T08:58:53.360+0900] {processor.py:186} INFO - Started process (PID=347) to work on /opt/airflow/dags/04_basics_branching.py
[2026-04-13T08:58:53.361+0900] {processor.py:914} INFO - Processing file /opt/airflow/dags/04_basics_branching.py for tasks to queue
[2026-04-13T08:58:53.363+0900] {logging_mixin.py:190} INFO - [2026-04-13T08:58:53.363+0900] {dagbag.py:587} INFO - Filling up the DagBag from /opt/airflow/dags/04_basics_branching.py
[2026-04-13T08:58:53.384+0900] {processor.py:925} INFO - DAG(s) '04_basics_branching' retrieved from /opt/airflow/dags/04_basics_branching.py
[2026-04-13T08:58:53.401+0900] {logging_mixin.py:190} INFO - [2026-04-13T08:58:53.400+0900] {dag.py:3211} INFO - Sync 1 DAGs
[2026-04-13T08:58:53.417+0900] {logging_mixin.py:190} INFO - [2026-04-13T08:58:53.417+0900] {dag.py:4138} INFO - Setting next_dagrun for 04_basics_branching to 2026-04-11 00:00:00+00:00, run_after=2026-04-12 00:00:00+00:00
[2026-04-13T08:58:53.431+0900] {processor.py:208} INFO - Processing /opt/airflow/dags/04_basics_branching.py took 0.075 seconds
[2026-04-13T08:59:24.169+0900] {processor.py:186} INFO - Started process (PID=420) to work on /opt/airflow/dags/04_basics_branching.py
[2026-04-13T08:59:24.171+0900] {processor.py:914} INFO - Processing file /opt/airflow/dags/04_basics_branching.py for tasks to queue
[2026-04-13T08:59:24.173+0900] {logging_mixin.py:190} INFO - [2026-04-13T08:59:24.173+0900] {dagbag.py:587} INFO - Filling up the DagBag from /opt/airflow/dags/04_basics_branching.py
[2026-04-13T08:59:24.201+0900] {processor.py:925} INFO - DAG(s) '04_basics_branching' retrieved from /opt/airflow/dags/04_basics_branching.py
[2026-04-13T08:59:24.220+0900] {logging_mixin.py:190} INFO - [2026-04-13T08:59:24.219+0900] {dag.py:3211} INFO - Sync 1 DAGs
[2026-04-13T08:59:24.237+0900] {logging_mixin.py:190} INFO - [2026-04-13T08:59:24.237+0900] {dag.py:4138} INFO - Setting next_dagrun for 04_basics_branching to 2026-04-11 00:00:00+00:00, run_after=2026-04-12 00:00:00+00:00
[2026-04-13T08:59:24.254+0900] {processor.py:208} INFO - Processing /opt/airflow/dags/04_basics_branching.py took 0.090 seconds
[2026-04-13T08:59:54.641+0900] {processor.py:186} INFO - Started process (PID=495) to work on /opt/airflow/dags/04_basics_branching.py
[2026-04-13T08:59:54.641+0900] {processor.py:914} INFO - Processing file /opt/airflow/dags/04_basics_branching.py for tasks to queue
[2026-04-13T08:59:54.644+0900] {logging_mixin.py:190} INFO - [2026-04-13T08:59:54.643+0900] {dagbag.py:587} INFO - Filling up the DagBag from /opt/airflow/dags/04_basics_branching.py
[2026-04-13T08:59:54.662+0900] {processor.py:925} INFO - DAG(s) '04_basics_branching' retrieved from /opt/airflow/dags/04_basics_branching.py
[2026-04-13T08:59:54.677+0900] {logging_mixin.py:190} INFO - [2026-04-13T08:59:54.676+0900] {dag.py:3211} INFO - Sync 1 DAGs
[2026-04-13T08:59:54.693+0900] {logging_mixin.py:190} INFO - [2026-04-13T08:59:54.693+0900] {dag.py:4138} INFO - Setting next_dagrun for 04_basics_branching to 2026-04-11 00:00:00+00:00, run_after=2026-04-12 00:00:00+00:00
[2026-04-13T08:59:54.716+0900] {processor.py:208} INFO - Processing /opt/airflow/dags/04_basics_branching.py took 0.080 seconds
