[2026-04-14T10:40:02.705+0900] {local_task_job_runner.py:123} INFO - ::group::Pre task execution logs
[2026-04-14T10:40:02.716+0900] {taskinstance.py:2603} INFO - Dependencies all met for dep_context=non-requeueable deps ti=<TaskInstance: 07_msa_api_server_used.task_api_service_call manual__2026-04-14T01:40:00.207443+00:00 [queued]>
[2026-04-14T10:40:02.723+0900] {taskinstance.py:2603} INFO - Dependencies all met for dep_context=requeueable deps ti=<TaskInstance: 07_msa_api_server_used.task_api_service_call manual__2026-04-14T01:40:00.207443+00:00 [queued]>
[2026-04-14T10:40:02.723+0900] {taskinstance.py:2856} INFO - Starting attempt 1 of 1
[2026-04-14T10:40:02.733+0900] {taskinstance.py:2879} INFO - Executing <Task(PythonOperator): task_api_service_call> on 2026-04-14 01:40:00.207443+00:00
[2026-04-14T10:40:02.737+0900] {warnings.py:112} WARNING - /home/***/.local/lib/python3.12/site-packages/***/task/task_runner/standard_task_runner.py:70: DeprecationWarning: This process (pid=15395) is multi-threaded, use of fork() may lead to deadlocks in the child.
  pid = os.fork()

[2026-04-14T10:40:02.739+0900] {standard_task_runner.py:72} INFO - Started process 15396 to run task
[2026-04-14T10:40:02.739+0900] {standard_task_runner.py:104} INFO - Running: ['***', 'tasks', 'run', '07_msa_api_server_used', 'task_api_service_call', 'manual__2026-04-14T01:40:00.207443+00:00', '--job-id', '105', '--raw', '--subdir', 'DAGS_FOLDER/07_msa_api_server_used.py', '--cfg-path', '/tmp/tmpffkex7fu']
[2026-04-14T10:40:02.740+0900] {standard_task_runner.py:105} INFO - Job 105: Subtask task_api_service_call
[2026-04-14T10:40:02.772+0900] {task_command.py:467} INFO - Running <TaskInstance: 07_msa_api_server_used.task_api_service_call manual__2026-04-14T01:40:00.207443+00:00 [running]> on host ad48662a813c
[2026-04-14T10:40:02.830+0900] {taskinstance.py:3122} INFO - Exporting env vars: AIRFLOW_CTX_DAG_OWNER='YONG' AIRFLOW_CTX_DAG_ID='07_msa_api_server_used' AIRFLOW_CTX_TASK_ID='task_api_service_call' AIRFLOW_CTX_EXECUTION_DATE='2026-04-14T01:40:00.207443+00:00' AIRFLOW_CTX_TRY_NUMBER='1' AIRFLOW_CTX_DAG_RUN_ID='manual__2026-04-14T01:40:00.207443+00:00'
[2026-04-14T10:40:02.831+0900] {taskinstance.py:731} INFO - ::endgroup::
[2026-04-14T10:40:02.859+0900] {07_msa_api_server_used.py:28} INFO - 신용 평가 결과 획득 : [{'user_id': 'C001', 'credit_score': 409, 'grade': 'C'}, {'user_id': 'C002', 'credit_score': 341, 'grade': 'C'}, {'user_id': 'C003', 'credit_score': 636, 'grade': 'B'}]
[2026-04-14T10:40:02.860+0900] {python.py:240} INFO - Done. Returned value was: [{'user_id': 'C001', 'credit_score': 409, 'grade': 'C'}, {'user_id': 'C002', 'credit_score': 341, 'grade': 'C'}, {'user_id': 'C003', 'credit_score': 636, 'grade': 'B'}]
[2026-04-14T10:40:02.875+0900] {taskinstance.py:340} INFO - ::group::Post task execution logs
[2026-04-14T10:40:02.876+0900] {taskinstance.py:352} INFO - Marking task as SUCCESS. dag_id=07_msa_api_server_used, task_id=task_api_service_call, run_id=manual__2026-04-14T01:40:00.207443+00:00, execution_date=20260414T014000, start_date=20260414T014002, end_date=20260414T014002
[2026-04-14T10:40:02.913+0900] {local_task_job_runner.py:261} INFO - Task exited with return code 0
[2026-04-14T10:40:02.929+0900] {taskinstance.py:3891} INFO - 1 downstream tasks scheduled from follow-on schedule check
[2026-04-14T10:40:02.930+0900] {local_task_job_runner.py:240} INFO - ::endgroup::
