[2026-04-14T11:37:52.944+0900] {local_task_job_runner.py:123} INFO - ::group::Pre task execution logs
[2026-04-14T11:37:52.956+0900] {taskinstance.py:2603} INFO - Dependencies all met for dep_context=non-requeueable deps ti=<TaskInstance: 07_msa_api_server_used_adv.task_create_dummy_data manual__2026-04-14T02:37:51.650981+00:00 [queued]>
[2026-04-14T11:37:52.963+0900] {taskinstance.py:2603} INFO - Dependencies all met for dep_context=requeueable deps ti=<TaskInstance: 07_msa_api_server_used_adv.task_create_dummy_data manual__2026-04-14T02:37:51.650981+00:00 [queued]>
[2026-04-14T11:37:52.964+0900] {taskinstance.py:2856} INFO - Starting attempt 1 of 2
[2026-04-14T11:37:52.973+0900] {taskinstance.py:2879} INFO - Executing <Task(PythonOperator): task_create_dummy_data> on 2026-04-14 02:37:51.650981+00:00
[2026-04-14T11:37:52.978+0900] {warnings.py:112} WARNING - /home/***/.local/lib/python3.12/site-packages/***/task/task_runner/standard_task_runner.py:70: DeprecationWarning: This process (pid=16220) is multi-threaded, use of fork() may lead to deadlocks in the child.
  pid = os.fork()

[2026-04-14T11:37:52.980+0900] {standard_task_runner.py:104} INFO - Running: ['***', 'tasks', 'run', '07_msa_api_server_used_adv', 'task_create_dummy_data', 'manual__2026-04-14T02:37:51.650981+00:00', '--job-id', '123', '--raw', '--subdir', 'DAGS_FOLDER/07_msa_api_server_used_adv.py', '--cfg-path', '/tmp/tmphr6y1o7i']
[2026-04-14T11:37:52.980+0900] {standard_task_runner.py:72} INFO - Started process 16221 to run task
[2026-04-14T11:37:52.981+0900] {standard_task_runner.py:105} INFO - Job 123: Subtask task_create_dummy_data
[2026-04-14T11:37:53.014+0900] {task_command.py:467} INFO - Running <TaskInstance: 07_msa_api_server_used_adv.task_create_dummy_data manual__2026-04-14T02:37:51.650981+00:00 [running]> on host ad48662a813c
[2026-04-14T11:37:53.065+0900] {taskinstance.py:3122} INFO - Exporting env vars: AIRFLOW_CTX_DAG_OWNER='YONG' AIRFLOW_CTX_DAG_ID='07_msa_api_server_used_adv' AIRFLOW_CTX_TASK_ID='task_create_dummy_data' AIRFLOW_CTX_EXECUTION_DATE='2026-04-14T02:37:51.650981+00:00' AIRFLOW_CTX_TRY_NUMBER='1' AIRFLOW_CTX_DAG_RUN_ID='manual__2026-04-14T02:37:51.650981+00:00'
[2026-04-14T11:37:53.066+0900] {taskinstance.py:731} INFO - ::endgroup::
[2026-04-14T11:37:53.087+0900] {base.py:84} INFO - Retrieving connection 'mysql_default'
[2026-04-14T11:37:53.169+0900] {python.py:240} INFO - Done. Returned value was: None
[2026-04-14T11:37:53.177+0900] {taskinstance.py:340} INFO - ::group::Post task execution logs
[2026-04-14T11:37:53.178+0900] {taskinstance.py:352} INFO - Marking task as SUCCESS. dag_id=07_msa_api_server_used_adv, task_id=task_create_dummy_data, run_id=manual__2026-04-14T02:37:51.650981+00:00, execution_date=20260414T023751, start_date=20260414T023752, end_date=20260414T023753
[2026-04-14T11:37:53.195+0900] {local_task_job_runner.py:261} INFO - Task exited with return code 0
[2026-04-14T11:37:53.213+0900] {taskinstance.py:3891} INFO - 1 downstream tasks scheduled from follow-on schedule check
[2026-04-14T11:37:53.215+0900] {local_task_job_runner.py:240} INFO - ::endgroup::
