[2026-04-13T10:33:30.540+0900] {local_task_job_runner.py:123} INFO - ::group::Pre task execution logs
[2026-04-13T10:33:30.552+0900] {taskinstance.py:2603} INFO - Dependencies all met for dep_context=non-requeueable deps ti=<TaskInstance: 06_multi_load.create_table dataset_triggered__2026-04-13T01:33:29.523801+00:00 [queued]>
[2026-04-13T10:33:30.557+0900] {taskinstance.py:2603} INFO - Dependencies all met for dep_context=requeueable deps ti=<TaskInstance: 06_multi_load.create_table dataset_triggered__2026-04-13T01:33:29.523801+00:00 [queued]>
[2026-04-13T10:33:30.558+0900] {taskinstance.py:2856} INFO - Starting attempt 1 of 1
[2026-04-13T10:33:30.568+0900] {taskinstance.py:2879} INFO - Executing <Task(SQLExecuteQueryOperator): create_table> on 2026-04-13 01:33:29.523801+00:00
[2026-04-13T10:33:30.574+0900] {warnings.py:112} WARNING - /home/***/.local/lib/python3.12/site-packages/***/task/task_runner/standard_task_runner.py:70: DeprecationWarning: This process (pid=1501) is multi-threaded, use of fork() may lead to deadlocks in the child.
  pid = os.fork()

[2026-04-13T10:33:30.575+0900] {standard_task_runner.py:72} INFO - Started process 1503 to run task
[2026-04-13T10:33:30.575+0900] {standard_task_runner.py:104} INFO - Running: ['***', 'tasks', 'run', '06_multi_load', 'create_table', 'dataset_triggered__2026-04-13T01:33:29.523801+00:00', '--job-id', '50', '--raw', '--subdir', 'DAGS_FOLDER/06_mysql_load.py', '--cfg-path', '/tmp/tmp5k4r6krn']
[2026-04-13T10:33:30.577+0900] {standard_task_runner.py:105} INFO - Job 50: Subtask create_table
[2026-04-13T10:33:30.612+0900] {task_command.py:467} INFO - Running <TaskInstance: 06_multi_load.create_table dataset_triggered__2026-04-13T01:33:29.523801+00:00 [running]> on host 52b82e78b0f3
[2026-04-13T10:33:30.658+0900] {taskinstance.py:3122} INFO - Exporting env vars: AIRFLOW_CTX_DAG_OWNER='***' AIRFLOW_CTX_DAG_ID='06_multi_load' AIRFLOW_CTX_TASK_ID='create_table' AIRFLOW_CTX_EXECUTION_DATE='2026-04-13T01:33:29.523801+00:00' AIRFLOW_CTX_TRY_NUMBER='1' AIRFLOW_CTX_DAG_RUN_ID='dataset_triggered__2026-04-13T01:33:29.523801+00:00'
[2026-04-13T10:33:30.659+0900] {logging_mixin.py:190} INFO - Task instance is in running state
[2026-04-13T10:33:30.660+0900] {logging_mixin.py:190} INFO -  Previous state of the Task instance: queued
[2026-04-13T10:33:30.661+0900] {logging_mixin.py:190} INFO - Current task name:create_table state:running start_date:2026-04-13 01:33:30.553647+00:00
[2026-04-13T10:33:30.662+0900] {logging_mixin.py:190} INFO - Dag name:06_multi_load and current dag run status:running
[2026-04-13T10:33:30.662+0900] {taskinstance.py:731} INFO - ::endgroup::
[2026-04-13T10:33:30.663+0900] {sql.py:282} INFO - Executing: 
            CREATE TABLE IF NOT EXISTS sensor_readings (
                id INT AUTO_INCREMENT PRIMARY KEY,
                sensor_id VARCHAR(50),
                timestamp DATETIME,
                temperature_c FLOAT,
                temperature_f FLOAT,
                created_at TIMESTAMP DEFAULT CURRENT_TIMESTAMP
            );
        
[2026-04-13T10:33:30.670+0900] {base.py:84} INFO - Retrieving connection 'mysql_default'
[2026-04-13T10:33:30.675+0900] {base.py:84} INFO - Retrieving connection 'mysql_default'
[2026-04-13T10:33:30.682+0900] {sql.py:509} INFO - Running statement: 
            CREATE TABLE IF NOT EXISTS sensor_readings (
                id INT AUTO_INCREMENT PRIMARY KEY,
                sensor_id VARCHAR(50),
                timestamp DATETIME,
                temperature_c FLOAT,
                temperature_f FLOAT,
                created_at TIMESTAMP DEFAULT CURRENT_TIMESTAMP
            );
        , parameters: None
[2026-04-13T10:33:30.686+0900] {sql.py:518} INFO - Rows affected: 0
[2026-04-13T10:33:30.692+0900] {taskinstance.py:340} INFO - ::group::Post task execution logs
[2026-04-13T10:33:30.693+0900] {taskinstance.py:352} INFO - Marking task as SUCCESS. dag_id=06_multi_load, task_id=create_table, run_id=dataset_triggered__2026-04-13T01:33:29.523801+00:00, execution_date=20260413T013329, start_date=20260413T013330, end_date=20260413T013330
[2026-04-13T10:33:30.700+0900] {logging_mixin.py:190} INFO - Task instance in success state
[2026-04-13T10:33:30.701+0900] {logging_mixin.py:190} INFO -  Previous state of the Task instance: running
[2026-04-13T10:33:30.701+0900] {logging_mixin.py:190} INFO - Dag name:06_multi_load queued_at:2026-04-13 01:33:29.608854+00:00
[2026-04-13T10:33:30.702+0900] {logging_mixin.py:190} INFO - Task hostname:52b82e78b0f3 operator:SQLExecuteQueryOperator
[2026-04-13T10:33:30.711+0900] {local_task_job_runner.py:261} INFO - Task exited with return code 0
[2026-04-13T10:33:30.727+0900] {taskinstance.py:3891} INFO - 1 downstream tasks scheduled from follow-on schedule check
[2026-04-13T10:33:30.729+0900] {local_task_job_runner.py:240} INFO - ::endgroup::
