[2026-04-08T05:52:49.621+0000] {local_task_job_runner.py:123} INFO - ::group::Pre task execution logs
[2026-04-08T05:52:49.663+0000] {taskinstance.py:2603} INFO - Dependencies all met for dep_context=non-requeueable deps ti=<TaskInstance: random_multiply_dag.multiply_numbers scheduled__2026-04-06T12:00:00+00:00 [queued]>
[2026-04-08T05:52:49.678+0000] {taskinstance.py:2603} INFO - Dependencies all met for dep_context=requeueable deps ti=<TaskInstance: random_multiply_dag.multiply_numbers scheduled__2026-04-06T12:00:00+00:00 [queued]>
[2026-04-08T05:52:49.688+0000] {taskinstance.py:2856} INFO - Starting attempt 1 of 1
[2026-04-08T05:52:49.711+0000] {taskinstance.py:2879} INFO - Executing <Task(PythonOperator): multiply_numbers> on 2026-04-06 12:00:00+00:00
[2026-04-08T05:52:49.724+0000] {warnings.py:112} WARNING - /home/***/.local/lib/python3.12/site-packages/***/task/task_runner/standard_task_runner.py:70: DeprecationWarning: This process (pid=2801) is multi-threaded, use of fork() may lead to deadlocks in the child.
  pid = os.fork()

[2026-04-08T05:52:49.727+0000] {standard_task_runner.py:72} INFO - Started process 2803 to run task
[2026-04-08T05:52:49.727+0000] {standard_task_runner.py:104} INFO - Running: ['***', 'tasks', 'run', 'random_multiply_dag', 'multiply_numbers', 'scheduled__2026-04-06T12:00:00+00:00', '--job-id', '8', '--raw', '--subdir', 'DAGS_FOLDER/1_***_test.py', '--cfg-path', '/tmp/tmpm3e6g969']
[2026-04-08T05:52:49.729+0000] {standard_task_runner.py:105} INFO - Job 8: Subtask multiply_numbers
[2026-04-08T05:52:49.817+0000] {task_command.py:467} INFO - Running <TaskInstance: random_multiply_dag.multiply_numbers scheduled__2026-04-06T12:00:00+00:00 [running]> on host 30220cc5b78a
[2026-04-08T05:52:49.992+0000] {taskinstance.py:3122} INFO - Exporting env vars: AIRFLOW_CTX_DAG_OWNER='***' AIRFLOW_CTX_DAG_ID='random_multiply_dag' AIRFLOW_CTX_TASK_ID='multiply_numbers' AIRFLOW_CTX_EXECUTION_DATE='2026-04-06T12:00:00+00:00' AIRFLOW_CTX_TRY_NUMBER='1' AIRFLOW_CTX_DAG_RUN_ID='scheduled__2026-04-06T12:00:00+00:00'
[2026-04-08T05:52:49.995+0000] {logging_mixin.py:190} INFO - Task instance is in running state
[2026-04-08T05:52:49.996+0000] {logging_mixin.py:190} INFO -  Previous state of the Task instance: queued
[2026-04-08T05:52:49.997+0000] {logging_mixin.py:190} INFO - Current task name:multiply_numbers state:running start_date:2026-04-08 05:52:49.664836+00:00
[2026-04-08T05:52:49.998+0000] {logging_mixin.py:190} INFO - Dag name:random_multiply_dag and current dag run status:running
[2026-04-08T05:52:49.999+0000] {taskinstance.py:731} INFO - ::endgroup::
[2026-04-08T05:52:50.039+0000] {logging_mixin.py:190} INFO - Multiplication Result: 67 * 65 = 4355
[2026-04-08T05:52:50.041+0000] {python.py:240} INFO - Done. Returned value was: 4355
[2026-04-08T05:52:50.086+0000] {taskinstance.py:340} INFO - ::group::Post task execution logs
[2026-04-08T05:52:50.088+0000] {taskinstance.py:352} INFO - Marking task as SUCCESS. dag_id=random_multiply_dag, task_id=multiply_numbers, run_id=scheduled__2026-04-06T12:00:00+00:00, execution_date=20260406T120000, start_date=20260408T055249, end_date=20260408T055250
[2026-04-08T05:52:50.107+0000] {logging_mixin.py:190} INFO - Task instance in success state
[2026-04-08T05:52:50.108+0000] {logging_mixin.py:190} INFO -  Previous state of the Task instance: running
[2026-04-08T05:52:50.110+0000] {logging_mixin.py:190} INFO - Dag name:random_multiply_dag queued_at:2026-04-08 05:52:41.149731+00:00
[2026-04-08T05:52:50.111+0000] {logging_mixin.py:190} INFO - Task hostname:30220cc5b78a operator:PythonOperator
[2026-04-08T05:52:50.147+0000] {local_task_job_runner.py:261} INFO - Task exited with return code 0
[2026-04-08T05:52:50.187+0000] {taskinstance.py:3891} INFO - 0 downstream tasks scheduled from follow-on schedule check
[2026-04-08T05:52:50.192+0000] {local_task_job_runner.py:240} INFO - ::endgroup::
