[2026-04-08T05:52:45.273+0000] {local_task_job_runner.py:123} INFO - ::group::Pre task execution logs
[2026-04-08T05:52:45.311+0000] {taskinstance.py:2603} INFO - Dependencies all met for dep_context=non-requeueable deps ti=<TaskInstance: random_multiply_dag.generate_num_1 scheduled__2026-04-06T12:00:00+00:00 [queued]>
[2026-04-08T05:52:45.330+0000] {taskinstance.py:2603} INFO - Dependencies all met for dep_context=requeueable deps ti=<TaskInstance: random_multiply_dag.generate_num_1 scheduled__2026-04-06T12:00:00+00:00 [queued]>
[2026-04-08T05:52:45.331+0000] {taskinstance.py:2856} INFO - Starting attempt 1 of 1
[2026-04-08T05:52:45.357+0000] {taskinstance.py:2879} INFO - Executing <Task(PythonOperator): generate_num_1> on 2026-04-06 12:00:00+00:00
[2026-04-08T05:52:45.393+0000] {warnings.py:112} WARNING - /home/***/.local/lib/python3.12/site-packages/***/task/task_runner/standard_task_runner.py:70: DeprecationWarning: This process (pid=2787) is multi-threaded, use of fork() may lead to deadlocks in the child.
  pid = os.fork()

[2026-04-08T05:52:45.396+0000] {standard_task_runner.py:72} INFO - Started process 2799 to run task
[2026-04-08T05:52:45.400+0000] {standard_task_runner.py:104} INFO - Running: ['***', 'tasks', 'run', 'random_multiply_dag', 'generate_num_1', 'scheduled__2026-04-06T12:00:00+00:00', '--job-id', '7', '--raw', '--subdir', 'DAGS_FOLDER/1_***_test.py', '--cfg-path', '/tmp/tmptfqdsm6r']
[2026-04-08T05:52:45.403+0000] {standard_task_runner.py:105} INFO - Job 7: Subtask generate_num_1
[2026-04-08T05:52:45.785+0000] {task_command.py:467} INFO - Running <TaskInstance: random_multiply_dag.generate_num_1 scheduled__2026-04-06T12:00:00+00:00 [running]> on host 30220cc5b78a
[2026-04-08T05:52:46.206+0000] {taskinstance.py:3122} INFO - Exporting env vars: AIRFLOW_CTX_DAG_OWNER='***' AIRFLOW_CTX_DAG_ID='random_multiply_dag' AIRFLOW_CTX_TASK_ID='generate_num_1' AIRFLOW_CTX_EXECUTION_DATE='2026-04-06T12:00:00+00:00' AIRFLOW_CTX_TRY_NUMBER='1' AIRFLOW_CTX_DAG_RUN_ID='scheduled__2026-04-06T12:00:00+00:00'
[2026-04-08T05:52:46.218+0000] {logging_mixin.py:190} INFO - Task instance is in running state
[2026-04-08T05:52:46.219+0000] {logging_mixin.py:190} INFO -  Previous state of the Task instance: queued
[2026-04-08T05:52:46.221+0000] {logging_mixin.py:190} INFO - Current task name:generate_num_1 state:running start_date:2026-04-08 05:52:45.313132+00:00
[2026-04-08T05:52:46.225+0000] {logging_mixin.py:190} INFO - Dag name:random_multiply_dag and current dag run status:running
[2026-04-08T05:52:46.228+0000] {taskinstance.py:731} INFO - ::endgroup::
[2026-04-08T05:52:46.233+0000] {logging_mixin.py:190} INFO - Generated Number 1: 67
[2026-04-08T05:52:46.236+0000] {python.py:240} INFO - Done. Returned value was: 67
[2026-04-08T05:52:46.293+0000] {taskinstance.py:340} INFO - ::group::Post task execution logs
[2026-04-08T05:52:46.295+0000] {taskinstance.py:352} INFO - Marking task as SUCCESS. dag_id=random_multiply_dag, task_id=generate_num_1, run_id=scheduled__2026-04-06T12:00:00+00:00, execution_date=20260406T120000, start_date=20260408T055245, end_date=20260408T055246
[2026-04-08T05:52:46.315+0000] {logging_mixin.py:190} INFO - Task instance in success state
[2026-04-08T05:52:46.316+0000] {logging_mixin.py:190} INFO -  Previous state of the Task instance: running
[2026-04-08T05:52:46.317+0000] {logging_mixin.py:190} INFO - Dag name:random_multiply_dag queued_at:2026-04-08 05:52:41.149731+00:00
[2026-04-08T05:52:46.318+0000] {logging_mixin.py:190} INFO - Task hostname:30220cc5b78a operator:PythonOperator
[2026-04-08T05:52:46.350+0000] {local_task_job_runner.py:261} INFO - Task exited with return code 0
[2026-04-08T05:52:46.374+0000] {local_task_job_runner.py:240} INFO - ::endgroup::
