[2026-04-13T18:00:01.383+0900] {local_task_job_runner.py:123} INFO - ::group::Pre task execution logs
[2026-04-13T18:00:01.402+0900] {taskinstance.py:2603} INFO - Dependencies all met for dep_context=non-requeueable deps ti=<TaskInstance: 03_basics_macro_jinja.jinja_used_bash scheduled__2026-04-12T09:00:00+00:00 [queued]>
[2026-04-13T18:00:01.409+0900] {taskinstance.py:2603} INFO - Dependencies all met for dep_context=requeueable deps ti=<TaskInstance: 03_basics_macro_jinja.jinja_used_bash scheduled__2026-04-12T09:00:00+00:00 [queued]>
[2026-04-13T18:00:01.410+0900] {taskinstance.py:2856} INFO - Starting attempt 1 of 2
[2026-04-13T18:00:01.423+0900] {taskinstance.py:2879} INFO - Executing <Task(BashOperator): jinja_used_bash> on 2026-04-12 09:00:00+00:00
[2026-04-13T18:00:01.430+0900] {warnings.py:112} WARNING - /home/***/.local/lib/python3.12/site-packages/***/task/task_runner/standard_task_runner.py:70: DeprecationWarning: This process (pid=2058) is multi-threaded, use of fork() may lead to deadlocks in the child.
  pid = os.fork()

[2026-04-13T18:00:01.431+0900] {standard_task_runner.py:104} INFO - Running: ['***', 'tasks', 'run', '03_basics_macro_jinja', 'jinja_used_bash', 'scheduled__2026-04-12T09:00:00+00:00', '--job-id', '64', '--raw', '--subdir', 'DAGS_FOLDER/03_basics_context_jinja.py', '--cfg-path', '/tmp/tmpbf8ps0lm']
[2026-04-13T18:00:01.432+0900] {standard_task_runner.py:72} INFO - Started process 2059 to run task
[2026-04-13T18:00:01.432+0900] {standard_task_runner.py:105} INFO - Job 64: Subtask jinja_used_bash
[2026-04-13T18:00:01.476+0900] {task_command.py:467} INFO - Running <TaskInstance: 03_basics_macro_jinja.jinja_used_bash scheduled__2026-04-12T09:00:00+00:00 [running]> on host ad48662a813c
[2026-04-13T18:00:01.548+0900] {taskinstance.py:3122} INFO - Exporting env vars: AIRFLOW_CTX_DAG_OWNER='de_2team_manager' AIRFLOW_CTX_DAG_ID='03_basics_macro_jinja' AIRFLOW_CTX_TASK_ID='jinja_used_bash' AIRFLOW_CTX_EXECUTION_DATE='2026-04-12T09:00:00+00:00' AIRFLOW_CTX_TRY_NUMBER='1' AIRFLOW_CTX_DAG_RUN_ID='scheduled__2026-04-12T09:00:00+00:00'
[2026-04-13T18:00:01.550+0900] {taskinstance.py:731} INFO - ::endgroup::
[2026-04-13T18:00:01.581+0900] {subprocess.py:63} INFO - Tmp dir root location: /tmp
[2026-04-13T18:00:01.582+0900] {subprocess.py:75} INFO - Running command: ['/usr/bin/bash', '-c', "echo 'DAG의 t1 task 수행시간 2026-04-12, 20260412' "]
[2026-04-13T18:00:01.591+0900] {subprocess.py:86} INFO - Output:
[2026-04-13T18:00:01.594+0900] {subprocess.py:93} INFO - DAG의 t1 task 수행시간 2026-04-12, 20260412
[2026-04-13T18:00:01.595+0900] {subprocess.py:97} INFO - Command exited with return code 0
[2026-04-13T18:00:01.614+0900] {taskinstance.py:340} INFO - ::group::Post task execution logs
[2026-04-13T18:00:01.615+0900] {taskinstance.py:352} INFO - Marking task as SUCCESS. dag_id=03_basics_macro_jinja, task_id=jinja_used_bash, run_id=scheduled__2026-04-12T09:00:00+00:00, execution_date=20260412T090000, start_date=20260413T090001, end_date=20260413T090001
[2026-04-13T18:00:01.651+0900] {local_task_job_runner.py:261} INFO - Task exited with return code 0
[2026-04-13T18:00:01.669+0900] {taskinstance.py:3891} INFO - 1 downstream tasks scheduled from follow-on schedule check
[2026-04-13T18:00:01.671+0900] {local_task_job_runner.py:240} INFO - ::endgroup::
