[2026-04-13T11:07:16.395+0900] {local_task_job_runner.py:123} INFO - ::group::Pre task execution logs
[2026-04-13T11:07:16.407+0900] {taskinstance.py:2603} INFO - Dependencies all met for dep_context=non-requeueable deps ti=<TaskInstance: 06_multi_dag_step1_extract.extract_task scheduled__2026-04-12T00:00:00+00:00 [queued]>
[2026-04-13T11:07:16.413+0900] {taskinstance.py:2603} INFO - Dependencies all met for dep_context=requeueable deps ti=<TaskInstance: 06_multi_dag_step1_extract.extract_task scheduled__2026-04-12T00:00:00+00:00 [queued]>
[2026-04-13T11:07:16.414+0900] {taskinstance.py:2856} INFO - Starting attempt 1 of 1
[2026-04-13T11:07:16.424+0900] {taskinstance.py:2879} INFO - Executing <Task(PythonOperator): extract_task> on 2026-04-12 00:00:00+00:00
[2026-04-13T11:07:16.430+0900] {standard_task_runner.py:104} INFO - Running: ['***', 'tasks', 'run', '06_multi_dag_step1_extract', 'extract_task', 'scheduled__2026-04-12T00:00:00+00:00', '--job-id', '58', '--raw', '--subdir', 'DAGS_FOLDER/06_multi_dag_step1_extract.py', '--cfg-path', '/tmp/tmpqors129h']
[2026-04-13T11:07:16.429+0900] {warnings.py:112} WARNING - /home/***/.local/lib/python3.12/site-packages/***/task/task_runner/standard_task_runner.py:70: DeprecationWarning: This process (pid=317) is multi-threaded, use of fork() may lead to deadlocks in the child.
  pid = os.fork()

[2026-04-13T11:07:16.431+0900] {standard_task_runner.py:105} INFO - Job 58: Subtask extract_task
[2026-04-13T11:07:16.432+0900] {standard_task_runner.py:72} INFO - Started process 318 to run task
[2026-04-13T11:07:16.471+0900] {task_command.py:467} INFO - Running <TaskInstance: 06_multi_dag_step1_extract.extract_task scheduled__2026-04-12T00:00:00+00:00 [running]> on host e1eb36226699
[2026-04-13T11:07:16.527+0900] {taskinstance.py:3122} INFO - Exporting env vars: AIRFLOW_CTX_DAG_OWNER='YONG' AIRFLOW_CTX_DAG_ID='06_multi_dag_step1_extract' AIRFLOW_CTX_TASK_ID='extract_task' AIRFLOW_CTX_EXECUTION_DATE='2026-04-12T00:00:00+00:00' AIRFLOW_CTX_TRY_NUMBER='1' AIRFLOW_CTX_DAG_RUN_ID='scheduled__2026-04-12T00:00:00+00:00'
[2026-04-13T11:07:16.528+0900] {taskinstance.py:731} INFO - ::endgroup::
[2026-04-13T11:07:16.544+0900] {logging_mixin.py:190} INFO - Extracted data to /opt/***/dags/data/sensor_data.json
[2026-04-13T11:07:16.545+0900] {python.py:240} INFO - Done. Returned value was: None
[2026-04-13T11:07:16.564+0900] {taskinstance.py:340} INFO - ::group::Post task execution logs
[2026-04-13T11:07:16.565+0900] {taskinstance.py:352} INFO - Marking task as SUCCESS. dag_id=06_multi_dag_step1_extract, task_id=extract_task, run_id=scheduled__2026-04-12T00:00:00+00:00, execution_date=20260412T000000, start_date=20260413T020716, end_date=20260413T020716
[2026-04-13T11:07:16.606+0900] {local_task_job_runner.py:261} INFO - Task exited with return code 0
[2026-04-13T11:07:16.618+0900] {taskinstance.py:3891} INFO - 0 downstream tasks scheduled from follow-on schedule check
[2026-04-13T11:07:16.621+0900] {local_task_job_runner.py:240} INFO - ::endgroup::
