[2026-04-08T06:25:04.712+0000] {local_task_job_runner.py:123} INFO - ::group::Pre task execution logs
[2026-04-08T06:25:04.727+0000] {taskinstance.py:2603} INFO - Dependencies all met for dep_context=non-requeueable deps ti=<TaskInstance: random_multiply_dag_v3.generate_num_2 scheduled__2026-04-06T12:00:00+00:00 [queued]>
[2026-04-08T06:25:04.733+0000] {taskinstance.py:2603} INFO - Dependencies all met for dep_context=requeueable deps ti=<TaskInstance: random_multiply_dag_v3.generate_num_2 scheduled__2026-04-06T12:00:00+00:00 [queued]>
[2026-04-08T06:25:04.734+0000] {taskinstance.py:2856} INFO - Starting attempt 1 of 2
[2026-04-08T06:25:04.748+0000] {taskinstance.py:2879} INFO - Executing <Task(PythonOperator): generate_num_2> on 2026-04-06 12:00:00+00:00
[2026-04-08T06:25:04.756+0000] {warnings.py:112} WARNING - /home/***/.local/lib/python3.12/site-packages/***/task/task_runner/standard_task_runner.py:70: DeprecationWarning: This process (pid=82) is multi-threaded, use of fork() may lead to deadlocks in the child.
  pid = os.fork()

[2026-04-08T06:25:04.758+0000] {standard_task_runner.py:72} INFO - Started process 86 to run task
[2026-04-08T06:25:04.759+0000] {standard_task_runner.py:104} INFO - Running: ['***', 'tasks', 'run', 'random_multiply_dag_v3', 'generate_num_2', 'scheduled__2026-04-06T12:00:00+00:00', '--job-id', '3', '--raw', '--subdir', 'DAGS_FOLDER/1_***_test.py', '--cfg-path', '/tmp/tmp3956lpkz']
[2026-04-08T06:25:04.761+0000] {standard_task_runner.py:105} INFO - Job 3: Subtask generate_num_2
[2026-04-08T06:25:04.817+0000] {task_command.py:467} INFO - Running <TaskInstance: random_multiply_dag_v3.generate_num_2 scheduled__2026-04-06T12:00:00+00:00 [running]> on host 4dc8e8656e8f
[2026-04-08T06:25:04.883+0000] {taskinstance.py:3122} INFO - Exporting env vars: AIRFLOW_CTX_DAG_OWNER='YONG' AIRFLOW_CTX_DAG_ID='random_multiply_dag_v3' AIRFLOW_CTX_TASK_ID='generate_num_2' AIRFLOW_CTX_EXECUTION_DATE='2026-04-06T12:00:00+00:00' AIRFLOW_CTX_TRY_NUMBER='1' AIRFLOW_CTX_DAG_RUN_ID='scheduled__2026-04-06T12:00:00+00:00'
[2026-04-08T06:25:04.885+0000] {logging_mixin.py:190} INFO - Task instance is in running state
[2026-04-08T06:25:04.886+0000] {logging_mixin.py:190} INFO -  Previous state of the Task instance: queued
[2026-04-08T06:25:04.887+0000] {logging_mixin.py:190} INFO - Current task name:generate_num_2 state:running start_date:2026-04-08 06:25:04.728301+00:00
[2026-04-08T06:25:04.888+0000] {logging_mixin.py:190} INFO - Dag name:random_multiply_dag_v3 and current dag run status:running
[2026-04-08T06:25:04.889+0000] {taskinstance.py:731} INFO - ::endgroup::
[2026-04-08T06:25:04.890+0000] {logging_mixin.py:190} INFO - Generated Number 2: 79
[2026-04-08T06:25:04.891+0000] {python.py:240} INFO - Done. Returned value was: 79
[2026-04-08T06:25:04.915+0000] {taskinstance.py:340} INFO - ::group::Post task execution logs
[2026-04-08T06:25:04.916+0000] {taskinstance.py:352} INFO - Marking task as SUCCESS. dag_id=random_multiply_dag_v3, task_id=generate_num_2, run_id=scheduled__2026-04-06T12:00:00+00:00, execution_date=20260406T120000, start_date=20260408T062504, end_date=20260408T062504
[2026-04-08T06:25:04.926+0000] {logging_mixin.py:190} INFO - Task instance in success state
[2026-04-08T06:25:04.927+0000] {logging_mixin.py:190} INFO -  Previous state of the Task instance: running
[2026-04-08T06:25:04.928+0000] {logging_mixin.py:190} INFO - Dag name:random_multiply_dag_v3 queued_at:2026-04-08 06:25:01.685742+00:00
[2026-04-08T06:25:04.928+0000] {logging_mixin.py:190} INFO - Task hostname:4dc8e8656e8f operator:PythonOperator
[2026-04-08T06:25:04.936+0000] {local_task_job_runner.py:261} INFO - Task exited with return code 0
[2026-04-08T06:25:04.955+0000] {taskinstance.py:3891} INFO - 1 downstream tasks scheduled from follow-on schedule check
[2026-04-08T06:25:04.958+0000] {local_task_job_runner.py:240} INFO - ::endgroup::
