[2026-04-14T09:00:00.855+0900] {local_task_job_runner.py:123} INFO - ::group::Pre task execution logs
[2026-04-14T09:00:00.871+0900] {taskinstance.py:2603} INFO - Dependencies all met for dep_context=non-requeueable deps ti=<TaskInstance: 04_basics_branching.branching scheduled__2026-04-13T00:00:00+00:00 [queued]>
[2026-04-14T09:00:00.880+0900] {taskinstance.py:2603} INFO - Dependencies all met for dep_context=requeueable deps ti=<TaskInstance: 04_basics_branching.branching scheduled__2026-04-13T00:00:00+00:00 [queued]>
[2026-04-14T09:00:00.881+0900] {taskinstance.py:2856} INFO - Starting attempt 1 of 2
[2026-04-14T09:00:00.893+0900] {taskinstance.py:2879} INFO - Executing <Task(BranchPythonOperator): branching> on 2026-04-13 00:00:00+00:00
[2026-04-14T09:00:00.898+0900] {warnings.py:112} WARNING - /home/***/.local/lib/python3.12/site-packages/***/task/task_runner/standard_task_runner.py:70: DeprecationWarning: This process (pid=13968) is multi-threaded, use of fork() may lead to deadlocks in the child.
  pid = os.fork()

[2026-04-14T09:00:00.899+0900] {standard_task_runner.py:72} INFO - Started process 13975 to run task
[2026-04-14T09:00:00.899+0900] {standard_task_runner.py:104} INFO - Running: ['***', 'tasks', 'run', '04_basics_branching', 'branching', 'scheduled__2026-04-13T00:00:00+00:00', '--job-id', '69', '--raw', '--subdir', 'DAGS_FOLDER/04_basics_branching.py', '--cfg-path', '/tmp/tmp4pt1wg81']
[2026-04-14T09:00:00.900+0900] {standard_task_runner.py:105} INFO - Job 69: Subtask branching
[2026-04-14T09:00:00.936+0900] {task_command.py:467} INFO - Running <TaskInstance: 04_basics_branching.branching scheduled__2026-04-13T00:00:00+00:00 [running]> on host ad48662a813c
[2026-04-14T09:00:00.999+0900] {taskinstance.py:3122} INFO - Exporting env vars: AIRFLOW_CTX_DAG_OWNER='de_2team_manager' AIRFLOW_CTX_DAG_ID='04_basics_branching' AIRFLOW_CTX_TASK_ID='branching' AIRFLOW_CTX_EXECUTION_DATE='2026-04-13T00:00:00+00:00' AIRFLOW_CTX_TRY_NUMBER='1' AIRFLOW_CTX_DAG_RUN_ID='scheduled__2026-04-13T00:00:00+00:00'
[2026-04-14T09:00:01.000+0900] {taskinstance.py:731} INFO - ::endgroup::
[2026-04-14T09:00:01.013+0900] {baseoperator.py:405} WARNING - BranchPythonOperator.execute cannot be called outside TaskInstance!
[2026-04-14T09:00:01.014+0900] {04_basics_branching.py:22} INFO - task skip  실행
[2026-04-14T09:00:01.016+0900] {python.py:240} INFO - Done. Returned value was: skip
[2026-04-14T09:00:01.016+0900] {branch.py:38} INFO - Branch into skip
[2026-04-14T09:00:01.017+0900] {skipmixin.py:230} INFO - Following branch ('skip',)
[2026-04-14T09:00:01.025+0900] {skipmixin.py:278} INFO - Skipping tasks [('process', -1)]
[2026-04-14T09:00:01.050+0900] {taskinstance.py:340} INFO - ::group::Post task execution logs
[2026-04-14T09:00:01.051+0900] {taskinstance.py:352} INFO - Marking task as SUCCESS. dag_id=04_basics_branching, task_id=branching, run_id=scheduled__2026-04-13T00:00:00+00:00, execution_date=20260413T000000, start_date=20260414T000000, end_date=20260414T000001
[2026-04-14T09:00:01.076+0900] {local_task_job_runner.py:261} INFO - Task exited with return code 0
[2026-04-14T09:00:01.098+0900] {taskinstance.py:3891} INFO - 0 downstream tasks scheduled from follow-on schedule check
[2026-04-14T09:00:01.101+0900] {local_task_job_runner.py:240} INFO - ::endgroup::
