[2026-04-13T09:58:24.738+0900] {local_task_job_runner.py:123} INFO - ::group::Pre task execution logs
[2026-04-13T09:58:24.749+0900] {taskinstance.py:2603} INFO - Dependencies all met for dep_context=non-requeueable deps ti=<TaskInstance: 05_mysql_etl.load manual__2026-04-13T00:58:18.110421+00:00 [queued]>
[2026-04-13T09:58:24.755+0900] {taskinstance.py:2603} INFO - Dependencies all met for dep_context=requeueable deps ti=<TaskInstance: 05_mysql_etl.load manual__2026-04-13T00:58:18.110421+00:00 [queued]>
[2026-04-13T09:58:24.756+0900] {taskinstance.py:2856} INFO - Starting attempt 1 of 2
[2026-04-13T09:58:24.767+0900] {taskinstance.py:2879} INFO - Executing <Task(PythonOperator): load> on 2026-04-13 00:58:18.110421+00:00
[2026-04-13T09:58:24.772+0900] {warnings.py:112} WARNING - /home/***/.local/lib/python3.12/site-packages/***/task/task_runner/standard_task_runner.py:70: DeprecationWarning: This process (pid=1015) is multi-threaded, use of fork() may lead to deadlocks in the child.
  pid = os.fork()

[2026-04-13T09:58:24.774+0900] {standard_task_runner.py:72} INFO - Started process 1017 to run task
[2026-04-13T09:58:24.774+0900] {standard_task_runner.py:104} INFO - Running: ['***', 'tasks', 'run', '05_mysql_etl', 'load', 'manual__2026-04-13T00:58:18.110421+00:00', '--job-id', '45', '--raw', '--subdir', 'DAGS_FOLDER/05_mysql_etl.py', '--cfg-path', '/tmp/tmpf2aq0pc2']
[2026-04-13T09:58:24.775+0900] {standard_task_runner.py:105} INFO - Job 45: Subtask load
[2026-04-13T09:58:24.808+0900] {task_command.py:467} INFO - Running <TaskInstance: 05_mysql_etl.load manual__2026-04-13T00:58:18.110421+00:00 [running]> on host 52b82e78b0f3
[2026-04-13T09:58:24.858+0900] {taskinstance.py:3122} INFO - Exporting env vars: AIRFLOW_CTX_DAG_OWNER='de_2team_manager' AIRFLOW_CTX_DAG_ID='05_mysql_etl' AIRFLOW_CTX_TASK_ID='load' AIRFLOW_CTX_EXECUTION_DATE='2026-04-13T00:58:18.110421+00:00' AIRFLOW_CTX_TRY_NUMBER='1' AIRFLOW_CTX_DAG_RUN_ID='manual__2026-04-13T00:58:18.110421+00:00'
[2026-04-13T09:58:24.860+0900] {logging_mixin.py:190} INFO - Task instance is in running state
[2026-04-13T09:58:24.860+0900] {logging_mixin.py:190} INFO -  Previous state of the Task instance: queued
[2026-04-13T09:58:24.861+0900] {logging_mixin.py:190} INFO - Current task name:load state:running start_date:2026-04-13 00:58:24.750688+00:00
[2026-04-13T09:58:24.861+0900] {logging_mixin.py:190} INFO - Dag name:05_mysql_etl and current dag run status:running
[2026-04-13T09:58:24.862+0900] {taskinstance.py:731} INFO - ::endgroup::
[2026-04-13T09:58:24.884+0900] {base.py:84} INFO - Retrieving connection 'mysql_default'
[2026-04-13T09:58:24.893+0900] {05_mysql_etl.py:113} INFO - 입력할 데이터(파라미터) [('SENSOR_2', '2026-04-13 09:58:21', 88.78, 191.804), ('SENSOR_3', '2026-04-13 09:58:21', 75.93, 168.67400000000004), ('SENSOR_5', '2026-04-13 09:58:21', 92.14, 197.852), ('SENSOR_7', '2026-04-13 09:58:21', 69.15, 156.47), ('SENSOR_9', '2026-04-13 09:58:21', 36.66, 97.988), ('SENSOR_10', '2026-04-13 09:58:21', 64.67, 148.406)]
[2026-04-13T09:58:24.902+0900] {05_mysql_etl.py:117} INFO - mysql 적제 완료
[2026-04-13T09:58:24.902+0900] {05_mysql_etl.py:126} INFO - mysql 종료 완료
[2026-04-13T09:58:24.903+0900] {python.py:240} INFO - Done. Returned value was: None
[2026-04-13T09:58:24.911+0900] {taskinstance.py:340} INFO - ::group::Post task execution logs
[2026-04-13T09:58:24.911+0900] {taskinstance.py:352} INFO - Marking task as SUCCESS. dag_id=05_mysql_etl, task_id=load, run_id=manual__2026-04-13T00:58:18.110421+00:00, execution_date=20260413T005818, start_date=20260413T005824, end_date=20260413T005824
[2026-04-13T09:58:24.918+0900] {logging_mixin.py:190} INFO - Task instance in success state
[2026-04-13T09:58:24.918+0900] {logging_mixin.py:190} INFO -  Previous state of the Task instance: running
[2026-04-13T09:58:24.919+0900] {logging_mixin.py:190} INFO - Dag name:05_mysql_etl queued_at:2026-04-13 00:58:18.127645+00:00
[2026-04-13T09:58:24.920+0900] {logging_mixin.py:190} INFO - Task hostname:52b82e78b0f3 operator:PythonOperator
[2026-04-13T09:58:24.949+0900] {local_task_job_runner.py:261} INFO - Task exited with return code 0
[2026-04-13T09:58:24.960+0900] {taskinstance.py:3891} INFO - 0 downstream tasks scheduled from follow-on schedule check
[2026-04-13T09:58:24.962+0900] {local_task_job_runner.py:240} INFO - ::endgroup::
