[2026-04-13T09:09:52.212+0900] {local_task_job_runner.py:123} INFO - ::group::Pre task execution logs
[2026-04-13T09:09:52.222+0900] {taskinstance.py:2603} INFO - Dependencies all met for dep_context=non-requeueable deps ti=<TaskInstance: 05_mysql_etl.create_table scheduled__2026-04-12T00:00:00+00:00 [queued]>
[2026-04-13T09:09:52.227+0900] {taskinstance.py:2603} INFO - Dependencies all met for dep_context=requeueable deps ti=<TaskInstance: 05_mysql_etl.create_table scheduled__2026-04-12T00:00:00+00:00 [queued]>
[2026-04-13T09:09:52.227+0900] {taskinstance.py:2856} INFO - Starting attempt 1 of 2
[2026-04-13T09:09:52.236+0900] {taskinstance.py:2879} INFO - Executing <Task(SQLExecuteQueryOperator): create_table> on 2026-04-12 00:00:00+00:00
[2026-04-13T09:09:52.241+0900] {warnings.py:112} WARNING - /home/***/.local/lib/python3.12/site-packages/***/task/task_runner/standard_task_runner.py:70: DeprecationWarning: This process (pid=332) is multi-threaded, use of fork() may lead to deadlocks in the child.
  pid = os.fork()

[2026-04-13T09:09:52.243+0900] {standard_task_runner.py:72} INFO - Started process 334 to run task
[2026-04-13T09:09:52.243+0900] {standard_task_runner.py:104} INFO - Running: ['***', 'tasks', 'run', '05_mysql_etl', 'create_table', 'scheduled__2026-04-12T00:00:00+00:00', '--job-id', '34', '--raw', '--subdir', 'DAGS_FOLDER/05_mysql_etl.py', '--cfg-path', '/tmp/tmpczji2zub']
[2026-04-13T09:09:52.244+0900] {standard_task_runner.py:105} INFO - Job 34: Subtask create_table
[2026-04-13T09:09:52.281+0900] {task_command.py:467} INFO - Running <TaskInstance: 05_mysql_etl.create_table scheduled__2026-04-12T00:00:00+00:00 [running]> on host 52b82e78b0f3
[2026-04-13T09:09:52.334+0900] {taskinstance.py:3122} INFO - Exporting env vars: AIRFLOW_CTX_DAG_OWNER='de_2team_manager' AIRFLOW_CTX_DAG_ID='05_mysql_etl' AIRFLOW_CTX_TASK_ID='create_table' AIRFLOW_CTX_EXECUTION_DATE='2026-04-12T00:00:00+00:00' AIRFLOW_CTX_TRY_NUMBER='1' AIRFLOW_CTX_DAG_RUN_ID='scheduled__2026-04-12T00:00:00+00:00'
[2026-04-13T09:09:52.336+0900] {logging_mixin.py:190} INFO - Task instance is in running state
[2026-04-13T09:09:52.336+0900] {logging_mixin.py:190} INFO -  Previous state of the Task instance: queued
[2026-04-13T09:09:52.337+0900] {logging_mixin.py:190} INFO - Current task name:create_table state:running start_date:2026-04-13 00:09:52.223223+00:00
[2026-04-13T09:09:52.337+0900] {logging_mixin.py:190} INFO - Dag name:05_mysql_etl and current dag run status:running
[2026-04-13T09:09:52.337+0900] {taskinstance.py:731} INFO - ::endgroup::
[2026-04-13T09:09:52.338+0900] {sql.py:282} INFO - Executing: 
            CREATE TABLE IF NOT EXISTS sensor_readings (
                id INT AUTO_INCREMENT PRIMARY KEY,
                sensor_id VARCHAR(50),
                timestamp DATETIME,
                temperature_c FLOAT,
                temperature_f FLOAT,
                created_at TIMESTAMP DEFAULT CURRENT_TIMESTAMP
            );
        
[2026-04-13T09:09:52.344+0900] {base.py:84} INFO - Retrieving connection 'mysql_default'
[2026-04-13T09:09:52.350+0900] {base.py:84} INFO - Retrieving connection 'mysql_default'
[2026-04-13T09:09:52.376+0900] {sql.py:509} INFO - Running statement: 
            CREATE TABLE IF NOT EXISTS sensor_readings (
                id INT AUTO_INCREMENT PRIMARY KEY,
                sensor_id VARCHAR(50),
                timestamp DATETIME,
                temperature_c FLOAT,
                temperature_f FLOAT,
                created_at TIMESTAMP DEFAULT CURRENT_TIMESTAMP
            );
        , parameters: None
[2026-04-13T09:09:52.405+0900] {sql.py:518} INFO - Rows affected: 0
[2026-04-13T09:09:52.412+0900] {taskinstance.py:340} INFO - ::group::Post task execution logs
[2026-04-13T09:09:52.413+0900] {taskinstance.py:352} INFO - Marking task as SUCCESS. dag_id=05_mysql_etl, task_id=create_table, run_id=scheduled__2026-04-12T00:00:00+00:00, execution_date=20260412T000000, start_date=20260413T000952, end_date=20260413T000952
[2026-04-13T09:09:52.421+0900] {logging_mixin.py:190} INFO - Task instance in success state
[2026-04-13T09:09:52.422+0900] {logging_mixin.py:190} INFO -  Previous state of the Task instance: running
[2026-04-13T09:09:52.423+0900] {logging_mixin.py:190} INFO - Dag name:05_mysql_etl queued_at:2026-04-13 00:09:51.196675+00:00
[2026-04-13T09:09:52.423+0900] {logging_mixin.py:190} INFO - Task hostname:52b82e78b0f3 operator:SQLExecuteQueryOperator
[2026-04-13T09:09:52.458+0900] {local_task_job_runner.py:261} INFO - Task exited with return code 0
[2026-04-13T09:09:52.475+0900] {taskinstance.py:3891} INFO - 1 downstream tasks scheduled from follow-on schedule check
[2026-04-13T09:09:52.477+0900] {local_task_job_runner.py:240} INFO - ::endgroup::
