[2026-04-13T11:07:20.370+0900] {local_task_job_runner.py:123} INFO - ::group::Pre task execution logs
[2026-04-13T11:07:20.381+0900] {taskinstance.py:2603} INFO - Dependencies all met for dep_context=non-requeueable deps ti=<TaskInstance: 06_multi_dag_step3_load.load_task dataset_triggered__2026-04-13T02:07:17.993047+00:00 [queued]>
[2026-04-13T11:07:20.387+0900] {taskinstance.py:2603} INFO - Dependencies all met for dep_context=requeueable deps ti=<TaskInstance: 06_multi_dag_step3_load.load_task dataset_triggered__2026-04-13T02:07:17.993047+00:00 [queued]>
[2026-04-13T11:07:20.388+0900] {taskinstance.py:2856} INFO - Starting attempt 1 of 1
[2026-04-13T11:07:20.397+0900] {taskinstance.py:2879} INFO - Executing <Task(PythonOperator): load_task> on 2026-04-13 02:07:17.993047+00:00
[2026-04-13T11:07:20.402+0900] {warnings.py:112} WARNING - /home/***/.local/lib/python3.12/site-packages/***/task/task_runner/standard_task_runner.py:70: DeprecationWarning: This process (pid=328) is multi-threaded, use of fork() may lead to deadlocks in the child.
  pid = os.fork()

[2026-04-13T11:07:20.404+0900] {standard_task_runner.py:72} INFO - Started process 330 to run task
[2026-04-13T11:07:20.404+0900] {standard_task_runner.py:104} INFO - Running: ['***', 'tasks', 'run', '06_multi_dag_step3_load', 'load_task', 'dataset_triggered__2026-04-13T02:07:17.993047+00:00', '--job-id', '61', '--raw', '--subdir', 'DAGS_FOLDER/06_multi_dag_step3_load.py', '--cfg-path', '/tmp/tmp601_azll']
[2026-04-13T11:07:20.406+0900] {standard_task_runner.py:105} INFO - Job 61: Subtask load_task
[2026-04-13T11:07:20.440+0900] {task_command.py:467} INFO - Running <TaskInstance: 06_multi_dag_step3_load.load_task dataset_triggered__2026-04-13T02:07:17.993047+00:00 [running]> on host e1eb36226699
[2026-04-13T11:07:20.613+0900] {taskinstance.py:3122} INFO - Exporting env vars: AIRFLOW_CTX_DAG_OWNER='YONG' AIRFLOW_CTX_DAG_ID='06_multi_dag_step3_load' AIRFLOW_CTX_TASK_ID='load_task' AIRFLOW_CTX_EXECUTION_DATE='2026-04-13T02:07:17.993047+00:00' AIRFLOW_CTX_TRY_NUMBER='1' AIRFLOW_CTX_DAG_RUN_ID='dataset_triggered__2026-04-13T02:07:17.993047+00:00'
[2026-04-13T11:07:20.614+0900] {taskinstance.py:731} INFO - ::endgroup::
[2026-04-13T11:07:20.639+0900] {base.py:84} INFO - Retrieving connection 'mysql_default'
[2026-04-13T11:07:20.650+0900] {logging_mixin.py:190} INFO - Loaded 10 rows to MySQL.
[2026-04-13T11:07:20.651+0900] {python.py:240} INFO - Done. Returned value was: None
[2026-04-13T11:07:20.658+0900] {taskinstance.py:340} INFO - ::group::Post task execution logs
[2026-04-13T11:07:20.659+0900] {taskinstance.py:352} INFO - Marking task as SUCCESS. dag_id=06_multi_dag_step3_load, task_id=load_task, run_id=dataset_triggered__2026-04-13T02:07:17.993047+00:00, execution_date=20260413T020717, start_date=20260413T020720, end_date=20260413T020720
[2026-04-13T11:07:20.699+0900] {local_task_job_runner.py:261} INFO - Task exited with return code 0
[2026-04-13T11:07:20.711+0900] {taskinstance.py:3891} INFO - 0 downstream tasks scheduled from follow-on schedule check
[2026-04-13T11:07:20.713+0900] {local_task_job_runner.py:240} INFO - ::endgroup::
