[2026-04-14T11:22:53.103+0900] {local_task_job_runner.py:123} INFO - ::group::Pre task execution logs
[2026-04-14T11:22:53.123+0900] {taskinstance.py:2603} INFO - Dependencies all met for dep_context=non-requeueable deps ti=<TaskInstance: 07_msa_api_server_used_adv.task_load_users_credit scheduled__2026-04-13T00:00:00+00:00 [queued]>
[2026-04-14T11:22:53.133+0900] {taskinstance.py:2603} INFO - Dependencies all met for dep_context=requeueable deps ti=<TaskInstance: 07_msa_api_server_used_adv.task_load_users_credit scheduled__2026-04-13T00:00:00+00:00 [queued]>
[2026-04-14T11:22:53.134+0900] {taskinstance.py:2856} INFO - Starting attempt 1 of 2
[2026-04-14T11:22:53.147+0900] {taskinstance.py:2879} INFO - Executing <Task(PythonOperator): task_load_users_credit> on 2026-04-13 00:00:00+00:00
[2026-04-14T11:22:53.152+0900] {warnings.py:112} WARNING - /home/***/.local/lib/python3.12/site-packages/***/task/task_runner/standard_task_runner.py:70: DeprecationWarning: This process (pid=15989) is multi-threaded, use of fork() may lead to deadlocks in the child.
  pid = os.fork()

[2026-04-14T11:22:53.153+0900] {standard_task_runner.py:72} INFO - Started process 15995 to run task
[2026-04-14T11:22:53.153+0900] {standard_task_runner.py:104} INFO - Running: ['***', 'tasks', 'run', '07_msa_api_server_used_adv', 'task_load_users_credit', 'scheduled__2026-04-13T00:00:00+00:00', '--job-id', '115', '--raw', '--subdir', 'DAGS_FOLDER/07_msa_api_server_used_adv.py', '--cfg-path', '/tmp/tmph95ftwn7']
[2026-04-14T11:22:53.155+0900] {standard_task_runner.py:105} INFO - Job 115: Subtask task_load_users_credit
[2026-04-14T11:22:53.199+0900] {task_command.py:467} INFO - Running <TaskInstance: 07_msa_api_server_used_adv.task_load_users_credit scheduled__2026-04-13T00:00:00+00:00 [running]> on host ad48662a813c
[2026-04-14T11:22:53.280+0900] {taskinstance.py:3122} INFO - Exporting env vars: AIRFLOW_CTX_DAG_OWNER='YONG' AIRFLOW_CTX_DAG_ID='07_msa_api_server_used_adv' AIRFLOW_CTX_TASK_ID='task_load_users_credit' AIRFLOW_CTX_EXECUTION_DATE='2026-04-13T00:00:00+00:00' AIRFLOW_CTX_TRY_NUMBER='1' AIRFLOW_CTX_DAG_RUN_ID='scheduled__2026-04-13T00:00:00+00:00'
[2026-04-14T11:22:53.281+0900] {taskinstance.py:731} INFO - ::endgroup::
[2026-04-14T11:22:53.314+0900] {base.py:84} INFO - Retrieving connection 'mysql_default'
[2026-04-14T11:22:53.332+0900] {taskinstance.py:3301} ERROR - Task failed with exception
Traceback (most recent call last):
  File "/home/airflow/.local/lib/python3.12/site-packages/airflow/models/taskinstance.py", line 767, in _execute_task
    result = _execute_callable(context=context, **execute_callable_kwargs)
             ^^^^^^^^^^^^^^^^^^^^^^^^^^^^^^^^^^^^^^^^^^^^^^^^^^^^^^^^^^^^^
  File "/home/airflow/.local/lib/python3.12/site-packages/airflow/models/taskinstance.py", line 733, in _execute_callable
    return ExecutionCallableRunner(
           ^^^^^^^^^^^^^^^^^^^^^^^^
  File "/home/airflow/.local/lib/python3.12/site-packages/airflow/utils/operator_helpers.py", line 252, in run
    return self.func(*args, **kwargs)
           ^^^^^^^^^^^^^^^^^^^^^^^^^^
  File "/home/airflow/.local/lib/python3.12/site-packages/airflow/models/baseoperator.py", line 406, in wrapper
    return func(self, *args, **kwargs)
           ^^^^^^^^^^^^^^^^^^^^^^^^^^^
  File "/home/airflow/.local/lib/python3.12/site-packages/airflow/operators/python.py", line 238, in execute
    return_value = self.execute_callable()
                   ^^^^^^^^^^^^^^^^^^^^^^^
  File "/home/airflow/.local/lib/python3.12/site-packages/airflow/operators/python.py", line 256, in execute_callable
    return runner.run(*self.op_args, **self.op_kwargs)
           ^^^^^^^^^^^^^^^^^^^^^^^^^^^^^^^^^^^^^^^^^^^
  File "/home/airflow/.local/lib/python3.12/site-packages/airflow/utils/operator_helpers.py", line 252, in run
    return self.func(*args, **kwargs)
           ^^^^^^^^^^^^^^^^^^^^^^^^^^
  File "/opt/airflow/dags/07_msa_api_server_used_adv.py", line 126, in _load_users_credit
    ( data['user_id'], data['credit_score'], data['grade'])
      ~~~~^^^^^^^^^^^
TypeError: string indices must be integers, not 'str'
[2026-04-14T11:22:53.350+0900] {taskinstance.py:1225} INFO - Marking task as UP_FOR_RETRY. dag_id=07_msa_api_server_used_adv, task_id=task_load_users_credit, run_id=scheduled__2026-04-13T00:00:00+00:00, execution_date=20260413T000000, start_date=20260414T022253, end_date=20260414T022253
[2026-04-14T11:22:53.365+0900] {taskinstance.py:340} INFO - ::group::Post task execution logs
[2026-04-14T11:22:53.366+0900] {standard_task_runner.py:124} ERROR - Failed to execute job 115 for task task_load_users_credit (string indices must be integers, not 'str'; 15995)
Traceback (most recent call last):
  File "/home/airflow/.local/lib/python3.12/site-packages/airflow/task/task_runner/standard_task_runner.py", line 117, in _start_by_fork
    ret = args.func(args, dag=self.dag)
          ^^^^^^^^^^^^^^^^^^^^^^^^^^^^^
  File "/home/airflow/.local/lib/python3.12/site-packages/airflow/cli/cli_config.py", line 49, in command
    return func(*args, **kwargs)
           ^^^^^^^^^^^^^^^^^^^^^
  File "/home/airflow/.local/lib/python3.12/site-packages/airflow/utils/cli.py", line 115, in wrapper
    return f(*args, **kwargs)
           ^^^^^^^^^^^^^^^^^^
  File "/home/airflow/.local/lib/python3.12/site-packages/airflow/cli/commands/task_command.py", line 483, in task_run
    task_return_code = _run_task_by_selected_method(args, _dag, ti)
                       ^^^^^^^^^^^^^^^^^^^^^^^^^^^^^^^^^^^^^^^^^^^^
  File "/home/airflow/.local/lib/python3.12/site-packages/airflow/cli/commands/task_command.py", line 256, in _run_task_by_selected_method
    return _run_raw_task(args, ti)
           ^^^^^^^^^^^^^^^^^^^^^^^
  File "/home/airflow/.local/lib/python3.12/site-packages/airflow/cli/commands/task_command.py", line 341, in _run_raw_task
    return ti._run_raw_task(
           ^^^^^^^^^^^^^^^^^
  File "/home/airflow/.local/lib/python3.12/site-packages/airflow/utils/session.py", line 97, in wrapper
    return func(*args, session=session, **kwargs)
           ^^^^^^^^^^^^^^^^^^^^^^^^^^^^^^^^^^^^^^
  File "/home/airflow/.local/lib/python3.12/site-packages/airflow/models/taskinstance.py", line 2995, in _run_raw_task
    return _run_raw_task(
           ^^^^^^^^^^^^^^
  File "/home/airflow/.local/lib/python3.12/site-packages/airflow/models/taskinstance.py", line 273, in _run_raw_task
    TaskInstance._execute_task_with_callbacks(
  File "/home/airflow/.local/lib/python3.12/site-packages/airflow/models/taskinstance.py", line 3149, in _execute_task_with_callbacks
    result = self._execute_task(context, task_orig)
             ^^^^^^^^^^^^^^^^^^^^^^^^^^^^^^^^^^^^^^
  File "/home/airflow/.local/lib/python3.12/site-packages/airflow/models/taskinstance.py", line 3173, in _execute_task
    return _execute_task(self, context, task_orig)
           ^^^^^^^^^^^^^^^^^^^^^^^^^^^^^^^^^^^^^^^
  File "/home/airflow/.local/lib/python3.12/site-packages/airflow/models/taskinstance.py", line 767, in _execute_task
    result = _execute_callable(context=context, **execute_callable_kwargs)
             ^^^^^^^^^^^^^^^^^^^^^^^^^^^^^^^^^^^^^^^^^^^^^^^^^^^^^^^^^^^^^
  File "/home/airflow/.local/lib/python3.12/site-packages/airflow/models/taskinstance.py", line 733, in _execute_callable
    return ExecutionCallableRunner(
           ^^^^^^^^^^^^^^^^^^^^^^^^
  File "/home/airflow/.local/lib/python3.12/site-packages/airflow/utils/operator_helpers.py", line 252, in run
    return self.func(*args, **kwargs)
           ^^^^^^^^^^^^^^^^^^^^^^^^^^
  File "/home/airflow/.local/lib/python3.12/site-packages/airflow/models/baseoperator.py", line 406, in wrapper
    return func(self, *args, **kwargs)
           ^^^^^^^^^^^^^^^^^^^^^^^^^^^
  File "/home/airflow/.local/lib/python3.12/site-packages/airflow/operators/python.py", line 238, in execute
    return_value = self.execute_callable()
                   ^^^^^^^^^^^^^^^^^^^^^^^
  File "/home/airflow/.local/lib/python3.12/site-packages/airflow/operators/python.py", line 256, in execute_callable
    return runner.run(*self.op_args, **self.op_kwargs)
           ^^^^^^^^^^^^^^^^^^^^^^^^^^^^^^^^^^^^^^^^^^^
  File "/home/airflow/.local/lib/python3.12/site-packages/airflow/utils/operator_helpers.py", line 252, in run
    return self.func(*args, **kwargs)
           ^^^^^^^^^^^^^^^^^^^^^^^^^^
  File "/opt/airflow/dags/07_msa_api_server_used_adv.py", line 126, in _load_users_credit
    ( data['user_id'], data['credit_score'], data['grade'])
      ~~~~^^^^^^^^^^^
TypeError: string indices must be integers, not 'str'
[2026-04-14T11:22:53.411+0900] {local_task_job_runner.py:261} INFO - Task exited with return code 1
[2026-04-14T11:22:53.424+0900] {taskinstance.py:3891} INFO - 0 downstream tasks scheduled from follow-on schedule check
[2026-04-14T11:22:53.426+0900] {local_task_job_runner.py:240} INFO - ::endgroup::
[2026-04-14T13:49:00.309+0900] {local_task_job_runner.py:123} INFO - ::group::Pre task execution logs
[2026-04-14T13:49:00.321+0900] {taskinstance.py:2603} INFO - Dependencies all met for dep_context=non-requeueable deps ti=<TaskInstance: 07_msa_api_server_used_adv.task_load_users_credit scheduled__2026-04-13T00:00:00+00:00 [queued]>
[2026-04-14T13:49:00.327+0900] {taskinstance.py:2603} INFO - Dependencies all met for dep_context=requeueable deps ti=<TaskInstance: 07_msa_api_server_used_adv.task_load_users_credit scheduled__2026-04-13T00:00:00+00:00 [queued]>
[2026-04-14T13:49:00.328+0900] {taskinstance.py:2856} INFO - Starting attempt 1 of 2
[2026-04-14T13:49:00.337+0900] {taskinstance.py:2879} INFO - Executing <Task(PythonOperator): task_load_users_credit> on 2026-04-13 00:00:00+00:00
[2026-04-14T13:49:00.342+0900] {warnings.py:112} WARNING - /home/***/.local/lib/python3.12/site-packages/***/task/task_runner/standard_task_runner.py:70: DeprecationWarning: This process (pid=117) is multi-threaded, use of fork() may lead to deadlocks in the child.
  pid = os.fork()

[2026-04-14T13:49:00.343+0900] {standard_task_runner.py:72} INFO - Started process 118 to run task
[2026-04-14T13:49:00.343+0900] {standard_task_runner.py:104} INFO - Running: ['***', 'tasks', 'run', '07_msa_api_server_used_adv', 'task_load_users_credit', 'scheduled__2026-04-13T00:00:00+00:00', '--job-id', '132', '--raw', '--subdir', 'DAGS_FOLDER/07_msa_api_server_used_adv.py', '--cfg-path', '/tmp/tmpr5pjo5v6']
[2026-04-14T13:49:00.345+0900] {standard_task_runner.py:105} INFO - Job 132: Subtask task_load_users_credit
[2026-04-14T13:49:00.381+0900] {task_command.py:467} INFO - Running <TaskInstance: 07_msa_api_server_used_adv.task_load_users_credit scheduled__2026-04-13T00:00:00+00:00 [running]> on host 543b6a1bbad4
[2026-04-14T13:49:00.433+0900] {taskinstance.py:3122} INFO - Exporting env vars: AIRFLOW_CTX_DAG_OWNER='YONG' AIRFLOW_CTX_DAG_ID='07_msa_api_server_used_adv' AIRFLOW_CTX_TASK_ID='task_load_users_credit' AIRFLOW_CTX_EXECUTION_DATE='2026-04-13T00:00:00+00:00' AIRFLOW_CTX_TRY_NUMBER='1' AIRFLOW_CTX_DAG_RUN_ID='scheduled__2026-04-13T00:00:00+00:00'
[2026-04-14T13:49:00.434+0900] {taskinstance.py:731} INFO - ::endgroup::
[2026-04-14T13:49:00.457+0900] {base.py:84} INFO - Retrieving connection 'mysql_default'
[2026-04-14T13:49:00.470+0900] {python.py:240} INFO - Done. Returned value was: None
[2026-04-14T13:49:00.478+0900] {taskinstance.py:340} INFO - ::group::Post task execution logs
[2026-04-14T13:49:00.478+0900] {taskinstance.py:352} INFO - Marking task as SUCCESS. dag_id=07_msa_api_server_used_adv, task_id=task_load_users_credit, run_id=scheduled__2026-04-13T00:00:00+00:00, execution_date=20260413T000000, start_date=20260414T044900, end_date=20260414T044900
[2026-04-14T13:49:00.518+0900] {local_task_job_runner.py:261} INFO - Task exited with return code 0
[2026-04-14T13:49:00.530+0900] {taskinstance.py:3891} INFO - 0 downstream tasks scheduled from follow-on schedule check
[2026-04-14T13:49:00.533+0900] {local_task_job_runner.py:240} INFO - ::endgroup::
